Running randomized tests: pool size == 10000, fill ratio == 0.250000, block size is from 1 to 1000, 10000 iterations
	=== worst ===
	Test took 8.05ms.
	Average hole size: 2434.840200
	Average largest free block: 3867.396900
	Average allocated bytes: 2486.230000
	Average number of small blocks: 0.107400
	Failed allocations: 0
Running randomized tests: pool size == 10000, fill ratio == 0.250000, block size is from 1 to 2000, 10000 iterations
	=== worst ===
	Test took 2.52ms.
	Average hole size: 3776.231800
	Average largest free block: 5026.527800
	Average allocated bytes: 2521.624100
	Average number of small blocks: 0.067600
	Failed allocations: 0
Running randomized tests: pool size == 10000, fill ratio == 0.250000, block size is from 1000 to 2000, 10000 iterations
	=== worst ===
	Test took 1.46ms.
	Average hole size: 4693.638800
	Average largest free block: 5593.223900
	Average allocated bytes: 2432.908300
	Average number of small blocks: 0.000000
	Failed allocations: 0
Running randomized tests: pool size == 10000, fill ratio == 0.250000, block size is from 1 to 3000, 10000 iterations

totalSize = 10000, fillRatio = 0.25, minBlockSize = 1, maxBlockSize = 3000, iterations = 10000

newBlockSize = 2973, i = 3225

_memory starts = 0x55ab9c3b0060

node: is_free = false, size = 350, ptr_start = 0x55ab9c40f8a0, i = 0

node: is_free = true, size = 2615, ptr_start = 0x55ab9c40f9fe, i = 1

node: is_free = false, size = 616, ptr_start = 0x55ab9c410435, i = 2

node: is_free = false, size = 732, ptr_start = 0x55ab9c41069d, i = 3

node: is_free = true, size = 2401, ptr_start = 0x55ab9c410979, i = 4

node: is_free = false, size = 556, ptr_start = 0x55ab9c4112da, i = 5

node: is_free = false, size = 203, ptr_start = 0x55ab9c411506, i = 6

node: is_free = true, size = 2527, ptr_start = 0x55ab9c4115d1, i = 7

totalSize = 10000, fillRatio = 0.25, minBlockSize = 1, maxBlockSize = 3000, iterations = 10000

newBlockSize = 2653, i = 4573

_memory starts = 0x55ab9c3b0060

node: is_free = true, size = 2190, ptr_start = 0x55ab9c40f8a0, i = 0

node: is_free = false, size = 729, ptr_start = 0x55ab9c41012e, i = 1

node: is_free = true, size = 1571, ptr_start = 0x55ab9c410407, i = 2

node: is_free = false, size = 382, ptr_start = 0x55ab9c410a2a, i = 3

node: is_free = true, size = 1660, ptr_start = 0x55ab9c410ba8, i = 4

node: is_free = false, size = 835, ptr_start = 0x55ab9c411224, i = 5

node: is_free = false, size = 529, ptr_start = 0x55ab9c411567, i = 6

node: is_free = true, size = 2104, ptr_start = 0x55ab9c411778, i = 7
	=== worst ===
	Test took 1.75ms.
	Average hole size: 4781.561000
	Average largest free block: 5847.422700
	Average allocated bytes: 2524.581000
	Average number of small blocks: 0.056200
	Failed allocations: 2
Running randomized tests: pool size == 10000, fill ratio == 0.250000, block size is from 1 to 4000, 10000 iterations

totalSize = 10000, fillRatio = 0.25, minBlockSize = 1, maxBlockSize = 4000, iterations = 10000

newBlockSize = 3935, i = 291

_memory starts = 0x55ab9c3b0060

node: is_free = true, size = 3903, ptr_start = 0x55ab9c40f8a0, i = 0

node: is_free = false, size = 2488, ptr_start = 0x55ab9c4107df, i = 1

node: is_free = true, size = 3609, ptr_start = 0x55ab9c411197, i = 2

totalSize = 10000, fillRatio = 0.25, minBlockSize = 1, maxBlockSize = 4000, iterations = 10000

newBlockSize = 3965, i = 4172

_memory starts = 0x55ab9c3b0060

node: is_free = true, size = 3917, ptr_start = 0x55ab9c40f8a0, i = 0

node: is_free = false, size = 2418, ptr_start = 0x55ab9c4107ed, i = 1

node: is_free = true, size = 3665, ptr_start = 0x55ab9c41115f, i = 2

totalSize = 10000, fillRatio = 0.25, minBlockSize = 1, maxBlockSize = 4000, iterations = 10000

newBlockSize = 3786, i = 4564

_memory starts = 0x55ab9c3b0060

node: is_free = true, size = 3748, ptr_start = 0x55ab9c40f8a0, i = 0

node: is_free = false, size = 1073, ptr_start = 0x55ab9c410744, i = 1

node: is_free = false, size = 1419, ptr_start = 0x55ab9c410b75, i = 2

node: is_free = true, size = 3760, ptr_start = 0x55ab9c411100, i = 3

totalSize = 10000, fillRatio = 0.25, minBlockSize = 1, maxBlockSize = 4000, iterations = 10000

newBlockSize = 3387, i = 6384

_memory starts = 0x55ab9c3b0060

node: is_free = true, size = 1714, ptr_start = 0x55ab9c40f8a0, i = 0

node: is_free = false, size = 41, ptr_start = 0x55ab9c40ff52, i = 1

node: is_free = true, size = 153, ptr_start = 0x55ab9c40ff7b, i = 2

node: is_free = false, size = 906, ptr_start = 0x55ab9c410014, i = 3

node: is_free = true, size = 2942, ptr_start = 0x55ab9c41039e, i = 4

node: is_free = false, size = 304, ptr_start = 0x55ab9c410f1c, i = 5

node: is_free = false, size = 876, ptr_start = 0x55ab9c41104c, i = 6

node: is_free = false, size = 187, ptr_start = 0x55ab9c4113b8, i = 7

node: is_free = true, size = 2877, ptr_start = 0x55ab9c411473, i = 8

totalSize = 10000, fillRatio = 0.25, minBlockSize = 1, maxBlockSize = 4000, iterations = 10000

newBlockSize = 3203, i = 6386

_memory starts = 0x55ab9c3b0060

node: is_free = true, size = 1714, ptr_start = 0x55ab9c40f8a0, i = 0

node: is_free = false, size = 41, ptr_start = 0x55ab9c40ff52, i = 1

node: is_free = true, size = 153, ptr_start = 0x55ab9c40ff7b, i = 2

node: is_free = false, size = 906, ptr_start = 0x55ab9c410014, i = 3

node: is_free = true, size = 2942, ptr_start = 0x55ab9c41039e, i = 4

node: is_free = false, size = 304, ptr_start = 0x55ab9c410f1c, i = 5

node: is_free = false, size = 876, ptr_start = 0x55ab9c41104c, i = 6

node: is_free = true, size = 3064, ptr_start = 0x55ab9c4113b8, i = 7

totalSize = 10000, fillRatio = 0.25, minBlockSize = 1, maxBlockSize = 4000, iterations = 10000

newBlockSize = 3720, i = 7274

_memory starts = 0x55ab9c3b0060

node: is_free = false, size = 1550, ptr_start = 0x55ab9c40f8a0, i = 0

node: is_free = true, size = 2484, ptr_start = 0x55ab9c40feae, i = 1

node: is_free = false, size = 504, ptr_start = 0x55ab9c410862, i = 2

node: is_free = true, size = 1546, ptr_start = 0x55ab9c410a5a, i = 3

node: is_free = false, size = 199, ptr_start = 0x55ab9c411064, i = 4

node: is_free = true, size = 3717, ptr_start = 0x55ab9c41112b, i = 5

totalSize = 10000, fillRatio = 0.25, minBlockSize = 1, maxBlockSize = 4000, iterations = 10000

newBlockSize = 3916, i = 7870

_memory starts = 0x55ab9c3b0060

node: is_free = true, size = 2219, ptr_start = 0x55ab9c40f8a0, i = 0

node: is_free = false, size = 192, ptr_start = 0x55ab9c41014b, i = 1

node: is_free = true, size = 2193, ptr_start = 0x55ab9c41020b, i = 2

node: is_free = false, size = 1342, ptr_start = 0x55ab9c410a9c, i = 3

node: is_free = false, size = 384, ptr_start = 0x55ab9c410fda, i = 4

node: is_free = false, size = 15, ptr_start = 0x55ab9c41115a, i = 5

node: is_free = true, size = 3655, ptr_start = 0x55ab9c411169, i = 6

totalSize = 10000, fillRatio = 0.25, minBlockSize = 1, maxBlockSize = 4000, iterations = 10000

newBlockSize = 3006, i = 8343

_memory starts = 0x55ab9c3b0060

node: is_free = true, size = 2370, ptr_start = 0x55ab9c40f8a0, i = 0

node: is_free = false, size = 698, ptr_start = 0x55ab9c4101e2, i = 1

node: is_free = true, size = 2697, ptr_start = 0x55ab9c41049c, i = 2

node: is_free = false, size = 1763, ptr_start = 0x55ab9c410f25, i = 3

node: is_free = true, size = 2472, ptr_start = 0x55ab9c411608, i = 4

totalSize = 10000, fillRatio = 0.25, minBlockSize = 1, maxBlockSize = 4000, iterations = 10000

newBlockSize = 3774, i = 9514

_memory starts = 0x55ab9c3b0060

node: is_free = true, size = 1624, ptr_start = 0x55ab9c40f8a0, i = 0

node: is_free = false, size = 231, ptr_start = 0x55ab9c40fef8, i = 1

node: is_free = true, size = 2895, ptr_start = 0x55ab9c40ffdf, i = 2

node: is_free = false, size = 1799, ptr_start = 0x55ab9c410b2e, i = 3

node: is_free = true, size = 3451, ptr_start = 0x55ab9c411235, i = 4
	=== worst ===
	Test took 1.57ms.
	Average hole size: 5394.906000
	Average largest free block: 6298.203100
	Average allocated bytes: 2560.577600
	Average number of small blocks: 0.063200
	Failed allocations: 9
Running randomized tests: pool size == 10000, fill ratio == 0.250000, block size is from 1 to 5000, 10000 iterations

totalSize = 10000, fillRatio = 0.25, minBlockSize = 1, maxBlockSize = 5000, iterations = 10000

newBlockSize = 4767, i = 63

_memory starts = 0x55ab9c3b0060

node: is_free = true, size = 2944, ptr_start = 0x55ab9c40f8a0, i = 0

node: is_free = false, size = 668, ptr_start = 0x55ab9c410420, i = 1

node: is_free = false, size = 553, ptr_start = 0x55ab9c4106bc, i = 2

node: is_free = false, size = 1250, ptr_start = 0x55ab9c4108e5, i = 3

node: is_free = true, size = 4585, ptr_start = 0x55ab9c410dc7, i = 4

totalSize = 10000, fillRatio = 0.25, minBlockSize = 1, maxBlockSize = 5000, iterations = 10000

newBlockSize = 4688, i = 158

_memory starts = 0x55ab9c3b0060

node: is_free = true, size = 4131, ptr_start = 0x55ab9c40f8a0, i = 0

node: is_free = false, size = 1188, ptr_start = 0x55ab9c4108c3, i = 1

node: is_free = true, size = 4681, ptr_start = 0x55ab9c410d67, i = 2

totalSize = 10000, fillRatio = 0.25, minBlockSize = 1, maxBlockSize = 5000, iterations = 10000

newBlockSize = 3689, i = 802

_memory starts = 0x55ab9c3b0060

node: is_free = true, size = 3611, ptr_start = 0x55ab9c40f8a0, i = 0

node: is_free = false, size = 63, ptr_start = 0x55ab9c4106bb, i = 1

node: is_free = true, size = 2591, ptr_start = 0x55ab9c4106fa, i = 2

node: is_free = false, size = 1976, ptr_start = 0x55ab9c411119, i = 3

node: is_free = true, size = 1759, ptr_start = 0x55ab9c4118d1, i = 4

totalSize = 10000, fillRatio = 0.25, minBlockSize = 1, maxBlockSize = 5000, iterations = 10000

newBlockSize = 4584, i = 805

_memory starts = 0x55ab9c3b0060

node: is_free = true, size = 3611, ptr_start = 0x55ab9c40f8a0, i = 0

node: is_free = false, size = 63, ptr_start = 0x55ab9c4106bb, i = 1

node: is_free = false, size = 1890, ptr_start = 0x55ab9c4106fa, i = 2

node: is_free = true, size = 4436, ptr_start = 0x55ab9c410e5c, i = 3

totalSize = 10000, fillRatio = 0.25, minBlockSize = 1, maxBlockSize = 5000, iterations = 10000

newBlockSize = 4769, i = 978

_memory starts = 0x55ab9c3b0060

node: is_free = true, size = 3935, ptr_start = 0x55ab9c40f8a0, i = 0

node: is_free = false, size = 1722, ptr_start = 0x55ab9c4107ff, i = 1

node: is_free = false, size = 636, ptr_start = 0x55ab9c410eb9, i = 2

node: is_free = true, size = 3707, ptr_start = 0x55ab9c411135, i = 3

totalSize = 10000, fillRatio = 0.25, minBlockSize = 1, maxBlockSize = 5000, iterations = 10000

newBlockSize = 4744, i = 1344

_memory starts = 0x55ab9c3b0060

node: is_free = true, size = 4542, ptr_start = 0x55ab9c40f8a0, i = 0

node: is_free = false, size = 2288, ptr_start = 0x55ab9c410a5e, i = 1

node: is_free = true, size = 3170, ptr_start = 0x55ab9c41134e, i = 2

totalSize = 10000, fillRatio = 0.25, minBlockSize = 1, maxBlockSize = 5000, iterations = 10000

newBlockSize = 4908, i = 1466

_memory starts = 0x55ab9c3b0060

node: is_free = true, size = 2772, ptr_start = 0x55ab9c40f8a0, i = 0

node: is_free = false, size = 1059, ptr_start = 0x55ab9c410374, i = 1

node: is_free = false, size = 1384, ptr_start = 0x55ab9c410797, i = 2

node: is_free = true, size = 4785, ptr_start = 0x55ab9c410cff, i = 3

totalSize = 10000, fillRatio = 0.25, minBlockSize = 1, maxBlockSize = 5000, iterations = 10000

newBlockSize = 4876, i = 2446

_memory starts = 0x55ab9c3b0060

node: is_free = true, size = 3675, ptr_start = 0x55ab9c40f8a0, i = 0

node: is_free = false, size = 1825, ptr_start = 0x55ab9c4106fb, i = 1

node: is_free = true, size = 4500, ptr_start = 0x55ab9c410e1c, i = 2

totalSize = 10000, fillRatio = 0.25, minBlockSize = 1, maxBlockSize = 5000, iterations = 10000

newBlockSize = 4694, i = 2755

_memory starts = 0x55ab9c3b0060

node: is_free = true, size = 1655, ptr_start = 0x55ab9c40f8a0, i = 0

node: is_free = false, size = 299, ptr_start = 0x55ab9c40ff17, i = 1

node: is_free = true, size = 2011, ptr_start = 0x55ab9c410042, i = 2

node: is_free = false, size = 1672, ptr_start = 0x55ab9c41081d, i = 3

node: is_free = false, size = 71, ptr_start = 0x55ab9c410ea5, i = 4

node: is_free = true, size = 4292, ptr_start = 0x55ab9c410eec, i = 5

totalSize = 10000, fillRatio = 0.25, minBlockSize = 1, maxBlockSize = 5000, iterations = 10000

newBlockSize = 4578, i = 2757

_memory starts = 0x55ab9c3b0060

node: is_free = true, size = 1655, ptr_start = 0x55ab9c40f8a0, i = 0

node: is_free = false, size = 299, ptr_start = 0x55ab9c40ff17, i = 1

node: is_free = true, size = 2011, ptr_start = 0x55ab9c410042, i = 2

node: is_free = false, size = 1672, ptr_start = 0x55ab9c41081d, i = 3

node: is_free = true, size = 4363, ptr_start = 0x55ab9c410ea5, i = 4

totalSize = 10000, fillRatio = 0.25, minBlockSize = 1, maxBlockSize = 5000, iterations = 10000

newBlockSize = 4770, i = 2949

_memory starts = 0x55ab9c3b0060

node: is_free = true, size = 4424, ptr_start = 0x55ab9c40f8a0, i = 0

node: is_free = false, size = 2166, ptr_start = 0x55ab9c4109e8, i = 1

node: is_free = true, size = 3410, ptr_start = 0x55ab9c41125e, i = 2

totalSize = 10000, fillRatio = 0.25, minBlockSize = 1, maxBlockSize = 5000, iterations = 10000

newBlockSize = 4691, i = 3135

_memory starts = 0x55ab9c3b0060

node: is_free = true, size = 3429, ptr_start = 0x55ab9c40f8a0, i = 0

node: is_free = false, size = 59, ptr_start = 0x55ab9c410605, i = 1

node: is_free = true, size = 645, ptr_start = 0x55ab9c410640, i = 2

node: is_free = false, size = 1260, ptr_start = 0x55ab9c4108c5, i = 3

node: is_free = true, size = 4607, ptr_start = 0x55ab9c410db1, i = 4

totalSize = 10000, fillRatio = 0.25, minBlockSize = 1, maxBlockSize = 5000, iterations = 10000

newBlockSize = 4963, i = 4643

_memory starts = 0x55ab9c3b0060

node: is_free = true, size = 4756, ptr_start = 0x55ab9c40f8a0, i = 0

node: is_free = false, size = 14, ptr_start = 0x55ab9c410b34, i = 1

node: is_free = false, size = 350, ptr_start = 0x55ab9c410b42, i = 2

node: is_free = false, size = 733, ptr_start = 0x55ab9c410ca0, i = 3

node: is_free = true, size = 4147, ptr_start = 0x55ab9c410f7d, i = 4

totalSize = 10000, fillRatio = 0.25, minBlockSize = 1, maxBlockSize = 5000, iterations = 10000

newBlockSize = 4892, i = 4994

_memory starts = 0x55ab9c3b0060

node: is_free = true, size = 2260, ptr_start = 0x55ab9c40f8a0, i = 0

node: is_free = false, size = 836, ptr_start = 0x55ab9c410174, i = 1

node: is_free = true, size = 641, ptr_start = 0x55ab9c4104b8, i = 2

node: is_free = false, size = 205, ptr_start = 0x55ab9c410739, i = 3

node: is_free = false, size = 1458, ptr_start = 0x55ab9c410806, i = 4

node: is_free = true, size = 4600, ptr_start = 0x55ab9c410db8, i = 5

totalSize = 10000, fillRatio = 0.25, minBlockSize = 1, maxBlockSize = 5000, iterations = 10000

newBlockSize = 4254, i = 5092

_memory starts = 0x55ab9c3b0060

node: is_free = true, size = 1723, ptr_start = 0x55ab9c40f8a0, i = 0

node: is_free = false, size = 133, ptr_start = 0x55ab9c40ff5b, i = 1

node: is_free = true, size = 2150, ptr_start = 0x55ab9c40ffe0, i = 2

node: is_free = false, size = 1979, ptr_start = 0x55ab9c410846, i = 3

node: is_free = true, size = 4015, ptr_start = 0x55ab9c411001, i = 4

totalSize = 10000, fillRatio = 0.25, minBlockSize = 1, maxBlockSize = 5000, iterations = 10000

newBlockSize = 4994, i = 5111

_memory starts = 0x55ab9c3b0060

node: is_free = true, size = 3556, ptr_start = 0x55ab9c40f8a0, i = 0

node: is_free = false, size = 31, ptr_start = 0x55ab9c410684, i = 1

node: is_free = false, size = 2433, ptr_start = 0x55ab9c4106a3, i = 2

node: is_free = true, size = 3980, ptr_start = 0x55ab9c411024, i = 3

totalSize = 10000, fillRatio = 0.25, minBlockSize = 1, maxBlockSize = 5000, iterations = 10000

newBlockSize = 4596, i = 5118

_memory starts = 0x55ab9c3b0060

node: is_free = true, size = 3556, ptr_start = 0x55ab9c40f8a0, i = 0

node: is_free = false, size = 31, ptr_start = 0x55ab9c410684, i = 1

node: is_free = false, size = 2381, ptr_start = 0x55ab9c4106a3, i = 2

node: is_free = true, size = 4032, ptr_start = 0x55ab9c410ff0, i = 3

totalSize = 10000, fillRatio = 0.25, minBlockSize = 1, maxBlockSize = 5000, iterations = 10000

newBlockSize = 4793, i = 5120

_memory starts = 0x55ab9c3b0060

node: is_free = true, size = 3587, ptr_start = 0x55ab9c40f8a0, i = 0

node: is_free = false, size = 2381, ptr_start = 0x55ab9c4106a3, i = 1

node: is_free = true, size = 4032, ptr_start = 0x55ab9c410ff0, i = 2

totalSize = 10000, fillRatio = 0.25, minBlockSize = 1, maxBlockSize = 5000, iterations = 10000

newBlockSize = 4874, i = 6094

_memory starts = 0x55ab9c3b0060

node: is_free = true, size = 3542, ptr_start = 0x55ab9c40f8a0, i = 0

node: is_free = false, size = 1644, ptr_start = 0x55ab9c410676, i = 1

node: is_free = false, size = 637, ptr_start = 0x55ab9c410ce2, i = 2

node: is_free = true, size = 4177, ptr_start = 0x55ab9c410f5f, i = 3

totalSize = 10000, fillRatio = 0.25, minBlockSize = 1, maxBlockSize = 5000, iterations = 10000

newBlockSize = 4872, i = 6103

_memory starts = 0x55ab9c3b0060

node: is_free = true, size = 1111, ptr_start = 0x55ab9c40f8a0, i = 0

node: is_free = false, size = 1160, ptr_start = 0x55ab9c40fcf7, i = 1

node: is_free = true, size = 2915, ptr_start = 0x55ab9c41017f, i = 2

node: is_free = false, size = 1021, ptr_start = 0x55ab9c410ce2, i = 3

node: is_free = true, size = 3793, ptr_start = 0x55ab9c4110df, i = 4

totalSize = 10000, fillRatio = 0.25, minBlockSize = 1, maxBlockSize = 5000, iterations = 10000

newBlockSize = 4388, i = 6652

_memory starts = 0x55ab9c3b0060

node: is_free = true, size = 2091, ptr_start = 0x55ab9c40f8a0, i = 0

node: is_free = false, size = 532, ptr_start = 0x55ab9c4100cb, i = 1

node: is_free = true, size = 1175, ptr_start = 0x55ab9c4102df, i = 2

node: is_free = false, size = 1940, ptr_start = 0x55ab9c410776, i = 3

node: is_free = true, size = 4262, ptr_start = 0x55ab9c410f0a, i = 4

totalSize = 10000, fillRatio = 0.25, minBlockSize = 1, maxBlockSize = 5000, iterations = 10000

newBlockSize = 4290, i = 6791

_memory starts = 0x55ab9c3b0060

node: is_free = false, size = 1114, ptr_start = 0x55ab9c40f8a0, i = 0

node: is_free = true, size = 3408, ptr_start = 0x55ab9c40fcfa, i = 1

node: is_free = false, size = 1234, ptr_start = 0x55ab9c410a4a, i = 2

node: is_free = true, size = 4244, ptr_start = 0x55ab9c410f1c, i = 3

totalSize = 10000, fillRatio = 0.25, minBlockSize = 1, maxBlockSize = 5000, iterations = 10000

newBlockSize = 4778, i = 6876

_memory starts = 0x55ab9c3b0060

node: is_free = true, size = 3823, ptr_start = 0x55ab9c40f8a0, i = 0

node: is_free = false, size = 999, ptr_start = 0x55ab9c41078f, i = 1

node: is_free = false, size = 1260, ptr_start = 0x55ab9c410b76, i = 2

node: is_free = true, size = 3918, ptr_start = 0x55ab9c411062, i = 3

totalSize = 10000, fillRatio = 0.25, minBlockSize = 1, maxBlockSize = 5000, iterations = 10000

newBlockSize = 4744, i = 6891

_memory starts = 0x55ab9c3b0060

node: is_free = true, size = 3339, ptr_start = 0x55ab9c40f8a0, i = 0

node: is_free = false, size = 827, ptr_start = 0x55ab9c4105ab, i = 1

node: is_free = false, size = 1173, ptr_start = 0x55ab9c4108e6, i = 2

node: is_free = true, size = 4661, ptr_start = 0x55ab9c410d7b, i = 3

totalSize = 10000, fillRatio = 0.25, minBlockSize = 1, maxBlockSize = 5000, iterations = 10000

newBlockSize = 4955, i = 6896

_memory starts = 0x55ab9c3b0060

node: is_free = true, size = 3339, ptr_start = 0x55ab9c40f8a0, i = 0

node: is_free = false, size = 827, ptr_start = 0x55ab9c4105ab, i = 1

node: is_free = false, size = 965, ptr_start = 0x55ab9c4108e6, i = 2

node: is_free = true, size = 4869, ptr_start = 0x55ab9c410cab, i = 3

totalSize = 10000, fillRatio = 0.25, minBlockSize = 1, maxBlockSize = 5000, iterations = 10000

newBlockSize = 4879, i = 7793

_memory starts = 0x55ab9c3b0060

node: is_free = true, size = 2293, ptr_start = 0x55ab9c40f8a0, i = 0

node: is_free = false, size = 252, ptr_start = 0x55ab9c410195, i = 1

node: is_free = true, size = 1933, ptr_start = 0x55ab9c410291, i = 2

node: is_free = false, size = 1678, ptr_start = 0x55ab9c410a1e, i = 3

node: is_free = true, size = 3844, ptr_start = 0x55ab9c4110ac, i = 4

totalSize = 10000, fillRatio = 0.25, minBlockSize = 1, maxBlockSize = 5000, iterations = 10000

newBlockSize = 4682, i = 8225

_memory starts = 0x55ab9c3b0060

node: is_free = true, size = 3862, ptr_start = 0x55ab9c40f8a0, i = 0

node: is_free = false, size = 419, ptr_start = 0x55ab9c4107b6, i = 1

node: is_free = false, size = 309, ptr_start = 0x55ab9c410959, i = 2

node: is_free = false, size = 1109, ptr_start = 0x55ab9c410a8e, i = 3

node: is_free = true, size = 4301, ptr_start = 0x55ab9c410ee3, i = 4

totalSize = 10000, fillRatio = 0.25, minBlockSize = 1, maxBlockSize = 5000, iterations = 10000

newBlockSize = 4584, i = 8749

_memory starts = 0x55ab9c3b0060

node: is_free = true, size = 2211, ptr_start = 0x55ab9c40f8a0, i = 0

node: is_free = false, size = 7, ptr_start = 0x55ab9c410143, i = 1

node: is_free = true, size = 1771, ptr_start = 0x55ab9c41014a, i = 2

node: is_free = false, size = 1907, ptr_start = 0x55ab9c410835, i = 3

node: is_free = true, size = 4104, ptr_start = 0x55ab9c410fa8, i = 4

totalSize = 10000, fillRatio = 0.25, minBlockSize = 1, maxBlockSize = 5000, iterations = 10000

newBlockSize = 4340, i = 8919

_memory starts = 0x55ab9c3b0060

node: is_free = true, size = 3995, ptr_start = 0x55ab9c40f8a0, i = 0

node: is_free = false, size = 2238, ptr_start = 0x55ab9c41083b, i = 1

node: is_free = true, size = 3767, ptr_start = 0x55ab9c4110f9, i = 2

totalSize = 10000, fillRatio = 0.25, minBlockSize = 1, maxBlockSize = 5000, iterations = 10000

newBlockSize = 3985, i = 9806

_memory starts = 0x55ab9c3b0060

node: is_free = false, size = 3, ptr_start = 0x55ab9c40f8a0, i = 0

node: is_free = false, size = 1552, ptr_start = 0x55ab9c40f8a3, i = 1

node: is_free = true, size = 3775, ptr_start = 0x55ab9c40feb3, i = 2

node: is_free = false, size = 905, ptr_start = 0x55ab9c410d72, i = 3

node: is_free = true, size = 3765, ptr_start = 0x55ab9c4110fb, i = 4

totalSize = 10000, fillRatio = 0.25, minBlockSize = 1, maxBlockSize = 5000, iterations = 10000

newBlockSize = 3817, i = 9808

_memory starts = 0x55ab9c3b0060

node: is_free = true, size = 3, ptr_start = 0x55ab9c40f8a0, i = 0

node: is_free = false, size = 1552, ptr_start = 0x55ab9c40f8a3, i = 1

node: is_free = true, size = 3775, ptr_start = 0x55ab9c40feb3, i = 2

node: is_free = false, size = 905, ptr_start = 0x55ab9c410d72, i = 3

node: is_free = true, size = 3765, ptr_start = 0x55ab9c4110fb, i = 4

totalSize = 10000, fillRatio = 0.25, minBlockSize = 1, maxBlockSize = 5000, iterations = 10000

newBlockSize = 4637, i = 9983

_memory starts = 0x55ab9c3b0060

node: is_free = true, size = 3110, ptr_start = 0x55ab9c40f8a0, i = 0

node: is_free = false, size = 1844, ptr_start = 0x55ab9c4104c6, i = 1

node: is_free = false, size = 441, ptr_start = 0x55ab9c410bfa, i = 2

node: is_free = true, size = 4605, ptr_start = 0x55ab9c410db3, i = 3
	=== worst ===
	Test took 1.36ms.
	Average hole size: 5941.907100
	Average largest free block: 6617.837900
	Average allocated bytes: 2629.844400
	Average number of small blocks: 0.064400
	Failed allocations: 32
Running randomized tests: pool size == 10000, fill ratio == 0.500000, block size is from 1 to 1000, 10000 iterations

totalSize = 10000, fillRatio = 0.50, minBlockSize = 1, maxBlockSize = 1000, iterations = 10000

newBlockSize = 988, i = 1028

_memory starts = 0x55ab9c3b0060

node: is_free = true, size = 912, ptr_start = 0x55ab9c40f8a0, i = 0

node: is_free = false, size = 445, ptr_start = 0x55ab9c40fc30, i = 1

node: is_free = true, size = 684, ptr_start = 0x55ab9c40fded, i = 2

node: is_free = false, size = 785, ptr_start = 0x55ab9c410099, i = 3

node: is_free = false, size = 296, ptr_start = 0x55ab9c4103aa, i = 4

node: is_free = true, size = 45, ptr_start = 0x55ab9c4104d2, i = 5

node: is_free = false, size = 123, ptr_start = 0x55ab9c4104ff, i = 6

node: is_free = false, size = 684, ptr_start = 0x55ab9c41057a, i = 7

node: is_free = true, size = 697, ptr_start = 0x55ab9c410826, i = 8

node: is_free = false, size = 363, ptr_start = 0x55ab9c410adf, i = 9

node: is_free = true, size = 963, ptr_start = 0x55ab9c410c4a, i = 10

node: is_free = false, size = 499, ptr_start = 0x55ab9c41100d, i = 11

node: is_free = true, size = 653, ptr_start = 0x55ab9c411200, i = 12

node: is_free = false, size = 29, ptr_start = 0x55ab9c41148d, i = 13

node: is_free = true, size = 242, ptr_start = 0x55ab9c4114aa, i = 14

node: is_free = false, size = 170, ptr_start = 0x55ab9c41159c, i = 15

node: is_free = true, size = 270, ptr_start = 0x55ab9c411646, i = 16

node: is_free = false, size = 495, ptr_start = 0x55ab9c411754, i = 17

node: is_free = false, size = 395, ptr_start = 0x55ab9c411943, i = 18

node: is_free = false, size = 449, ptr_start = 0x55ab9c411ace, i = 19

node: is_free = true, size = 801, ptr_start = 0x55ab9c411c8f, i = 20

totalSize = 10000, fillRatio = 0.50, minBlockSize = 1, maxBlockSize = 1000, iterations = 10000

newBlockSize = 970, i = 1030

_memory starts = 0x55ab9c3b0060

node: is_free = true, size = 912, ptr_start = 0x55ab9c40f8a0, i = 0

node: is_free = false, size = 445, ptr_start = 0x55ab9c40fc30, i = 1

node: is_free = true, size = 684, ptr_start = 0x55ab9c40fded, i = 2

node: is_free = false, size = 785, ptr_start = 0x55ab9c410099, i = 3

node: is_free = false, size = 296, ptr_start = 0x55ab9c4103aa, i = 4

node: is_free = true, size = 45, ptr_start = 0x55ab9c4104d2, i = 5

node: is_free = false, size = 123, ptr_start = 0x55ab9c4104ff, i = 6

node: is_free = false, size = 684, ptr_start = 0x55ab9c41057a, i = 7

node: is_free = true, size = 697, ptr_start = 0x55ab9c410826, i = 8

node: is_free = false, size = 363, ptr_start = 0x55ab9c410adf, i = 9

node: is_free = true, size = 963, ptr_start = 0x55ab9c410c4a, i = 10

node: is_free = false, size = 499, ptr_start = 0x55ab9c41100d, i = 11

node: is_free = true, size = 924, ptr_start = 0x55ab9c411200, i = 12

node: is_free = false, size = 170, ptr_start = 0x55ab9c41159c, i = 13

node: is_free = true, size = 270, ptr_start = 0x55ab9c411646, i = 14

node: is_free = false, size = 495, ptr_start = 0x55ab9c411754, i = 15

node: is_free = false, size = 395, ptr_start = 0x55ab9c411943, i = 16

node: is_free = false, size = 449, ptr_start = 0x55ab9c411ace, i = 17

node: is_free = true, size = 801, ptr_start = 0x55ab9c411c8f, i = 18

totalSize = 10000, fillRatio = 0.50, minBlockSize = 1, maxBlockSize = 1000, iterations = 10000

newBlockSize = 912, i = 1611

_memory starts = 0x55ab9c3b0060

node: is_free = true, size = 609, ptr_start = 0x55ab9c40f8a0, i = 0

node: is_free = false, size = 660, ptr_start = 0x55ab9c40fb01, i = 1

node: is_free = false, size = 362, ptr_start = 0x55ab9c40fd95, i = 2

node: is_free = true, size = 654, ptr_start = 0x55ab9c40feff, i = 3

node: is_free = false, size = 651, ptr_start = 0x55ab9c41018d, i = 4

node: is_free = true, size = 343, ptr_start = 0x55ab9c410418, i = 5

node: is_free = false, size = 296, ptr_start = 0x55ab9c41056f, i = 6

node: is_free = true, size = 517, ptr_start = 0x55ab9c410697, i = 7

node: is_free = false, size = 153, ptr_start = 0x55ab9c41089c, i = 8

node: is_free = true, size = 286, ptr_start = 0x55ab9c410935, i = 9

node: is_free = false, size = 715, ptr_start = 0x55ab9c410a53, i = 10

node: is_free = true, size = 721, ptr_start = 0x55ab9c410d1e, i = 11

node: is_free = false, size = 272, ptr_start = 0x55ab9c410fef, i = 12

node: is_free = true, size = 837, ptr_start = 0x55ab9c4110ff, i = 13

node: is_free = false, size = 258, ptr_start = 0x55ab9c411444, i = 14

node: is_free = false, size = 350, ptr_start = 0x55ab9c411546, i = 15

node: is_free = true, size = 786, ptr_start = 0x55ab9c4116a4, i = 16

node: is_free = false, size = 237, ptr_start = 0x55ab9c4119b6, i = 17

node: is_free = false, size = 772, ptr_start = 0x55ab9c411aa3, i = 18

node: is_free = true, size = 521, ptr_start = 0x55ab9c411da7, i = 19

totalSize = 10000, fillRatio = 0.50, minBlockSize = 1, maxBlockSize = 1000, iterations = 10000

newBlockSize = 936, i = 1775

_memory starts = 0x55ab9c3b0060

node: is_free = true, size = 523, ptr_start = 0x55ab9c40f8a0, i = 0

node: is_free = false, size = 335, ptr_start = 0x55ab9c40faab, i = 1

node: is_free = true, size = 914, ptr_start = 0x55ab9c40fbfa, i = 2

node: is_free = false, size = 568, ptr_start = 0x55ab9c40ff8c, i = 3

node: is_free = true, size = 201, ptr_start = 0x55ab9c4101c4, i = 4

node: is_free = false, size = 571, ptr_start = 0x55ab9c41028d, i = 5

node: is_free = false, size = 443, ptr_start = 0x55ab9c4104c8, i = 6

node: is_free = true, size = 877, ptr_start = 0x55ab9c410683, i = 7

node: is_free = false, size = 109, ptr_start = 0x55ab9c4109f0, i = 8

node: is_free = true, size = 522, ptr_start = 0x55ab9c410a5d, i = 9

node: is_free = false, size = 879, ptr_start = 0x55ab9c410c67, i = 10

node: is_free = false, size = 366, ptr_start = 0x55ab9c410fd6, i = 11

node: is_free = true, size = 838, ptr_start = 0x55ab9c411144, i = 12

node: is_free = false, size = 112, ptr_start = 0x55ab9c41148a, i = 13

node: is_free = true, size = 645, ptr_start = 0x55ab9c4114fa, i = 14

node: is_free = false, size = 479, ptr_start = 0x55ab9c41177f, i = 15

node: is_free = true, size = 48, ptr_start = 0x55ab9c41195e, i = 16

node: is_free = false, size = 917, ptr_start = 0x55ab9c41198e, i = 17

node: is_free = true, size = 653, ptr_start = 0x55ab9c411d23, i = 18

totalSize = 10000, fillRatio = 0.50, minBlockSize = 1, maxBlockSize = 1000, iterations = 10000

newBlockSize = 944, i = 3524

_memory starts = 0x55ab9c3b0060

node: is_free = true, size = 460, ptr_start = 0x55ab9c40f8a0, i = 0

node: is_free = false, size = 398, ptr_start = 0x55ab9c40fa6c, i = 1

node: is_free = true, size = 558, ptr_start = 0x55ab9c40fbfa, i = 2

node: is_free = false, size = 541, ptr_start = 0x55ab9c40fe28, i = 3

node: is_free = false, size = 294, ptr_start = 0x55ab9c410045, i = 4

node: is_free = true, size = 632, ptr_start = 0x55ab9c41016b, i = 5

node: is_free = false, size = 105, ptr_start = 0x55ab9c4103e3, i = 6

node: is_free = false, size = 278, ptr_start = 0x55ab9c41044c, i = 7

node: is_free = true, size = 194, ptr_start = 0x55ab9c410562, i = 8

node: is_free = false, size = 123, ptr_start = 0x55ab9c410624, i = 9

node: is_free = true, size = 911, ptr_start = 0x55ab9c41069f, i = 10

node: is_free = false, size = 330, ptr_start = 0x55ab9c410a2e, i = 11

node: is_free = false, size = 401, ptr_start = 0x55ab9c410b78, i = 12

node: is_free = true, size = 583, ptr_start = 0x55ab9c410d09, i = 13

node: is_free = false, size = 182, ptr_start = 0x55ab9c410f50, i = 14

node: is_free = true, size = 596, ptr_start = 0x55ab9c411006, i = 15

node: is_free = false, size = 668, ptr_start = 0x55ab9c41125a, i = 16

node: is_free = false, size = 46, ptr_start = 0x55ab9c4114f6, i = 17

node: is_free = false, size = 405, ptr_start = 0x55ab9c411524, i = 18

node: is_free = false, size = 147, ptr_start = 0x55ab9c4116b9, i = 19

node: is_free = true, size = 926, ptr_start = 0x55ab9c41174c, i = 20

node: is_free = false, size = 854, ptr_start = 0x55ab9c411aea, i = 21

node: is_free = true, size = 368, ptr_start = 0x55ab9c411e40, i = 22

totalSize = 10000, fillRatio = 0.50, minBlockSize = 1, maxBlockSize = 1000, iterations = 10000

newBlockSize = 920, i = 3826

_memory starts = 0x55ab9c3b0060

node: is_free = true, size = 705, ptr_start = 0x55ab9c40f8a0, i = 0

node: is_free = false, size = 916, ptr_start = 0x55ab9c40fb61, i = 1

node: is_free = false, size = 555, ptr_start = 0x55ab9c40fef5, i = 2

node: is_free = true, size = 476, ptr_start = 0x55ab9c410120, i = 3

node: is_free = false, size = 675, ptr_start = 0x55ab9c4102fc, i = 4

node: is_free = false, size = 306, ptr_start = 0x55ab9c41059f, i = 5

node: is_free = false, size = 239, ptr_start = 0x55ab9c4106d1, i = 6

node: is_free = true, size = 899, ptr_start = 0x55ab9c4107c0, i = 7

node: is_free = false, size = 265, ptr_start = 0x55ab9c410b43, i = 8

node: is_free = true, size = 837, ptr_start = 0x55ab9c410c4c, i = 9

node: is_free = false, size = 609, ptr_start = 0x55ab9c410f91, i = 10

node: is_free = true, size = 864, ptr_start = 0x55ab9c4111f2, i = 11

node: is_free = false, size = 764, ptr_start = 0x55ab9c411552, i = 12

node: is_free = true, size = 547, ptr_start = 0x55ab9c41184e, i = 13

node: is_free = false, size = 641, ptr_start = 0x55ab9c411a71, i = 14

node: is_free = true, size = 702, ptr_start = 0x55ab9c411cf2, i = 15

totalSize = 10000, fillRatio = 0.50, minBlockSize = 1, maxBlockSize = 1000, iterations = 10000

newBlockSize = 895, i = 4680

_memory starts = 0x55ab9c3b0060

node: is_free = true, size = 276, ptr_start = 0x55ab9c40f8a0, i = 0

node: is_free = false, size = 907, ptr_start = 0x55ab9c40f9b4, i = 1

node: is_free = true, size = 520, ptr_start = 0x55ab9c40fd3f, i = 2

node: is_free = false, size = 57, ptr_start = 0x55ab9c40ff47, i = 3

node: is_free = true, size = 502, ptr_start = 0x55ab9c40ff80, i = 4

node: is_free = false, size = 785, ptr_start = 0x55ab9c410176, i = 5

node: is_free = false, size = 531, ptr_start = 0x55ab9c410487, i = 6

node: is_free = true, size = 681, ptr_start = 0x55ab9c41069a, i = 7

node: is_free = false, size = 44, ptr_start = 0x55ab9c410943, i = 8

node: is_free = true, size = 4, ptr_start = 0x55ab9c41096f, i = 9

node: is_free = false, size = 364, ptr_start = 0x55ab9c410973, i = 10

node: is_free = true, size = 788, ptr_start = 0x55ab9c410adf, i = 11

node: is_free = false, size = 591, ptr_start = 0x55ab9c410df3, i = 12

node: is_free = true, size = 574, ptr_start = 0x55ab9c411042, i = 13

node: is_free = false, size = 726, ptr_start = 0x55ab9c411280, i = 14

node: is_free = true, size = 820, ptr_start = 0x55ab9c411556, i = 15

node: is_free = false, size = 958, ptr_start = 0x55ab9c41188a, i = 16

node: is_free = false, size = 1, ptr_start = 0x55ab9c411c48, i = 17

node: is_free = true, size = 871, ptr_start = 0x55ab9c411c49, i = 18

totalSize = 10000, fillRatio = 0.50, minBlockSize = 1, maxBlockSize = 1000, iterations = 10000

newBlockSize = 892, i = 4994

_memory starts = 0x55ab9c3b0060

node: is_free = true, size = 503, ptr_start = 0x55ab9c40f8a0, i = 0

node: is_free = false, size = 173, ptr_start = 0x55ab9c40fa97, i = 1

node: is_free = false, size = 63, ptr_start = 0x55ab9c40fb44, i = 2

node: is_free = false, size = 889, ptr_start = 0x55ab9c40fb83, i = 3

node: is_free = true, size = 846, ptr_start = 0x55ab9c40fefc, i = 4

node: is_free = false, size = 205, ptr_start = 0x55ab9c41024a, i = 5

node: is_free = false, size = 724, ptr_start = 0x55ab9c410317, i = 6

node: is_free = true, size = 469, ptr_start = 0x55ab9c4105eb, i = 7

node: is_free = false, size = 37, ptr_start = 0x55ab9c4107c0, i = 8

node: is_free = true, size = 716, ptr_start = 0x55ab9c4107e5, i = 9

node: is_free = false, size = 992, ptr_start = 0x55ab9c410ab1, i = 10

node: is_free = true, size = 443, ptr_start = 0x55ab9c410e91, i = 11

node: is_free = false, size = 414, ptr_start = 0x55ab9c41104c, i = 12

node: is_free = true, size = 712, ptr_start = 0x55ab9c4111ea, i = 13

node: is_free = false, size = 458, ptr_start = 0x55ab9c4114b2, i = 14

node: is_free = true, size = 869, ptr_start = 0x55ab9c41167c, i = 15

node: is_free = false, size = 543, ptr_start = 0x55ab9c4119e1, i = 16

node: is_free = false, size = 72, ptr_start = 0x55ab9c411c00, i = 17

node: is_free = true, size = 872, ptr_start = 0x55ab9c411c48, i = 18

totalSize = 10000, fillRatio = 0.50, minBlockSize = 1, maxBlockSize = 1000, iterations = 10000

newBlockSize = 921, i = 5000

_memory starts = 0x55ab9c3b0060

node: is_free = true, size = 676, ptr_start = 0x55ab9c40f8a0, i = 0

node: is_free = false, size = 63, ptr_start = 0x55ab9c40fb44, i = 1

node: is_free = false, size = 889, ptr_start = 0x55ab9c40fb83, i = 2

node: is_free = true, size = 846, ptr_start = 0x55ab9c40fefc, i = 3

node: is_free = false, size = 205, ptr_start = 0x55ab9c41024a, i = 4

node: is_free = false, size = 724, ptr_start = 0x55ab9c410317, i = 5

node: is_free = true, size = 296, ptr_start = 0x55ab9c4105eb, i = 6

node: is_free = false, size = 561, ptr_start = 0x55ab9c410713, i = 7

node: is_free = true, size = 365, ptr_start = 0x55ab9c410944, i = 8

node: is_free = false, size = 992, ptr_start = 0x55ab9c410ab1, i = 9

node: is_free = true, size = 443, ptr_start = 0x55ab9c410e91, i = 10

node: is_free = false, size = 414, ptr_start = 0x55ab9c41104c, i = 11

node: is_free = true, size = 712, ptr_start = 0x55ab9c4111ea, i = 12

node: is_free = false, size = 458, ptr_start = 0x55ab9c4114b2, i = 13

node: is_free = true, size = 869, ptr_start = 0x55ab9c41167c, i = 14

node: is_free = false, size = 543, ptr_start = 0x55ab9c4119e1, i = 15

node: is_free = false, size = 72, ptr_start = 0x55ab9c411c00, i = 16

node: is_free = true, size = 872, ptr_start = 0x55ab9c411c48, i = 17

totalSize = 10000, fillRatio = 0.50, minBlockSize = 1, maxBlockSize = 1000, iterations = 10000

newBlockSize = 894, i = 5165

_memory starts = 0x55ab9c3b0060

node: is_free = true, size = 579, ptr_start = 0x55ab9c40f8a0, i = 0

node: is_free = false, size = 102, ptr_start = 0x55ab9c40fae3, i = 1

node: is_free = true, size = 402, ptr_start = 0x55ab9c40fb49, i = 2

node: is_free = false, size = 492, ptr_start = 0x55ab9c40fcdb, i = 3

node: is_free = false, size = 124, ptr_start = 0x55ab9c40fec7, i = 4

node: is_free = false, size = 150, ptr_start = 0x55ab9c40ff43, i = 5

node: is_free = true, size = 740, ptr_start = 0x55ab9c40ffd9, i = 6

node: is_free = false, size = 622, ptr_start = 0x55ab9c4102bd, i = 7

node: is_free = true, size = 412, ptr_start = 0x55ab9c41052b, i = 8

node: is_free = false, size = 695, ptr_start = 0x55ab9c4106c7, i = 9

node: is_free = false, size = 115, ptr_start = 0x55ab9c41097e, i = 10

node: is_free = true, size = 752, ptr_start = 0x55ab9c4109f1, i = 11

node: is_free = false, size = 775, ptr_start = 0x55ab9c410ce1, i = 12

node: is_free = true, size = 800, ptr_start = 0x55ab9c410fe8, i = 13

node: is_free = false, size = 349, ptr_start = 0x55ab9c411308, i = 14

node: is_free = false, size = 308, ptr_start = 0x55ab9c411465, i = 15

node: is_free = true, size = 714, ptr_start = 0x55ab9c411599, i = 16

node: is_free = false, size = 488, ptr_start = 0x55ab9c411863, i = 17

node: is_free = true, size = 511, ptr_start = 0x55ab9c411a4b, i = 18

node: is_free = false, size = 728, ptr_start = 0x55ab9c411c4a, i = 19

node: is_free = true, size = 142, ptr_start = 0x55ab9c411f22, i = 20

totalSize = 10000, fillRatio = 0.50, minBlockSize = 1, maxBlockSize = 1000, iterations = 10000

newBlockSize = 986, i = 5954

_memory starts = 0x55ab9c3b0060

node: is_free = true, size = 844, ptr_start = 0x55ab9c40f8a0, i = 0

node: is_free = false, size = 644, ptr_start = 0x55ab9c40fbec, i = 1

node: is_free = true, size = 815, ptr_start = 0x55ab9c40fe70, i = 2

node: is_free = false, size = 106, ptr_start = 0x55ab9c41019f, i = 3

node: is_free = true, size = 708, ptr_start = 0x55ab9c410209, i = 4

node: is_free = false, size = 14, ptr_start = 0x55ab9c4104cd, i = 5

node: is_free = false, size = 345, ptr_start = 0x55ab9c4104db, i = 6

node: is_free = true, size = 512, ptr_start = 0x55ab9c410634, i = 7

node: is_free = false, size = 779, ptr_start = 0x55ab9c410834, i = 8

node: is_free = false, size = 445, ptr_start = 0x55ab9c410b3f, i = 9

node: is_free = true, size = 648, ptr_start = 0x55ab9c410cfc, i = 10

node: is_free = false, size = 269, ptr_start = 0x55ab9c410f84, i = 11

node: is_free = false, size = 81, ptr_start = 0x55ab9c411091, i = 12

node: is_free = false, size = 272, ptr_start = 0x55ab9c4110e2, i = 13

node: is_free = false, size = 386, ptr_start = 0x55ab9c4111f2, i = 14

node: is_free = false, size = 167, ptr_start = 0x55ab9c411374, i = 15

node: is_free = true, size = 808, ptr_start = 0x55ab9c41141b, i = 16

node: is_free = false, size = 364, ptr_start = 0x55ab9c411743, i = 17

node: is_free = true, size = 297, ptr_start = 0x55ab9c4118af, i = 18

node: is_free = false, size = 781, ptr_start = 0x55ab9c4119d8, i = 19

node: is_free = true, size = 715, ptr_start = 0x55ab9c411ce5, i = 20

totalSize = 10000, fillRatio = 0.50, minBlockSize = 1, maxBlockSize = 1000, iterations = 10000

newBlockSize = 834, i = 5994

_memory starts = 0x55ab9c3b0060

node: is_free = false, size = 308, ptr_start = 0x55ab9c40f8a0, i = 0

node: is_free = true, size = 584, ptr_start = 0x55ab9c40f9d4, i = 1

node: is_free = false, size = 435, ptr_start = 0x55ab9c40fc1c, i = 2

node: is_free = true, size = 818, ptr_start = 0x55ab9c40fdcf, i = 3

node: is_free = false, size = 2, ptr_start = 0x55ab9c410101, i = 4

node: is_free = false, size = 574, ptr_start = 0x55ab9c410103, i = 5

node: is_free = false, size = 608, ptr_start = 0x55ab9c410341, i = 6

node: is_free = true, size = 403, ptr_start = 0x55ab9c4105a1, i = 7

node: is_free = false, size = 231, ptr_start = 0x55ab9c410734, i = 8

node: is_free = true, size = 804, ptr_start = 0x55ab9c41081b, i = 9

node: is_free = false, size = 445, ptr_start = 0x55ab9c410b3f, i = 10

node: is_free = true, size = 648, ptr_start = 0x55ab9c410cfc, i = 11

node: is_free = false, size = 269, ptr_start = 0x55ab9c410f84, i = 12

node: is_free = false, size = 81, ptr_start = 0x55ab9c411091, i = 13

node: is_free = true, size = 658, ptr_start = 0x55ab9c4110e2, i = 14

node: is_free = false, size = 167, ptr_start = 0x55ab9c411374, i = 15

node: is_free = false, size = 272, ptr_start = 0x55ab9c41141b, i = 16

node: is_free = false, size = 567, ptr_start = 0x55ab9c41152b, i = 17

node: is_free = true, size = 424, ptr_start = 0x55ab9c411762, i = 18

node: is_free = false, size = 606, ptr_start = 0x55ab9c41190a, i = 19

node: is_free = false, size = 304, ptr_start = 0x55ab9c411b68, i = 20

node: is_free = true, size = 792, ptr_start = 0x55ab9c411c98, i = 21

totalSize = 10000, fillRatio = 0.50, minBlockSize = 1, maxBlockSize = 1000, iterations = 10000

newBlockSize = 902, i = 5996

_memory starts = 0x55ab9c3b0060

node: is_free = false, size = 308, ptr_start = 0x55ab9c40f8a0, i = 0

node: is_free = true, size = 584, ptr_start = 0x55ab9c40f9d4, i = 1

node: is_free = false, size = 435, ptr_start = 0x55ab9c40fc1c, i = 2

node: is_free = true, size = 818, ptr_start = 0x55ab9c40fdcf, i = 3

node: is_free = false, size = 2, ptr_start = 0x55ab9c410101, i = 4

node: is_free = false, size = 574, ptr_start = 0x55ab9c410103, i = 5

node: is_free = false, size = 608, ptr_start = 0x55ab9c410341, i = 6

node: is_free = true, size = 403, ptr_start = 0x55ab9c4105a1, i = 7

node: is_free = false, size = 231, ptr_start = 0x55ab9c410734, i = 8

node: is_free = true, size = 804, ptr_start = 0x55ab9c41081b, i = 9

node: is_free = false, size = 445, ptr_start = 0x55ab9c410b3f, i = 10

node: is_free = true, size = 648, ptr_start = 0x55ab9c410cfc, i = 11

node: is_free = false, size = 269, ptr_start = 0x55ab9c410f84, i = 12

node: is_free = false, size = 81, ptr_start = 0x55ab9c411091, i = 13

node: is_free = true, size = 825, ptr_start = 0x55ab9c4110e2, i = 14

node: is_free = false, size = 272, ptr_start = 0x55ab9c41141b, i = 15

node: is_free = false, size = 567, ptr_start = 0x55ab9c41152b, i = 16

node: is_free = true, size = 424, ptr_start = 0x55ab9c411762, i = 17

node: is_free = false, size = 606, ptr_start = 0x55ab9c41190a, i = 18

node: is_free = false, size = 304, ptr_start = 0x55ab9c411b68, i = 19

node: is_free = true, size = 792, ptr_start = 0x55ab9c411c98, i = 20

totalSize = 10000, fillRatio = 0.50, minBlockSize = 1, maxBlockSize = 1000, iterations = 10000

newBlockSize = 968, i = 6402

_memory starts = 0x55ab9c3b0060

node: is_free = true, size = 735, ptr_start = 0x55ab9c40f8a0, i = 0

node: is_free = false, size = 595, ptr_start = 0x55ab9c40fb7f, i = 1

node: is_free = true, size = 921, ptr_start = 0x55ab9c40fdd2, i = 2

node: is_free = false, size = 219, ptr_start = 0x55ab9c41016b, i = 3

node: is_free = false, size = 963, ptr_start = 0x55ab9c410246, i = 4

node: is_free = true, size = 696, ptr_start = 0x55ab9c410609, i = 5

node: is_free = false, size = 76, ptr_start = 0x55ab9c4108c1, i = 6

node: is_free = true, size = 317, ptr_start = 0x55ab9c41090d, i = 7

node: is_free = false, size = 275, ptr_start = 0x55ab9c410a4a, i = 8

node: is_free = false, size = 308, ptr_start = 0x55ab9c410b5d, i = 9

node: is_free = false, size = 634, ptr_start = 0x55ab9c410c91, i = 10

node: is_free = true, size = 728, ptr_start = 0x55ab9c410f0b, i = 11

node: is_free = false, size = 225, ptr_start = 0x55ab9c4111e3, i = 12

node: is_free = false, size = 203, ptr_start = 0x55ab9c4112c4, i = 13

node: is_free = false, size = 531, ptr_start = 0x55ab9c41138f, i = 14

node: is_free = true, size = 956, ptr_start = 0x55ab9c4115a2, i = 15

node: is_free = false, size = 906, ptr_start = 0x55ab9c41195e, i = 16

node: is_free = true, size = 712, ptr_start = 0x55ab9c411ce8, i = 17

totalSize = 10000, fillRatio = 0.50, minBlockSize = 1, maxBlockSize = 1000, iterations = 10000

newBlockSize = 934, i = 6619

_memory starts = 0x55ab9c3b0060

node: is_free = true, size = 589, ptr_start = 0x55ab9c40f8a0, i = 0

node: is_free = false, size = 58, ptr_start = 0x55ab9c40faed, i = 1

node: is_free = true, size = 818, ptr_start = 0x55ab9c40fb27, i = 2

node: is_free = false, size = 600, ptr_start = 0x55ab9c40fe59, i = 3

node: is_free = true, size = 708, ptr_start = 0x55ab9c4100b1, i = 4

node: is_free = false, size = 336, ptr_start = 0x55ab9c410375, i = 5

node: is_free = true, size = 291, ptr_start = 0x55ab9c4104c5, i = 6

node: is_free = false, size = 649, ptr_start = 0x55ab9c4105e8, i = 7

node: is_free = true, size = 742, ptr_start = 0x55ab9c410871, i = 8

node: is_free = false, size = 53, ptr_start = 0x55ab9c410b57, i = 9

node: is_free = true, size = 535, ptr_start = 0x55ab9c410b8c, i = 10

node: is_free = false, size = 701, ptr_start = 0x55ab9c410da3, i = 11

node: is_free = false, size = 770, ptr_start = 0x55ab9c411060, i = 12

node: is_free = true, size = 262, ptr_start = 0x55ab9c411362, i = 13

node: is_free = false, size = 5, ptr_start = 0x55ab9c411468, i = 14

node: is_free = true, size = 307, ptr_start = 0x55ab9c41146d, i = 15

node: is_free = false, size = 908, ptr_start = 0x55ab9c4115a0, i = 16

node: is_free = true, size = 246, ptr_start = 0x55ab9c41192c, i = 17

node: is_free = false, size = 645, ptr_start = 0x55ab9c411a22, i = 18

node: is_free = false, size = 139, ptr_start = 0x55ab9c411ca7, i = 19

node: is_free = true, size = 638, ptr_start = 0x55ab9c411d32, i = 20

totalSize = 10000, fillRatio = 0.50, minBlockSize = 1, maxBlockSize = 1000, iterations = 10000

newBlockSize = 872, i = 7566

_memory starts = 0x55ab9c3b0060

node: is_free = true, size = 593, ptr_start = 0x55ab9c40f8a0, i = 0

node: is_free = false, size = 331, ptr_start = 0x55ab9c40faf1, i = 1

node: is_free = false, size = 348, ptr_start = 0x55ab9c40fc3c, i = 2

node: is_free = true, size = 288, ptr_start = 0x55ab9c40fd98, i = 3

node: is_free = false, size = 7, ptr_start = 0x55ab9c40feb8, i = 4

node: is_free = false, size = 266, ptr_start = 0x55ab9c40febf, i = 5

node: is_free = false, size = 4, ptr_start = 0x55ab9c40ffc9, i = 6

node: is_free = false, size = 833, ptr_start = 0x55ab9c40ffcd, i = 7

node: is_free = true, size = 227, ptr_start = 0x55ab9c41030e, i = 8

node: is_free = false, size = 175, ptr_start = 0x55ab9c4103f1, i = 9

node: is_free = false, size = 357, ptr_start = 0x55ab9c4104a0, i = 10

node: is_free = false, size = 590, ptr_start = 0x55ab9c410605, i = 11

node: is_free = true, size = 679, ptr_start = 0x55ab9c410853, i = 12

node: is_free = false, size = 128, ptr_start = 0x55ab9c410afa, i = 13

node: is_free = false, size = 406, ptr_start = 0x55ab9c410b7a, i = 14

node: is_free = true, size = 766, ptr_start = 0x55ab9c410d10, i = 15

node: is_free = false, size = 231, ptr_start = 0x55ab9c41100e, i = 16

node: is_free = true, size = 337, ptr_start = 0x55ab9c4110f5, i = 17

node: is_free = false, size = 53, ptr_start = 0x55ab9c411246, i = 18

node: is_free = true, size = 386, ptr_start = 0x55ab9c41127b, i = 19

node: is_free = false, size = 6, ptr_start = 0x55ab9c4113fd, i = 20

node: is_free = true, size = 746, ptr_start = 0x55ab9c411403, i = 21

node: is_free = false, size = 409, ptr_start = 0x55ab9c4116ed, i = 22

node: is_free = false, size = 289, ptr_start = 0x55ab9c411886, i = 23

node: is_free = true, size = 612, ptr_start = 0x55ab9c4119a7, i = 24

node: is_free = false, size = 363, ptr_start = 0x55ab9c411c0b, i = 25

node: is_free = true, size = 570, ptr_start = 0x55ab9c411d76, i = 26

totalSize = 10000, fillRatio = 0.50, minBlockSize = 1, maxBlockSize = 1000, iterations = 10000

newBlockSize = 832, i = 7568

_memory starts = 0x55ab9c3b0060

node: is_free = true, size = 593, ptr_start = 0x55ab9c40f8a0, i = 0

node: is_free = false, size = 331, ptr_start = 0x55ab9c40faf1, i = 1

node: is_free = false, size = 348, ptr_start = 0x55ab9c40fc3c, i = 2

node: is_free = true, size = 288, ptr_start = 0x55ab9c40fd98, i = 3

node: is_free = false, size = 7, ptr_start = 0x55ab9c40feb8, i = 4

node: is_free = false, size = 266, ptr_start = 0x55ab9c40febf, i = 5

node: is_free = false, size = 4, ptr_start = 0x55ab9c40ffc9, i = 6

node: is_free = false, size = 833, ptr_start = 0x55ab9c40ffcd, i = 7

node: is_free = true, size = 227, ptr_start = 0x55ab9c41030e, i = 8

node: is_free = false, size = 175, ptr_start = 0x55ab9c4103f1, i = 9

node: is_free = false, size = 357, ptr_start = 0x55ab9c4104a0, i = 10

node: is_free = false, size = 590, ptr_start = 0x55ab9c410605, i = 11

node: is_free = true, size = 679, ptr_start = 0x55ab9c410853, i = 12

node: is_free = false, size = 128, ptr_start = 0x55ab9c410afa, i = 13

node: is_free = false, size = 406, ptr_start = 0x55ab9c410b7a, i = 14

node: is_free = true, size = 766, ptr_start = 0x55ab9c410d10, i = 15

node: is_free = false, size = 231, ptr_start = 0x55ab9c41100e, i = 16

node: is_free = true, size = 776, ptr_start = 0x55ab9c4110f5, i = 17

node: is_free = false, size = 6, ptr_start = 0x55ab9c4113fd, i = 18

node: is_free = true, size = 746, ptr_start = 0x55ab9c411403, i = 19

node: is_free = false, size = 409, ptr_start = 0x55ab9c4116ed, i = 20

node: is_free = false, size = 289, ptr_start = 0x55ab9c411886, i = 21

node: is_free = true, size = 612, ptr_start = 0x55ab9c4119a7, i = 22

node: is_free = false, size = 363, ptr_start = 0x55ab9c411c0b, i = 23

node: is_free = true, size = 570, ptr_start = 0x55ab9c411d76, i = 24

totalSize = 10000, fillRatio = 0.50, minBlockSize = 1, maxBlockSize = 1000, iterations = 10000

newBlockSize = 889, i = 7572

_memory starts = 0x55ab9c3b0060

node: is_free = true, size = 593, ptr_start = 0x55ab9c40f8a0, i = 0

node: is_free = false, size = 331, ptr_start = 0x55ab9c40faf1, i = 1

node: is_free = false, size = 348, ptr_start = 0x55ab9c40fc3c, i = 2

node: is_free = true, size = 288, ptr_start = 0x55ab9c40fd98, i = 3

node: is_free = false, size = 7, ptr_start = 0x55ab9c40feb8, i = 4

node: is_free = false, size = 266, ptr_start = 0x55ab9c40febf, i = 5

node: is_free = false, size = 4, ptr_start = 0x55ab9c40ffc9, i = 6

node: is_free = false, size = 833, ptr_start = 0x55ab9c40ffcd, i = 7

node: is_free = true, size = 402, ptr_start = 0x55ab9c41030e, i = 8

node: is_free = false, size = 357, ptr_start = 0x55ab9c4104a0, i = 9

node: is_free = false, size = 590, ptr_start = 0x55ab9c410605, i = 10

node: is_free = false, size = 544, ptr_start = 0x55ab9c410853, i = 11

node: is_free = true, size = 263, ptr_start = 0x55ab9c410a73, i = 12

node: is_free = false, size = 406, ptr_start = 0x55ab9c410b7a, i = 13

node: is_free = true, size = 766, ptr_start = 0x55ab9c410d10, i = 14

node: is_free = false, size = 231, ptr_start = 0x55ab9c41100e, i = 15

node: is_free = true, size = 776, ptr_start = 0x55ab9c4110f5, i = 16

node: is_free = false, size = 6, ptr_start = 0x55ab9c4113fd, i = 17

node: is_free = true, size = 746, ptr_start = 0x55ab9c411403, i = 18

node: is_free = false, size = 409, ptr_start = 0x55ab9c4116ed, i = 19

node: is_free = false, size = 289, ptr_start = 0x55ab9c411886, i = 20

node: is_free = true, size = 612, ptr_start = 0x55ab9c4119a7, i = 21

node: is_free = false, size = 363, ptr_start = 0x55ab9c411c0b, i = 22

node: is_free = true, size = 570, ptr_start = 0x55ab9c411d76, i = 23

totalSize = 10000, fillRatio = 0.50, minBlockSize = 1, maxBlockSize = 1000, iterations = 10000

newBlockSize = 806, i = 7584

_memory starts = 0x55ab9c3b0060

node: is_free = true, size = 593, ptr_start = 0x55ab9c40f8a0, i = 0

node: is_free = false, size = 331, ptr_start = 0x55ab9c40faf1, i = 1

node: is_free = false, size = 348, ptr_start = 0x55ab9c40fc3c, i = 2

node: is_free = true, size = 288, ptr_start = 0x55ab9c40fd98, i = 3

node: is_free = false, size = 7, ptr_start = 0x55ab9c40feb8, i = 4

node: is_free = true, size = 266, ptr_start = 0x55ab9c40febf, i = 5

node: is_free = false, size = 4, ptr_start = 0x55ab9c40ffc9, i = 6

node: is_free = false, size = 420, ptr_start = 0x55ab9c40ffcd, i = 7

node: is_free = false, size = 249, ptr_start = 0x55ab9c410171, i = 8

node: is_free = true, size = 566, ptr_start = 0x55ab9c41026a, i = 9

node: is_free = false, size = 357, ptr_start = 0x55ab9c4104a0, i = 10

node: is_free = true, size = 590, ptr_start = 0x55ab9c410605, i = 11

node: is_free = false, size = 544, ptr_start = 0x55ab9c410853, i = 12

node: is_free = true, size = 263, ptr_start = 0x55ab9c410a73, i = 13

node: is_free = false, size = 406, ptr_start = 0x55ab9c410b7a, i = 14

node: is_free = false, size = 506, ptr_start = 0x55ab9c410d10, i = 15

node: is_free = true, size = 260, ptr_start = 0x55ab9c410f0a, i = 16

node: is_free = false, size = 231, ptr_start = 0x55ab9c41100e, i = 17

node: is_free = false, size = 309, ptr_start = 0x55ab9c4110f5, i = 18

node: is_free = true, size = 467, ptr_start = 0x55ab9c41122a, i = 19

node: is_free = false, size = 6, ptr_start = 0x55ab9c4113fd, i = 20

node: is_free = true, size = 746, ptr_start = 0x55ab9c411403, i = 21

node: is_free = false, size = 409, ptr_start = 0x55ab9c4116ed, i = 22

node: is_free = false, size = 289, ptr_start = 0x55ab9c411886, i = 23

node: is_free = true, size = 612, ptr_start = 0x55ab9c4119a7, i = 24

node: is_free = false, size = 363, ptr_start = 0x55ab9c411c0b, i = 25

node: is_free = true, size = 570, ptr_start = 0x55ab9c411d76, i = 26

totalSize = 10000, fillRatio = 0.50, minBlockSize = 1, maxBlockSize = 1000, iterations = 10000

newBlockSize = 962, i = 8684

_memory starts = 0x55ab9c3b0060

node: is_free = true, size = 353, ptr_start = 0x55ab9c40f8a0, i = 0

node: is_free = false, size = 368, ptr_start = 0x55ab9c40fa01, i = 1

node: is_free = true, size = 790, ptr_start = 0x55ab9c40fb71, i = 2

node: is_free = false, size = 311, ptr_start = 0x55ab9c40fe87, i = 3

node: is_free = true, size = 242, ptr_start = 0x55ab9c40ffbe, i = 4

node: is_free = false, size = 652, ptr_start = 0x55ab9c4100b0, i = 5

node: is_free = false, size = 247, ptr_start = 0x55ab9c41033c, i = 6

node: is_free = true, size = 747, ptr_start = 0x55ab9c410433, i = 7

node: is_free = false, size = 997, ptr_start = 0x55ab9c41071e, i = 8

node: is_free = true, size = 788, ptr_start = 0x55ab9c410b03, i = 9

node: is_free = false, size = 766, ptr_start = 0x55ab9c410e17, i = 10

node: is_free = true, size = 781, ptr_start = 0x55ab9c411115, i = 11

node: is_free = false, size = 419, ptr_start = 0x55ab9c411422, i = 12

node: is_free = true, size = 623, ptr_start = 0x55ab9c4115c5, i = 13

node: is_free = false, size = 62, ptr_start = 0x55ab9c411834, i = 14

node: is_free = true, size = 314, ptr_start = 0x55ab9c411872, i = 15

node: is_free = false, size = 898, ptr_start = 0x55ab9c4119ac, i = 16

node: is_free = true, size = 642, ptr_start = 0x55ab9c411d2e, i = 17

totalSize = 10000, fillRatio = 0.50, minBlockSize = 1, maxBlockSize = 1000, iterations = 10000

newBlockSize = 942, i = 8802

_memory starts = 0x55ab9c3b0060

node: is_free = true, size = 161, ptr_start = 0x55ab9c40f8a0, i = 0

node: is_free = false, size = 809, ptr_start = 0x55ab9c40f941, i = 1

node: is_free = true, size = 639, ptr_start = 0x55ab9c40fc6a, i = 2

node: is_free = false, size = 223, ptr_start = 0x55ab9c40fee9, i = 3

node: is_free = true, size = 766, ptr_start = 0x55ab9c40ffc8, i = 4

node: is_free = false, size = 216, ptr_start = 0x55ab9c4102c6, i = 5

node: is_free = false, size = 506, ptr_start = 0x55ab9c41039e, i = 6

node: is_free = true, size = 5, ptr_start = 0x55ab9c410598, i = 7

node: is_free = false, size = 126, ptr_start = 0x55ab9c41059d, i = 8

node: is_free = true, size = 839, ptr_start = 0x55ab9c41061b, i = 9

node: is_free = false, size = 580, ptr_start = 0x55ab9c410962, i = 10

node: is_free = false, size = 697, ptr_start = 0x55ab9c410ba6, i = 11

node: is_free = false, size = 833, ptr_start = 0x55ab9c410e5f, i = 12

node: is_free = true, size = 46, ptr_start = 0x55ab9c4111a0, i = 13

node: is_free = false, size = 509, ptr_start = 0x55ab9c4111ce, i = 14

node: is_free = false, size = 102, ptr_start = 0x55ab9c4113cb, i = 15

node: is_free = true, size = 870, ptr_start = 0x55ab9c411431, i = 16

node: is_free = false, size = 14, ptr_start = 0x55ab9c411797, i = 17

node: is_free = true, size = 841, ptr_start = 0x55ab9c4117a5, i = 18

node: is_free = false, size = 376, ptr_start = 0x55ab9c411aee, i = 19

node: is_free = true, size = 842, ptr_start = 0x55ab9c411c66, i = 20
	=== worst ===
	Test took 7.03ms.
	Average hole size: 1027.982000
	Average largest free block: 1686.435200
	Average allocated bytes: 4957.953800
	Average number of small blocks: 0.267200
	Failed allocations: 21
Running randomized tests: pool size == 10000, fill ratio == 0.500000, block size is from 1 to 2000, 10000 iterations

totalSize = 10000, fillRatio = 0.50, minBlockSize = 1, maxBlockSize = 2000, iterations = 10000

newBlockSize = 1904, i = 180

_memory starts = 0x55ab9c3b0060

node: is_free = false, size = 630, ptr_start = 0x55ab9c40f8a0, i = 0

node: is_free = true, size = 1780, ptr_start = 0x55ab9c40fb16, i = 1

node: is_free = false, size = 78, ptr_start = 0x55ab9c41020a, i = 2

node: is_free = false, size = 715, ptr_start = 0x55ab9c410258, i = 3

node: is_free = false, size = 435, ptr_start = 0x55ab9c410523, i = 4

node: is_free = true, size = 1213, ptr_start = 0x55ab9c4106d6, i = 5

node: is_free = false, size = 376, ptr_start = 0x55ab9c410b93, i = 6

node: is_free = false, size = 260, ptr_start = 0x55ab9c410d0b, i = 7

node: is_free = false, size = 717, ptr_start = 0x55ab9c410e0f, i = 8

node: is_free = true, size = 1300, ptr_start = 0x55ab9c4110dc, i = 9

node: is_free = false, size = 688, ptr_start = 0x55ab9c4115f0, i = 10

node: is_free = false, size = 200, ptr_start = 0x55ab9c4118a0, i = 11

node: is_free = true, size = 1608, ptr_start = 0x55ab9c411968, i = 12

totalSize = 10000, fillRatio = 0.50, minBlockSize = 1, maxBlockSize = 2000, iterations = 10000

newBlockSize = 1406, i = 214

_memory starts = 0x55ab9c3b0060

node: is_free = true, size = 1194, ptr_start = 0x55ab9c40f8a0, i = 0

node: is_free = false, size = 674, ptr_start = 0x55ab9c40fd4a, i = 1

node: is_free = true, size = 339, ptr_start = 0x55ab9c40ffec, i = 2

node: is_free = false, size = 185, ptr_start = 0x55ab9c41013f, i = 3

node: is_free = false, size = 416, ptr_start = 0x55ab9c4101f8, i = 4

node: is_free = false, size = 1388, ptr_start = 0x55ab9c410398, i = 5

node: is_free = true, size = 1031, ptr_start = 0x55ab9c410904, i = 6

node: is_free = false, size = 260, ptr_start = 0x55ab9c410d0b, i = 7

node: is_free = true, size = 174, ptr_start = 0x55ab9c410e0f, i = 8

node: is_free = false, size = 790, ptr_start = 0x55ab9c410ebd, i = 9

node: is_free = false, size = 12, ptr_start = 0x55ab9c4111d3, i = 10

node: is_free = true, size = 212, ptr_start = 0x55ab9c4111df, i = 11

node: is_free = false, size = 843, ptr_start = 0x55ab9c4112b3, i = 12

node: is_free = true, size = 674, ptr_start = 0x55ab9c4115fe, i = 13

node: is_free = false, size = 200, ptr_start = 0x55ab9c4118a0, i = 14

node: is_free = false, size = 223, ptr_start = 0x55ab9c411968, i = 15

node: is_free = true, size = 1385, ptr_start = 0x55ab9c411a47, i = 16

totalSize = 10000, fillRatio = 0.50, minBlockSize = 1, maxBlockSize = 2000, iterations = 10000

newBlockSize = 1828, i = 220

_memory starts = 0x55ab9c3b0060

node: is_free = true, size = 1194, ptr_start = 0x55ab9c40f8a0, i = 0

node: is_free = false, size = 674, ptr_start = 0x55ab9c40fd4a, i = 1

node: is_free = true, size = 339, ptr_start = 0x55ab9c40ffec, i = 2

node: is_free = false, size = 185, ptr_start = 0x55ab9c41013f, i = 3

node: is_free = false, size = 416, ptr_start = 0x55ab9c4101f8, i = 4

node: is_free = false, size = 1388, ptr_start = 0x55ab9c410398, i = 5

node: is_free = false, size = 50, ptr_start = 0x55ab9c410904, i = 6

node: is_free = true, size = 1415, ptr_start = 0x55ab9c410936, i = 7

node: is_free = false, size = 790, ptr_start = 0x55ab9c410ebd, i = 8

node: is_free = false, size = 12, ptr_start = 0x55ab9c4111d3, i = 9

node: is_free = true, size = 212, ptr_start = 0x55ab9c4111df, i = 10

node: is_free = false, size = 843, ptr_start = 0x55ab9c4112b3, i = 11

node: is_free = true, size = 674, ptr_start = 0x55ab9c4115fe, i = 12

node: is_free = false, size = 200, ptr_start = 0x55ab9c4118a0, i = 13

node: is_free = false, size = 223, ptr_start = 0x55ab9c411968, i = 14

node: is_free = true, size = 1385, ptr_start = 0x55ab9c411a47, i = 15

totalSize = 10000, fillRatio = 0.50, minBlockSize = 1, maxBlockSize = 2000, iterations = 10000

newBlockSize = 1763, i = 310

_memory starts = 0x55ab9c3b0060

node: is_free = false, size = 955, ptr_start = 0x55ab9c40f8a0, i = 0

node: is_free = false, size = 1024, ptr_start = 0x55ab9c40fc5b, i = 1

node: is_free = false, size = 6, ptr_start = 0x55ab9c41005b, i = 2

node: is_free = false, size = 704, ptr_start = 0x55ab9c410061, i = 3

node: is_free = true, size = 1191, ptr_start = 0x55ab9c410321, i = 4

node: is_free = false, size = 854, ptr_start = 0x55ab9c4107c8, i = 5

node: is_free = true, size = 1139, ptr_start = 0x55ab9c410b1e, i = 6

node: is_free = false, size = 160, ptr_start = 0x55ab9c410f91, i = 7

node: is_free = false, size = 374, ptr_start = 0x55ab9c411031, i = 8

node: is_free = false, size = 172, ptr_start = 0x55ab9c4111a7, i = 9

node: is_free = true, size = 1419, ptr_start = 0x55ab9c411253, i = 10

node: is_free = false, size = 488, ptr_start = 0x55ab9c4117de, i = 11

node: is_free = false, size = 165, ptr_start = 0x55ab9c4119c6, i = 12

node: is_free = true, size = 1349, ptr_start = 0x55ab9c411a6b, i = 13

totalSize = 10000, fillRatio = 0.50, minBlockSize = 1, maxBlockSize = 2000, iterations = 10000

newBlockSize = 1644, i = 315

_memory starts = 0x55ab9c3b0060

node: is_free = false, size = 955, ptr_start = 0x55ab9c40f8a0, i = 0

node: is_free = false, size = 1024, ptr_start = 0x55ab9c40fc5b, i = 1

node: is_free = true, size = 6, ptr_start = 0x55ab9c41005b, i = 2

node: is_free = false, size = 704, ptr_start = 0x55ab9c410061, i = 3

node: is_free = true, size = 1191, ptr_start = 0x55ab9c410321, i = 4

node: is_free = false, size = 854, ptr_start = 0x55ab9c4107c8, i = 5

node: is_free = true, size = 1139, ptr_start = 0x55ab9c410b1e, i = 6

node: is_free = false, size = 160, ptr_start = 0x55ab9c410f91, i = 7

node: is_free = false, size = 374, ptr_start = 0x55ab9c411031, i = 8

node: is_free = false, size = 172, ptr_start = 0x55ab9c4111a7, i = 9

node: is_free = true, size = 1419, ptr_start = 0x55ab9c411253, i = 10

node: is_free = false, size = 488, ptr_start = 0x55ab9c4117de, i = 11

node: is_free = true, size = 1514, ptr_start = 0x55ab9c4119c6, i = 12

totalSize = 10000, fillRatio = 0.50, minBlockSize = 1, maxBlockSize = 2000, iterations = 10000

newBlockSize = 1659, i = 327

_memory starts = 0x55ab9c3b0060

node: is_free = false, size = 1723, ptr_start = 0x55ab9c40f8a0, i = 0

node: is_free = true, size = 262, ptr_start = 0x55ab9c40ff5b, i = 1

node: is_free = false, size = 704, ptr_start = 0x55ab9c410061, i = 2

node: is_free = true, size = 1191, ptr_start = 0x55ab9c410321, i = 3

node: is_free = false, size = 854, ptr_start = 0x55ab9c4107c8, i = 4

node: is_free = true, size = 1139, ptr_start = 0x55ab9c410b1e, i = 5

node: is_free = false, size = 160, ptr_start = 0x55ab9c410f91, i = 6

node: is_free = false, size = 374, ptr_start = 0x55ab9c411031, i = 7

node: is_free = false, size = 172, ptr_start = 0x55ab9c4111a7, i = 8

node: is_free = true, size = 1419, ptr_start = 0x55ab9c411253, i = 9

node: is_free = false, size = 488, ptr_start = 0x55ab9c4117de, i = 10

node: is_free = false, size = 111, ptr_start = 0x55ab9c4119c6, i = 11

node: is_free = true, size = 1403, ptr_start = 0x55ab9c411a35, i = 12

totalSize = 10000, fillRatio = 0.50, minBlockSize = 1, maxBlockSize = 2000, iterations = 10000

newBlockSize = 1618, i = 336

_memory starts = 0x55ab9c3b0060

node: is_free = false, size = 967, ptr_start = 0x55ab9c40f8a0, i = 0

node: is_free = true, size = 756, ptr_start = 0x55ab9c40fc67, i = 1

node: is_free = false, size = 4, ptr_start = 0x55ab9c40ff5b, i = 2

node: is_free = false, size = 962, ptr_start = 0x55ab9c40ff5f, i = 3

node: is_free = true, size = 1191, ptr_start = 0x55ab9c410321, i = 4

node: is_free = false, size = 854, ptr_start = 0x55ab9c4107c8, i = 5

node: is_free = true, size = 1139, ptr_start = 0x55ab9c410b1e, i = 6

node: is_free = false, size = 160, ptr_start = 0x55ab9c410f91, i = 7

node: is_free = true, size = 374, ptr_start = 0x55ab9c411031, i = 8

node: is_free = false, size = 172, ptr_start = 0x55ab9c4111a7, i = 9

node: is_free = false, size = 1301, ptr_start = 0x55ab9c411253, i = 10

node: is_free = true, size = 118, ptr_start = 0x55ab9c411768, i = 11

node: is_free = false, size = 488, ptr_start = 0x55ab9c4117de, i = 12

node: is_free = true, size = 1514, ptr_start = 0x55ab9c4119c6, i = 13

totalSize = 10000, fillRatio = 0.50, minBlockSize = 1, maxBlockSize = 2000, iterations = 10000

newBlockSize = 1799, i = 340

_memory starts = 0x55ab9c3b0060

node: is_free = false, size = 967, ptr_start = 0x55ab9c40f8a0, i = 0

node: is_free = true, size = 756, ptr_start = 0x55ab9c40fc67, i = 1

node: is_free = false, size = 4, ptr_start = 0x55ab9c40ff5b, i = 2

node: is_free = false, size = 962, ptr_start = 0x55ab9c40ff5f, i = 3

node: is_free = true, size = 1191, ptr_start = 0x55ab9c410321, i = 4

node: is_free = false, size = 854, ptr_start = 0x55ab9c4107c8, i = 5

node: is_free = true, size = 1139, ptr_start = 0x55ab9c410b1e, i = 6

node: is_free = false, size = 160, ptr_start = 0x55ab9c410f91, i = 7

node: is_free = true, size = 374, ptr_start = 0x55ab9c411031, i = 8

node: is_free = false, size = 172, ptr_start = 0x55ab9c4111a7, i = 9

node: is_free = true, size = 1301, ptr_start = 0x55ab9c411253, i = 10

node: is_free = false, size = 1483, ptr_start = 0x55ab9c411768, i = 11

node: is_free = true, size = 637, ptr_start = 0x55ab9c411d33, i = 12

totalSize = 10000, fillRatio = 0.50, minBlockSize = 1, maxBlockSize = 2000, iterations = 10000

newBlockSize = 1661, i = 349

_memory starts = 0x55ab9c3b0060

node: is_free = false, size = 967, ptr_start = 0x55ab9c40f8a0, i = 0

node: is_free = true, size = 756, ptr_start = 0x55ab9c40fc67, i = 1

node: is_free = false, size = 4, ptr_start = 0x55ab9c40ff5b, i = 2

node: is_free = true, size = 962, ptr_start = 0x55ab9c40ff5f, i = 3

node: is_free = false, size = 1214, ptr_start = 0x55ab9c410321, i = 4

node: is_free = false, size = 361, ptr_start = 0x55ab9c4107df, i = 5

node: is_free = true, size = 1609, ptr_start = 0x55ab9c410948, i = 6

node: is_free = false, size = 160, ptr_start = 0x55ab9c410f91, i = 7

node: is_free = false, size = 356, ptr_start = 0x55ab9c411031, i = 8

node: is_free = true, size = 1491, ptr_start = 0x55ab9c411195, i = 9

node: is_free = false, size = 1483, ptr_start = 0x55ab9c411768, i = 10

node: is_free = true, size = 637, ptr_start = 0x55ab9c411d33, i = 11

totalSize = 10000, fillRatio = 0.50, minBlockSize = 1, maxBlockSize = 2000, iterations = 10000

newBlockSize = 1996, i = 363

_memory starts = 0x55ab9c3b0060

node: is_free = true, size = 1723, ptr_start = 0x55ab9c40f8a0, i = 0

node: is_free = false, size = 4, ptr_start = 0x55ab9c40ff5b, i = 1

node: is_free = false, size = 1034, ptr_start = 0x55ab9c40ff5f, i = 2

node: is_free = true, size = 1142, ptr_start = 0x55ab9c410369, i = 3

node: is_free = false, size = 1382, ptr_start = 0x55ab9c4107df, i = 4

node: is_free = true, size = 748, ptr_start = 0x55ab9c410d45, i = 5

node: is_free = false, size = 356, ptr_start = 0x55ab9c411031, i = 6

node: is_free = true, size = 1132, ptr_start = 0x55ab9c411195, i = 7

node: is_free = false, size = 671, ptr_start = 0x55ab9c411601, i = 8

node: is_free = true, size = 27, ptr_start = 0x55ab9c4118a0, i = 9

node: is_free = false, size = 1456, ptr_start = 0x55ab9c4118bb, i = 10

node: is_free = true, size = 325, ptr_start = 0x55ab9c411e6b, i = 11

totalSize = 10000, fillRatio = 0.50, minBlockSize = 1, maxBlockSize = 2000, iterations = 10000

newBlockSize = 1704, i = 430

_memory starts = 0x55ab9c3b0060

node: is_free = false, size = 461, ptr_start = 0x55ab9c40f8a0, i = 0

node: is_free = true, size = 1623, ptr_start = 0x55ab9c40fa6d, i = 1

node: is_free = false, size = 254, ptr_start = 0x55ab9c4100c4, i = 2

node: is_free = false, size = 550, ptr_start = 0x55ab9c4101c2, i = 3

node: is_free = true, size = 1450, ptr_start = 0x55ab9c4103e8, i = 4

node: is_free = false, size = 1058, ptr_start = 0x55ab9c410992, i = 5

node: is_free = true, size = 993, ptr_start = 0x55ab9c410db4, i = 6

node: is_free = false, size = 1219, ptr_start = 0x55ab9c411195, i = 7

node: is_free = true, size = 387, ptr_start = 0x55ab9c411658, i = 8

node: is_free = false, size = 506, ptr_start = 0x55ab9c4117db, i = 9

node: is_free = true, size = 1499, ptr_start = 0x55ab9c4119d5, i = 10

totalSize = 10000, fillRatio = 0.50, minBlockSize = 1, maxBlockSize = 2000, iterations = 10000

newBlockSize = 1815, i = 433

_memory starts = 0x55ab9c3b0060

node: is_free = false, size = 461, ptr_start = 0x55ab9c40f8a0, i = 0

node: is_free = true, size = 1623, ptr_start = 0x55ab9c40fa6d, i = 1

node: is_free = false, size = 254, ptr_start = 0x55ab9c4100c4, i = 2

node: is_free = false, size = 550, ptr_start = 0x55ab9c4101c2, i = 3

node: is_free = false, size = 1948, ptr_start = 0x55ab9c4103e8, i = 4

node: is_free = true, size = 1553, ptr_start = 0x55ab9c410b84, i = 5

node: is_free = false, size = 1219, ptr_start = 0x55ab9c411195, i = 6

node: is_free = true, size = 387, ptr_start = 0x55ab9c411658, i = 7

node: is_free = false, size = 506, ptr_start = 0x55ab9c4117db, i = 8

node: is_free = true, size = 1499, ptr_start = 0x55ab9c4119d5, i = 9

totalSize = 10000, fillRatio = 0.50, minBlockSize = 1, maxBlockSize = 2000, iterations = 10000

newBlockSize = 1831, i = 545

_memory starts = 0x55ab9c3b0060

node: is_free = false, size = 318, ptr_start = 0x55ab9c40f8a0, i = 0

node: is_free = false, size = 300, ptr_start = 0x55ab9c40f9de, i = 1

node: is_free = true, size = 1534, ptr_start = 0x55ab9c40fb0a, i = 2

node: is_free = false, size = 440, ptr_start = 0x55ab9c410108, i = 3

node: is_free = true, size = 1061, ptr_start = 0x55ab9c4102c0, i = 4

node: is_free = false, size = 276, ptr_start = 0x55ab9c4106e5, i = 5

node: is_free = true, size = 1770, ptr_start = 0x55ab9c4107f9, i = 6

node: is_free = false, size = 134, ptr_start = 0x55ab9c410ee3, i = 7

node: is_free = true, size = 605, ptr_start = 0x55ab9c410f69, i = 8

node: is_free = false, size = 1629, ptr_start = 0x55ab9c4111c6, i = 9

node: is_free = true, size = 64, ptr_start = 0x55ab9c411823, i = 10

node: is_free = false, size = 1780, ptr_start = 0x55ab9c411863, i = 11

node: is_free = true, size = 89, ptr_start = 0x55ab9c411f57, i = 12

totalSize = 10000, fillRatio = 0.50, minBlockSize = 1, maxBlockSize = 2000, iterations = 10000

newBlockSize = 1836, i = 556

_memory starts = 0x55ab9c3b0060

node: is_free = false, size = 318, ptr_start = 0x55ab9c40f8a0, i = 0

node: is_free = true, size = 1834, ptr_start = 0x55ab9c40f9de, i = 1

node: is_free = false, size = 440, ptr_start = 0x55ab9c410108, i = 2

node: is_free = true, size = 1061, ptr_start = 0x55ab9c4102c0, i = 3

node: is_free = false, size = 276, ptr_start = 0x55ab9c4106e5, i = 4

node: is_free = true, size = 739, ptr_start = 0x55ab9c4107f9, i = 5

node: is_free = false, size = 754, ptr_start = 0x55ab9c410adc, i = 6

node: is_free = false, size = 187, ptr_start = 0x55ab9c410dce, i = 7

node: is_free = false, size = 1104, ptr_start = 0x55ab9c410e89, i = 8

node: is_free = true, size = 1418, ptr_start = 0x55ab9c4112d9, i = 9

node: is_free = false, size = 1780, ptr_start = 0x55ab9c411863, i = 10

node: is_free = true, size = 89, ptr_start = 0x55ab9c411f57, i = 11

totalSize = 10000, fillRatio = 0.50, minBlockSize = 1, maxBlockSize = 2000, iterations = 10000

newBlockSize = 1678, i = 685

_memory starts = 0x55ab9c3b0060

node: is_free = true, size = 266, ptr_start = 0x55ab9c40f8a0, i = 0

node: is_free = false, size = 340, ptr_start = 0x55ab9c40f9aa, i = 1

node: is_free = false, size = 858, ptr_start = 0x55ab9c40fafe, i = 2

node: is_free = true, size = 1526, ptr_start = 0x55ab9c40fe58, i = 3

node: is_free = false, size = 1358, ptr_start = 0x55ab9c41044e, i = 4

node: is_free = true, size = 457, ptr_start = 0x55ab9c41099c, i = 5

node: is_free = false, size = 1133, ptr_start = 0x55ab9c410b65, i = 6

node: is_free = false, size = 198, ptr_start = 0x55ab9c410fd2, i = 7

node: is_free = true, size = 1233, ptr_start = 0x55ab9c411098, i = 8

node: is_free = false, size = 79, ptr_start = 0x55ab9c411569, i = 9

node: is_free = true, size = 711, ptr_start = 0x55ab9c4115b8, i = 10

node: is_free = false, size = 960, ptr_start = 0x55ab9c41187f, i = 11

node: is_free = true, size = 881, ptr_start = 0x55ab9c411c3f, i = 12

totalSize = 10000, fillRatio = 0.50, minBlockSize = 1, maxBlockSize = 2000, iterations = 10000

newBlockSize = 1834, i = 746

_memory starts = 0x55ab9c3b0060

node: is_free = true, size = 118, ptr_start = 0x55ab9c40f8a0, i = 0

node: is_free = false, size = 95, ptr_start = 0x55ab9c40f916, i = 1

node: is_free = false, size = 158, ptr_start = 0x55ab9c40f975, i = 2

node: is_free = false, size = 46, ptr_start = 0x55ab9c40fa13, i = 3

node: is_free = true, size = 1671, ptr_start = 0x55ab9c40fa41, i = 4

node: is_free = false, size = 1367, ptr_start = 0x55ab9c4100c8, i = 5

node: is_free = true, size = 1715, ptr_start = 0x55ab9c41061f, i = 6

node: is_free = false, size = 87, ptr_start = 0x55ab9c410cd2, i = 7

node: is_free = false, size = 1969, ptr_start = 0x55ab9c410d29, i = 8

node: is_free = true, size = 238, ptr_start = 0x55ab9c4114da, i = 9

node: is_free = false, size = 581, ptr_start = 0x55ab9c4115c8, i = 10

node: is_free = false, size = 529, ptr_start = 0x55ab9c41180d, i = 11

node: is_free = false, size = 134, ptr_start = 0x55ab9c411a1e, i = 12

node: is_free = true, size = 1292, ptr_start = 0x55ab9c411aa4, i = 13

totalSize = 10000, fillRatio = 0.50, minBlockSize = 1, maxBlockSize = 2000, iterations = 10000

newBlockSize = 1768, i = 751

_memory starts = 0x55ab9c3b0060

node: is_free = true, size = 118, ptr_start = 0x55ab9c40f8a0, i = 0

node: is_free = false, size = 95, ptr_start = 0x55ab9c40f916, i = 1

node: is_free = false, size = 158, ptr_start = 0x55ab9c40f975, i = 2

node: is_free = false, size = 46, ptr_start = 0x55ab9c40fa13, i = 3

node: is_free = true, size = 1671, ptr_start = 0x55ab9c40fa41, i = 4

node: is_free = false, size = 1367, ptr_start = 0x55ab9c4100c8, i = 5

node: is_free = false, size = 117, ptr_start = 0x55ab9c41061f, i = 6

node: is_free = false, size = 44, ptr_start = 0x55ab9c410694, i = 7

node: is_free = true, size = 1641, ptr_start = 0x55ab9c4106c0, i = 8

node: is_free = false, size = 1969, ptr_start = 0x55ab9c410d29, i = 9

node: is_free = true, size = 819, ptr_start = 0x55ab9c4114da, i = 10

node: is_free = false, size = 529, ptr_start = 0x55ab9c41180d, i = 11

node: is_free = false, size = 134, ptr_start = 0x55ab9c411a1e, i = 12

node: is_free = true, size = 1292, ptr_start = 0x55ab9c411aa4, i = 13

totalSize = 10000, fillRatio = 0.50, minBlockSize = 1, maxBlockSize = 2000, iterations = 10000

newBlockSize = 1949, i = 926

_memory starts = 0x55ab9c3b0060

node: is_free = true, size = 971, ptr_start = 0x55ab9c40f8a0, i = 0

node: is_free = false, size = 344, ptr_start = 0x55ab9c40fc6b, i = 1

node: is_free = true, size = 709, ptr_start = 0x55ab9c40fdc3, i = 2

node: is_free = false, size = 1427, ptr_start = 0x55ab9c410088, i = 3

node: is_free = true, size = 1414, ptr_start = 0x55ab9c41061b, i = 4

node: is_free = false, size = 841, ptr_start = 0x55ab9c410ba1, i = 5

node: is_free = false, size = 86, ptr_start = 0x55ab9c410eea, i = 6

node: is_free = true, size = 386, ptr_start = 0x55ab9c410f40, i = 7

node: is_free = false, size = 760, ptr_start = 0x55ab9c4110c2, i = 8

node: is_free = false, size = 43, ptr_start = 0x55ab9c4113ba, i = 9

node: is_free = true, size = 994, ptr_start = 0x55ab9c4113e5, i = 10

node: is_free = false, size = 976, ptr_start = 0x55ab9c4117c7, i = 11

node: is_free = true, size = 1049, ptr_start = 0x55ab9c411b97, i = 12

totalSize = 10000, fillRatio = 0.50, minBlockSize = 1, maxBlockSize = 2000, iterations = 10000

newBlockSize = 1991, i = 928

_memory starts = 0x55ab9c3b0060

node: is_free = true, size = 971, ptr_start = 0x55ab9c40f8a0, i = 0

node: is_free = false, size = 344, ptr_start = 0x55ab9c40fc6b, i = 1

node: is_free = true, size = 709, ptr_start = 0x55ab9c40fdc3, i = 2

node: is_free = false, size = 1427, ptr_start = 0x55ab9c410088, i = 3

node: is_free = true, size = 1414, ptr_start = 0x55ab9c41061b, i = 4

node: is_free = false, size = 841, ptr_start = 0x55ab9c410ba1, i = 5

node: is_free = false, size = 86, ptr_start = 0x55ab9c410eea, i = 6

node: is_free = true, size = 1146, ptr_start = 0x55ab9c410f40, i = 7

node: is_free = false, size = 43, ptr_start = 0x55ab9c4113ba, i = 8

node: is_free = true, size = 994, ptr_start = 0x55ab9c4113e5, i = 9

node: is_free = false, size = 976, ptr_start = 0x55ab9c4117c7, i = 10

node: is_free = true, size = 1049, ptr_start = 0x55ab9c411b97, i = 11

totalSize = 10000, fillRatio = 0.50, minBlockSize = 1, maxBlockSize = 2000, iterations = 10000

newBlockSize = 1499, i = 938

_memory starts = 0x55ab9c3b0060

node: is_free = true, size = 971, ptr_start = 0x55ab9c40f8a0, i = 0

node: is_free = false, size = 344, ptr_start = 0x55ab9c40fc6b, i = 1

node: is_free = true, size = 709, ptr_start = 0x55ab9c40fdc3, i = 2

node: is_free = false, size = 1427, ptr_start = 0x55ab9c410088, i = 3

node: is_free = false, size = 17, ptr_start = 0x55ab9c41061b, i = 4

node: is_free = false, size = 842, ptr_start = 0x55ab9c41062c, i = 5

node: is_free = true, size = 1396, ptr_start = 0x55ab9c410976, i = 6

node: is_free = false, size = 86, ptr_start = 0x55ab9c410eea, i = 7

node: is_free = false, size = 224, ptr_start = 0x55ab9c410f40, i = 8

node: is_free = true, size = 922, ptr_start = 0x55ab9c411020, i = 9

node: is_free = false, size = 43, ptr_start = 0x55ab9c4113ba, i = 10

node: is_free = false, size = 510, ptr_start = 0x55ab9c4113e5, i = 11

node: is_free = true, size = 484, ptr_start = 0x55ab9c4115e3, i = 12

node: is_free = false, size = 976, ptr_start = 0x55ab9c4117c7, i = 13

node: is_free = false, size = 42, ptr_start = 0x55ab9c411b97, i = 14

node: is_free = false, size = 97, ptr_start = 0x55ab9c411bc1, i = 15

node: is_free = true, size = 910, ptr_start = 0x55ab9c411c22, i = 16

totalSize = 10000, fillRatio = 0.50, minBlockSize = 1, maxBlockSize = 2000, iterations = 10000

newBlockSize = 1856, i = 941

_memory starts = 0x55ab9c3b0060

node: is_free = true, size = 971, ptr_start = 0x55ab9c40f8a0, i = 0

node: is_free = false, size = 344, ptr_start = 0x55ab9c40fc6b, i = 1

node: is_free = true, size = 709, ptr_start = 0x55ab9c40fdc3, i = 2

node: is_free = false, size = 1427, ptr_start = 0x55ab9c410088, i = 3

node: is_free = false, size = 17, ptr_start = 0x55ab9c41061b, i = 4

node: is_free = false, size = 842, ptr_start = 0x55ab9c41062c, i = 5

node: is_free = false, size = 182, ptr_start = 0x55ab9c410976, i = 6

node: is_free = true, size = 1214, ptr_start = 0x55ab9c410a2c, i = 7

node: is_free = false, size = 86, ptr_start = 0x55ab9c410eea, i = 8

node: is_free = false, size = 224, ptr_start = 0x55ab9c410f40, i = 9

node: is_free = true, size = 922, ptr_start = 0x55ab9c411020, i = 10

node: is_free = false, size = 43, ptr_start = 0x55ab9c4113ba, i = 11

node: is_free = true, size = 994, ptr_start = 0x55ab9c4113e5, i = 12

node: is_free = false, size = 976, ptr_start = 0x55ab9c4117c7, i = 13

node: is_free = false, size = 42, ptr_start = 0x55ab9c411b97, i = 14

node: is_free = false, size = 97, ptr_start = 0x55ab9c411bc1, i = 15

node: is_free = true, size = 910, ptr_start = 0x55ab9c411c22, i = 16

totalSize = 10000, fillRatio = 0.50, minBlockSize = 1, maxBlockSize = 2000, iterations = 10000

newBlockSize = 1649, i = 957

_memory starts = 0x55ab9c3b0060

node: is_free = false, size = 203, ptr_start = 0x55ab9c40f8a0, i = 0

node: is_free = false, size = 1104, ptr_start = 0x55ab9c40f96b, i = 1

node: is_free = true, size = 717, ptr_start = 0x55ab9c40fdbb, i = 2

node: is_free = false, size = 1427, ptr_start = 0x55ab9c410088, i = 3

node: is_free = false, size = 17, ptr_start = 0x55ab9c41061b, i = 4

node: is_free = false, size = 842, ptr_start = 0x55ab9c41062c, i = 5

node: is_free = true, size = 182, ptr_start = 0x55ab9c410976, i = 6

node: is_free = false, size = 356, ptr_start = 0x55ab9c410a2c, i = 7

node: is_free = true, size = 858, ptr_start = 0x55ab9c410b90, i = 8

node: is_free = false, size = 86, ptr_start = 0x55ab9c410eea, i = 9

node: is_free = true, size = 1146, ptr_start = 0x55ab9c410f40, i = 10

node: is_free = false, size = 43, ptr_start = 0x55ab9c4113ba, i = 11

node: is_free = false, size = 867, ptr_start = 0x55ab9c4113e5, i = 12

node: is_free = true, size = 1103, ptr_start = 0x55ab9c411748, i = 13

node: is_free = false, size = 42, ptr_start = 0x55ab9c411b97, i = 14

node: is_free = true, size = 1007, ptr_start = 0x55ab9c411bc1, i = 15

totalSize = 10000, fillRatio = 0.50, minBlockSize = 1, maxBlockSize = 2000, iterations = 10000

newBlockSize = 1981, i = 1009

_memory starts = 0x55ab9c3b0060

node: is_free = true, size = 1382, ptr_start = 0x55ab9c40f8a0, i = 0

node: is_free = false, size = 505, ptr_start = 0x55ab9c40fe06, i = 1

node: is_free = false, size = 831, ptr_start = 0x55ab9c40ffff, i = 2

node: is_free = true, size = 863, ptr_start = 0x55ab9c41033e, i = 3

node: is_free = false, size = 1475, ptr_start = 0x55ab9c41069d, i = 4

node: is_free = false, size = 375, ptr_start = 0x55ab9c410c60, i = 5

node: is_free = true, size = 1550, ptr_start = 0x55ab9c410dd7, i = 6

node: is_free = false, size = 1170, ptr_start = 0x55ab9c4113e5, i = 7

node: is_free = false, size = 345, ptr_start = 0x55ab9c411877, i = 8

node: is_free = true, size = 1504, ptr_start = 0x55ab9c4119d0, i = 9

totalSize = 10000, fillRatio = 0.50, minBlockSize = 1, maxBlockSize = 2000, iterations = 10000

newBlockSize = 1963, i = 1020

_memory starts = 0x55ab9c3b0060

node: is_free = true, size = 1382, ptr_start = 0x55ab9c40f8a0, i = 0

node: is_free = false, size = 505, ptr_start = 0x55ab9c40fe06, i = 1

node: is_free = false, size = 773, ptr_start = 0x55ab9c40ffff, i = 2

node: is_free = true, size = 921, ptr_start = 0x55ab9c410304, i = 3

node: is_free = false, size = 1475, ptr_start = 0x55ab9c41069d, i = 4

node: is_free = true, size = 375, ptr_start = 0x55ab9c410c60, i = 5

node: is_free = false, size = 1445, ptr_start = 0x55ab9c410dd7, i = 6

node: is_free = true, size = 1275, ptr_start = 0x55ab9c41137c, i = 7

node: is_free = false, size = 345, ptr_start = 0x55ab9c411877, i = 8

node: is_free = false, size = 45, ptr_start = 0x55ab9c4119d0, i = 9

node: is_free = true, size = 1459, ptr_start = 0x55ab9c4119fd, i = 10

totalSize = 10000, fillRatio = 0.50, minBlockSize = 1, maxBlockSize = 2000, iterations = 10000

newBlockSize = 1574, i = 1026

_memory starts = 0x55ab9c3b0060

node: is_free = true, size = 1382, ptr_start = 0x55ab9c40f8a0, i = 0

node: is_free = false, size = 505, ptr_start = 0x55ab9c40fe06, i = 1

node: is_free = false, size = 1684, ptr_start = 0x55ab9c40ffff, i = 2

node: is_free = false, size = 395, ptr_start = 0x55ab9c410693, i = 3

node: is_free = true, size = 1465, ptr_start = 0x55ab9c41081e, i = 4

node: is_free = false, size = 1445, ptr_start = 0x55ab9c410dd7, i = 5

node: is_free = true, size = 1275, ptr_start = 0x55ab9c41137c, i = 6

node: is_free = false, size = 345, ptr_start = 0x55ab9c411877, i = 7

node: is_free = true, size = 1504, ptr_start = 0x55ab9c4119d0, i = 8

totalSize = 10000, fillRatio = 0.50, minBlockSize = 1, maxBlockSize = 2000, iterations = 10000

newBlockSize = 1724, i = 1156

_memory starts = 0x55ab9c3b0060

node: is_free = true, size = 1628, ptr_start = 0x55ab9c40f8a0, i = 0

node: is_free = false, size = 1510, ptr_start = 0x55ab9c40fefc, i = 1

node: is_free = true, size = 1114, ptr_start = 0x55ab9c4104e2, i = 2

node: is_free = false, size = 397, ptr_start = 0x55ab9c41093c, i = 3

node: is_free = true, size = 684, ptr_start = 0x55ab9c410ac9, i = 4

node: is_free = false, size = 744, ptr_start = 0x55ab9c410d75, i = 5

node: is_free = true, size = 1234, ptr_start = 0x55ab9c41105d, i = 6

node: is_free = false, size = 1847, ptr_start = 0x55ab9c41152f, i = 7

node: is_free = true, size = 842, ptr_start = 0x55ab9c411c66, i = 8

totalSize = 10000, fillRatio = 0.50, minBlockSize = 1, maxBlockSize = 2000, iterations = 10000

newBlockSize = 1892, i = 1170

_memory starts = 0x55ab9c3b0060

node: is_free = true, size = 1628, ptr_start = 0x55ab9c40f8a0, i = 0

node: is_free = false, size = 1510, ptr_start = 0x55ab9c40fefc, i = 1

node: is_free = true, size = 1114, ptr_start = 0x55ab9c4104e2, i = 2

node: is_free = false, size = 397, ptr_start = 0x55ab9c41093c, i = 3

node: is_free = true, size = 684, ptr_start = 0x55ab9c410ac9, i = 4

node: is_free = false, size = 744, ptr_start = 0x55ab9c410d75, i = 5

node: is_free = true, size = 1687, ptr_start = 0x55ab9c41105d, i = 6

node: is_free = false, size = 125, ptr_start = 0x55ab9c4116f4, i = 7

node: is_free = false, size = 1415, ptr_start = 0x55ab9c411771, i = 8

node: is_free = true, size = 696, ptr_start = 0x55ab9c411cf8, i = 9

totalSize = 10000, fillRatio = 0.50, minBlockSize = 1, maxBlockSize = 2000, iterations = 10000

newBlockSize = 1660, i = 1173

_memory starts = 0x55ab9c3b0060

node: is_free = true, size = 1628, ptr_start = 0x55ab9c40f8a0, i = 0

node: is_free = false, size = 1510, ptr_start = 0x55ab9c40fefc, i = 1

node: is_free = true, size = 1114, ptr_start = 0x55ab9c4104e2, i = 2

node: is_free = false, size = 397, ptr_start = 0x55ab9c41093c, i = 3

node: is_free = true, size = 684, ptr_start = 0x55ab9c410ac9, i = 4

node: is_free = false, size = 744, ptr_start = 0x55ab9c410d75, i = 5

node: is_free = false, size = 659, ptr_start = 0x55ab9c41105d, i = 6

node: is_free = true, size = 1028, ptr_start = 0x55ab9c4112f0, i = 7

node: is_free = false, size = 125, ptr_start = 0x55ab9c4116f4, i = 8

node: is_free = false, size = 1415, ptr_start = 0x55ab9c411771, i = 9

node: is_free = true, size = 696, ptr_start = 0x55ab9c411cf8, i = 10

totalSize = 10000, fillRatio = 0.50, minBlockSize = 1, maxBlockSize = 2000, iterations = 10000

newBlockSize = 1571, i = 1340

_memory starts = 0x55ab9c3b0060

node: is_free = false, size = 1886, ptr_start = 0x55ab9c40f8a0, i = 0

node: is_free = false, size = 546, ptr_start = 0x55ab9c40fffe, i = 1

node: is_free = true, size = 1091, ptr_start = 0x55ab9c410220, i = 2

node: is_free = false, size = 197, ptr_start = 0x55ab9c410663, i = 3

node: is_free = false, size = 80, ptr_start = 0x55ab9c410728, i = 4

node: is_free = false, size = 317, ptr_start = 0x55ab9c410778, i = 5

node: is_free = true, size = 1435, ptr_start = 0x55ab9c4108b5, i = 6

node: is_free = false, size = 543, ptr_start = 0x55ab9c410e50, i = 7

node: is_free = false, size = 78, ptr_start = 0x55ab9c41106f, i = 8

node: is_free = true, size = 1131, ptr_start = 0x55ab9c4110bd, i = 9

node: is_free = false, size = 349, ptr_start = 0x55ab9c411528, i = 10

node: is_free = false, size = 858, ptr_start = 0x55ab9c411685, i = 11

node: is_free = false, size = 25, ptr_start = 0x55ab9c4119df, i = 12

node: is_free = true, size = 1464, ptr_start = 0x55ab9c4119f8, i = 13

totalSize = 10000, fillRatio = 0.50, minBlockSize = 1, maxBlockSize = 2000, iterations = 10000

newBlockSize = 1920, i = 1419

_memory starts = 0x55ab9c3b0060

node: is_free = true, size = 1724, ptr_start = 0x55ab9c40f8a0, i = 0

node: is_free = false, size = 645, ptr_start = 0x55ab9c40ff5c, i = 1

node: is_free = true, size = 65, ptr_start = 0x55ab9c4101e1, i = 2

node: is_free = false, size = 172, ptr_start = 0x55ab9c410222, i = 3

node: is_free = true, size = 1871, ptr_start = 0x55ab9c4102ce, i = 4

node: is_free = false, size = 1704, ptr_start = 0x55ab9c410a1d, i = 5

node: is_free = true, size = 1850, ptr_start = 0x55ab9c4110c5, i = 6

node: is_free = false, size = 1531, ptr_start = 0x55ab9c4117ff, i = 7

node: is_free = true, size = 438, ptr_start = 0x55ab9c411dfa, i = 8

totalSize = 10000, fillRatio = 0.50, minBlockSize = 1, maxBlockSize = 2000, iterations = 10000

newBlockSize = 1675, i = 1543

_memory starts = 0x55ab9c3b0060

node: is_free = false, size = 191, ptr_start = 0x55ab9c40f8a0, i = 0

node: is_free = true, size = 1547, ptr_start = 0x55ab9c40f95f, i = 1

node: is_free = false, size = 1636, ptr_start = 0x55ab9c40ff6a, i = 2

node: is_free = false, size = 685, ptr_start = 0x55ab9c4105ce, i = 3

node: is_free = true, size = 1646, ptr_start = 0x55ab9c41087b, i = 4

node: is_free = false, size = 289, ptr_start = 0x55ab9c410ee9, i = 5

node: is_free = false, size = 220, ptr_start = 0x55ab9c41100a, i = 6

node: is_free = true, size = 451, ptr_start = 0x55ab9c4110e6, i = 7

node: is_free = false, size = 1814, ptr_start = 0x55ab9c4112a9, i = 8

node: is_free = true, size = 1521, ptr_start = 0x55ab9c4119bf, i = 9

totalSize = 10000, fillRatio = 0.50, minBlockSize = 1, maxBlockSize = 2000, iterations = 10000

newBlockSize = 1827, i = 1594

_memory starts = 0x55ab9c3b0060

node: is_free = false, size = 1093, ptr_start = 0x55ab9c40f8a0, i = 0

node: is_free = false, size = 632, ptr_start = 0x55ab9c40fce5, i = 1

node: is_free = true, size = 1752, ptr_start = 0x55ab9c40ff5d, i = 2

node: is_free = false, size = 108, ptr_start = 0x55ab9c410635, i = 3

node: is_free = true, size = 1278, ptr_start = 0x55ab9c4106a1, i = 4

node: is_free = false, size = 1429, ptr_start = 0x55ab9c410b9f, i = 5

node: is_free = false, size = 193, ptr_start = 0x55ab9c411134, i = 6

node: is_free = true, size = 1598, ptr_start = 0x55ab9c4111f5, i = 7

node: is_free = false, size = 1272, ptr_start = 0x55ab9c411833, i = 8

node: is_free = true, size = 645, ptr_start = 0x55ab9c411d2b, i = 9

totalSize = 10000, fillRatio = 0.50, minBlockSize = 1, maxBlockSize = 2000, iterations = 10000

newBlockSize = 1719, i = 1668

_memory starts = 0x55ab9c3b0060

node: is_free = true, size = 1159, ptr_start = 0x55ab9c40f8a0, i = 0

node: is_free = false, size = 466, ptr_start = 0x55ab9c40fd27, i = 1

node: is_free = false, size = 578, ptr_start = 0x55ab9c40fef9, i = 2

node: is_free = true, size = 1199, ptr_start = 0x55ab9c41013b, i = 3

node: is_free = false, size = 55, ptr_start = 0x55ab9c4105ea, i = 4

node: is_free = true, size = 1394, ptr_start = 0x55ab9c410621, i = 5

node: is_free = false, size = 1765, ptr_start = 0x55ab9c410b93, i = 6

node: is_free = true, size = 675, ptr_start = 0x55ab9c411278, i = 7

node: is_free = false, size = 1503, ptr_start = 0x55ab9c41151b, i = 8

node: is_free = true, size = 1206, ptr_start = 0x55ab9c411afa, i = 9

totalSize = 10000, fillRatio = 0.50, minBlockSize = 1, maxBlockSize = 2000, iterations = 10000

newBlockSize = 1909, i = 1678

_memory starts = 0x55ab9c3b0060

node: is_free = true, size = 1159, ptr_start = 0x55ab9c40f8a0, i = 0

node: is_free = false, size = 466, ptr_start = 0x55ab9c40fd27, i = 1

node: is_free = false, size = 578, ptr_start = 0x55ab9c40fef9, i = 2

node: is_free = true, size = 1199, ptr_start = 0x55ab9c41013b, i = 3

node: is_free = false, size = 55, ptr_start = 0x55ab9c4105ea, i = 4

node: is_free = true, size = 993, ptr_start = 0x55ab9c410621, i = 5

node: is_free = false, size = 1570, ptr_start = 0x55ab9c410a02, i = 6

node: is_free = true, size = 656, ptr_start = 0x55ab9c411024, i = 7

node: is_free = false, size = 545, ptr_start = 0x55ab9c4112b4, i = 8

node: is_free = false, size = 1569, ptr_start = 0x55ab9c4114d5, i = 9

node: is_free = true, size = 1210, ptr_start = 0x55ab9c411af6, i = 10

totalSize = 10000, fillRatio = 0.50, minBlockSize = 1, maxBlockSize = 2000, iterations = 10000

newBlockSize = 1905, i = 1915

_memory starts = 0x55ab9c3b0060

node: is_free = true, size = 1248, ptr_start = 0x55ab9c40f8a0, i = 0

node: is_free = false, size = 692, ptr_start = 0x55ab9c40fd80, i = 1

node: is_free = false, size = 638, ptr_start = 0x55ab9c410034, i = 2

node: is_free = true, size = 1762, ptr_start = 0x55ab9c4102b2, i = 3

node: is_free = false, size = 1779, ptr_start = 0x55ab9c410994, i = 4

node: is_free = true, size = 292, ptr_start = 0x55ab9c411087, i = 5

node: is_free = false, size = 74, ptr_start = 0x55ab9c4111ab, i = 6

node: is_free = false, size = 1743, ptr_start = 0x55ab9c4111f5, i = 7

node: is_free = true, size = 1772, ptr_start = 0x55ab9c4118c4, i = 8

totalSize = 10000, fillRatio = 0.50, minBlockSize = 1, maxBlockSize = 2000, iterations = 10000

newBlockSize = 1785, i = 1927

_memory starts = 0x55ab9c3b0060

node: is_free = true, size = 1248, ptr_start = 0x55ab9c40f8a0, i = 0

node: is_free = false, size = 692, ptr_start = 0x55ab9c40fd80, i = 1

node: is_free = false, size = 672, ptr_start = 0x55ab9c410034, i = 2

node: is_free = false, size = 25, ptr_start = 0x55ab9c4102d4, i = 3

node: is_free = true, size = 1383, ptr_start = 0x55ab9c4102ed, i = 4

node: is_free = false, size = 179, ptr_start = 0x55ab9c410854, i = 5

node: is_free = false, size = 56, ptr_start = 0x55ab9c410907, i = 6

node: is_free = false, size = 515, ptr_start = 0x55ab9c41093f, i = 7

node: is_free = true, size = 1641, ptr_start = 0x55ab9c410b42, i = 8

node: is_free = false, size = 74, ptr_start = 0x55ab9c4111ab, i = 9

node: is_free = false, size = 1743, ptr_start = 0x55ab9c4111f5, i = 10

node: is_free = true, size = 1772, ptr_start = 0x55ab9c4118c4, i = 11

totalSize = 10000, fillRatio = 0.50, minBlockSize = 1, maxBlockSize = 2000, iterations = 10000

newBlockSize = 1795, i = 1929

_memory starts = 0x55ab9c3b0060

node: is_free = true, size = 1248, ptr_start = 0x55ab9c40f8a0, i = 0

node: is_free = false, size = 692, ptr_start = 0x55ab9c40fd80, i = 1

node: is_free = false, size = 672, ptr_start = 0x55ab9c410034, i = 2

node: is_free = false, size = 25, ptr_start = 0x55ab9c4102d4, i = 3

node: is_free = true, size = 1562, ptr_start = 0x55ab9c4102ed, i = 4

node: is_free = false, size = 56, ptr_start = 0x55ab9c410907, i = 5

node: is_free = false, size = 515, ptr_start = 0x55ab9c41093f, i = 6

node: is_free = true, size = 1641, ptr_start = 0x55ab9c410b42, i = 7

node: is_free = false, size = 74, ptr_start = 0x55ab9c4111ab, i = 8

node: is_free = false, size = 1743, ptr_start = 0x55ab9c4111f5, i = 9

node: is_free = true, size = 1772, ptr_start = 0x55ab9c4118c4, i = 10

totalSize = 10000, fillRatio = 0.50, minBlockSize = 1, maxBlockSize = 2000, iterations = 10000

newBlockSize = 1933, i = 1944

_memory starts = 0x55ab9c3b0060

node: is_free = false, size = 659, ptr_start = 0x55ab9c40f8a0, i = 0

node: is_free = false, size = 1054, ptr_start = 0x55ab9c40fb33, i = 1

node: is_free = true, size = 899, ptr_start = 0x55ab9c40ff51, i = 2

node: is_free = false, size = 25, ptr_start = 0x55ab9c4102d4, i = 3

node: is_free = true, size = 1562, ptr_start = 0x55ab9c4102ed, i = 4

node: is_free = false, size = 56, ptr_start = 0x55ab9c410907, i = 5

node: is_free = false, size = 515, ptr_start = 0x55ab9c41093f, i = 6

node: is_free = true, size = 1715, ptr_start = 0x55ab9c410b42, i = 7

node: is_free = false, size = 1743, ptr_start = 0x55ab9c4111f5, i = 8

node: is_free = false, size = 849, ptr_start = 0x55ab9c4118c4, i = 9

node: is_free = true, size = 923, ptr_start = 0x55ab9c411c15, i = 10

totalSize = 10000, fillRatio = 0.50, minBlockSize = 1, maxBlockSize = 2000, iterations = 10000

newBlockSize = 1738, i = 1963

_memory starts = 0x55ab9c3b0060

node: is_free = false, size = 631, ptr_start = 0x55ab9c40f8a0, i = 0

node: is_free = false, size = 496, ptr_start = 0x55ab9c40fb17, i = 1

node: is_free = true, size = 1485, ptr_start = 0x55ab9c40fd07, i = 2

node: is_free = false, size = 25, ptr_start = 0x55ab9c4102d4, i = 3

node: is_free = true, size = 1562, ptr_start = 0x55ab9c4102ed, i = 4

node: is_free = false, size = 56, ptr_start = 0x55ab9c410907, i = 5

node: is_free = true, size = 515, ptr_start = 0x55ab9c41093f, i = 6

node: is_free = false, size = 655, ptr_start = 0x55ab9c410b42, i = 7

node: is_free = true, size = 1060, ptr_start = 0x55ab9c410dd1, i = 8

node: is_free = false, size = 1743, ptr_start = 0x55ab9c4111f5, i = 9

node: is_free = false, size = 992, ptr_start = 0x55ab9c4118c4, i = 10

node: is_free = true, size = 780, ptr_start = 0x55ab9c411ca4, i = 11

totalSize = 10000, fillRatio = 0.50, minBlockSize = 1, maxBlockSize = 2000, iterations = 10000

newBlockSize = 1988, i = 1968

_memory starts = 0x55ab9c3b0060

node: is_free = true, size = 631, ptr_start = 0x55ab9c40f8a0, i = 0

node: is_free = false, size = 496, ptr_start = 0x55ab9c40fb17, i = 1

node: is_free = true, size = 1485, ptr_start = 0x55ab9c40fd07, i = 2

node: is_free = false, size = 25, ptr_start = 0x55ab9c4102d4, i = 3

node: is_free = false, size = 1326, ptr_start = 0x55ab9c4102ed, i = 4

node: is_free = true, size = 236, ptr_start = 0x55ab9c41081b, i = 5

node: is_free = false, size = 56, ptr_start = 0x55ab9c410907, i = 6

node: is_free = true, size = 515, ptr_start = 0x55ab9c41093f, i = 7

node: is_free = false, size = 655, ptr_start = 0x55ab9c410b42, i = 8

node: is_free = false, size = 933, ptr_start = 0x55ab9c410dd1, i = 9

node: is_free = true, size = 1870, ptr_start = 0x55ab9c411176, i = 10

node: is_free = false, size = 992, ptr_start = 0x55ab9c4118c4, i = 11

node: is_free = true, size = 780, ptr_start = 0x55ab9c411ca4, i = 12

totalSize = 10000, fillRatio = 0.50, minBlockSize = 1, maxBlockSize = 2000, iterations = 10000

newBlockSize = 1924, i = 1970

_memory starts = 0x55ab9c3b0060

node: is_free = true, size = 631, ptr_start = 0x55ab9c40f8a0, i = 0

node: is_free = false, size = 496, ptr_start = 0x55ab9c40fb17, i = 1

node: is_free = true, size = 1485, ptr_start = 0x55ab9c40fd07, i = 2

node: is_free = false, size = 25, ptr_start = 0x55ab9c4102d4, i = 3

node: is_free = false, size = 1326, ptr_start = 0x55ab9c4102ed, i = 4

node: is_free = true, size = 807, ptr_start = 0x55ab9c41081b, i = 5

node: is_free = false, size = 655, ptr_start = 0x55ab9c410b42, i = 6

node: is_free = false, size = 933, ptr_start = 0x55ab9c410dd1, i = 7

node: is_free = true, size = 1870, ptr_start = 0x55ab9c411176, i = 8

node: is_free = false, size = 992, ptr_start = 0x55ab9c4118c4, i = 9

node: is_free = true, size = 780, ptr_start = 0x55ab9c411ca4, i = 10

totalSize = 10000, fillRatio = 0.50, minBlockSize = 1, maxBlockSize = 2000, iterations = 10000

newBlockSize = 1888, i = 2099

_memory starts = 0x55ab9c3b0060

node: is_free = false, size = 127, ptr_start = 0x55ab9c40f8a0, i = 0

node: is_free = false, size = 568, ptr_start = 0x55ab9c40f91f, i = 1

node: is_free = true, size = 1387, ptr_start = 0x55ab9c40fb57, i = 2

node: is_free = false, size = 1686, ptr_start = 0x55ab9c4100c2, i = 3

node: is_free = false, size = 48, ptr_start = 0x55ab9c410758, i = 4

node: is_free = false, size = 573, ptr_start = 0x55ab9c410788, i = 5

node: is_free = false, size = 309, ptr_start = 0x55ab9c4109c5, i = 6

node: is_free = true, size = 1857, ptr_start = 0x55ab9c410afa, i = 7

node: is_free = false, size = 4, ptr_start = 0x55ab9c41123b, i = 8

node: is_free = true, size = 1108, ptr_start = 0x55ab9c41123f, i = 9

node: is_free = false, size = 1579, ptr_start = 0x55ab9c411693, i = 10

node: is_free = true, size = 754, ptr_start = 0x55ab9c411cbe, i = 11

totalSize = 10000, fillRatio = 0.50, minBlockSize = 1, maxBlockSize = 2000, iterations = 10000

newBlockSize = 1995, i = 2285

_memory starts = 0x55ab9c3b0060

node: is_free = true, size = 1142, ptr_start = 0x55ab9c40f8a0, i = 0

node: is_free = false, size = 432, ptr_start = 0x55ab9c40fd16, i = 1

node: is_free = false, size = 1063, ptr_start = 0x55ab9c40fec6, i = 2

node: is_free = true, size = 1251, ptr_start = 0x55ab9c4102ed, i = 3

node: is_free = false, size = 240, ptr_start = 0x55ab9c4107d0, i = 4

node: is_free = true, size = 1063, ptr_start = 0x55ab9c4108c0, i = 5

node: is_free = false, size = 1825, ptr_start = 0x55ab9c410ce7, i = 6

node: is_free = false, size = 91, ptr_start = 0x55ab9c411408, i = 7

node: is_free = false, size = 1066, ptr_start = 0x55ab9c411463, i = 8

node: is_free = true, size = 1827, ptr_start = 0x55ab9c41188d, i = 9

totalSize = 10000, fillRatio = 0.50, minBlockSize = 1, maxBlockSize = 2000, iterations = 10000

newBlockSize = 1666, i = 2437

_memory starts = 0x55ab9c3b0060

node: is_free = true, size = 229, ptr_start = 0x55ab9c40f8a0, i = 0

node: is_free = false, size = 195, ptr_start = 0x55ab9c40f985, i = 1

node: is_free = false, size = 1008, ptr_start = 0x55ab9c40fa48, i = 2

node: is_free = true, size = 1073, ptr_start = 0x55ab9c40fe38, i = 3

node: is_free = false, size = 805, ptr_start = 0x55ab9c410269, i = 4

node: is_free = true, size = 1510, ptr_start = 0x55ab9c41058e, i = 5

node: is_free = false, size = 1587, ptr_start = 0x55ab9c410b74, i = 6

node: is_free = false, size = 90, ptr_start = 0x55ab9c4111a7, i = 7

node: is_free = true, size = 1455, ptr_start = 0x55ab9c411201, i = 8

node: is_free = false, size = 538, ptr_start = 0x55ab9c4117b0, i = 9

node: is_free = true, size = 1510, ptr_start = 0x55ab9c4119ca, i = 10

totalSize = 10000, fillRatio = 0.50, minBlockSize = 1, maxBlockSize = 2000, iterations = 10000

newBlockSize = 1978, i = 2496

_memory starts = 0x55ab9c3b0060

node: is_free = false, size = 52, ptr_start = 0x55ab9c40f8a0, i = 0

node: is_free = false, size = 1879, ptr_start = 0x55ab9c40f8d4, i = 1

node: is_free = true, size = 680, ptr_start = 0x55ab9c41002b, i = 2

node: is_free = false, size = 1056, ptr_start = 0x55ab9c4102d3, i = 3

node: is_free = true, size = 1511, ptr_start = 0x55ab9c4106f3, i = 4

node: is_free = false, size = 227, ptr_start = 0x55ab9c410cda, i = 5

node: is_free = true, size = 1494, ptr_start = 0x55ab9c410dbd, i = 6

node: is_free = false, size = 1594, ptr_start = 0x55ab9c411393, i = 7

node: is_free = true, size = 1507, ptr_start = 0x55ab9c4119cd, i = 8

totalSize = 10000, fillRatio = 0.50, minBlockSize = 1, maxBlockSize = 2000, iterations = 10000

newBlockSize = 1684, i = 2566

_memory starts = 0x55ab9c3b0060

node: is_free = true, size = 1181, ptr_start = 0x55ab9c40f8a0, i = 0

node: is_free = false, size = 687, ptr_start = 0x55ab9c40fd3d, i = 1

node: is_free = false, size = 1048, ptr_start = 0x55ab9c40ffec, i = 2

node: is_free = true, size = 1354, ptr_start = 0x55ab9c410404, i = 3

node: is_free = false, size = 1299, ptr_start = 0x55ab9c41094e, i = 4

node: is_free = true, size = 258, ptr_start = 0x55ab9c410e61, i = 5

node: is_free = false, size = 857, ptr_start = 0x55ab9c410f63, i = 6

node: is_free = true, size = 1268, ptr_start = 0x55ab9c4112bc, i = 7

node: is_free = false, size = 1080, ptr_start = 0x55ab9c4117b0, i = 8

node: is_free = true, size = 968, ptr_start = 0x55ab9c411be8, i = 9

totalSize = 10000, fillRatio = 0.50, minBlockSize = 1, maxBlockSize = 2000, iterations = 10000

newBlockSize = 1938, i = 2572

_memory starts = 0x55ab9c3b0060

node: is_free = true, size = 1181, ptr_start = 0x55ab9c40f8a0, i = 0

node: is_free = false, size = 687, ptr_start = 0x55ab9c40fd3d, i = 1

node: is_free = true, size = 1048, ptr_start = 0x55ab9c40ffec, i = 2

node: is_free = false, size = 372, ptr_start = 0x55ab9c410404, i = 3

node: is_free = false, size = 965, ptr_start = 0x55ab9c410578, i = 4

node: is_free = false, size = 478, ptr_start = 0x55ab9c41093d, i = 5

node: is_free = true, size = 1096, ptr_start = 0x55ab9c410b1b, i = 6

node: is_free = false, size = 857, ptr_start = 0x55ab9c410f63, i = 7

node: is_free = true, size = 1268, ptr_start = 0x55ab9c4112bc, i = 8

node: is_free = false, size = 1080, ptr_start = 0x55ab9c4117b0, i = 9

node: is_free = true, size = 968, ptr_start = 0x55ab9c411be8, i = 10

totalSize = 10000, fillRatio = 0.50, minBlockSize = 1, maxBlockSize = 2000, iterations = 10000

newBlockSize = 1987, i = 2698

_memory starts = 0x55ab9c3b0060

node: is_free = false, size = 1715, ptr_start = 0x55ab9c40f8a0, i = 0

node: is_free = true, size = 1151, ptr_start = 0x55ab9c40ff53, i = 1

node: is_free = false, size = 516, ptr_start = 0x55ab9c4103d2, i = 2

node: is_free = false, size = 70, ptr_start = 0x55ab9c4105d6, i = 3

node: is_free = false, size = 537, ptr_start = 0x55ab9c41061c, i = 4

node: is_free = true, size = 378, ptr_start = 0x55ab9c410835, i = 5

node: is_free = false, size = 585, ptr_start = 0x55ab9c4109af, i = 6

node: is_free = false, size = 959, ptr_start = 0x55ab9c410bf8, i = 7

node: is_free = true, size = 1921, ptr_start = 0x55ab9c410fb7, i = 8

node: is_free = false, size = 578, ptr_start = 0x55ab9c411738, i = 9

node: is_free = true, size = 1590, ptr_start = 0x55ab9c41197a, i = 10

totalSize = 10000, fillRatio = 0.50, minBlockSize = 1, maxBlockSize = 2000, iterations = 10000

newBlockSize = 1820, i = 2808

_memory starts = 0x55ab9c3b0060

node: is_free = true, size = 1070, ptr_start = 0x55ab9c40f8a0, i = 0

node: is_free = false, size = 1034, ptr_start = 0x55ab9c40fcce, i = 1

node: is_free = true, size = 439, ptr_start = 0x55ab9c4100d8, i = 2

node: is_free = false, size = 385, ptr_start = 0x55ab9c41028f, i = 3

node: is_free = false, size = 811, ptr_start = 0x55ab9c410410, i = 4

node: is_free = true, size = 1515, ptr_start = 0x55ab9c41073b, i = 5

node: is_free = false, size = 201, ptr_start = 0x55ab9c410d26, i = 6

node: is_free = false, size = 148, ptr_start = 0x55ab9c410def, i = 7

node: is_free = true, size = 1061, ptr_start = 0x55ab9c410e83, i = 8

node: is_free = false, size = 1908, ptr_start = 0x55ab9c4112a8, i = 9

node: is_free = true, size = 1428, ptr_start = 0x55ab9c411a1c, i = 10

totalSize = 10000, fillRatio = 0.50, minBlockSize = 1, maxBlockSize = 2000, iterations = 10000

newBlockSize = 1743, i = 3029

_memory starts = 0x55ab9c3b0060

node: is_free = true, size = 1466, ptr_start = 0x55ab9c40f8a0, i = 0

node: is_free = false, size = 132, ptr_start = 0x55ab9c40fe5a, i = 1

node: is_free = false, size = 931, ptr_start = 0x55ab9c40fede, i = 2

node: is_free = true, size = 1407, ptr_start = 0x55ab9c410281, i = 3

node: is_free = false, size = 748, ptr_start = 0x55ab9c410800, i = 4

node: is_free = false, size = 400, ptr_start = 0x55ab9c410aec, i = 5

node: is_free = false, size = 849, ptr_start = 0x55ab9c410c7c, i = 6

node: is_free = true, size = 715, ptr_start = 0x55ab9c410fcd, i = 7

node: is_free = false, size = 1790, ptr_start = 0x55ab9c411298, i = 8

node: is_free = true, size = 1562, ptr_start = 0x55ab9c411996, i = 9

totalSize = 10000, fillRatio = 0.50, minBlockSize = 1, maxBlockSize = 2000, iterations = 10000

newBlockSize = 1711, i = 3036

_memory starts = 0x55ab9c3b0060

node: is_free = true, size = 1598, ptr_start = 0x55ab9c40f8a0, i = 0

node: is_free = false, size = 1290, ptr_start = 0x55ab9c40fede, i = 1

node: is_free = false, size = 1337, ptr_start = 0x55ab9c4103e8, i = 2

node: is_free = true, size = 459, ptr_start = 0x55ab9c410921, i = 3

node: is_free = false, size = 400, ptr_start = 0x55ab9c410aec, i = 4

node: is_free = true, size = 1564, ptr_start = 0x55ab9c410c7c, i = 5

node: is_free = false, size = 1790, ptr_start = 0x55ab9c411298, i = 6

node: is_free = true, size = 1562, ptr_start = 0x55ab9c411996, i = 7

totalSize = 10000, fillRatio = 0.50, minBlockSize = 1, maxBlockSize = 2000, iterations = 10000

newBlockSize = 1805, i = 3363

_memory starts = 0x55ab9c3b0060

node: is_free = false, size = 1491, ptr_start = 0x55ab9c40f8a0, i = 0

node: is_free = true, size = 1355, ptr_start = 0x55ab9c40fe73, i = 1

node: is_free = false, size = 400, ptr_start = 0x55ab9c4103be, i = 2

node: is_free = true, size = 1563, ptr_start = 0x55ab9c41054e, i = 3

node: is_free = false, size = 1495, ptr_start = 0x55ab9c410b69, i = 4

node: is_free = true, size = 500, ptr_start = 0x55ab9c411140, i = 5

node: is_free = false, size = 105, ptr_start = 0x55ab9c411334, i = 6

node: is_free = false, size = 726, ptr_start = 0x55ab9c41139d, i = 7

node: is_free = true, size = 373, ptr_start = 0x55ab9c411673, i = 8

node: is_free = false, size = 423, ptr_start = 0x55ab9c4117e8, i = 9

node: is_free = true, size = 1569, ptr_start = 0x55ab9c41198f, i = 10

totalSize = 10000, fillRatio = 0.50, minBlockSize = 1, maxBlockSize = 2000, iterations = 10000

newBlockSize = 1952, i = 3369

_memory starts = 0x55ab9c3b0060

node: is_free = false, size = 1491, ptr_start = 0x55ab9c40f8a0, i = 0

node: is_free = true, size = 1355, ptr_start = 0x55ab9c40fe73, i = 1

node: is_free = false, size = 400, ptr_start = 0x55ab9c4103be, i = 2

node: is_free = true, size = 1563, ptr_start = 0x55ab9c41054e, i = 3

node: is_free = false, size = 1495, ptr_start = 0x55ab9c410b69, i = 4

node: is_free = true, size = 500, ptr_start = 0x55ab9c411140, i = 5

node: is_free = false, size = 105, ptr_start = 0x55ab9c411334, i = 6

node: is_free = false, size = 726, ptr_start = 0x55ab9c41139d, i = 7

node: is_free = false, size = 363, ptr_start = 0x55ab9c411673, i = 8

node: is_free = false, size = 303, ptr_start = 0x55ab9c4117de, i = 9

node: is_free = true, size = 1699, ptr_start = 0x55ab9c41190d, i = 10

totalSize = 10000, fillRatio = 0.50, minBlockSize = 1, maxBlockSize = 2000, iterations = 10000

newBlockSize = 1714, i = 3372

_memory starts = 0x55ab9c3b0060

node: is_free = false, size = 1491, ptr_start = 0x55ab9c40f8a0, i = 0

node: is_free = true, size = 1355, ptr_start = 0x55ab9c40fe73, i = 1

node: is_free = false, size = 400, ptr_start = 0x55ab9c4103be, i = 2

node: is_free = true, size = 1563, ptr_start = 0x55ab9c41054e, i = 3

node: is_free = false, size = 1495, ptr_start = 0x55ab9c410b69, i = 4

node: is_free = true, size = 500, ptr_start = 0x55ab9c411140, i = 5

node: is_free = false, size = 105, ptr_start = 0x55ab9c411334, i = 6

node: is_free = false, size = 726, ptr_start = 0x55ab9c41139d, i = 7

node: is_free = true, size = 363, ptr_start = 0x55ab9c411673, i = 8

node: is_free = false, size = 303, ptr_start = 0x55ab9c4117de, i = 9

node: is_free = false, size = 369, ptr_start = 0x55ab9c41190d, i = 10

node: is_free = true, size = 1330, ptr_start = 0x55ab9c411a7e, i = 11

totalSize = 10000, fillRatio = 0.50, minBlockSize = 1, maxBlockSize = 2000, iterations = 10000

newBlockSize = 1912, i = 3374

_memory starts = 0x55ab9c3b0060

node: is_free = false, size = 1491, ptr_start = 0x55ab9c40f8a0, i = 0

node: is_free = true, size = 1355, ptr_start = 0x55ab9c40fe73, i = 1

node: is_free = false, size = 400, ptr_start = 0x55ab9c4103be, i = 2

node: is_free = true, size = 1563, ptr_start = 0x55ab9c41054e, i = 3

node: is_free = false, size = 1495, ptr_start = 0x55ab9c410b69, i = 4

node: is_free = true, size = 500, ptr_start = 0x55ab9c411140, i = 5

node: is_free = false, size = 105, ptr_start = 0x55ab9c411334, i = 6

node: is_free = false, size = 726, ptr_start = 0x55ab9c41139d, i = 7

node: is_free = true, size = 666, ptr_start = 0x55ab9c411673, i = 8

node: is_free = false, size = 369, ptr_start = 0x55ab9c41190d, i = 9

node: is_free = true, size = 1330, ptr_start = 0x55ab9c411a7e, i = 10

totalSize = 10000, fillRatio = 0.50, minBlockSize = 1, maxBlockSize = 2000, iterations = 10000

newBlockSize = 1983, i = 3386

_memory starts = 0x55ab9c3b0060

node: is_free = true, size = 1491, ptr_start = 0x55ab9c40f8a0, i = 0

node: is_free = false, size = 1019, ptr_start = 0x55ab9c40fe73, i = 1

node: is_free = false, size = 1386, ptr_start = 0x55ab9c41026e, i = 2

node: is_free = false, size = 1333, ptr_start = 0x55ab9c4107d8, i = 3

node: is_free = false, size = 579, ptr_start = 0x55ab9c410d0d, i = 4

node: is_free = true, size = 1827, ptr_start = 0x55ab9c410f50, i = 5

node: is_free = false, size = 639, ptr_start = 0x55ab9c411673, i = 6

node: is_free = true, size = 1726, ptr_start = 0x55ab9c4118f2, i = 7

totalSize = 10000, fillRatio = 0.50, minBlockSize = 1, maxBlockSize = 2000, iterations = 10000

newBlockSize = 1687, i = 3399

_memory starts = 0x55ab9c3b0060

node: is_free = false, size = 827, ptr_start = 0x55ab9c40f8a0, i = 0

node: is_free = true, size = 664, ptr_start = 0x55ab9c40fbdb, i = 1

node: is_free = false, size = 1019, ptr_start = 0x55ab9c40fe73, i = 2

node: is_free = true, size = 1386, ptr_start = 0x55ab9c41026e, i = 3

node: is_free = false, size = 1238, ptr_start = 0x55ab9c4107d8, i = 4

node: is_free = true, size = 1394, ptr_start = 0x55ab9c410cae, i = 5

node: is_free = false, size = 1032, ptr_start = 0x55ab9c411220, i = 6

node: is_free = true, size = 714, ptr_start = 0x55ab9c411628, i = 7

node: is_free = false, size = 709, ptr_start = 0x55ab9c4118f2, i = 8

node: is_free = true, size = 1017, ptr_start = 0x55ab9c411bb7, i = 9

totalSize = 10000, fillRatio = 0.50, minBlockSize = 1, maxBlockSize = 2000, iterations = 10000

newBlockSize = 1922, i = 3474

_memory starts = 0x55ab9c3b0060

node: is_free = true, size = 953, ptr_start = 0x55ab9c40f8a0, i = 0

node: is_free = false, size = 126, ptr_start = 0x55ab9c40fc59, i = 1

node: is_free = true, size = 1081, ptr_start = 0x55ab9c40fcd7, i = 2

node: is_free = false, size = 993, ptr_start = 0x55ab9c410110, i = 3

node: is_free = true, size = 1097, ptr_start = 0x55ab9c4104f1, i = 4

node: is_free = false, size = 587, ptr_start = 0x55ab9c41093a, i = 5

node: is_free = true, size = 1486, ptr_start = 0x55ab9c410b85, i = 6

node: is_free = false, size = 1201, ptr_start = 0x55ab9c411153, i = 7

node: is_free = false, size = 1785, ptr_start = 0x55ab9c411604, i = 8

node: is_free = true, size = 691, ptr_start = 0x55ab9c411cfd, i = 9

totalSize = 10000, fillRatio = 0.50, minBlockSize = 1, maxBlockSize = 2000, iterations = 10000

newBlockSize = 1863, i = 3540

_memory starts = 0x55ab9c3b0060

node: is_free = true, size = 1823, ptr_start = 0x55ab9c40f8a0, i = 0

node: is_free = false, size = 1461, ptr_start = 0x55ab9c40ffbf, i = 1

node: is_free = true, size = 404, ptr_start = 0x55ab9c410574, i = 2

node: is_free = false, size = 393, ptr_start = 0x55ab9c410708, i = 3

node: is_free = true, size = 667, ptr_start = 0x55ab9c410891, i = 4

node: is_free = false, size = 1366, ptr_start = 0x55ab9c410b2c, i = 5

node: is_free = true, size = 1502, ptr_start = 0x55ab9c411082, i = 6

node: is_free = false, size = 1080, ptr_start = 0x55ab9c411660, i = 7

node: is_free = true, size = 1304, ptr_start = 0x55ab9c411a98, i = 8

totalSize = 10000, fillRatio = 0.50, minBlockSize = 1, maxBlockSize = 2000, iterations = 10000

newBlockSize = 1969, i = 3580

_memory starts = 0x55ab9c3b0060

node: is_free = false, size = 120, ptr_start = 0x55ab9c40f8a0, i = 0

node: is_free = false, size = 138, ptr_start = 0x55ab9c40f918, i = 1

node: is_free = true, size = 1565, ptr_start = 0x55ab9c40f9a2, i = 2

node: is_free = false, size = 1461, ptr_start = 0x55ab9c40ffbf, i = 3

node: is_free = true, size = 1506, ptr_start = 0x55ab9c410574, i = 4

node: is_free = false, size = 829, ptr_start = 0x55ab9c410b56, i = 5

node: is_free = false, size = 1247, ptr_start = 0x55ab9c410e93, i = 6

node: is_free = true, size = 861, ptr_start = 0x55ab9c411372, i = 7

node: is_free = false, size = 491, ptr_start = 0x55ab9c4116cf, i = 8

node: is_free = false, size = 687, ptr_start = 0x55ab9c4118ba, i = 9

node: is_free = true, size = 1095, ptr_start = 0x55ab9c411b69, i = 10

totalSize = 10000, fillRatio = 0.50, minBlockSize = 1, maxBlockSize = 2000, iterations = 10000

newBlockSize = 1644, i = 3665

_memory starts = 0x55ab9c3b0060

node: is_free = true, size = 1324, ptr_start = 0x55ab9c40f8a0, i = 0

node: is_free = false, size = 22, ptr_start = 0x55ab9c40fdcc, i = 1

node: is_free = true, size = 768, ptr_start = 0x55ab9c40fde2, i = 2

node: is_free = false, size = 278, ptr_start = 0x55ab9c4100e2, i = 3

node: is_free = false, size = 11, ptr_start = 0x55ab9c4101f8, i = 4

node: is_free = false, size = 397, ptr_start = 0x55ab9c410203, i = 5

node: is_free = false, size = 200, ptr_start = 0x55ab9c410390, i = 6

node: is_free = false, size = 866, ptr_start = 0x55ab9c410458, i = 7

node: is_free = true, size = 1461, ptr_start = 0x55ab9c4107ba, i = 8

node: is_free = false, size = 82, ptr_start = 0x55ab9c410d6f, i = 9

node: is_free = false, size = 1057, ptr_start = 0x55ab9c410dc1, i = 10

node: is_free = false, size = 1405, ptr_start = 0x55ab9c4111e2, i = 11

node: is_free = false, size = 4, ptr_start = 0x55ab9c41175f, i = 12

node: is_free = false, size = 567, ptr_start = 0x55ab9c411763, i = 13

node: is_free = true, size = 1558, ptr_start = 0x55ab9c41199a, i = 14

totalSize = 10000, fillRatio = 0.50, minBlockSize = 1, maxBlockSize = 2000, iterations = 10000

newBlockSize = 1854, i = 3667

_memory starts = 0x55ab9c3b0060

node: is_free = true, size = 1324, ptr_start = 0x55ab9c40f8a0, i = 0

node: is_free = false, size = 22, ptr_start = 0x55ab9c40fdcc, i = 1

node: is_free = true, size = 768, ptr_start = 0x55ab9c40fde2, i = 2

node: is_free = false, size = 278, ptr_start = 0x55ab9c4100e2, i = 3

node: is_free = false, size = 11, ptr_start = 0x55ab9c4101f8, i = 4

node: is_free = false, size = 397, ptr_start = 0x55ab9c410203, i = 5

node: is_free = false, size = 200, ptr_start = 0x55ab9c410390, i = 6

node: is_free = false, size = 866, ptr_start = 0x55ab9c410458, i = 7

node: is_free = true, size = 1543, ptr_start = 0x55ab9c4107ba, i = 8

node: is_free = false, size = 1057, ptr_start = 0x55ab9c410dc1, i = 9

node: is_free = false, size = 1405, ptr_start = 0x55ab9c4111e2, i = 10

node: is_free = false, size = 4, ptr_start = 0x55ab9c41175f, i = 11

node: is_free = false, size = 567, ptr_start = 0x55ab9c411763, i = 12

node: is_free = true, size = 1558, ptr_start = 0x55ab9c41199a, i = 13

totalSize = 10000, fillRatio = 0.50, minBlockSize = 1, maxBlockSize = 2000, iterations = 10000

newBlockSize = 1601, i = 3672

_memory starts = 0x55ab9c3b0060

node: is_free = true, size = 1324, ptr_start = 0x55ab9c40f8a0, i = 0

node: is_free = false, size = 22, ptr_start = 0x55ab9c40fdcc, i = 1

node: is_free = true, size = 768, ptr_start = 0x55ab9c40fde2, i = 2

node: is_free = false, size = 278, ptr_start = 0x55ab9c4100e2, i = 3

node: is_free = true, size = 408, ptr_start = 0x55ab9c4101f8, i = 4

node: is_free = false, size = 200, ptr_start = 0x55ab9c410390, i = 5

node: is_free = false, size = 866, ptr_start = 0x55ab9c410458, i = 6

node: is_free = true, size = 1543, ptr_start = 0x55ab9c4107ba, i = 7

node: is_free = false, size = 1057, ptr_start = 0x55ab9c410dc1, i = 8

node: is_free = true, size = 1405, ptr_start = 0x55ab9c4111e2, i = 9

node: is_free = false, size = 4, ptr_start = 0x55ab9c41175f, i = 10

node: is_free = false, size = 567, ptr_start = 0x55ab9c411763, i = 11

node: is_free = false, size = 1228, ptr_start = 0x55ab9c41199a, i = 12

node: is_free = true, size = 330, ptr_start = 0x55ab9c411e66, i = 13

totalSize = 10000, fillRatio = 0.50, minBlockSize = 1, maxBlockSize = 2000, iterations = 10000

newBlockSize = 1715, i = 3699

_memory starts = 0x55ab9c3b0060

node: is_free = true, size = 549, ptr_start = 0x55ab9c40f8a0, i = 0

node: is_free = false, size = 967, ptr_start = 0x55ab9c40fac5, i = 1

node: is_free = true, size = 1484, ptr_start = 0x55ab9c40fe8c, i = 2

node: is_free = false, size = 32, ptr_start = 0x55ab9c410458, i = 3

node: is_free = false, size = 138, ptr_start = 0x55ab9c410478, i = 4

node: is_free = false, size = 475, ptr_start = 0x55ab9c410502, i = 5

node: is_free = true, size = 1095, ptr_start = 0x55ab9c4106dd, i = 6

node: is_free = false, size = 1319, ptr_start = 0x55ab9c410b24, i = 7

node: is_free = false, size = 698, ptr_start = 0x55ab9c41104b, i = 8

node: is_free = true, size = 1114, ptr_start = 0x55ab9c411305, i = 9

node: is_free = false, size = 4, ptr_start = 0x55ab9c41175f, i = 10

node: is_free = false, size = 1264, ptr_start = 0x55ab9c411763, i = 11

node: is_free = true, size = 861, ptr_start = 0x55ab9c411c53, i = 12

totalSize = 10000, fillRatio = 0.50, minBlockSize = 1, maxBlockSize = 2000, iterations = 10000

newBlockSize = 1883, i = 3706

_memory starts = 0x55ab9c3b0060

node: is_free = false, size = 1618, ptr_start = 0x55ab9c40f8a0, i = 0

node: is_free = true, size = 1382, ptr_start = 0x55ab9c40fef2, i = 1

node: is_free = false, size = 32, ptr_start = 0x55ab9c410458, i = 2

node: is_free = true, size = 138, ptr_start = 0x55ab9c410478, i = 3

node: is_free = false, size = 475, ptr_start = 0x55ab9c410502, i = 4

node: is_free = false, size = 334, ptr_start = 0x55ab9c4106dd, i = 5

node: is_free = false, size = 290, ptr_start = 0x55ab9c41082b, i = 6

node: is_free = true, size = 1790, ptr_start = 0x55ab9c41094d, i = 7

node: is_free = false, size = 698, ptr_start = 0x55ab9c41104b, i = 8

node: is_free = true, size = 1114, ptr_start = 0x55ab9c411305, i = 9

node: is_free = false, size = 4, ptr_start = 0x55ab9c41175f, i = 10

node: is_free = false, size = 1264, ptr_start = 0x55ab9c411763, i = 11

node: is_free = true, size = 861, ptr_start = 0x55ab9c411c53, i = 12

totalSize = 10000, fillRatio = 0.50, minBlockSize = 1, maxBlockSize = 2000, iterations = 10000

newBlockSize = 1928, i = 3744

_memory starts = 0x55ab9c3b0060

node: is_free = true, size = 1620, ptr_start = 0x55ab9c40f8a0, i = 0

node: is_free = false, size = 1593, ptr_start = 0x55ab9c40fef4, i = 1

node: is_free = true, size = 1045, ptr_start = 0x55ab9c41052d, i = 2

node: is_free = false, size = 1388, ptr_start = 0x55ab9c410942, i = 3

node: is_free = true, size = 1495, ptr_start = 0x55ab9c410eae, i = 4

node: is_free = false, size = 1599, ptr_start = 0x55ab9c411485, i = 5

node: is_free = true, size = 1260, ptr_start = 0x55ab9c411ac4, i = 6

totalSize = 10000, fillRatio = 0.50, minBlockSize = 1, maxBlockSize = 2000, iterations = 10000

newBlockSize = 1974, i = 3899

_memory starts = 0x55ab9c3b0060

node: is_free = false, size = 130, ptr_start = 0x55ab9c40f8a0, i = 0

node: is_free = false, size = 449, ptr_start = 0x55ab9c40f922, i = 1

node: is_free = true, size = 1940, ptr_start = 0x55ab9c40fae3, i = 2

node: is_free = false, size = 1215, ptr_start = 0x55ab9c410277, i = 3

node: is_free = false, size = 1065, ptr_start = 0x55ab9c410736, i = 4

node: is_free = false, size = 82, ptr_start = 0x55ab9c410b5f, i = 5

node: is_free = true, size = 1904, ptr_start = 0x55ab9c410bb1, i = 6

node: is_free = false, size = 231, ptr_start = 0x55ab9c411321, i = 7

node: is_free = true, size = 917, ptr_start = 0x55ab9c411408, i = 8

node: is_free = false, size = 1461, ptr_start = 0x55ab9c41179d, i = 9

node: is_free = true, size = 606, ptr_start = 0x55ab9c411d52, i = 10

totalSize = 10000, fillRatio = 0.50, minBlockSize = 1, maxBlockSize = 2000, iterations = 10000

newBlockSize = 1931, i = 3906

_memory starts = 0x55ab9c3b0060

node: is_free = false, size = 130, ptr_start = 0x55ab9c40f8a0, i = 0

node: is_free = true, size = 449, ptr_start = 0x55ab9c40f922, i = 1

node: is_free = false, size = 205, ptr_start = 0x55ab9c40fae3, i = 2

node: is_free = true, size = 1735, ptr_start = 0x55ab9c40fbb0, i = 3

node: is_free = false, size = 1215, ptr_start = 0x55ab9c410277, i = 4

node: is_free = true, size = 1065, ptr_start = 0x55ab9c410736, i = 5

node: is_free = false, size = 82, ptr_start = 0x55ab9c410b5f, i = 6

node: is_free = false, size = 1079, ptr_start = 0x55ab9c410bb1, i = 7

node: is_free = true, size = 825, ptr_start = 0x55ab9c410fe8, i = 8

node: is_free = false, size = 231, ptr_start = 0x55ab9c411321, i = 9

node: is_free = false, size = 1482, ptr_start = 0x55ab9c411408, i = 10

node: is_free = true, size = 1502, ptr_start = 0x55ab9c4119d2, i = 11

totalSize = 10000, fillRatio = 0.50, minBlockSize = 1, maxBlockSize = 2000, iterations = 10000

newBlockSize = 1765, i = 3945

_memory starts = 0x55ab9c3b0060

node: is_free = false, size = 76, ptr_start = 0x55ab9c40f8a0, i = 0

node: is_free = false, size = 595, ptr_start = 0x55ab9c40f8ec, i = 1

node: is_free = true, size = 1009, ptr_start = 0x55ab9c40fb3f, i = 2

node: is_free = false, size = 697, ptr_start = 0x55ab9c40ff30, i = 3

node: is_free = true, size = 1360, ptr_start = 0x55ab9c4101e9, i = 4

node: is_free = false, size = 307, ptr_start = 0x55ab9c410739, i = 5

node: is_free = false, size = 148, ptr_start = 0x55ab9c41086c, i = 6

node: is_free = false, size = 725, ptr_start = 0x55ab9c410900, i = 7

node: is_free = true, size = 671, ptr_start = 0x55ab9c410bd5, i = 8

node: is_free = false, size = 1866, ptr_start = 0x55ab9c410e74, i = 9

node: is_free = true, size = 711, ptr_start = 0x55ab9c4115be, i = 10

node: is_free = false, size = 132, ptr_start = 0x55ab9c411885, i = 11

node: is_free = false, size = 313, ptr_start = 0x55ab9c411909, i = 12

node: is_free = true, size = 1390, ptr_start = 0x55ab9c411a42, i = 13

totalSize = 10000, fillRatio = 0.50, minBlockSize = 1, maxBlockSize = 2000, iterations = 10000

newBlockSize = 1986, i = 4021

_memory starts = 0x55ab9c3b0060

node: is_free = true, size = 1199, ptr_start = 0x55ab9c40f8a0, i = 0

node: is_free = false, size = 1736, ptr_start = 0x55ab9c40fd4f, i = 1

node: is_free = true, size = 1677, ptr_start = 0x55ab9c410417, i = 2

node: is_free = false, size = 813, ptr_start = 0x55ab9c410aa4, i = 3

node: is_free = false, size = 964, ptr_start = 0x55ab9c410dd1, i = 4

node: is_free = true, size = 1460, ptr_start = 0x55ab9c411195, i = 5

node: is_free = false, size = 1297, ptr_start = 0x55ab9c411749, i = 6

node: is_free = true, size = 854, ptr_start = 0x55ab9c411c5a, i = 7

totalSize = 10000, fillRatio = 0.50, minBlockSize = 1, maxBlockSize = 2000, iterations = 10000

newBlockSize = 1741, i = 4029

_memory starts = 0x55ab9c3b0060

node: is_free = true, size = 1199, ptr_start = 0x55ab9c40f8a0, i = 0

node: is_free = false, size = 1736, ptr_start = 0x55ab9c40fd4f, i = 1

node: is_free = false, size = 1324, ptr_start = 0x55ab9c410417, i = 2

node: is_free = true, size = 1166, ptr_start = 0x55ab9c410943, i = 3

node: is_free = false, size = 964, ptr_start = 0x55ab9c410dd1, i = 4

node: is_free = true, size = 1397, ptr_start = 0x55ab9c411195, i = 5

node: is_free = false, size = 311, ptr_start = 0x55ab9c41170a, i = 6

node: is_free = false, size = 352, ptr_start = 0x55ab9c411841, i = 7

node: is_free = true, size = 1551, ptr_start = 0x55ab9c4119a1, i = 8

totalSize = 10000, fillRatio = 0.50, minBlockSize = 1, maxBlockSize = 2000, iterations = 10000

newBlockSize = 1696, i = 4032

_memory starts = 0x55ab9c3b0060

node: is_free = true, size = 1199, ptr_start = 0x55ab9c40f8a0, i = 0

node: is_free = false, size = 1736, ptr_start = 0x55ab9c40fd4f, i = 1

node: is_free = false, size = 1618, ptr_start = 0x55ab9c410417, i = 2

node: is_free = true, size = 872, ptr_start = 0x55ab9c410a69, i = 3

node: is_free = false, size = 964, ptr_start = 0x55ab9c410dd1, i = 4

node: is_free = true, size = 1397, ptr_start = 0x55ab9c411195, i = 5

node: is_free = false, size = 311, ptr_start = 0x55ab9c41170a, i = 6

node: is_free = false, size = 352, ptr_start = 0x55ab9c411841, i = 7

node: is_free = true, size = 1551, ptr_start = 0x55ab9c4119a1, i = 8

totalSize = 10000, fillRatio = 0.50, minBlockSize = 1, maxBlockSize = 2000, iterations = 10000

newBlockSize = 1674, i = 4066

_memory starts = 0x55ab9c3b0060

node: is_free = true, size = 814, ptr_start = 0x55ab9c40f8a0, i = 0

node: is_free = false, size = 230, ptr_start = 0x55ab9c40fbce, i = 1

node: is_free = false, size = 950, ptr_start = 0x55ab9c40fcb4, i = 2

node: is_free = true, size = 1368, ptr_start = 0x55ab9c41006a, i = 3

node: is_free = false, size = 757, ptr_start = 0x55ab9c4105c2, i = 4

node: is_free = true, size = 434, ptr_start = 0x55ab9c4108b7, i = 5

node: is_free = false, size = 976, ptr_start = 0x55ab9c410a69, i = 6

node: is_free = true, size = 419, ptr_start = 0x55ab9c410e39, i = 7

node: is_free = false, size = 1090, ptr_start = 0x55ab9c410fdc, i = 8

node: is_free = true, size = 883, ptr_start = 0x55ab9c41141e, i = 9

node: is_free = false, size = 973, ptr_start = 0x55ab9c411791, i = 10

node: is_free = true, size = 1106, ptr_start = 0x55ab9c411b5e, i = 11

totalSize = 10000, fillRatio = 0.50, minBlockSize = 1, maxBlockSize = 2000, iterations = 10000

newBlockSize = 1899, i = 4091

_memory starts = 0x55ab9c3b0060

node: is_free = true, size = 1044, ptr_start = 0x55ab9c40f8a0, i = 0

node: is_free = false, size = 49, ptr_start = 0x55ab9c40fcb4, i = 1

node: is_free = false, size = 1524, ptr_start = 0x55ab9c40fce5, i = 2

node: is_free = true, size = 745, ptr_start = 0x55ab9c4102d9, i = 3

node: is_free = false, size = 757, ptr_start = 0x55ab9c4105c2, i = 4

node: is_free = true, size = 631, ptr_start = 0x55ab9c4108b7, i = 5

node: is_free = false, size = 721, ptr_start = 0x55ab9c410b2e, i = 6

node: is_free = true, size = 1305, ptr_start = 0x55ab9c410dff, i = 7

node: is_free = false, size = 1131, ptr_start = 0x55ab9c411318, i = 8

node: is_free = false, size = 352, ptr_start = 0x55ab9c411783, i = 9

node: is_free = true, size = 1741, ptr_start = 0x55ab9c4118e3, i = 10

totalSize = 10000, fillRatio = 0.50, minBlockSize = 1, maxBlockSize = 2000, iterations = 10000

newBlockSize = 1924, i = 4158

_memory starts = 0x55ab9c3b0060

node: is_free = false, size = 45, ptr_start = 0x55ab9c40f8a0, i = 0

node: is_free = true, size = 1546, ptr_start = 0x55ab9c40f8cd, i = 1

node: is_free = false, size = 10, ptr_start = 0x55ab9c40fed7, i = 2

node: is_free = true, size = 849, ptr_start = 0x55ab9c40fee1, i = 3

node: is_free = false, size = 1902, ptr_start = 0x55ab9c410232, i = 4

node: is_free = true, size = 1262, ptr_start = 0x55ab9c4109a0, i = 5

node: is_free = false, size = 397, ptr_start = 0x55ab9c410e8e, i = 6

node: is_free = false, size = 703, ptr_start = 0x55ab9c41101b, i = 7

node: is_free = true, size = 1262, ptr_start = 0x55ab9c4112da, i = 8

node: is_free = false, size = 1191, ptr_start = 0x55ab9c4117c8, i = 9

node: is_free = true, size = 833, ptr_start = 0x55ab9c411c6f, i = 10

totalSize = 10000, fillRatio = 0.50, minBlockSize = 1, maxBlockSize = 2000, iterations = 10000

newBlockSize = 1970, i = 4238

_memory starts = 0x55ab9c3b0060

node: is_free = true, size = 1352, ptr_start = 0x55ab9c40f8a0, i = 0

node: is_free = false, size = 1208, ptr_start = 0x55ab9c40fde8, i = 1

node: is_free = false, size = 655, ptr_start = 0x55ab9c4102a0, i = 2

node: is_free = true, size = 702, ptr_start = 0x55ab9c41052f, i = 3

node: is_free = false, size = 335, ptr_start = 0x55ab9c4107ed, i = 4

node: is_free = true, size = 1792, ptr_start = 0x55ab9c41093c, i = 5

node: is_free = false, size = 1057, ptr_start = 0x55ab9c41103c, i = 6

node: is_free = false, size = 1624, ptr_start = 0x55ab9c41145d, i = 7

node: is_free = true, size = 1275, ptr_start = 0x55ab9c411ab5, i = 8

totalSize = 10000, fillRatio = 0.50, minBlockSize = 1, maxBlockSize = 2000, iterations = 10000

newBlockSize = 1989, i = 4398

_memory starts = 0x55ab9c3b0060

node: is_free = false, size = 870, ptr_start = 0x55ab9c40f8a0, i = 0

node: is_free = true, size = 538, ptr_start = 0x55ab9c40fc06, i = 1

node: is_free = false, size = 968, ptr_start = 0x55ab9c40fe20, i = 2

node: is_free = true, size = 1623, ptr_start = 0x55ab9c4101e8, i = 3

node: is_free = false, size = 1198, ptr_start = 0x55ab9c41083f, i = 4

node: is_free = false, size = 1143, ptr_start = 0x55ab9c410ced, i = 5

node: is_free = false, size = 87, ptr_start = 0x55ab9c411164, i = 6

node: is_free = true, size = 1651, ptr_start = 0x55ab9c4111bb, i = 7

node: is_free = false, size = 622, ptr_start = 0x55ab9c41182e, i = 8

node: is_free = true, size = 1300, ptr_start = 0x55ab9c411a9c, i = 9

totalSize = 10000, fillRatio = 0.50, minBlockSize = 1, maxBlockSize = 2000, iterations = 10000

newBlockSize = 1838, i = 4404

_memory starts = 0x55ab9c3b0060

node: is_free = true, size = 1408, ptr_start = 0x55ab9c40f8a0, i = 0

node: is_free = false, size = 968, ptr_start = 0x55ab9c40fe20, i = 1

node: is_free = false, size = 764, ptr_start = 0x55ab9c4101e8, i = 2

node: is_free = false, size = 787, ptr_start = 0x55ab9c4104e4, i = 3

node: is_free = true, size = 1270, ptr_start = 0x55ab9c4107f7, i = 4

node: is_free = false, size = 1143, ptr_start = 0x55ab9c410ced, i = 5

node: is_free = false, size = 87, ptr_start = 0x55ab9c411164, i = 6

node: is_free = false, size = 508, ptr_start = 0x55ab9c4111bb, i = 7

node: is_free = true, size = 1143, ptr_start = 0x55ab9c4113b7, i = 8

node: is_free = false, size = 622, ptr_start = 0x55ab9c41182e, i = 9

node: is_free = true, size = 1300, ptr_start = 0x55ab9c411a9c, i = 10

totalSize = 10000, fillRatio = 0.50, minBlockSize = 1, maxBlockSize = 2000, iterations = 10000

newBlockSize = 1808, i = 4478

_memory starts = 0x55ab9c3b0060

node: is_free = false, size = 960, ptr_start = 0x55ab9c40f8a0, i = 0

node: is_free = false, size = 212, ptr_start = 0x55ab9c40fc60, i = 1

node: is_free = true, size = 1786, ptr_start = 0x55ab9c40fd34, i = 2

node: is_free = false, size = 516, ptr_start = 0x55ab9c41042e, i = 3

node: is_free = false, size = 807, ptr_start = 0x55ab9c410632, i = 4

node: is_free = true, size = 1577, ptr_start = 0x55ab9c410959, i = 5

node: is_free = false, size = 553, ptr_start = 0x55ab9c410f82, i = 6

node: is_free = true, size = 1525, ptr_start = 0x55ab9c4111ab, i = 7

node: is_free = false, size = 570, ptr_start = 0x55ab9c4117a0, i = 8

node: is_free = true, size = 1494, ptr_start = 0x55ab9c4119da, i = 9

totalSize = 10000, fillRatio = 0.50, minBlockSize = 1, maxBlockSize = 2000, iterations = 10000

newBlockSize = 1898, i = 4490

_memory starts = 0x55ab9c3b0060

node: is_free = true, size = 960, ptr_start = 0x55ab9c40f8a0, i = 0

node: is_free = false, size = 1801, ptr_start = 0x55ab9c40fc60, i = 1

node: is_free = true, size = 1520, ptr_start = 0x55ab9c410369, i = 2

node: is_free = false, size = 1301, ptr_start = 0x55ab9c410959, i = 3

node: is_free = true, size = 276, ptr_start = 0x55ab9c410e6e, i = 4

node: is_free = false, size = 553, ptr_start = 0x55ab9c410f82, i = 5

node: is_free = false, size = 587, ptr_start = 0x55ab9c4111ab, i = 6

node: is_free = true, size = 938, ptr_start = 0x55ab9c4113f6, i = 7

node: is_free = false, size = 570, ptr_start = 0x55ab9c4117a0, i = 8

node: is_free = true, size = 1494, ptr_start = 0x55ab9c4119da, i = 9

totalSize = 10000, fillRatio = 0.50, minBlockSize = 1, maxBlockSize = 2000, iterations = 10000

newBlockSize = 1656, i = 4492

_memory starts = 0x55ab9c3b0060

node: is_free = true, size = 960, ptr_start = 0x55ab9c40f8a0, i = 0

node: is_free = false, size = 1801, ptr_start = 0x55ab9c40fc60, i = 1

node: is_free = true, size = 1520, ptr_start = 0x55ab9c410369, i = 2

node: is_free = false, size = 1301, ptr_start = 0x55ab9c410959, i = 3

node: is_free = true, size = 276, ptr_start = 0x55ab9c410e6e, i = 4

node: is_free = false, size = 553, ptr_start = 0x55ab9c410f82, i = 5

node: is_free = true, size = 1525, ptr_start = 0x55ab9c4111ab, i = 6

node: is_free = false, size = 570, ptr_start = 0x55ab9c4117a0, i = 7

node: is_free = true, size = 1494, ptr_start = 0x55ab9c4119da, i = 8

totalSize = 10000, fillRatio = 0.50, minBlockSize = 1, maxBlockSize = 2000, iterations = 10000

newBlockSize = 1734, i = 4874

_memory starts = 0x55ab9c3b0060

node: is_free = false, size = 1399, ptr_start = 0x55ab9c40f8a0, i = 0

node: is_free = true, size = 1455, ptr_start = 0x55ab9c40fe17, i = 1

node: is_free = false, size = 1097, ptr_start = 0x55ab9c4103c6, i = 2

node: is_free = true, size = 1453, ptr_start = 0x55ab9c41080f, i = 3

node: is_free = false, size = 252, ptr_start = 0x55ab9c410dbc, i = 4

node: is_free = true, size = 717, ptr_start = 0x55ab9c410eb8, i = 5

node: is_free = false, size = 1216, ptr_start = 0x55ab9c411185, i = 6

node: is_free = false, size = 32, ptr_start = 0x55ab9c411645, i = 7

node: is_free = false, size = 454, ptr_start = 0x55ab9c411665, i = 8

node: is_free = false, size = 499, ptr_start = 0x55ab9c41182b, i = 9

node: is_free = true, size = 1426, ptr_start = 0x55ab9c411a1e, i = 10

totalSize = 10000, fillRatio = 0.50, minBlockSize = 1, maxBlockSize = 2000, iterations = 10000

newBlockSize = 1915, i = 4960

_memory starts = 0x55ab9c3b0060

node: is_free = false, size = 96, ptr_start = 0x55ab9c40f8a0, i = 0

node: is_free = true, size = 379, ptr_start = 0x55ab9c40f900, i = 1

node: is_free = false, size = 626, ptr_start = 0x55ab9c40fa7b, i = 2

node: is_free = true, size = 1418, ptr_start = 0x55ab9c40fced, i = 3

node: is_free = false, size = 72, ptr_start = 0x55ab9c410277, i = 4

node: is_free = true, size = 1481, ptr_start = 0x55ab9c4102bf, i = 5

node: is_free = false, size = 1071, ptr_start = 0x55ab9c410888, i = 6

node: is_free = true, size = 885, ptr_start = 0x55ab9c410cb7, i = 7

node: is_free = false, size = 691, ptr_start = 0x55ab9c41102c, i = 8

node: is_free = true, size = 1216, ptr_start = 0x55ab9c4112df, i = 9

node: is_free = false, size = 1862, ptr_start = 0x55ab9c41179f, i = 10

node: is_free = true, size = 203, ptr_start = 0x55ab9c411ee5, i = 11

totalSize = 10000, fillRatio = 0.50, minBlockSize = 1, maxBlockSize = 2000, iterations = 10000

newBlockSize = 1800, i = 5116

_memory starts = 0x55ab9c3b0060

node: is_free = false, size = 1210, ptr_start = 0x55ab9c40f8a0, i = 0

node: is_free = true, size = 346, ptr_start = 0x55ab9c40fd5a, i = 1

node: is_free = false, size = 563, ptr_start = 0x55ab9c40feb4, i = 2

node: is_free = true, size = 1178, ptr_start = 0x55ab9c4100e7, i = 3

node: is_free = false, size = 325, ptr_start = 0x55ab9c410581, i = 4

node: is_free = true, size = 1073, ptr_start = 0x55ab9c4106c6, i = 5

node: is_free = false, size = 31, ptr_start = 0x55ab9c410af7, i = 6

node: is_free = false, size = 788, ptr_start = 0x55ab9c410b16, i = 7

node: is_free = true, size = 1258, ptr_start = 0x55ab9c410e2a, i = 8

node: is_free = false, size = 1931, ptr_start = 0x55ab9c411314, i = 9

node: is_free = true, size = 1297, ptr_start = 0x55ab9c411a9f, i = 10

totalSize = 10000, fillRatio = 0.50, minBlockSize = 1, maxBlockSize = 2000, iterations = 10000

newBlockSize = 1596, i = 5118

_memory starts = 0x55ab9c3b0060

node: is_free = true, size = 1556, ptr_start = 0x55ab9c40f8a0, i = 0

node: is_free = false, size = 563, ptr_start = 0x55ab9c40feb4, i = 1

node: is_free = true, size = 1178, ptr_start = 0x55ab9c4100e7, i = 2

node: is_free = false, size = 325, ptr_start = 0x55ab9c410581, i = 3

node: is_free = true, size = 1073, ptr_start = 0x55ab9c4106c6, i = 4

node: is_free = false, size = 31, ptr_start = 0x55ab9c410af7, i = 5

node: is_free = false, size = 788, ptr_start = 0x55ab9c410b16, i = 6

node: is_free = true, size = 1258, ptr_start = 0x55ab9c410e2a, i = 7

node: is_free = false, size = 1931, ptr_start = 0x55ab9c411314, i = 8

node: is_free = true, size = 1297, ptr_start = 0x55ab9c411a9f, i = 9

totalSize = 10000, fillRatio = 0.50, minBlockSize = 1, maxBlockSize = 2000, iterations = 10000

newBlockSize = 1926, i = 5121

_memory starts = 0x55ab9c3b0060

node: is_free = true, size = 1556, ptr_start = 0x55ab9c40f8a0, i = 0

node: is_free = false, size = 563, ptr_start = 0x55ab9c40feb4, i = 1

node: is_free = true, size = 1178, ptr_start = 0x55ab9c4100e7, i = 2

node: is_free = false, size = 325, ptr_start = 0x55ab9c410581, i = 3

node: is_free = true, size = 1073, ptr_start = 0x55ab9c4106c6, i = 4

node: is_free = false, size = 31, ptr_start = 0x55ab9c410af7, i = 5

node: is_free = false, size = 793, ptr_start = 0x55ab9c410b16, i = 6

node: is_free = true, size = 1253, ptr_start = 0x55ab9c410e2f, i = 7

node: is_free = false, size = 1931, ptr_start = 0x55ab9c411314, i = 8

node: is_free = true, size = 1297, ptr_start = 0x55ab9c411a9f, i = 9

totalSize = 10000, fillRatio = 0.50, minBlockSize = 1, maxBlockSize = 2000, iterations = 10000

newBlockSize = 1919, i = 5339

_memory starts = 0x55ab9c3b0060

node: is_free = true, size = 1370, ptr_start = 0x55ab9c40f8a0, i = 0

node: is_free = false, size = 495, ptr_start = 0x55ab9c40fdfa, i = 1

node: is_free = true, size = 1394, ptr_start = 0x55ab9c40ffe9, i = 2

node: is_free = false, size = 1719, ptr_start = 0x55ab9c41055b, i = 3

node: is_free = false, size = 1030, ptr_start = 0x55ab9c410c12, i = 4

node: is_free = false, size = 903, ptr_start = 0x55ab9c411018, i = 5

node: is_free = true, size = 1393, ptr_start = 0x55ab9c41139f, i = 6

node: is_free = false, size = 145, ptr_start = 0x55ab9c411910, i = 7

node: is_free = true, size = 1551, ptr_start = 0x55ab9c4119a1, i = 8

totalSize = 10000, fillRatio = 0.50, minBlockSize = 1, maxBlockSize = 2000, iterations = 10000

newBlockSize = 1516, i = 5414

_memory starts = 0x55ab9c3b0060

node: is_free = false, size = 257, ptr_start = 0x55ab9c40f8a0, i = 0

node: is_free = true, size = 1496, ptr_start = 0x55ab9c40f9a1, i = 1

node: is_free = false, size = 751, ptr_start = 0x55ab9c40ff79, i = 2

node: is_free = false, size = 996, ptr_start = 0x55ab9c410268, i = 3

node: is_free = true, size = 621, ptr_start = 0x55ab9c41064c, i = 4

node: is_free = false, size = 1795, ptr_start = 0x55ab9c4108b9, i = 5

node: is_free = false, size = 95, ptr_start = 0x55ab9c410fbc, i = 6

node: is_free = false, size = 723, ptr_start = 0x55ab9c41101b, i = 7

node: is_free = false, size = 180, ptr_start = 0x55ab9c4112ee, i = 8

node: is_free = true, size = 1420, ptr_start = 0x55ab9c4113a2, i = 9

node: is_free = false, size = 191, ptr_start = 0x55ab9c41192e, i = 10

node: is_free = true, size = 1475, ptr_start = 0x55ab9c4119ed, i = 11

totalSize = 10000, fillRatio = 0.50, minBlockSize = 1, maxBlockSize = 2000, iterations = 10000

newBlockSize = 1740, i = 5680

_memory starts = 0x55ab9c3b0060

node: is_free = false, size = 605, ptr_start = 0x55ab9c40f8a0, i = 0

node: is_free = true, size = 1112, ptr_start = 0x55ab9c40fafd, i = 1

node: is_free = false, size = 899, ptr_start = 0x55ab9c40ff55, i = 2

node: is_free = false, size = 323, ptr_start = 0x55ab9c4102d8, i = 3

node: is_free = true, size = 1531, ptr_start = 0x55ab9c41041b, i = 4

node: is_free = false, size = 984, ptr_start = 0x55ab9c410a16, i = 5

node: is_free = true, size = 909, ptr_start = 0x55ab9c410dee, i = 6

node: is_free = false, size = 612, ptr_start = 0x55ab9c41117b, i = 7

node: is_free = true, size = 1224, ptr_start = 0x55ab9c4113df, i = 8

node: is_free = false, size = 1194, ptr_start = 0x55ab9c4118a7, i = 9

node: is_free = true, size = 607, ptr_start = 0x55ab9c411d51, i = 10

totalSize = 10000, fillRatio = 0.50, minBlockSize = 1, maxBlockSize = 2000, iterations = 10000

newBlockSize = 1975, i = 6052

_memory starts = 0x55ab9c3b0060

node: is_free = false, size = 563, ptr_start = 0x55ab9c40f8a0, i = 0

node: is_free = false, size = 582, ptr_start = 0x55ab9c40fad3, i = 1

node: is_free = false, size = 630, ptr_start = 0x55ab9c40fd19, i = 2

node: is_free = true, size = 948, ptr_start = 0x55ab9c40ff8f, i = 3

node: is_free = false, size = 946, ptr_start = 0x55ab9c410343, i = 4

node: is_free = true, size = 903, ptr_start = 0x55ab9c4106f5, i = 5

node: is_free = false, size = 83, ptr_start = 0x55ab9c410a7c, i = 6

node: is_free = false, size = 601, ptr_start = 0x55ab9c410acf, i = 7

node: is_free = false, size = 368, ptr_start = 0x55ab9c410d28, i = 8

node: is_free = true, size = 1258, ptr_start = 0x55ab9c410e98, i = 9

node: is_free = false, size = 521, ptr_start = 0x55ab9c411382, i = 10

node: is_free = true, size = 755, ptr_start = 0x55ab9c41158b, i = 11

node: is_free = false, size = 336, ptr_start = 0x55ab9c41187e, i = 12

node: is_free = true, size = 1506, ptr_start = 0x55ab9c4119ce, i = 13

totalSize = 10000, fillRatio = 0.50, minBlockSize = 1, maxBlockSize = 2000, iterations = 10000

newBlockSize = 1942, i = 6073

_memory starts = 0x55ab9c3b0060

node: is_free = true, size = 563, ptr_start = 0x55ab9c40f8a0, i = 0

node: is_free = false, size = 582, ptr_start = 0x55ab9c40fad3, i = 1

node: is_free = true, size = 53, ptr_start = 0x55ab9c40fd19, i = 2

node: is_free = false, size = 947, ptr_start = 0x55ab9c40fd4e, i = 3

node: is_free = true, size = 578, ptr_start = 0x55ab9c410101, i = 4

node: is_free = false, size = 946, ptr_start = 0x55ab9c410343, i = 5

node: is_free = true, size = 1530, ptr_start = 0x55ab9c4106f5, i = 6

node: is_free = false, size = 878, ptr_start = 0x55ab9c410cef, i = 7

node: is_free = true, size = 1326, ptr_start = 0x55ab9c41105d, i = 8

node: is_free = false, size = 1259, ptr_start = 0x55ab9c41158b, i = 9

node: is_free = true, size = 1338, ptr_start = 0x55ab9c411a76, i = 10

totalSize = 10000, fillRatio = 0.50, minBlockSize = 1, maxBlockSize = 2000, iterations = 10000

newBlockSize = 1846, i = 6172

_memory starts = 0x55ab9c3b0060

node: is_free = true, size = 915, ptr_start = 0x55ab9c40f8a0, i = 0

node: is_free = false, size = 613, ptr_start = 0x55ab9c40fc33, i = 1

node: is_free = false, size = 1670, ptr_start = 0x55ab9c40fe98, i = 2

node: is_free = true, size = 503, ptr_start = 0x55ab9c41051e, i = 3

node: is_free = false, size = 15, ptr_start = 0x55ab9c410715, i = 4

node: is_free = false, size = 1643, ptr_start = 0x55ab9c410724, i = 5

node: is_free = true, size = 1711, ptr_start = 0x55ab9c410d8f, i = 6

node: is_free = false, size = 19, ptr_start = 0x55ab9c41143e, i = 7

node: is_free = true, size = 850, ptr_start = 0x55ab9c411451, i = 8

node: is_free = false, size = 247, ptr_start = 0x55ab9c4117a3, i = 9

node: is_free = true, size = 1814, ptr_start = 0x55ab9c41189a, i = 10

totalSize = 10000, fillRatio = 0.50, minBlockSize = 1, maxBlockSize = 2000, iterations = 10000

newBlockSize = 1997, i = 6219

_memory starts = 0x55ab9c3b0060

node: is_free = false, size = 37, ptr_start = 0x55ab9c40f8a0, i = 0

node: is_free = false, size = 1148, ptr_start = 0x55ab9c40f8c5, i = 1

node: is_free = true, size = 939, ptr_start = 0x55ab9c40fd41, i = 2

node: is_free = false, size = 537, ptr_start = 0x55ab9c4100ec, i = 3

node: is_free = true, size = 502, ptr_start = 0x55ab9c410305, i = 4

node: is_free = false, size = 424, ptr_start = 0x55ab9c4104fb, i = 5

node: is_free = false, size = 483, ptr_start = 0x55ab9c4106a3, i = 6

node: is_free = false, size = 74, ptr_start = 0x55ab9c410886, i = 7

node: is_free = true, size = 1472, ptr_start = 0x55ab9c4108d0, i = 8

node: is_free = false, size = 1152, ptr_start = 0x55ab9c410e90, i = 9

node: is_free = true, size = 1123, ptr_start = 0x55ab9c411310, i = 10

node: is_free = false, size = 668, ptr_start = 0x55ab9c411773, i = 11

node: is_free = true, size = 1441, ptr_start = 0x55ab9c411a0f, i = 12

totalSize = 10000, fillRatio = 0.50, minBlockSize = 1, maxBlockSize = 2000, iterations = 10000

newBlockSize = 1967, i = 6269

_memory starts = 0x55ab9c3b0060

node: is_free = true, size = 1185, ptr_start = 0x55ab9c40f8a0, i = 0

node: is_free = false, size = 830, ptr_start = 0x55ab9c40fd41, i = 1

node: is_free = true, size = 1411, ptr_start = 0x55ab9c41007f, i = 2

node: is_free = false, size = 450, ptr_start = 0x55ab9c410602, i = 3

node: is_free = false, size = 103, ptr_start = 0x55ab9c4107c4, i = 4

node: is_free = true, size = 408, ptr_start = 0x55ab9c41082b, i = 5

node: is_free = false, size = 780, ptr_start = 0x55ab9c4109c3, i = 6

node: is_free = true, size = 1618, ptr_start = 0x55ab9c410ccf, i = 7

node: is_free = false, size = 1877, ptr_start = 0x55ab9c411321, i = 8

node: is_free = true, size = 1338, ptr_start = 0x55ab9c411a76, i = 9

totalSize = 10000, fillRatio = 0.50, minBlockSize = 1, maxBlockSize = 2000, iterations = 10000

newBlockSize = 1496, i = 6275

_memory starts = 0x55ab9c3b0060

node: is_free = true, size = 1185, ptr_start = 0x55ab9c40f8a0, i = 0

node: is_free = false, size = 830, ptr_start = 0x55ab9c40fd41, i = 1

node: is_free = true, size = 1411, ptr_start = 0x55ab9c41007f, i = 2

node: is_free = false, size = 450, ptr_start = 0x55ab9c410602, i = 3

node: is_free = false, size = 103, ptr_start = 0x55ab9c4107c4, i = 4

node: is_free = true, size = 1188, ptr_start = 0x55ab9c41082b, i = 5

node: is_free = false, size = 1417, ptr_start = 0x55ab9c410ccf, i = 6

node: is_free = false, size = 314, ptr_start = 0x55ab9c411258, i = 7

node: is_free = false, size = 1674, ptr_start = 0x55ab9c411392, i = 8

node: is_free = true, size = 1428, ptr_start = 0x55ab9c411a1c, i = 9

totalSize = 10000, fillRatio = 0.50, minBlockSize = 1, maxBlockSize = 2000, iterations = 10000

newBlockSize = 1602, i = 6365

_memory starts = 0x55ab9c3b0060

node: is_free = false, size = 1378, ptr_start = 0x55ab9c40f8a0, i = 0

node: is_free = true, size = 1412, ptr_start = 0x55ab9c40fe02, i = 1

node: is_free = false, size = 992, ptr_start = 0x55ab9c410386, i = 2

node: is_free = true, size = 1341, ptr_start = 0x55ab9c410766, i = 3

node: is_free = false, size = 490, ptr_start = 0x55ab9c410ca3, i = 4

node: is_free = true, size = 1115, ptr_start = 0x55ab9c410e8d, i = 5

node: is_free = false, size = 418, ptr_start = 0x55ab9c4112e8, i = 6

node: is_free = true, size = 7, ptr_start = 0x55ab9c41148a, i = 7

node: is_free = false, size = 136, ptr_start = 0x55ab9c411491, i = 8

node: is_free = false, size = 57, ptr_start = 0x55ab9c411519, i = 9

node: is_free = false, size = 1312, ptr_start = 0x55ab9c411552, i = 10

node: is_free = true, size = 1342, ptr_start = 0x55ab9c411a72, i = 11

totalSize = 10000, fillRatio = 0.50, minBlockSize = 1, maxBlockSize = 2000, iterations = 10000

newBlockSize = 1673, i = 6426

_memory starts = 0x55ab9c3b0060

node: is_free = false, size = 202, ptr_start = 0x55ab9c40f8a0, i = 0

node: is_free = true, size = 1671, ptr_start = 0x55ab9c40f96a, i = 1

node: is_free = false, size = 1235, ptr_start = 0x55ab9c40fff1, i = 2

node: is_free = true, size = 1073, ptr_start = 0x55ab9c4104c4, i = 3

node: is_free = false, size = 1792, ptr_start = 0x55ab9c4108f5, i = 4

node: is_free = false, size = 117, ptr_start = 0x55ab9c410ff5, i = 5

node: is_free = true, size = 1586, ptr_start = 0x55ab9c41106a, i = 6

node: is_free = false, size = 308, ptr_start = 0x55ab9c41169c, i = 7

node: is_free = false, size = 892, ptr_start = 0x55ab9c4117d0, i = 8

node: is_free = true, size = 1124, ptr_start = 0x55ab9c411b4c, i = 9

totalSize = 10000, fillRatio = 0.50, minBlockSize = 1, maxBlockSize = 2000, iterations = 10000

newBlockSize = 1968, i = 6448

_memory starts = 0x55ab9c3b0060

node: is_free = true, size = 1537, ptr_start = 0x55ab9c40f8a0, i = 0

node: is_free = false, size = 1306, ptr_start = 0x55ab9c40fea1, i = 1

node: is_free = true, size = 526, ptr_start = 0x55ab9c4103bb, i = 2

node: is_free = false, size = 1241, ptr_start = 0x55ab9c4105c9, i = 3

node: is_free = true, size = 1480, ptr_start = 0x55ab9c410aa2, i = 4

node: is_free = false, size = 629, ptr_start = 0x55ab9c41106a, i = 5

node: is_free = true, size = 957, ptr_start = 0x55ab9c4112df, i = 6

node: is_free = false, size = 308, ptr_start = 0x55ab9c41169c, i = 7

node: is_free = false, size = 1308, ptr_start = 0x55ab9c4117d0, i = 8

node: is_free = true, size = 708, ptr_start = 0x55ab9c411cec, i = 9

totalSize = 10000, fillRatio = 0.50, minBlockSize = 1, maxBlockSize = 2000, iterations = 10000

newBlockSize = 1910, i = 6585

_memory starts = 0x55ab9c3b0060

node: is_free = true, size = 1004, ptr_start = 0x55ab9c40f8a0, i = 0

node: is_free = false, size = 1331, ptr_start = 0x55ab9c40fc8c, i = 1

node: is_free = true, size = 1568, ptr_start = 0x55ab9c4101bf, i = 2

node: is_free = false, size = 469, ptr_start = 0x55ab9c4107df, i = 3

node: is_free = false, size = 718, ptr_start = 0x55ab9c4109b4, i = 4

node: is_free = true, size = 1648, ptr_start = 0x55ab9c410c82, i = 5

node: is_free = false, size = 627, ptr_start = 0x55ab9c4112f2, i = 6

node: is_free = false, size = 1576, ptr_start = 0x55ab9c411565, i = 7

node: is_free = true, size = 1059, ptr_start = 0x55ab9c411b8d, i = 8

totalSize = 10000, fillRatio = 0.50, minBlockSize = 1, maxBlockSize = 2000, iterations = 10000

newBlockSize = 1882, i = 6620

_memory starts = 0x55ab9c3b0060

node: is_free = true, size = 1307, ptr_start = 0x55ab9c40f8a0, i = 0

node: is_free = false, size = 32, ptr_start = 0x55ab9c40fdbb, i = 1

node: is_free = false, size = 146, ptr_start = 0x55ab9c40fddb, i = 2

node: is_free = false, size = 139, ptr_start = 0x55ab9c40fe6d, i = 3

node: is_free = false, size = 367, ptr_start = 0x55ab9c40fef8, i = 4

node: is_free = false, size = 934, ptr_start = 0x55ab9c410067, i = 5

node: is_free = true, size = 1005, ptr_start = 0x55ab9c41040d, i = 6

node: is_free = false, size = 1770, ptr_start = 0x55ab9c4107fa, i = 7

node: is_free = true, size = 1665, ptr_start = 0x55ab9c410ee4, i = 8

node: is_free = false, size = 1291, ptr_start = 0x55ab9c411565, i = 9

node: is_free = true, size = 1344, ptr_start = 0x55ab9c411a70, i = 10

totalSize = 10000, fillRatio = 0.50, minBlockSize = 1, maxBlockSize = 2000, iterations = 10000

newBlockSize = 1545, i = 6669

_memory starts = 0x55ab9c3b0060

node: is_free = true, size = 1485, ptr_start = 0x55ab9c40f8a0, i = 0

node: is_free = false, size = 532, ptr_start = 0x55ab9c40fe6d, i = 1

node: is_free = true, size = 1354, ptr_start = 0x55ab9c410081, i = 2

node: is_free = false, size = 784, ptr_start = 0x55ab9c4105cb, i = 3

node: is_free = false, size = 838, ptr_start = 0x55ab9c4108db, i = 4

node: is_free = true, size = 1417, ptr_start = 0x55ab9c410c21, i = 5

node: is_free = false, size = 864, ptr_start = 0x55ab9c4111aa, i = 6

node: is_free = true, size = 304, ptr_start = 0x55ab9c41150a, i = 7

node: is_free = false, size = 1621, ptr_start = 0x55ab9c41163a, i = 8

node: is_free = true, size = 801, ptr_start = 0x55ab9c411c8f, i = 9

totalSize = 10000, fillRatio = 0.50, minBlockSize = 1, maxBlockSize = 2000, iterations = 10000

newBlockSize = 1825, i = 6696

_memory starts = 0x55ab9c3b0060

node: is_free = false, size = 608, ptr_start = 0x55ab9c40f8a0, i = 0

node: is_free = true, size = 877, ptr_start = 0x55ab9c40fb00, i = 1

node: is_free = false, size = 532, ptr_start = 0x55ab9c40fe6d, i = 2

node: is_free = true, size = 347, ptr_start = 0x55ab9c410081, i = 3

node: is_free = false, size = 414, ptr_start = 0x55ab9c4101dc, i = 4

node: is_free = false, size = 148, ptr_start = 0x55ab9c41037a, i = 5

node: is_free = true, size = 377, ptr_start = 0x55ab9c41040e, i = 6

node: is_free = false, size = 680, ptr_start = 0x55ab9c410587, i = 7

node: is_free = true, size = 1468, ptr_start = 0x55ab9c41082f, i = 8

node: is_free = false, size = 484, ptr_start = 0x55ab9c410deb, i = 9

node: is_free = false, size = 65, ptr_start = 0x55ab9c410fcf, i = 10

node: is_free = false, size = 387, ptr_start = 0x55ab9c411010, i = 11

node: is_free = true, size = 1191, ptr_start = 0x55ab9c411193, i = 12

node: is_free = false, size = 1621, ptr_start = 0x55ab9c41163a, i = 13

node: is_free = true, size = 801, ptr_start = 0x55ab9c411c8f, i = 14

totalSize = 10000, fillRatio = 0.50, minBlockSize = 1, maxBlockSize = 2000, iterations = 10000

newBlockSize = 1687, i = 6713

_memory starts = 0x55ab9c3b0060

node: is_free = false, size = 423, ptr_start = 0x55ab9c40f8a0, i = 0

node: is_free = true, size = 1062, ptr_start = 0x55ab9c40fa47, i = 1

node: is_free = false, size = 532, ptr_start = 0x55ab9c40fe6d, i = 2

node: is_free = true, size = 761, ptr_start = 0x55ab9c410081, i = 3

node: is_free = false, size = 148, ptr_start = 0x55ab9c41037a, i = 4

node: is_free = true, size = 377, ptr_start = 0x55ab9c41040e, i = 5

node: is_free = false, size = 680, ptr_start = 0x55ab9c410587, i = 6

node: is_free = true, size = 1468, ptr_start = 0x55ab9c41082f, i = 7

node: is_free = false, size = 484, ptr_start = 0x55ab9c410deb, i = 8

node: is_free = true, size = 65, ptr_start = 0x55ab9c410fcf, i = 9

node: is_free = false, size = 387, ptr_start = 0x55ab9c411010, i = 10

node: is_free = false, size = 403, ptr_start = 0x55ab9c411193, i = 11

node: is_free = false, size = 754, ptr_start = 0x55ab9c411326, i = 12

node: is_free = true, size = 202, ptr_start = 0x55ab9c411618, i = 13

node: is_free = false, size = 1052, ptr_start = 0x55ab9c4116e2, i = 14

node: is_free = true, size = 1202, ptr_start = 0x55ab9c411afe, i = 15

totalSize = 10000, fillRatio = 0.50, minBlockSize = 1, maxBlockSize = 2000, iterations = 10000

newBlockSize = 1722, i = 6857

_memory starts = 0x55ab9c3b0060

node: is_free = true, size = 1614, ptr_start = 0x55ab9c40f8a0, i = 0

node: is_free = false, size = 380, ptr_start = 0x55ab9c40feee, i = 1

node: is_free = true, size = 1073, ptr_start = 0x55ab9c41006a, i = 2

node: is_free = false, size = 1860, ptr_start = 0x55ab9c41049b, i = 3

node: is_free = false, size = 1150, ptr_start = 0x55ab9c410bdf, i = 4

node: is_free = true, size = 676, ptr_start = 0x55ab9c41105d, i = 5

node: is_free = false, size = 1589, ptr_start = 0x55ab9c411301, i = 6

node: is_free = true, size = 1658, ptr_start = 0x55ab9c411936, i = 7

totalSize = 10000, fillRatio = 0.50, minBlockSize = 1, maxBlockSize = 2000, iterations = 10000

newBlockSize = 1913, i = 6926

_memory starts = 0x55ab9c3b0060

node: is_free = true, size = 1261, ptr_start = 0x55ab9c40f8a0, i = 0

node: is_free = false, size = 1301, ptr_start = 0x55ab9c40fd8d, i = 1

node: is_free = true, size = 606, ptr_start = 0x55ab9c4102a2, i = 2

node: is_free = false, size = 228, ptr_start = 0x55ab9c410500, i = 3

node: is_free = false, size = 392, ptr_start = 0x55ab9c4105e4, i = 4

node: is_free = true, size = 1057, ptr_start = 0x55ab9c41076c, i = 5

node: is_free = false, size = 567, ptr_start = 0x55ab9c410b8d, i = 6

node: is_free = true, size = 1115, ptr_start = 0x55ab9c410dc4, i = 7

node: is_free = false, size = 1965, ptr_start = 0x55ab9c41121f, i = 8

node: is_free = true, size = 1508, ptr_start = 0x55ab9c4119cc, i = 9

totalSize = 10000, fillRatio = 0.50, minBlockSize = 1, maxBlockSize = 2000, iterations = 10000

newBlockSize = 1928, i = 6929

_memory starts = 0x55ab9c3b0060

node: is_free = true, size = 1261, ptr_start = 0x55ab9c40f8a0, i = 0

node: is_free = false, size = 1301, ptr_start = 0x55ab9c40fd8d, i = 1

node: is_free = true, size = 606, ptr_start = 0x55ab9c4102a2, i = 2

node: is_free = false, size = 228, ptr_start = 0x55ab9c410500, i = 3

node: is_free = false, size = 392, ptr_start = 0x55ab9c4105e4, i = 4

node: is_free = true, size = 1057, ptr_start = 0x55ab9c41076c, i = 5

node: is_free = false, size = 567, ptr_start = 0x55ab9c410b8d, i = 6

node: is_free = true, size = 1115, ptr_start = 0x55ab9c410dc4, i = 7

node: is_free = false, size = 1965, ptr_start = 0x55ab9c41121f, i = 8

node: is_free = false, size = 112, ptr_start = 0x55ab9c4119cc, i = 9

node: is_free = true, size = 1396, ptr_start = 0x55ab9c411a3c, i = 10

totalSize = 10000, fillRatio = 0.50, minBlockSize = 1, maxBlockSize = 2000, iterations = 10000

newBlockSize = 1550, i = 7080

_memory starts = 0x55ab9c3b0060

node: is_free = true, size = 321, ptr_start = 0x55ab9c40f8a0, i = 0

node: is_free = false, size = 578, ptr_start = 0x55ab9c40f9e1, i = 1

node: is_free = false, size = 433, ptr_start = 0x55ab9c40fc23, i = 2

node: is_free = true, size = 1534, ptr_start = 0x55ab9c40fdd4, i = 3

node: is_free = false, size = 1231, ptr_start = 0x55ab9c4103d2, i = 4

node: is_free = true, size = 944, ptr_start = 0x55ab9c4108a1, i = 5

node: is_free = false, size = 314, ptr_start = 0x55ab9c410c51, i = 6

node: is_free = true, size = 18, ptr_start = 0x55ab9c410d8b, i = 7

node: is_free = false, size = 511, ptr_start = 0x55ab9c410d9d, i = 8

node: is_free = false, size = 374, ptr_start = 0x55ab9c410f9c, i = 9

node: is_free = true, size = 1229, ptr_start = 0x55ab9c411112, i = 10

node: is_free = false, size = 363, ptr_start = 0x55ab9c4115df, i = 11

node: is_free = false, size = 1145, ptr_start = 0x55ab9c41174a, i = 12

node: is_free = true, size = 1005, ptr_start = 0x55ab9c411bc3, i = 13

totalSize = 10000, fillRatio = 0.50, minBlockSize = 1, maxBlockSize = 2000, iterations = 10000

newBlockSize = 1669, i = 7203

_memory starts = 0x55ab9c3b0060

node: is_free = true, size = 607, ptr_start = 0x55ab9c40f8a0, i = 0

node: is_free = false, size = 1027, ptr_start = 0x55ab9c40faff, i = 1

node: is_free = true, size = 1312, ptr_start = 0x55ab9c40ff02, i = 2

node: is_free = false, size = 1451, ptr_start = 0x55ab9c410422, i = 3

node: is_free = true, size = 1331, ptr_start = 0x55ab9c4109cd, i = 4

node: is_free = false, size = 305, ptr_start = 0x55ab9c410f00, i = 5

node: is_free = true, size = 1327, ptr_start = 0x55ab9c411031, i = 6

node: is_free = false, size = 118, ptr_start = 0x55ab9c411560, i = 7

node: is_free = false, size = 538, ptr_start = 0x55ab9c4115d6, i = 8

node: is_free = false, size = 510, ptr_start = 0x55ab9c4117f0, i = 9

node: is_free = true, size = 1474, ptr_start = 0x55ab9c4119ee, i = 10

totalSize = 10000, fillRatio = 0.50, minBlockSize = 1, maxBlockSize = 2000, iterations = 10000

newBlockSize = 1694, i = 7219

_memory starts = 0x55ab9c3b0060

node: is_free = true, size = 692, ptr_start = 0x55ab9c40f8a0, i = 0

node: is_free = false, size = 221, ptr_start = 0x55ab9c40fb54, i = 1

node: is_free = true, size = 142, ptr_start = 0x55ab9c40fc31, i = 2

node: is_free = false, size = 779, ptr_start = 0x55ab9c40fcbf, i = 3

node: is_free = true, size = 1112, ptr_start = 0x55ab9c40ffca, i = 4

node: is_free = false, size = 1451, ptr_start = 0x55ab9c410422, i = 5

node: is_free = false, size = 1163, ptr_start = 0x55ab9c4109cd, i = 6

node: is_free = true, size = 168, ptr_start = 0x55ab9c410e58, i = 7

node: is_free = false, size = 305, ptr_start = 0x55ab9c410f00, i = 8

node: is_free = true, size = 1327, ptr_start = 0x55ab9c411031, i = 9

node: is_free = false, size = 118, ptr_start = 0x55ab9c411560, i = 10

node: is_free = true, size = 1048, ptr_start = 0x55ab9c4115d6, i = 11

node: is_free = false, size = 630, ptr_start = 0x55ab9c4119ee, i = 12

node: is_free = true, size = 844, ptr_start = 0x55ab9c411c64, i = 13

totalSize = 10000, fillRatio = 0.50, minBlockSize = 1, maxBlockSize = 2000, iterations = 10000

newBlockSize = 1896, i = 7536

_memory starts = 0x55ab9c3b0060

node: is_free = true, size = 39, ptr_start = 0x55ab9c40f8a0, i = 0

node: is_free = false, size = 7, ptr_start = 0x55ab9c40f8c7, i = 1

node: is_free = true, size = 530, ptr_start = 0x55ab9c40f8ce, i = 2

node: is_free = false, size = 837, ptr_start = 0x55ab9c40fae0, i = 3

node: is_free = false, size = 583, ptr_start = 0x55ab9c40fe25, i = 4

node: is_free = true, size = 1447, ptr_start = 0x55ab9c41006c, i = 5

node: is_free = false, size = 680, ptr_start = 0x55ab9c410613, i = 6

node: is_free = true, size = 945, ptr_start = 0x55ab9c4108bb, i = 7

node: is_free = false, size = 473, ptr_start = 0x55ab9c410c6c, i = 8

node: is_free = true, size = 1610, ptr_start = 0x55ab9c410e45, i = 9

node: is_free = false, size = 545, ptr_start = 0x55ab9c41148f, i = 10

node: is_free = false, size = 1576, ptr_start = 0x55ab9c4116b0, i = 11

node: is_free = true, size = 728, ptr_start = 0x55ab9c411cd8, i = 12

totalSize = 10000, fillRatio = 0.50, minBlockSize = 1, maxBlockSize = 2000, iterations = 10000

newBlockSize = 1934, i = 8097

_memory starts = 0x55ab9c3b0060

node: is_free = false, size = 228, ptr_start = 0x55ab9c40f8a0, i = 0

node: is_free = false, size = 496, ptr_start = 0x55ab9c40f984, i = 1

node: is_free = false, size = 383, ptr_start = 0x55ab9c40fb74, i = 2

node: is_free = true, size = 1594, ptr_start = 0x55ab9c40fcf3, i = 3

node: is_free = false, size = 789, ptr_start = 0x55ab9c41032d, i = 4

node: is_free = true, size = 1489, ptr_start = 0x55ab9c410642, i = 5

node: is_free = false, size = 438, ptr_start = 0x55ab9c410c13, i = 6

node: is_free = true, size = 1542, ptr_start = 0x55ab9c410dc9, i = 7

node: is_free = false, size = 771, ptr_start = 0x55ab9c4113cf, i = 8

node: is_free = false, size = 1761, ptr_start = 0x55ab9c4116d2, i = 9

node: is_free = true, size = 509, ptr_start = 0x55ab9c411db3, i = 10

totalSize = 10000, fillRatio = 0.50, minBlockSize = 1, maxBlockSize = 2000, iterations = 10000

newBlockSize = 1782, i = 8197

_memory starts = 0x55ab9c3b0060

node: is_free = true, size = 1626, ptr_start = 0x55ab9c40f8a0, i = 0

node: is_free = false, size = 1888, ptr_start = 0x55ab9c40fefa, i = 1

node: is_free = true, size = 1356, ptr_start = 0x55ab9c41065a, i = 2

node: is_free = false, size = 481, ptr_start = 0x55ab9c410ba6, i = 3

node: is_free = false, size = 1288, ptr_start = 0x55ab9c410d87, i = 4

node: is_free = true, size = 424, ptr_start = 0x55ab9c41128f, i = 5

node: is_free = false, size = 1278, ptr_start = 0x55ab9c411437, i = 6

node: is_free = true, size = 1659, ptr_start = 0x55ab9c411935, i = 7

totalSize = 10000, fillRatio = 0.50, minBlockSize = 1, maxBlockSize = 2000, iterations = 10000

newBlockSize = 1584, i = 8301

_memory starts = 0x55ab9c3b0060

node: is_free = true, size = 1510, ptr_start = 0x55ab9c40f8a0, i = 0

node: is_free = false, size = 645, ptr_start = 0x55ab9c40fe86, i = 1

node: is_free = true, size = 1524, ptr_start = 0x55ab9c41010b, i = 2

node: is_free = false, size = 1952, ptr_start = 0x55ab9c4106ff, i = 3

node: is_free = true, size = 1306, ptr_start = 0x55ab9c410e9f, i = 4

node: is_free = false, size = 1795, ptr_start = 0x55ab9c4113b9, i = 5

node: is_free = true, size = 1268, ptr_start = 0x55ab9c411abc, i = 6

totalSize = 10000, fillRatio = 0.50, minBlockSize = 1, maxBlockSize = 2000, iterations = 10000

newBlockSize = 1854, i = 8353

_memory starts = 0x55ab9c3b0060

node: is_free = false, size = 461, ptr_start = 0x55ab9c40f8a0, i = 0

node: is_free = false, size = 1548, ptr_start = 0x55ab9c40fa6d, i = 1

node: is_free = true, size = 1787, ptr_start = 0x55ab9c410079, i = 2

node: is_free = false, size = 1195, ptr_start = 0x55ab9c410774, i = 3

node: is_free = true, size = 1847, ptr_start = 0x55ab9c410c1f, i = 4

node: is_free = false, size = 1691, ptr_start = 0x55ab9c411356, i = 5

node: is_free = true, size = 1471, ptr_start = 0x55ab9c4119f1, i = 6

totalSize = 10000, fillRatio = 0.50, minBlockSize = 1, maxBlockSize = 2000, iterations = 10000

newBlockSize = 1827, i = 8411

_memory starts = 0x55ab9c3b0060

node: is_free = false, size = 475, ptr_start = 0x55ab9c40f8a0, i = 0

node: is_free = false, size = 414, ptr_start = 0x55ab9c40fa7b, i = 1

node: is_free = false, size = 17, ptr_start = 0x55ab9c40fc19, i = 2

node: is_free = true, size = 1695, ptr_start = 0x55ab9c40fc2a, i = 3

node: is_free = false, size = 248, ptr_start = 0x55ab9c4102c9, i = 4

node: is_free = false, size = 617, ptr_start = 0x55ab9c4103c1, i = 5

node: is_free = true, size = 1536, ptr_start = 0x55ab9c41062a, i = 6

node: is_free = false, size = 1456, ptr_start = 0x55ab9c410c2a, i = 7

node: is_free = true, size = 1550, ptr_start = 0x55ab9c4111da, i = 8

node: is_free = false, size = 869, ptr_start = 0x55ab9c4117e8, i = 9

node: is_free = true, size = 1123, ptr_start = 0x55ab9c411b4d, i = 10

totalSize = 10000, fillRatio = 0.50, minBlockSize = 1, maxBlockSize = 2000, iterations = 10000

newBlockSize = 1992, i = 8419

_memory starts = 0x55ab9c3b0060

node: is_free = true, size = 889, ptr_start = 0x55ab9c40f8a0, i = 0

node: is_free = false, size = 548, ptr_start = 0x55ab9c40fc19, i = 1

node: is_free = true, size = 1164, ptr_start = 0x55ab9c40fe3d, i = 2

node: is_free = false, size = 248, ptr_start = 0x55ab9c4102c9, i = 3

node: is_free = false, size = 617, ptr_start = 0x55ab9c4103c1, i = 4

node: is_free = true, size = 1536, ptr_start = 0x55ab9c41062a, i = 5

node: is_free = false, size = 1456, ptr_start = 0x55ab9c410c2a, i = 6

node: is_free = false, size = 924, ptr_start = 0x55ab9c4111da, i = 7

node: is_free = true, size = 626, ptr_start = 0x55ab9c411576, i = 8

node: is_free = false, size = 869, ptr_start = 0x55ab9c4117e8, i = 9

node: is_free = true, size = 1123, ptr_start = 0x55ab9c411b4d, i = 10

totalSize = 10000, fillRatio = 0.50, minBlockSize = 1, maxBlockSize = 2000, iterations = 10000

newBlockSize = 1737, i = 8599

_memory starts = 0x55ab9c3b0060

node: is_free = true, size = 151, ptr_start = 0x55ab9c40f8a0, i = 0

node: is_free = false, size = 1024, ptr_start = 0x55ab9c40f937, i = 1

node: is_free = true, size = 879, ptr_start = 0x55ab9c40fd37, i = 2

node: is_free = false, size = 875, ptr_start = 0x55ab9c4100a6, i = 3

node: is_free = false, size = 122, ptr_start = 0x55ab9c410411, i = 4

node: is_free = true, size = 1646, ptr_start = 0x55ab9c41048b, i = 5

node: is_free = false, size = 1595, ptr_start = 0x55ab9c410af9, i = 6

node: is_free = false, size = 290, ptr_start = 0x55ab9c411134, i = 7

node: is_free = true, size = 1261, ptr_start = 0x55ab9c411256, i = 8

node: is_free = false, size = 673, ptr_start = 0x55ab9c411743, i = 9

node: is_free = true, size = 1484, ptr_start = 0x55ab9c4119e4, i = 10

totalSize = 10000, fillRatio = 0.50, minBlockSize = 1, maxBlockSize = 2000, iterations = 10000

newBlockSize = 1964, i = 8673

_memory starts = 0x55ab9c3b0060

node: is_free = true, size = 1218, ptr_start = 0x55ab9c40f8a0, i = 0

node: is_free = false, size = 769, ptr_start = 0x55ab9c40fd62, i = 1

node: is_free = false, size = 411, ptr_start = 0x55ab9c410063, i = 2

node: is_free = false, size = 1610, ptr_start = 0x55ab9c4101fe, i = 3

node: is_free = true, size = 472, ptr_start = 0x55ab9c410848, i = 4

node: is_free = false, size = 62, ptr_start = 0x55ab9c410a20, i = 5

node: is_free = false, size = 501, ptr_start = 0x55ab9c410a5e, i = 6

node: is_free = true, size = 1776, ptr_start = 0x55ab9c410c53, i = 7

node: is_free = false, size = 1314, ptr_start = 0x55ab9c411343, i = 8

node: is_free = false, size = 311, ptr_start = 0x55ab9c411865, i = 9

node: is_free = true, size = 1556, ptr_start = 0x55ab9c41199c, i = 10

totalSize = 10000, fillRatio = 0.50, minBlockSize = 1, maxBlockSize = 2000, iterations = 10000

newBlockSize = 1990, i = 8883

_memory starts = 0x55ab9c3b0060

node: is_free = true, size = 754, ptr_start = 0x55ab9c40f8a0, i = 0

node: is_free = false, size = 1842, ptr_start = 0x55ab9c40fb92, i = 1

node: is_free = true, size = 55, ptr_start = 0x55ab9c4102c4, i = 2

node: is_free = false, size = 894, ptr_start = 0x55ab9c4102fb, i = 3

node: is_free = true, size = 1737, ptr_start = 0x55ab9c410679, i = 4

node: is_free = false, size = 1022, ptr_start = 0x55ab9c410d42, i = 5

node: is_free = true, size = 1003, ptr_start = 0x55ab9c411140, i = 6

node: is_free = false, size = 465, ptr_start = 0x55ab9c41152b, i = 7

node: is_free = false, size = 422, ptr_start = 0x55ab9c4116fc, i = 8

node: is_free = true, size = 1806, ptr_start = 0x55ab9c4118a2, i = 9

totalSize = 10000, fillRatio = 0.50, minBlockSize = 1, maxBlockSize = 2000, iterations = 10000

newBlockSize = 1660, i = 8934

_memory starts = 0x55ab9c3b0060

node: is_free = false, size = 1516, ptr_start = 0x55ab9c40f8a0, i = 0

node: is_free = true, size = 882, ptr_start = 0x55ab9c40fe8c, i = 1

node: is_free = false, size = 249, ptr_start = 0x55ab9c4101fe, i = 2

node: is_free = true, size = 853, ptr_start = 0x55ab9c4102f7, i = 3

node: is_free = false, size = 1289, ptr_start = 0x55ab9c41064c, i = 4

node: is_free = true, size = 1222, ptr_start = 0x55ab9c410b55, i = 5

node: is_free = false, size = 525, ptr_start = 0x55ab9c41101b, i = 6

node: is_free = true, size = 703, ptr_start = 0x55ab9c411228, i = 7

node: is_free = false, size = 1297, ptr_start = 0x55ab9c4114e7, i = 8

node: is_free = true, size = 1464, ptr_start = 0x55ab9c4119f8, i = 9

totalSize = 10000, fillRatio = 0.50, minBlockSize = 1, maxBlockSize = 2000, iterations = 10000

newBlockSize = 1984, i = 8942

_memory starts = 0x55ab9c3b0060

node: is_free = false, size = 1516, ptr_start = 0x55ab9c40f8a0, i = 0

node: is_free = true, size = 882, ptr_start = 0x55ab9c40fe8c, i = 1

node: is_free = false, size = 249, ptr_start = 0x55ab9c4101fe, i = 2

node: is_free = true, size = 853, ptr_start = 0x55ab9c4102f7, i = 3

node: is_free = false, size = 1289, ptr_start = 0x55ab9c41064c, i = 4

node: is_free = true, size = 1747, ptr_start = 0x55ab9c410b55, i = 5

node: is_free = false, size = 480, ptr_start = 0x55ab9c411228, i = 6

node: is_free = true, size = 826, ptr_start = 0x55ab9c411408, i = 7

node: is_free = false, size = 837, ptr_start = 0x55ab9c411742, i = 8

node: is_free = true, size = 1321, ptr_start = 0x55ab9c411a87, i = 9

totalSize = 10000, fillRatio = 0.50, minBlockSize = 1, maxBlockSize = 2000, iterations = 10000

newBlockSize = 1974, i = 8987

_memory starts = 0x55ab9c3b0060

node: is_free = true, size = 555, ptr_start = 0x55ab9c40f8a0, i = 0

node: is_free = false, size = 301, ptr_start = 0x55ab9c40facb, i = 1

node: is_free = true, size = 60, ptr_start = 0x55ab9c40fbf8, i = 2

node: is_free = false, size = 535, ptr_start = 0x55ab9c40fc34, i = 3

node: is_free = true, size = 1546, ptr_start = 0x55ab9c40fe4b, i = 4

node: is_free = false, size = 461, ptr_start = 0x55ab9c410455, i = 5

node: is_free = false, size = 82, ptr_start = 0x55ab9c410622, i = 6

node: is_free = false, size = 425, ptr_start = 0x55ab9c410674, i = 7

node: is_free = false, size = 1277, ptr_start = 0x55ab9c41081d, i = 8

node: is_free = true, size = 1343, ptr_start = 0x55ab9c410d1a, i = 9

node: is_free = false, size = 999, ptr_start = 0x55ab9c411259, i = 10

node: is_free = false, size = 773, ptr_start = 0x55ab9c411640, i = 11

node: is_free = true, size = 1643, ptr_start = 0x55ab9c411945, i = 12

totalSize = 10000, fillRatio = 0.50, minBlockSize = 1, maxBlockSize = 2000, iterations = 10000

newBlockSize = 1861, i = 9040

_memory starts = 0x55ab9c3b0060

node: is_free = true, size = 873, ptr_start = 0x55ab9c40f8a0, i = 0

node: is_free = false, size = 555, ptr_start = 0x55ab9c40fc09, i = 1

node: is_free = false, size = 552, ptr_start = 0x55ab9c40fe34, i = 2

node: is_free = false, size = 7, ptr_start = 0x55ab9c41005c, i = 3

node: is_free = true, size = 1832, ptr_start = 0x55ab9c410063, i = 4

node: is_free = false, size = 1138, ptr_start = 0x55ab9c41078b, i = 5

node: is_free = true, size = 1306, ptr_start = 0x55ab9c410bfd, i = 6

node: is_free = false, size = 733, ptr_start = 0x55ab9c411117, i = 7

node: is_free = false, size = 1520, ptr_start = 0x55ab9c4113f4, i = 8

node: is_free = true, size = 1484, ptr_start = 0x55ab9c4119e4, i = 9

totalSize = 10000, fillRatio = 0.50, minBlockSize = 1, maxBlockSize = 2000, iterations = 10000

newBlockSize = 1554, i = 9329

_memory starts = 0x55ab9c3b0060

node: is_free = true, size = 1400, ptr_start = 0x55ab9c40f8a0, i = 0

node: is_free = false, size = 413, ptr_start = 0x55ab9c40fe18, i = 1

node: is_free = false, size = 202, ptr_start = 0x55ab9c40ffb5, i = 2

node: is_free = false, size = 817, ptr_start = 0x55ab9c41007f, i = 3

node: is_free = true, size = 697, ptr_start = 0x55ab9c4103b0, i = 4

node: is_free = false, size = 21, ptr_start = 0x55ab9c410669, i = 5

node: is_free = true, size = 607, ptr_start = 0x55ab9c41067e, i = 6

node: is_free = false, size = 1126, ptr_start = 0x55ab9c4108dd, i = 7

node: is_free = true, size = 830, ptr_start = 0x55ab9c410d43, i = 8

node: is_free = false, size = 329, ptr_start = 0x55ab9c411081, i = 9

node: is_free = true, size = 1465, ptr_start = 0x55ab9c4111ca, i = 10

node: is_free = false, size = 307, ptr_start = 0x55ab9c411783, i = 11

node: is_free = false, size = 1599, ptr_start = 0x55ab9c4118b6, i = 12

node: is_free = true, size = 187, ptr_start = 0x55ab9c411ef5, i = 13

totalSize = 10000, fillRatio = 0.50, minBlockSize = 1, maxBlockSize = 2000, iterations = 10000

newBlockSize = 1950, i = 9360

_memory starts = 0x55ab9c3b0060

node: is_free = false, size = 621, ptr_start = 0x55ab9c40f8a0, i = 0

node: is_free = true, size = 1192, ptr_start = 0x55ab9c40fb0d, i = 1

node: is_free = false, size = 202, ptr_start = 0x55ab9c40ffb5, i = 2

node: is_free = true, size = 1317, ptr_start = 0x55ab9c41007f, i = 3

node: is_free = false, size = 1383, ptr_start = 0x55ab9c4105a4, i = 4

node: is_free = false, size = 551, ptr_start = 0x55ab9c410b0b, i = 5

node: is_free = false, size = 143, ptr_start = 0x55ab9c410d32, i = 6

node: is_free = true, size = 1888, ptr_start = 0x55ab9c410dc1, i = 7

node: is_free = false, size = 1517, ptr_start = 0x55ab9c411521, i = 8

node: is_free = true, size = 1186, ptr_start = 0x55ab9c411b0e, i = 9

totalSize = 10000, fillRatio = 0.50, minBlockSize = 1, maxBlockSize = 2000, iterations = 10000

newBlockSize = 1355, i = 9554

_memory starts = 0x55ab9c3b0060

node: is_free = true, size = 1315, ptr_start = 0x55ab9c40f8a0, i = 0

node: is_free = false, size = 523, ptr_start = 0x55ab9c40fdc3, i = 1

node: is_free = true, size = 887, ptr_start = 0x55ab9c40ffce, i = 2

node: is_free = false, size = 773, ptr_start = 0x55ab9c410345, i = 3

node: is_free = false, size = 282, ptr_start = 0x55ab9c41064a, i = 4

node: is_free = true, size = 1184, ptr_start = 0x55ab9c410764, i = 5

node: is_free = false, size = 1164, ptr_start = 0x55ab9c410c04, i = 6

node: is_free = false, size = 405, ptr_start = 0x55ab9c411090, i = 7

node: is_free = true, size = 1065, ptr_start = 0x55ab9c411225, i = 8

node: is_free = false, size = 1518, ptr_start = 0x55ab9c41164e, i = 9

node: is_free = true, size = 884, ptr_start = 0x55ab9c411c3c, i = 10

totalSize = 10000, fillRatio = 0.50, minBlockSize = 1, maxBlockSize = 2000, iterations = 10000

newBlockSize = 1904, i = 9574

_memory starts = 0x55ab9c3b0060

node: is_free = false, size = 277, ptr_start = 0x55ab9c40f8a0, i = 0

node: is_free = true, size = 1249, ptr_start = 0x55ab9c40f9b5, i = 1

node: is_free = false, size = 738, ptr_start = 0x55ab9c40fe96, i = 2

node: is_free = true, size = 1234, ptr_start = 0x55ab9c410178, i = 3

node: is_free = false, size = 282, ptr_start = 0x55ab9c41064a, i = 4

node: is_free = false, size = 1127, ptr_start = 0x55ab9c410764, i = 5

node: is_free = true, size = 1221, ptr_start = 0x55ab9c410bcb, i = 6

node: is_free = false, size = 405, ptr_start = 0x55ab9c411090, i = 7

node: is_free = true, size = 698, ptr_start = 0x55ab9c411225, i = 8

node: is_free = false, size = 1612, ptr_start = 0x55ab9c4114df, i = 9

node: is_free = true, size = 1157, ptr_start = 0x55ab9c411b2b, i = 10

totalSize = 10000, fillRatio = 0.50, minBlockSize = 1, maxBlockSize = 2000, iterations = 10000

newBlockSize = 1927, i = 9715

_memory starts = 0x55ab9c3b0060

node: is_free = true, size = 317, ptr_start = 0x55ab9c40f8a0, i = 0

node: is_free = false, size = 374, ptr_start = 0x55ab9c40f9dd, i = 1

node: is_free = false, size = 562, ptr_start = 0x55ab9c40fb53, i = 2

node: is_free = true, size = 387, ptr_start = 0x55ab9c40fd85, i = 3

node: is_free = false, size = 666, ptr_start = 0x55ab9c40ff08, i = 4

node: is_free = true, size = 1450, ptr_start = 0x55ab9c4101a2, i = 5

node: is_free = false, size = 357, ptr_start = 0x55ab9c41074c, i = 6

node: is_free = true, size = 1573, ptr_start = 0x55ab9c4108b1, i = 7

node: is_free = false, size = 470, ptr_start = 0x55ab9c410ed6, i = 8

node: is_free = false, size = 1073, ptr_start = 0x55ab9c4110ac, i = 9

node: is_free = true, size = 717, ptr_start = 0x55ab9c4114dd, i = 10

node: is_free = false, size = 915, ptr_start = 0x55ab9c4117aa, i = 11

node: is_free = true, size = 1139, ptr_start = 0x55ab9c411b3d, i = 12

totalSize = 10000, fillRatio = 0.50, minBlockSize = 1, maxBlockSize = 2000, iterations = 10000

newBlockSize = 1931, i = 9722

_memory starts = 0x55ab9c3b0060

node: is_free = true, size = 691, ptr_start = 0x55ab9c40f8a0, i = 0

node: is_free = false, size = 562, ptr_start = 0x55ab9c40fb53, i = 1

node: is_free = true, size = 387, ptr_start = 0x55ab9c40fd85, i = 2

node: is_free = false, size = 666, ptr_start = 0x55ab9c40ff08, i = 3

node: is_free = false, size = 1144, ptr_start = 0x55ab9c4101a2, i = 4

node: is_free = false, size = 992, ptr_start = 0x55ab9c41061a, i = 5

node: is_free = true, size = 1244, ptr_start = 0x55ab9c4109fa, i = 6

node: is_free = false, size = 470, ptr_start = 0x55ab9c410ed6, i = 7

node: is_free = true, size = 1790, ptr_start = 0x55ab9c4110ac, i = 8

node: is_free = false, size = 915, ptr_start = 0x55ab9c4117aa, i = 9

node: is_free = true, size = 1139, ptr_start = 0x55ab9c411b3d, i = 10

totalSize = 10000, fillRatio = 0.50, minBlockSize = 1, maxBlockSize = 2000, iterations = 10000

newBlockSize = 1462, i = 9725

_memory starts = 0x55ab9c3b0060

node: is_free = true, size = 691, ptr_start = 0x55ab9c40f8a0, i = 0

node: is_free = false, size = 562, ptr_start = 0x55ab9c40fb53, i = 1

node: is_free = true, size = 1053, ptr_start = 0x55ab9c40fd85, i = 2

node: is_free = false, size = 1144, ptr_start = 0x55ab9c4101a2, i = 3

node: is_free = false, size = 992, ptr_start = 0x55ab9c41061a, i = 4

node: is_free = true, size = 1244, ptr_start = 0x55ab9c4109fa, i = 5

node: is_free = false, size = 470, ptr_start = 0x55ab9c410ed6, i = 6

node: is_free = false, size = 771, ptr_start = 0x55ab9c4110ac, i = 7

node: is_free = true, size = 1019, ptr_start = 0x55ab9c4113af, i = 8

node: is_free = false, size = 915, ptr_start = 0x55ab9c4117aa, i = 9

node: is_free = true, size = 1139, ptr_start = 0x55ab9c411b3d, i = 10

totalSize = 10000, fillRatio = 0.50, minBlockSize = 1, maxBlockSize = 2000, iterations = 10000

newBlockSize = 1905, i = 9796

_memory starts = 0x55ab9c3b0060

node: is_free = true, size = 1570, ptr_start = 0x55ab9c40f8a0, i = 0

node: is_free = false, size = 1474, ptr_start = 0x55ab9c40fec2, i = 1

node: is_free = false, size = 297, ptr_start = 0x55ab9c410484, i = 2

node: is_free = true, size = 1623, ptr_start = 0x55ab9c4105ad, i = 3

node: is_free = false, size = 1993, ptr_start = 0x55ab9c410c04, i = 4

node: is_free = true, size = 683, ptr_start = 0x55ab9c4113cd, i = 5

node: is_free = false, size = 892, ptr_start = 0x55ab9c411678, i = 6

node: is_free = true, size = 1468, ptr_start = 0x55ab9c4119f4, i = 7

totalSize = 10000, fillRatio = 0.50, minBlockSize = 1, maxBlockSize = 2000, iterations = 10000

newBlockSize = 1972, i = 9809

_memory starts = 0x55ab9c3b0060

node: is_free = true, size = 1570, ptr_start = 0x55ab9c40f8a0, i = 0

node: is_free = false, size = 1474, ptr_start = 0x55ab9c40fec2, i = 1

node: is_free = true, size = 1058, ptr_start = 0x55ab9c410484, i = 2

node: is_free = false, size = 802, ptr_start = 0x55ab9c4108a6, i = 3

node: is_free = false, size = 113, ptr_start = 0x55ab9c410bc8, i = 4

node: is_free = false, size = 896, ptr_start = 0x55ab9c410c39, i = 5

node: is_free = false, size = 808, ptr_start = 0x55ab9c410fb9, i = 6

node: is_free = true, size = 919, ptr_start = 0x55ab9c4112e1, i = 7

node: is_free = false, size = 892, ptr_start = 0x55ab9c411678, i = 8

node: is_free = true, size = 1468, ptr_start = 0x55ab9c4119f4, i = 9

totalSize = 10000, fillRatio = 0.50, minBlockSize = 1, maxBlockSize = 2000, iterations = 10000

newBlockSize = 1961, i = 9848

_memory starts = 0x55ab9c3b0060

node: is_free = true, size = 1785, ptr_start = 0x55ab9c40f8a0, i = 0

node: is_free = false, size = 579, ptr_start = 0x55ab9c40ff99, i = 1

node: is_free = false, size = 865, ptr_start = 0x55ab9c4101dc, i = 2

node: is_free = false, size = 14, ptr_start = 0x55ab9c41053d, i = 3

node: is_free = true, size = 1864, ptr_start = 0x55ab9c41054b, i = 4

node: is_free = false, size = 1198, ptr_start = 0x55ab9c410c93, i = 5

node: is_free = false, size = 810, ptr_start = 0x55ab9c411141, i = 6

node: is_free = false, size = 1178, ptr_start = 0x55ab9c41146b, i = 7

node: is_free = true, size = 1707, ptr_start = 0x55ab9c411905, i = 8

totalSize = 10000, fillRatio = 0.50, minBlockSize = 1, maxBlockSize = 2000, iterations = 10000

newBlockSize = 1665, i = 9866

_memory starts = 0x55ab9c3b0060

node: is_free = false, size = 763, ptr_start = 0x55ab9c40f8a0, i = 0

node: is_free = true, size = 1601, ptr_start = 0x55ab9c40fb9b, i = 1

node: is_free = false, size = 865, ptr_start = 0x55ab9c4101dc, i = 2

node: is_free = true, size = 14, ptr_start = 0x55ab9c41053d, i = 3

node: is_free = false, size = 103, ptr_start = 0x55ab9c41054b, i = 4

node: is_free = false, size = 294, ptr_start = 0x55ab9c4105b2, i = 5

node: is_free = true, size = 1467, ptr_start = 0x55ab9c4106d8, i = 6

node: is_free = false, size = 1198, ptr_start = 0x55ab9c410c93, i = 7

node: is_free = true, size = 810, ptr_start = 0x55ab9c411141, i = 8

node: is_free = false, size = 1178, ptr_start = 0x55ab9c41146b, i = 9

node: is_free = false, size = 586, ptr_start = 0x55ab9c411905, i = 10

node: is_free = true, size = 1121, ptr_start = 0x55ab9c411b4f, i = 11

totalSize = 10000, fillRatio = 0.50, minBlockSize = 1, maxBlockSize = 2000, iterations = 10000

newBlockSize = 1868, i = 9875

_memory starts = 0x55ab9c3b0060

node: is_free = false, size = 763, ptr_start = 0x55ab9c40f8a0, i = 0

node: is_free = true, size = 1601, ptr_start = 0x55ab9c40fb9b, i = 1

node: is_free = false, size = 865, ptr_start = 0x55ab9c4101dc, i = 2

node: is_free = true, size = 117, ptr_start = 0x55ab9c41053d, i = 3

node: is_free = false, size = 294, ptr_start = 0x55ab9c4105b2, i = 4

node: is_free = true, size = 1467, ptr_start = 0x55ab9c4106d8, i = 5

node: is_free = false, size = 1198, ptr_start = 0x55ab9c410c93, i = 6

node: is_free = false, size = 66, ptr_start = 0x55ab9c411141, i = 7

node: is_free = false, size = 1004, ptr_start = 0x55ab9c411183, i = 8

node: is_free = false, size = 786, ptr_start = 0x55ab9c41156f, i = 9

node: is_free = true, size = 1839, ptr_start = 0x55ab9c411881, i = 10

totalSize = 10000, fillRatio = 0.50, minBlockSize = 1, maxBlockSize = 2000, iterations = 10000

newBlockSize = 1963, i = 9877

_memory starts = 0x55ab9c3b0060

node: is_free = false, size = 763, ptr_start = 0x55ab9c40f8a0, i = 0

node: is_free = true, size = 1601, ptr_start = 0x55ab9c40fb9b, i = 1

node: is_free = false, size = 865, ptr_start = 0x55ab9c4101dc, i = 2

node: is_free = true, size = 117, ptr_start = 0x55ab9c41053d, i = 3

node: is_free = false, size = 294, ptr_start = 0x55ab9c4105b2, i = 4

node: is_free = true, size = 1467, ptr_start = 0x55ab9c4106d8, i = 5

node: is_free = false, size = 1198, ptr_start = 0x55ab9c410c93, i = 6

node: is_free = true, size = 66, ptr_start = 0x55ab9c411141, i = 7

node: is_free = false, size = 1004, ptr_start = 0x55ab9c411183, i = 8

node: is_free = false, size = 786, ptr_start = 0x55ab9c41156f, i = 9

node: is_free = true, size = 1839, ptr_start = 0x55ab9c411881, i = 10

totalSize = 10000, fillRatio = 0.50, minBlockSize = 1, maxBlockSize = 2000, iterations = 10000

newBlockSize = 1943, i = 9881

_memory starts = 0x55ab9c3b0060

node: is_free = false, size = 763, ptr_start = 0x55ab9c40f8a0, i = 0

node: is_free = true, size = 1601, ptr_start = 0x55ab9c40fb9b, i = 1

node: is_free = false, size = 865, ptr_start = 0x55ab9c4101dc, i = 2

node: is_free = true, size = 1878, ptr_start = 0x55ab9c41053d, i = 3

node: is_free = false, size = 1198, ptr_start = 0x55ab9c410c93, i = 4

node: is_free = true, size = 1070, ptr_start = 0x55ab9c411141, i = 5

node: is_free = false, size = 786, ptr_start = 0x55ab9c41156f, i = 6

node: is_free = false, size = 1235, ptr_start = 0x55ab9c411881, i = 7

node: is_free = true, size = 604, ptr_start = 0x55ab9c411d54, i = 8
	=== worst ===
	Test took 5.48ms.
	Average hole size: 1813.851700
	Average largest free block: 2651.458300
	Average allocated bytes: 4910.065800
	Average number of small blocks: 0.202800
	Failed allocations: 137
Running randomized tests: pool size == 10000, fill ratio == 0.500000, block size is from 1000 to 2000, 10000 iterations

totalSize = 10000, fillRatio = 0.50, minBlockSize = 1000, maxBlockSize = 2000, iterations = 10000

newBlockSize = 1838, i = 59

_memory starts = 0x55ab9c3b0060

node: is_free = true, size = 1473, ptr_start = 0x55ab9c40f8a0, i = 0

node: is_free = false, size = 1706, ptr_start = 0x55ab9c40fe61, i = 1

node: is_free = true, size = 1002, ptr_start = 0x55ab9c41050b, i = 2

node: is_free = false, size = 1860, ptr_start = 0x55ab9c4108f5, i = 3

node: is_free = true, size = 1458, ptr_start = 0x55ab9c411039, i = 4

node: is_free = false, size = 1013, ptr_start = 0x55ab9c4115eb, i = 5

node: is_free = true, size = 1488, ptr_start = 0x55ab9c4119e0, i = 6

totalSize = 10000, fillRatio = 0.50, minBlockSize = 1000, maxBlockSize = 2000, iterations = 10000

newBlockSize = 1631, i = 268

_memory starts = 0x55ab9c3b0060

node: is_free = true, size = 1413, ptr_start = 0x55ab9c40f8a0, i = 0

node: is_free = false, size = 1446, ptr_start = 0x55ab9c40fe25, i = 1

node: is_free = true, size = 1560, ptr_start = 0x55ab9c4103cb, i = 2

node: is_free = false, size = 1942, ptr_start = 0x55ab9c4109e3, i = 3

node: is_free = true, size = 1408, ptr_start = 0x55ab9c411179, i = 4

node: is_free = false, size = 1404, ptr_start = 0x55ab9c4116f9, i = 5

node: is_free = true, size = 827, ptr_start = 0x55ab9c411c75, i = 6

totalSize = 10000, fillRatio = 0.50, minBlockSize = 1000, maxBlockSize = 2000, iterations = 10000

newBlockSize = 1899, i = 409

_memory starts = 0x55ab9c3b0060

node: is_free = true, size = 1844, ptr_start = 0x55ab9c40f8a0, i = 0

node: is_free = false, size = 1785, ptr_start = 0x55ab9c40ffd4, i = 1

node: is_free = true, size = 1040, ptr_start = 0x55ab9c4106cd, i = 2

node: is_free = false, size = 1599, ptr_start = 0x55ab9c410add, i = 3

node: is_free = true, size = 1343, ptr_start = 0x55ab9c41111c, i = 4

node: is_free = false, size = 1224, ptr_start = 0x55ab9c41165b, i = 5

node: is_free = true, size = 1165, ptr_start = 0x55ab9c411b23, i = 6

totalSize = 10000, fillRatio = 0.50, minBlockSize = 1000, maxBlockSize = 2000, iterations = 10000

newBlockSize = 1783, i = 521

_memory starts = 0x55ab9c3b0060

node: is_free = true, size = 1285, ptr_start = 0x55ab9c40f8a0, i = 0

node: is_free = false, size = 1256, ptr_start = 0x55ab9c40fda5, i = 1

node: is_free = true, size = 1654, ptr_start = 0x55ab9c41028d, i = 2

node: is_free = false, size = 1005, ptr_start = 0x55ab9c410903, i = 3

node: is_free = false, size = 1049, ptr_start = 0x55ab9c410cf0, i = 4

node: is_free = true, size = 1755, ptr_start = 0x55ab9c411109, i = 5

node: is_free = false, size = 1142, ptr_start = 0x55ab9c4117e4, i = 6

node: is_free = true, size = 854, ptr_start = 0x55ab9c411c5a, i = 7

totalSize = 10000, fillRatio = 0.50, minBlockSize = 1000, maxBlockSize = 2000, iterations = 10000

newBlockSize = 1719, i = 872

_memory starts = 0x55ab9c3b0060

node: is_free = true, size = 1021, ptr_start = 0x55ab9c40f8a0, i = 0

node: is_free = false, size = 1114, ptr_start = 0x55ab9c40fc9d, i = 1

node: is_free = true, size = 1087, ptr_start = 0x55ab9c4100f7, i = 2

node: is_free = false, size = 1423, ptr_start = 0x55ab9c410536, i = 3

node: is_free = true, size = 275, ptr_start = 0x55ab9c410ac5, i = 4

node: is_free = false, size = 1123, ptr_start = 0x55ab9c410bd8, i = 5

node: is_free = true, size = 1382, ptr_start = 0x55ab9c41103b, i = 6

node: is_free = false, size = 1167, ptr_start = 0x55ab9c4115a1, i = 7

node: is_free = true, size = 1408, ptr_start = 0x55ab9c411a30, i = 8

totalSize = 10000, fillRatio = 0.50, minBlockSize = 1000, maxBlockSize = 2000, iterations = 10000

newBlockSize = 1700, i = 2400

_memory starts = 0x55ab9c3b0060

node: is_free = true, size = 1677, ptr_start = 0x55ab9c40f8a0, i = 0

node: is_free = false, size = 1921, ptr_start = 0x55ab9c40ff2d, i = 1

node: is_free = true, size = 1252, ptr_start = 0x55ab9c4106ae, i = 2

node: is_free = false, size = 1087, ptr_start = 0x55ab9c410b92, i = 3

node: is_free = true, size = 932, ptr_start = 0x55ab9c410fd1, i = 4

node: is_free = false, size = 1549, ptr_start = 0x55ab9c411375, i = 5

node: is_free = true, size = 1582, ptr_start = 0x55ab9c411982, i = 6

totalSize = 10000, fillRatio = 0.50, minBlockSize = 1000, maxBlockSize = 2000, iterations = 10000

newBlockSize = 1895, i = 3013

_memory starts = 0x55ab9c3b0060

node: is_free = true, size = 1003, ptr_start = 0x55ab9c40f8a0, i = 0

node: is_free = false, size = 1036, ptr_start = 0x55ab9c40fc8b, i = 1

node: is_free = true, size = 1360, ptr_start = 0x55ab9c410097, i = 2

node: is_free = false, size = 1342, ptr_start = 0x55ab9c4105e7, i = 3

node: is_free = true, size = 1886, ptr_start = 0x55ab9c410b25, i = 4

node: is_free = false, size = 1349, ptr_start = 0x55ab9c411283, i = 5

node: is_free = false, size = 1150, ptr_start = 0x55ab9c4117c8, i = 6

node: is_free = true, size = 874, ptr_start = 0x55ab9c411c46, i = 7

totalSize = 10000, fillRatio = 0.50, minBlockSize = 1000, maxBlockSize = 2000, iterations = 10000

newBlockSize = 1641, i = 3353

_memory starts = 0x55ab9c3b0060

node: is_free = false, size = 1004, ptr_start = 0x55ab9c40f8a0, i = 0

node: is_free = true, size = 1324, ptr_start = 0x55ab9c40fc8c, i = 1

node: is_free = false, size = 1035, ptr_start = 0x55ab9c4101b8, i = 2

node: is_free = true, size = 1342, ptr_start = 0x55ab9c4105c3, i = 3

node: is_free = false, size = 1194, ptr_start = 0x55ab9c410b01, i = 4

node: is_free = true, size = 1399, ptr_start = 0x55ab9c410fab, i = 5

node: is_free = false, size = 1757, ptr_start = 0x55ab9c411522, i = 6

node: is_free = true, size = 945, ptr_start = 0x55ab9c411bff, i = 7

totalSize = 10000, fillRatio = 0.50, minBlockSize = 1000, maxBlockSize = 2000, iterations = 10000

newBlockSize = 1940, i = 3405

_memory starts = 0x55ab9c3b0060

node: is_free = true, size = 1314, ptr_start = 0x55ab9c40f8a0, i = 0

node: is_free = false, size = 1442, ptr_start = 0x55ab9c40fdc2, i = 1

node: is_free = true, size = 792, ptr_start = 0x55ab9c410364, i = 2

node: is_free = false, size = 1633, ptr_start = 0x55ab9c41067c, i = 3

node: is_free = true, size = 1109, ptr_start = 0x55ab9c410cdd, i = 4

node: is_free = false, size = 1853, ptr_start = 0x55ab9c411132, i = 5

node: is_free = true, size = 1857, ptr_start = 0x55ab9c41186f, i = 6

totalSize = 10000, fillRatio = 0.50, minBlockSize = 1000, maxBlockSize = 2000, iterations = 10000

newBlockSize = 1999, i = 3427

_memory starts = 0x55ab9c3b0060

node: is_free = true, size = 1783, ptr_start = 0x55ab9c40f8a0, i = 0

node: is_free = false, size = 1032, ptr_start = 0x55ab9c40ff97, i = 1

node: is_free = false, size = 1960, ptr_start = 0x55ab9c41039f, i = 2

node: is_free = true, size = 1875, ptr_start = 0x55ab9c410b47, i = 3

node: is_free = false, size = 1960, ptr_start = 0x55ab9c41129a, i = 4

node: is_free = true, size = 1390, ptr_start = 0x55ab9c411a42, i = 5

totalSize = 10000, fillRatio = 0.50, minBlockSize = 1000, maxBlockSize = 2000, iterations = 10000

newBlockSize = 1993, i = 3431

_memory starts = 0x55ab9c3b0060

node: is_free = true, size = 1783, ptr_start = 0x55ab9c40f8a0, i = 0

node: is_free = false, size = 1032, ptr_start = 0x55ab9c40ff97, i = 1

node: is_free = false, size = 1960, ptr_start = 0x55ab9c41039f, i = 2

node: is_free = true, size = 1875, ptr_start = 0x55ab9c410b47, i = 3

node: is_free = false, size = 1960, ptr_start = 0x55ab9c41129a, i = 4

node: is_free = true, size = 1390, ptr_start = 0x55ab9c411a42, i = 5

totalSize = 10000, fillRatio = 0.50, minBlockSize = 1000, maxBlockSize = 2000, iterations = 10000

newBlockSize = 1636, i = 3590

_memory starts = 0x55ab9c3b0060

node: is_free = true, size = 1517, ptr_start = 0x55ab9c40f8a0, i = 0

node: is_free = false, size = 1007, ptr_start = 0x55ab9c40fe8d, i = 1

node: is_free = true, size = 1589, ptr_start = 0x55ab9c41027c, i = 2

node: is_free = false, size = 1988, ptr_start = 0x55ab9c4108b1, i = 3

node: is_free = true, size = 1116, ptr_start = 0x55ab9c411075, i = 4

node: is_free = false, size = 1969, ptr_start = 0x55ab9c4114d1, i = 5

node: is_free = true, size = 814, ptr_start = 0x55ab9c411c82, i = 6

totalSize = 10000, fillRatio = 0.50, minBlockSize = 1000, maxBlockSize = 2000, iterations = 10000

newBlockSize = 1848, i = 3673

_memory starts = 0x55ab9c3b0060

node: is_free = true, size = 1471, ptr_start = 0x55ab9c40f8a0, i = 0

node: is_free = false, size = 1060, ptr_start = 0x55ab9c40fe5f, i = 1

node: is_free = true, size = 1464, ptr_start = 0x55ab9c410283, i = 2

node: is_free = false, size = 1300, ptr_start = 0x55ab9c41083b, i = 3

node: is_free = true, size = 1837, ptr_start = 0x55ab9c410d4f, i = 4

node: is_free = false, size = 1598, ptr_start = 0x55ab9c41147c, i = 5

node: is_free = true, size = 1270, ptr_start = 0x55ab9c411aba, i = 6

totalSize = 10000, fillRatio = 0.50, minBlockSize = 1000, maxBlockSize = 2000, iterations = 10000

newBlockSize = 1889, i = 3745

_memory starts = 0x55ab9c3b0060

node: is_free = true, size = 1400, ptr_start = 0x55ab9c40f8a0, i = 0

node: is_free = false, size = 1133, ptr_start = 0x55ab9c40fe18, i = 1

node: is_free = true, size = 1489, ptr_start = 0x55ab9c410285, i = 2

node: is_free = false, size = 1638, ptr_start = 0x55ab9c410856, i = 3

node: is_free = true, size = 1565, ptr_start = 0x55ab9c410ebc, i = 4

node: is_free = false, size = 1021, ptr_start = 0x55ab9c4114d9, i = 5

node: is_free = true, size = 1754, ptr_start = 0x55ab9c4118d6, i = 6

totalSize = 10000, fillRatio = 0.50, minBlockSize = 1000, maxBlockSize = 2000, iterations = 10000

newBlockSize = 1954, i = 3823

_memory starts = 0x55ab9c3b0060

node: is_free = true, size = 1518, ptr_start = 0x55ab9c40f8a0, i = 0

node: is_free = false, size = 1592, ptr_start = 0x55ab9c40fe8e, i = 1

node: is_free = true, size = 1390, ptr_start = 0x55ab9c4104c6, i = 2

node: is_free = false, size = 1833, ptr_start = 0x55ab9c410a34, i = 3

node: is_free = true, size = 1059, ptr_start = 0x55ab9c41115d, i = 4

node: is_free = false, size = 1473, ptr_start = 0x55ab9c411580, i = 5

node: is_free = true, size = 1135, ptr_start = 0x55ab9c411b41, i = 6

totalSize = 10000, fillRatio = 0.50, minBlockSize = 1000, maxBlockSize = 2000, iterations = 10000

newBlockSize = 1765, i = 3892

_memory starts = 0x55ab9c3b0060

node: is_free = true, size = 1462, ptr_start = 0x55ab9c40f8a0, i = 0

node: is_free = false, size = 1294, ptr_start = 0x55ab9c40fe56, i = 1

node: is_free = true, size = 1461, ptr_start = 0x55ab9c410364, i = 2

node: is_free = false, size = 1214, ptr_start = 0x55ab9c410919, i = 3

node: is_free = true, size = 1681, ptr_start = 0x55ab9c410dd7, i = 4

node: is_free = false, size = 1891, ptr_start = 0x55ab9c411468, i = 5

node: is_free = true, size = 997, ptr_start = 0x55ab9c411bcb, i = 6

totalSize = 10000, fillRatio = 0.50, minBlockSize = 1000, maxBlockSize = 2000, iterations = 10000

newBlockSize = 1839, i = 4078

_memory starts = 0x55ab9c3b0060

node: is_free = true, size = 1358, ptr_start = 0x55ab9c40f8a0, i = 0

node: is_free = false, size = 1009, ptr_start = 0x55ab9c40fdee, i = 1

node: is_free = true, size = 1500, ptr_start = 0x55ab9c4101df, i = 2

node: is_free = false, size = 1904, ptr_start = 0x55ab9c4107bb, i = 3

node: is_free = true, size = 1536, ptr_start = 0x55ab9c410f2b, i = 4

node: is_free = false, size = 1521, ptr_start = 0x55ab9c41152b, i = 5

node: is_free = true, size = 1172, ptr_start = 0x55ab9c411b1c, i = 6

totalSize = 10000, fillRatio = 0.50, minBlockSize = 1000, maxBlockSize = 2000, iterations = 10000

newBlockSize = 1660, i = 4086

_memory starts = 0x55ab9c3b0060

node: is_free = true, size = 1358, ptr_start = 0x55ab9c40f8a0, i = 0

node: is_free = false, size = 1009, ptr_start = 0x55ab9c40fdee, i = 1

node: is_free = true, size = 1500, ptr_start = 0x55ab9c4101df, i = 2

node: is_free = false, size = 1904, ptr_start = 0x55ab9c4107bb, i = 3

node: is_free = true, size = 1331, ptr_start = 0x55ab9c410f2b, i = 4

node: is_free = false, size = 1384, ptr_start = 0x55ab9c41145e, i = 5

node: is_free = true, size = 1514, ptr_start = 0x55ab9c4119c6, i = 6

totalSize = 10000, fillRatio = 0.50, minBlockSize = 1000, maxBlockSize = 2000, iterations = 10000

newBlockSize = 1915, i = 4730

_memory starts = 0x55ab9c3b0060

node: is_free = true, size = 1072, ptr_start = 0x55ab9c40f8a0, i = 0

node: is_free = false, size = 1263, ptr_start = 0x55ab9c40fcd0, i = 1

node: is_free = true, size = 1144, ptr_start = 0x55ab9c4101bf, i = 2

node: is_free = false, size = 1265, ptr_start = 0x55ab9c410637, i = 3

node: is_free = true, size = 1886, ptr_start = 0x55ab9c410b28, i = 4

node: is_free = false, size = 1017, ptr_start = 0x55ab9c411286, i = 5

node: is_free = false, size = 1248, ptr_start = 0x55ab9c41167f, i = 6

node: is_free = true, size = 1105, ptr_start = 0x55ab9c411b5f, i = 7

totalSize = 10000, fillRatio = 0.50, minBlockSize = 1000, maxBlockSize = 2000, iterations = 10000

newBlockSize = 1647, i = 4784

_memory starts = 0x55ab9c3b0060

node: is_free = true, size = 1190, ptr_start = 0x55ab9c40f8a0, i = 0

node: is_free = false, size = 1476, ptr_start = 0x55ab9c40fd46, i = 1

node: is_free = true, size = 1570, ptr_start = 0x55ab9c41030a, i = 2

node: is_free = false, size = 1784, ptr_start = 0x55ab9c41092c, i = 3

node: is_free = true, size = 1187, ptr_start = 0x55ab9c411024, i = 4

node: is_free = false, size = 1613, ptr_start = 0x55ab9c4114c7, i = 5

node: is_free = true, size = 1180, ptr_start = 0x55ab9c411b14, i = 6

totalSize = 10000, fillRatio = 0.50, minBlockSize = 1000, maxBlockSize = 2000, iterations = 10000

newBlockSize = 1538, i = 4887

_memory starts = 0x55ab9c3b0060

node: is_free = true, size = 1330, ptr_start = 0x55ab9c40f8a0, i = 0

node: is_free = false, size = 1797, ptr_start = 0x55ab9c40fdd2, i = 1

node: is_free = true, size = 1372, ptr_start = 0x55ab9c4104d7, i = 2

node: is_free = false, size = 1667, ptr_start = 0x55ab9c410a33, i = 3

node: is_free = true, size = 1090, ptr_start = 0x55ab9c4110b6, i = 4

node: is_free = false, size = 1442, ptr_start = 0x55ab9c4114f8, i = 5

node: is_free = true, size = 1302, ptr_start = 0x55ab9c411a9a, i = 6

totalSize = 10000, fillRatio = 0.50, minBlockSize = 1000, maxBlockSize = 2000, iterations = 10000

newBlockSize = 1878, i = 4924

_memory starts = 0x55ab9c3b0060

node: is_free = true, size = 1102, ptr_start = 0x55ab9c40f8a0, i = 0

node: is_free = false, size = 1059, ptr_start = 0x55ab9c40fcee, i = 1

node: is_free = true, size = 1629, ptr_start = 0x55ab9c410111, i = 2

node: is_free = false, size = 1769, ptr_start = 0x55ab9c41076e, i = 3

node: is_free = true, size = 1804, ptr_start = 0x55ab9c410e57, i = 4

node: is_free = false, size = 1662, ptr_start = 0x55ab9c411563, i = 5

node: is_free = true, size = 975, ptr_start = 0x55ab9c411be1, i = 6

totalSize = 10000, fillRatio = 0.50, minBlockSize = 1000, maxBlockSize = 2000, iterations = 10000

newBlockSize = 1872, i = 5147

_memory starts = 0x55ab9c3b0060

node: is_free = true, size = 1409, ptr_start = 0x55ab9c40f8a0, i = 0

node: is_free = false, size = 1503, ptr_start = 0x55ab9c40fe21, i = 1

node: is_free = true, size = 1145, ptr_start = 0x55ab9c410400, i = 2

node: is_free = false, size = 1040, ptr_start = 0x55ab9c410879, i = 3

node: is_free = true, size = 1471, ptr_start = 0x55ab9c410c89, i = 4

node: is_free = false, size = 1771, ptr_start = 0x55ab9c411248, i = 5

node: is_free = true, size = 1661, ptr_start = 0x55ab9c411933, i = 6

totalSize = 10000, fillRatio = 0.50, minBlockSize = 1000, maxBlockSize = 2000, iterations = 10000

newBlockSize = 1989, i = 5318

_memory starts = 0x55ab9c3b0060

node: is_free = true, size = 1928, ptr_start = 0x55ab9c40f8a0, i = 0

node: is_free = false, size = 1196, ptr_start = 0x55ab9c410028, i = 1

node: is_free = true, size = 1513, ptr_start = 0x55ab9c4104d4, i = 2

node: is_free = false, size = 1444, ptr_start = 0x55ab9c410abd, i = 3

node: is_free = true, size = 698, ptr_start = 0x55ab9c411061, i = 4

node: is_free = false, size = 1395, ptr_start = 0x55ab9c41131b, i = 5

node: is_free = true, size = 1826, ptr_start = 0x55ab9c41188e, i = 6

totalSize = 10000, fillRatio = 0.50, minBlockSize = 1000, maxBlockSize = 2000, iterations = 10000

newBlockSize = 2000, i = 5746

_memory starts = 0x55ab9c3b0060

node: is_free = true, size = 1928, ptr_start = 0x55ab9c40f8a0, i = 0

node: is_free = false, size = 1134, ptr_start = 0x55ab9c410028, i = 1

node: is_free = true, size = 1389, ptr_start = 0x55ab9c410496, i = 2

node: is_free = false, size = 1898, ptr_start = 0x55ab9c410a03, i = 3

node: is_free = true, size = 887, ptr_start = 0x55ab9c41116d, i = 4

node: is_free = false, size = 1737, ptr_start = 0x55ab9c4114e4, i = 5

node: is_free = true, size = 1027, ptr_start = 0x55ab9c411bad, i = 6

totalSize = 10000, fillRatio = 0.50, minBlockSize = 1000, maxBlockSize = 2000, iterations = 10000

newBlockSize = 1998, i = 5780

_memory starts = 0x55ab9c3b0060

node: is_free = true, size = 1078, ptr_start = 0x55ab9c40f8a0, i = 0

node: is_free = false, size = 1298, ptr_start = 0x55ab9c40fcd6, i = 1

node: is_free = true, size = 1169, ptr_start = 0x55ab9c4101e8, i = 2

node: is_free = false, size = 1663, ptr_start = 0x55ab9c410679, i = 3

node: is_free = true, size = 968, ptr_start = 0x55ab9c410cf8, i = 4

node: is_free = false, size = 1902, ptr_start = 0x55ab9c4110c0, i = 5

node: is_free = true, size = 1922, ptr_start = 0x55ab9c41182e, i = 6

totalSize = 10000, fillRatio = 0.50, minBlockSize = 1000, maxBlockSize = 2000, iterations = 10000

newBlockSize = 1780, i = 5987

_memory starts = 0x55ab9c3b0060

node: is_free = true, size = 1375, ptr_start = 0x55ab9c40f8a0, i = 0

node: is_free = false, size = 1563, ptr_start = 0x55ab9c40fdff, i = 1

node: is_free = true, size = 1202, ptr_start = 0x55ab9c41041a, i = 2

node: is_free = false, size = 1402, ptr_start = 0x55ab9c4108cc, i = 3

node: is_free = true, size = 1666, ptr_start = 0x55ab9c410e46, i = 4

node: is_free = false, size = 1596, ptr_start = 0x55ab9c4114c8, i = 5

node: is_free = true, size = 1196, ptr_start = 0x55ab9c411b04, i = 6

totalSize = 10000, fillRatio = 0.50, minBlockSize = 1000, maxBlockSize = 2000, iterations = 10000

newBlockSize = 1658, i = 5996

_memory starts = 0x55ab9c3b0060

node: is_free = true, size = 1375, ptr_start = 0x55ab9c40f8a0, i = 0

node: is_free = false, size = 1563, ptr_start = 0x55ab9c40fdff, i = 1

node: is_free = true, size = 1449, ptr_start = 0x55ab9c41041a, i = 2

node: is_free = false, size = 1797, ptr_start = 0x55ab9c4109c3, i = 3

node: is_free = true, size = 1024, ptr_start = 0x55ab9c4110c8, i = 4

node: is_free = false, size = 1596, ptr_start = 0x55ab9c4114c8, i = 5

node: is_free = true, size = 1196, ptr_start = 0x55ab9c411b04, i = 6

totalSize = 10000, fillRatio = 0.50, minBlockSize = 1000, maxBlockSize = 2000, iterations = 10000

newBlockSize = 1683, i = 6067

_memory starts = 0x55ab9c3b0060

node: is_free = true, size = 1095, ptr_start = 0x55ab9c40f8a0, i = 0

node: is_free = false, size = 1729, ptr_start = 0x55ab9c40fce7, i = 1

node: is_free = true, size = 1654, ptr_start = 0x55ab9c4103a8, i = 2

node: is_free = false, size = 1590, ptr_start = 0x55ab9c410a1e, i = 3

node: is_free = true, size = 1647, ptr_start = 0x55ab9c411054, i = 4

node: is_free = false, size = 1234, ptr_start = 0x55ab9c4116c3, i = 5

node: is_free = true, size = 1051, ptr_start = 0x55ab9c411b95, i = 6

totalSize = 10000, fillRatio = 0.50, minBlockSize = 1000, maxBlockSize = 2000, iterations = 10000

newBlockSize = 1853, i = 6072

_memory starts = 0x55ab9c3b0060

node: is_free = true, size = 1813, ptr_start = 0x55ab9c40f8a0, i = 0

node: is_free = false, size = 1840, ptr_start = 0x55ab9c40ffb5, i = 1

node: is_free = true, size = 825, ptr_start = 0x55ab9c4106e5, i = 2

node: is_free = false, size = 1590, ptr_start = 0x55ab9c410a1e, i = 3

node: is_free = true, size = 1647, ptr_start = 0x55ab9c411054, i = 4

node: is_free = false, size = 1234, ptr_start = 0x55ab9c4116c3, i = 5

node: is_free = true, size = 1051, ptr_start = 0x55ab9c411b95, i = 6

totalSize = 10000, fillRatio = 0.50, minBlockSize = 1000, maxBlockSize = 2000, iterations = 10000

newBlockSize = 1733, i = 6090

_memory starts = 0x55ab9c3b0060

node: is_free = true, size = 1520, ptr_start = 0x55ab9c40f8a0, i = 0

node: is_free = false, size = 1129, ptr_start = 0x55ab9c40fe90, i = 1

node: is_free = false, size = 1085, ptr_start = 0x55ab9c4102f9, i = 2

node: is_free = true, size = 1197, ptr_start = 0x55ab9c410736, i = 3

node: is_free = false, size = 1141, ptr_start = 0x55ab9c410be3, i = 4

node: is_free = true, size = 1128, ptr_start = 0x55ab9c411058, i = 5

node: is_free = false, size = 1224, ptr_start = 0x55ab9c4114c0, i = 6

node: is_free = true, size = 1576, ptr_start = 0x55ab9c411988, i = 7

totalSize = 10000, fillRatio = 0.50, minBlockSize = 1000, maxBlockSize = 2000, iterations = 10000

newBlockSize = 1946, i = 6245

_memory starts = 0x55ab9c3b0060

node: is_free = false, size = 1021, ptr_start = 0x55ab9c40f8a0, i = 0

node: is_free = true, size = 1354, ptr_start = 0x55ab9c40fc9d, i = 1

node: is_free = false, size = 1156, ptr_start = 0x55ab9c4101e7, i = 2

node: is_free = true, size = 1917, ptr_start = 0x55ab9c41066b, i = 3

node: is_free = false, size = 1167, ptr_start = 0x55ab9c410de8, i = 4

node: is_free = true, size = 1384, ptr_start = 0x55ab9c411277, i = 5

node: is_free = false, size = 1137, ptr_start = 0x55ab9c4117df, i = 6

node: is_free = true, size = 864, ptr_start = 0x55ab9c411c50, i = 7

totalSize = 10000, fillRatio = 0.50, minBlockSize = 1000, maxBlockSize = 2000, iterations = 10000

newBlockSize = 1977, i = 6248

_memory starts = 0x55ab9c3b0060

node: is_free = false, size = 1021, ptr_start = 0x55ab9c40f8a0, i = 0

node: is_free = true, size = 1354, ptr_start = 0x55ab9c40fc9d, i = 1

node: is_free = false, size = 1156, ptr_start = 0x55ab9c4101e7, i = 2

node: is_free = true, size = 1917, ptr_start = 0x55ab9c41066b, i = 3

node: is_free = false, size = 1167, ptr_start = 0x55ab9c410de8, i = 4

node: is_free = false, size = 1516, ptr_start = 0x55ab9c411277, i = 5

node: is_free = true, size = 1869, ptr_start = 0x55ab9c411863, i = 6

totalSize = 10000, fillRatio = 0.50, minBlockSize = 1000, maxBlockSize = 2000, iterations = 10000

newBlockSize = 1719, i = 6410

_memory starts = 0x55ab9c3b0060

node: is_free = true, size = 1665, ptr_start = 0x55ab9c40f8a0, i = 0

node: is_free = false, size = 1721, ptr_start = 0x55ab9c40ff21, i = 1

node: is_free = true, size = 955, ptr_start = 0x55ab9c4105da, i = 2

node: is_free = false, size = 1803, ptr_start = 0x55ab9c410995, i = 3

node: is_free = true, size = 1393, ptr_start = 0x55ab9c4110a0, i = 4

node: is_free = false, size = 1214, ptr_start = 0x55ab9c411611, i = 5

node: is_free = true, size = 1249, ptr_start = 0x55ab9c411acf, i = 6

totalSize = 10000, fillRatio = 0.50, minBlockSize = 1000, maxBlockSize = 2000, iterations = 10000

newBlockSize = 1458, i = 6569

_memory starts = 0x55ab9c3b0060

node: is_free = true, size = 1193, ptr_start = 0x55ab9c40f8a0, i = 0

node: is_free = false, size = 1286, ptr_start = 0x55ab9c40fd49, i = 1

node: is_free = true, size = 1362, ptr_start = 0x55ab9c41024f, i = 2

node: is_free = false, size = 1937, ptr_start = 0x55ab9c4107a1, i = 3

node: is_free = true, size = 1419, ptr_start = 0x55ab9c410f32, i = 4

node: is_free = false, size = 1368, ptr_start = 0x55ab9c4114bd, i = 5

node: is_free = true, size = 1435, ptr_start = 0x55ab9c411a15, i = 6

totalSize = 10000, fillRatio = 0.50, minBlockSize = 1000, maxBlockSize = 2000, iterations = 10000

newBlockSize = 1930, i = 7367

_memory starts = 0x55ab9c3b0060

node: is_free = false, size = 1088, ptr_start = 0x55ab9c40f8a0, i = 0

node: is_free = true, size = 1867, ptr_start = 0x55ab9c40fce0, i = 1

node: is_free = false, size = 1191, ptr_start = 0x55ab9c41042b, i = 2

node: is_free = false, size = 1038, ptr_start = 0x55ab9c4108d2, i = 3

node: is_free = true, size = 1609, ptr_start = 0x55ab9c410ce0, i = 4

node: is_free = false, size = 1443, ptr_start = 0x55ab9c411329, i = 5

node: is_free = true, size = 1764, ptr_start = 0x55ab9c4118cc, i = 6

totalSize = 10000, fillRatio = 0.50, minBlockSize = 1000, maxBlockSize = 2000, iterations = 10000

newBlockSize = 1979, i = 7525

_memory starts = 0x55ab9c3b0060

node: is_free = true, size = 1150, ptr_start = 0x55ab9c40f8a0, i = 0

node: is_free = false, size = 1279, ptr_start = 0x55ab9c40fd1e, i = 1

node: is_free = true, size = 1734, ptr_start = 0x55ab9c41021d, i = 2

node: is_free = false, size = 1213, ptr_start = 0x55ab9c4108e3, i = 3

node: is_free = true, size = 1619, ptr_start = 0x55ab9c410da0, i = 4

node: is_free = false, size = 1769, ptr_start = 0x55ab9c4113f3, i = 5

node: is_free = true, size = 1236, ptr_start = 0x55ab9c411adc, i = 6

totalSize = 10000, fillRatio = 0.50, minBlockSize = 1000, maxBlockSize = 2000, iterations = 10000

newBlockSize = 1993, i = 7662

_memory starts = 0x55ab9c3b0060

node: is_free = true, size = 1969, ptr_start = 0x55ab9c40f8a0, i = 0

node: is_free = false, size = 1590, ptr_start = 0x55ab9c410051, i = 1

node: is_free = true, size = 1160, ptr_start = 0x55ab9c410687, i = 2

node: is_free = false, size = 1602, ptr_start = 0x55ab9c410b0f, i = 3

node: is_free = true, size = 588, ptr_start = 0x55ab9c411151, i = 4

node: is_free = false, size = 1314, ptr_start = 0x55ab9c41139d, i = 5

node: is_free = true, size = 1777, ptr_start = 0x55ab9c4118bf, i = 6

totalSize = 10000, fillRatio = 0.50, minBlockSize = 1000, maxBlockSize = 2000, iterations = 10000

newBlockSize = 1767, i = 7687

_memory starts = 0x55ab9c3b0060

node: is_free = true, size = 1676, ptr_start = 0x55ab9c40f8a0, i = 0

node: is_free = false, size = 1412, ptr_start = 0x55ab9c40ff2c, i = 1

node: is_free = true, size = 1668, ptr_start = 0x55ab9c4104b0, i = 2

node: is_free = false, size = 1214, ptr_start = 0x55ab9c410b34, i = 3

node: is_free = true, size = 1645, ptr_start = 0x55ab9c410ff2, i = 4

node: is_free = false, size = 1411, ptr_start = 0x55ab9c41165f, i = 5

node: is_free = true, size = 974, ptr_start = 0x55ab9c411be2, i = 6

totalSize = 10000, fillRatio = 0.50, minBlockSize = 1000, maxBlockSize = 2000, iterations = 10000

newBlockSize = 1977, i = 7762

_memory starts = 0x55ab9c3b0060

node: is_free = true, size = 1283, ptr_start = 0x55ab9c40f8a0, i = 0

node: is_free = false, size = 1424, ptr_start = 0x55ab9c40fda3, i = 1

node: is_free = true, size = 1013, ptr_start = 0x55ab9c410333, i = 2

node: is_free = false, size = 1762, ptr_start = 0x55ab9c410728, i = 3

node: is_free = true, size = 1265, ptr_start = 0x55ab9c410e0a, i = 4

node: is_free = false, size = 1391, ptr_start = 0x55ab9c4112fb, i = 5

node: is_free = true, size = 1862, ptr_start = 0x55ab9c41186a, i = 6

totalSize = 10000, fillRatio = 0.50, minBlockSize = 1000, maxBlockSize = 2000, iterations = 10000

newBlockSize = 1779, i = 8979

_memory starts = 0x55ab9c3b0060

node: is_free = true, size = 1711, ptr_start = 0x55ab9c40f8a0, i = 0

node: is_free = false, size = 1557, ptr_start = 0x55ab9c40ff4f, i = 1

node: is_free = true, size = 1252, ptr_start = 0x55ab9c410564, i = 2

node: is_free = false, size = 1859, ptr_start = 0x55ab9c410a48, i = 3

node: is_free = true, size = 1554, ptr_start = 0x55ab9c41118b, i = 4

node: is_free = false, size = 1530, ptr_start = 0x55ab9c41179d, i = 5

node: is_free = true, size = 537, ptr_start = 0x55ab9c411d97, i = 6

totalSize = 10000, fillRatio = 0.50, minBlockSize = 1000, maxBlockSize = 2000, iterations = 10000

newBlockSize = 1996, i = 8986

_memory starts = 0x55ab9c3b0060

node: is_free = true, size = 1711, ptr_start = 0x55ab9c40f8a0, i = 0

node: is_free = false, size = 1557, ptr_start = 0x55ab9c40ff4f, i = 1

node: is_free = true, size = 1252, ptr_start = 0x55ab9c410564, i = 2

node: is_free = false, size = 1859, ptr_start = 0x55ab9c410a48, i = 3

node: is_free = true, size = 1000, ptr_start = 0x55ab9c41118b, i = 4

node: is_free = false, size = 1198, ptr_start = 0x55ab9c411573, i = 5

node: is_free = true, size = 1423, ptr_start = 0x55ab9c411a21, i = 6

totalSize = 10000, fillRatio = 0.50, minBlockSize = 1000, maxBlockSize = 2000, iterations = 10000

newBlockSize = 1845, i = 9335

_memory starts = 0x55ab9c3b0060

node: is_free = false, size = 1267, ptr_start = 0x55ab9c40f8a0, i = 0

node: is_free = true, size = 1744, ptr_start = 0x55ab9c40fd93, i = 1

node: is_free = false, size = 1858, ptr_start = 0x55ab9c410463, i = 2

node: is_free = true, size = 1784, ptr_start = 0x55ab9c410ba5, i = 3

node: is_free = false, size = 1766, ptr_start = 0x55ab9c41129d, i = 4

node: is_free = true, size = 1581, ptr_start = 0x55ab9c411983, i = 5

totalSize = 10000, fillRatio = 0.50, minBlockSize = 1000, maxBlockSize = 2000, iterations = 10000

newBlockSize = 1925, i = 9423

_memory starts = 0x55ab9c3b0060

node: is_free = false, size = 1364, ptr_start = 0x55ab9c40f8a0, i = 0

node: is_free = true, size = 1713, ptr_start = 0x55ab9c40fdf4, i = 1

node: is_free = false, size = 1054, ptr_start = 0x55ab9c4104a5, i = 2

node: is_free = true, size = 1774, ptr_start = 0x55ab9c4108c3, i = 3

node: is_free = false, size = 1327, ptr_start = 0x55ab9c410fb1, i = 4

node: is_free = false, size = 1137, ptr_start = 0x55ab9c4114e0, i = 5

node: is_free = true, size = 1631, ptr_start = 0x55ab9c411951, i = 6

totalSize = 10000, fillRatio = 0.50, minBlockSize = 1000, maxBlockSize = 2000, iterations = 10000

newBlockSize = 1783, i = 9668

_memory starts = 0x55ab9c3b0060

node: is_free = true, size = 1562, ptr_start = 0x55ab9c40f8a0, i = 0

node: is_free = false, size = 1012, ptr_start = 0x55ab9c40feba, i = 1

node: is_free = true, size = 1476, ptr_start = 0x55ab9c4102ae, i = 2

node: is_free = false, size = 1020, ptr_start = 0x55ab9c410872, i = 3

node: is_free = false, size = 1041, ptr_start = 0x55ab9c410c6e, i = 4

node: is_free = true, size = 1398, ptr_start = 0x55ab9c41107f, i = 5

node: is_free = false, size = 1812, ptr_start = 0x55ab9c4115f5, i = 6

node: is_free = true, size = 679, ptr_start = 0x55ab9c411d09, i = 7

totalSize = 10000, fillRatio = 0.50, minBlockSize = 1000, maxBlockSize = 2000, iterations = 10000

newBlockSize = 1859, i = 9734

_memory starts = 0x55ab9c3b0060

node: is_free = true, size = 1652, ptr_start = 0x55ab9c40f8a0, i = 0

node: is_free = false, size = 1740, ptr_start = 0x55ab9c40ff14, i = 1

node: is_free = true, size = 1043, ptr_start = 0x55ab9c4105e0, i = 2

node: is_free = false, size = 1751, ptr_start = 0x55ab9c4109f3, i = 3

node: is_free = true, size = 1773, ptr_start = 0x55ab9c4110ca, i = 4

node: is_free = false, size = 1324, ptr_start = 0x55ab9c4117b7, i = 5

node: is_free = true, size = 717, ptr_start = 0x55ab9c411ce3, i = 6

totalSize = 10000, fillRatio = 0.50, minBlockSize = 1000, maxBlockSize = 2000, iterations = 10000

newBlockSize = 1876, i = 9895

_memory starts = 0x55ab9c3b0060

node: is_free = true, size = 1766, ptr_start = 0x55ab9c40f8a0, i = 0

node: is_free = false, size = 1471, ptr_start = 0x55ab9c40ff86, i = 1

node: is_free = true, size = 1017, ptr_start = 0x55ab9c410545, i = 2

node: is_free = false, size = 1417, ptr_start = 0x55ab9c41093e, i = 3

node: is_free = true, size = 1813, ptr_start = 0x55ab9c410ec7, i = 4

node: is_free = false, size = 1990, ptr_start = 0x55ab9c4115dc, i = 5

node: is_free = true, size = 526, ptr_start = 0x55ab9c411da2, i = 6

totalSize = 10000, fillRatio = 0.50, minBlockSize = 1000, maxBlockSize = 2000, iterations = 10000

newBlockSize = 1970, i = 9900

_memory starts = 0x55ab9c3b0060

node: is_free = true, size = 1766, ptr_start = 0x55ab9c40f8a0, i = 0

node: is_free = false, size = 1471, ptr_start = 0x55ab9c40ff86, i = 1

node: is_free = true, size = 1017, ptr_start = 0x55ab9c410545, i = 2

node: is_free = false, size = 1417, ptr_start = 0x55ab9c41093e, i = 3

node: is_free = true, size = 1620, ptr_start = 0x55ab9c410ec7, i = 4

node: is_free = false, size = 1394, ptr_start = 0x55ab9c41151b, i = 5

node: is_free = true, size = 1315, ptr_start = 0x55ab9c411a8d, i = 6
	=== worst ===
	Test took 2.30ms.
	Average hole size: 2405.219600
	Average largest free block: 3111.362500
	Average allocated bytes: 4951.834100
	Average number of small blocks: 0.027800
	Failed allocations: 48
Running randomized tests: pool size == 10000, fill ratio == 0.500000, block size is from 1 to 3000, 10000 iterations

totalSize = 10000, fillRatio = 0.50, minBlockSize = 1, maxBlockSize = 3000, iterations = 10000

newBlockSize = 2535, i = 24

_memory starts = 0x55ab9c3b0060

node: is_free = false, size = 1306, ptr_start = 0x55ab9c40f8a0, i = 0

node: is_free = false, size = 1492, ptr_start = 0x55ab9c40fdba, i = 1

node: is_free = true, size = 1961, ptr_start = 0x55ab9c41038e, i = 2

node: is_free = false, size = 295, ptr_start = 0x55ab9c410b37, i = 3

node: is_free = true, size = 2041, ptr_start = 0x55ab9c410c5e, i = 4

node: is_free = false, size = 1899, ptr_start = 0x55ab9c411457, i = 5

node: is_free = true, size = 1006, ptr_start = 0x55ab9c411bc2, i = 6

totalSize = 10000, fillRatio = 0.50, minBlockSize = 1, maxBlockSize = 3000, iterations = 10000

newBlockSize = 2973, i = 41

_memory starts = 0x55ab9c3b0060

node: is_free = true, size = 2675, ptr_start = 0x55ab9c40f8a0, i = 0

node: is_free = false, size = 1648, ptr_start = 0x55ab9c410313, i = 1

node: is_free = true, size = 1775, ptr_start = 0x55ab9c410983, i = 2

node: is_free = false, size = 2316, ptr_start = 0x55ab9c411072, i = 3

node: is_free = true, size = 1586, ptr_start = 0x55ab9c41197e, i = 4

totalSize = 10000, fillRatio = 0.50, minBlockSize = 1, maxBlockSize = 3000, iterations = 10000

newBlockSize = 2385, i = 73

_memory starts = 0x55ab9c3b0060

node: is_free = false, size = 57, ptr_start = 0x55ab9c40f8a0, i = 0

node: is_free = false, size = 382, ptr_start = 0x55ab9c40f8d9, i = 1

node: is_free = true, size = 1779, ptr_start = 0x55ab9c40fa57, i = 2

node: is_free = false, size = 1536, ptr_start = 0x55ab9c41014a, i = 3

node: is_free = true, size = 1423, ptr_start = 0x55ab9c41074a, i = 4

node: is_free = false, size = 250, ptr_start = 0x55ab9c410cd9, i = 5

node: is_free = true, size = 1767, ptr_start = 0x55ab9c410dd3, i = 6

node: is_free = false, size = 2349, ptr_start = 0x55ab9c4114ba, i = 7

node: is_free = true, size = 457, ptr_start = 0x55ab9c411de7, i = 8

totalSize = 10000, fillRatio = 0.50, minBlockSize = 1, maxBlockSize = 3000, iterations = 10000

newBlockSize = 2911, i = 80

_memory starts = 0x55ab9c3b0060

node: is_free = false, size = 57, ptr_start = 0x55ab9c40f8a0, i = 0

node: is_free = false, size = 382, ptr_start = 0x55ab9c40f8d9, i = 1

node: is_free = false, size = 1917, ptr_start = 0x55ab9c40fa57, i = 2

node: is_free = true, size = 2821, ptr_start = 0x55ab9c4101d4, i = 3

node: is_free = false, size = 250, ptr_start = 0x55ab9c410cd9, i = 4

node: is_free = false, size = 1989, ptr_start = 0x55ab9c410dd3, i = 5

node: is_free = true, size = 2584, ptr_start = 0x55ab9c411598, i = 6

totalSize = 10000, fillRatio = 0.50, minBlockSize = 1, maxBlockSize = 3000, iterations = 10000

newBlockSize = 2424, i = 89

_memory starts = 0x55ab9c3b0060

node: is_free = true, size = 57, ptr_start = 0x55ab9c40f8a0, i = 0

node: is_free = false, size = 382, ptr_start = 0x55ab9c40f8d9, i = 1

node: is_free = true, size = 1917, ptr_start = 0x55ab9c40fa57, i = 2

node: is_free = false, size = 924, ptr_start = 0x55ab9c4101d4, i = 3

node: is_free = true, size = 1897, ptr_start = 0x55ab9c410570, i = 4

node: is_free = false, size = 250, ptr_start = 0x55ab9c410cd9, i = 5

node: is_free = false, size = 1989, ptr_start = 0x55ab9c410dd3, i = 6

node: is_free = false, size = 1168, ptr_start = 0x55ab9c411598, i = 7

node: is_free = true, size = 1416, ptr_start = 0x55ab9c411a28, i = 8

totalSize = 10000, fillRatio = 0.50, minBlockSize = 1, maxBlockSize = 3000, iterations = 10000

newBlockSize = 2983, i = 112

_memory starts = 0x55ab9c3b0060

node: is_free = false, size = 510, ptr_start = 0x55ab9c40f8a0, i = 0

node: is_free = false, size = 784, ptr_start = 0x55ab9c40fa9e, i = 1

node: is_free = true, size = 1677, ptr_start = 0x55ab9c40fdae, i = 2

node: is_free = false, size = 1873, ptr_start = 0x55ab9c41043b, i = 3

node: is_free = false, size = 842, ptr_start = 0x55ab9c410b8c, i = 4

node: is_free = true, size = 1170, ptr_start = 0x55ab9c410ed6, i = 5

node: is_free = false, size = 990, ptr_start = 0x55ab9c411368, i = 6

node: is_free = true, size = 2154, ptr_start = 0x55ab9c411746, i = 7

totalSize = 10000, fillRatio = 0.50, minBlockSize = 1, maxBlockSize = 3000, iterations = 10000

newBlockSize = 2933, i = 114

_memory starts = 0x55ab9c3b0060

node: is_free = false, size = 510, ptr_start = 0x55ab9c40f8a0, i = 0

node: is_free = true, size = 2461, ptr_start = 0x55ab9c40fa9e, i = 1

node: is_free = false, size = 1873, ptr_start = 0x55ab9c41043b, i = 2

node: is_free = false, size = 842, ptr_start = 0x55ab9c410b8c, i = 3

node: is_free = true, size = 1170, ptr_start = 0x55ab9c410ed6, i = 4

node: is_free = false, size = 990, ptr_start = 0x55ab9c411368, i = 5

node: is_free = true, size = 2154, ptr_start = 0x55ab9c411746, i = 6

totalSize = 10000, fillRatio = 0.50, minBlockSize = 1, maxBlockSize = 3000, iterations = 10000

newBlockSize = 2865, i = 239

_memory starts = 0x55ab9c3b0060

node: is_free = false, size = 989, ptr_start = 0x55ab9c40f8a0, i = 0

node: is_free = true, size = 2806, ptr_start = 0x55ab9c40fc7d, i = 1

node: is_free = false, size = 2559, ptr_start = 0x55ab9c410773, i = 2

node: is_free = false, size = 926, ptr_start = 0x55ab9c411172, i = 3

node: is_free = true, size = 2720, ptr_start = 0x55ab9c411510, i = 4

totalSize = 10000, fillRatio = 0.50, minBlockSize = 1, maxBlockSize = 3000, iterations = 10000

newBlockSize = 2787, i = 249

_memory starts = 0x55ab9c3b0060

node: is_free = false, size = 989, ptr_start = 0x55ab9c40f8a0, i = 0

node: is_free = true, size = 1725, ptr_start = 0x55ab9c40fc7d, i = 1

node: is_free = false, size = 343, ptr_start = 0x55ab9c41033a, i = 2

node: is_free = false, size = 1639, ptr_start = 0x55ab9c410491, i = 3

node: is_free = true, size = 1658, ptr_start = 0x55ab9c410af8, i = 4

node: is_free = false, size = 926, ptr_start = 0x55ab9c411172, i = 5

node: is_free = false, size = 266, ptr_start = 0x55ab9c411510, i = 6

node: is_free = false, size = 88, ptr_start = 0x55ab9c41161a, i = 7

node: is_free = true, size = 2366, ptr_start = 0x55ab9c411672, i = 8

totalSize = 10000, fillRatio = 0.50, minBlockSize = 1, maxBlockSize = 3000, iterations = 10000

newBlockSize = 2915, i = 251

_memory starts = 0x55ab9c3b0060

node: is_free = false, size = 989, ptr_start = 0x55ab9c40f8a0, i = 0

node: is_free = true, size = 1725, ptr_start = 0x55ab9c40fc7d, i = 1

node: is_free = false, size = 343, ptr_start = 0x55ab9c41033a, i = 2

node: is_free = false, size = 1639, ptr_start = 0x55ab9c410491, i = 3

node: is_free = true, size = 2584, ptr_start = 0x55ab9c410af8, i = 4

node: is_free = false, size = 266, ptr_start = 0x55ab9c411510, i = 5

node: is_free = false, size = 88, ptr_start = 0x55ab9c41161a, i = 6

node: is_free = true, size = 2366, ptr_start = 0x55ab9c411672, i = 7

totalSize = 10000, fillRatio = 0.50, minBlockSize = 1, maxBlockSize = 3000, iterations = 10000

newBlockSize = 2432, i = 254

_memory starts = 0x55ab9c3b0060

node: is_free = false, size = 989, ptr_start = 0x55ab9c40f8a0, i = 0

node: is_free = true, size = 1725, ptr_start = 0x55ab9c40fc7d, i = 1

node: is_free = false, size = 343, ptr_start = 0x55ab9c41033a, i = 2

node: is_free = false, size = 1639, ptr_start = 0x55ab9c410491, i = 3

node: is_free = false, size = 1801, ptr_start = 0x55ab9c410af8, i = 4

node: is_free = true, size = 1049, ptr_start = 0x55ab9c411201, i = 5

node: is_free = false, size = 88, ptr_start = 0x55ab9c41161a, i = 6

node: is_free = true, size = 2366, ptr_start = 0x55ab9c411672, i = 7

totalSize = 10000, fillRatio = 0.50, minBlockSize = 1, maxBlockSize = 3000, iterations = 10000

newBlockSize = 2374, i = 306

_memory starts = 0x55ab9c3b0060

node: is_free = true, size = 2354, ptr_start = 0x55ab9c40f8a0, i = 0

node: is_free = false, size = 1030, ptr_start = 0x55ab9c4101d2, i = 1

node: is_free = true, size = 1024, ptr_start = 0x55ab9c4105d8, i = 2

node: is_free = false, size = 698, ptr_start = 0x55ab9c4109d8, i = 3

node: is_free = true, size = 2310, ptr_start = 0x55ab9c410c92, i = 4

node: is_free = false, size = 142, ptr_start = 0x55ab9c411598, i = 5

node: is_free = false, size = 2006, ptr_start = 0x55ab9c411626, i = 6

node: is_free = true, size = 436, ptr_start = 0x55ab9c411dfc, i = 7

totalSize = 10000, fillRatio = 0.50, minBlockSize = 1, maxBlockSize = 3000, iterations = 10000

newBlockSize = 2929, i = 309

_memory starts = 0x55ab9c3b0060

node: is_free = true, size = 2354, ptr_start = 0x55ab9c40f8a0, i = 0

node: is_free = false, size = 1030, ptr_start = 0x55ab9c4101d2, i = 1

node: is_free = true, size = 1024, ptr_start = 0x55ab9c4105d8, i = 2

node: is_free = false, size = 698, ptr_start = 0x55ab9c4109d8, i = 3

node: is_free = false, size = 172, ptr_start = 0x55ab9c410c92, i = 4

node: is_free = true, size = 2280, ptr_start = 0x55ab9c410d3e, i = 5

node: is_free = false, size = 2006, ptr_start = 0x55ab9c411626, i = 6

node: is_free = true, size = 436, ptr_start = 0x55ab9c411dfc, i = 7

totalSize = 10000, fillRatio = 0.50, minBlockSize = 1, maxBlockSize = 3000, iterations = 10000

newBlockSize = 2544, i = 454

_memory starts = 0x55ab9c3b0060

node: is_free = true, size = 2301, ptr_start = 0x55ab9c40f8a0, i = 0

node: is_free = false, size = 162, ptr_start = 0x55ab9c41019d, i = 1

node: is_free = false, size = 655, ptr_start = 0x55ab9c41023f, i = 2

node: is_free = true, size = 1206, ptr_start = 0x55ab9c4104ce, i = 3

node: is_free = false, size = 197, ptr_start = 0x55ab9c410984, i = 4

node: is_free = true, size = 504, ptr_start = 0x55ab9c410a49, i = 5

node: is_free = false, size = 2503, ptr_start = 0x55ab9c410c41, i = 6

node: is_free = true, size = 2472, ptr_start = 0x55ab9c411608, i = 7

totalSize = 10000, fillRatio = 0.50, minBlockSize = 1, maxBlockSize = 3000, iterations = 10000

newBlockSize = 2780, i = 461

_memory starts = 0x55ab9c3b0060

node: is_free = false, size = 1689, ptr_start = 0x55ab9c40f8a0, i = 0

node: is_free = true, size = 774, ptr_start = 0x55ab9c40ff39, i = 1

node: is_free = false, size = 655, ptr_start = 0x55ab9c41023f, i = 2

node: is_free = true, size = 1206, ptr_start = 0x55ab9c4104ce, i = 3

node: is_free = false, size = 197, ptr_start = 0x55ab9c410984, i = 4

node: is_free = false, size = 1007, ptr_start = 0x55ab9c410a49, i = 5

node: is_free = true, size = 2000, ptr_start = 0x55ab9c410e38, i = 6

node: is_free = false, size = 1235, ptr_start = 0x55ab9c411608, i = 7

node: is_free = true, size = 1237, ptr_start = 0x55ab9c411adb, i = 8

totalSize = 10000, fillRatio = 0.50, minBlockSize = 1, maxBlockSize = 3000, iterations = 10000

newBlockSize = 2594, i = 464

_memory starts = 0x55ab9c3b0060

node: is_free = false, size = 1307, ptr_start = 0x55ab9c40f8a0, i = 0

node: is_free = true, size = 1156, ptr_start = 0x55ab9c40fdbb, i = 1

node: is_free = false, size = 655, ptr_start = 0x55ab9c41023f, i = 2

node: is_free = true, size = 1206, ptr_start = 0x55ab9c4104ce, i = 3

node: is_free = false, size = 197, ptr_start = 0x55ab9c410984, i = 4

node: is_free = false, size = 1007, ptr_start = 0x55ab9c410a49, i = 5

node: is_free = true, size = 2000, ptr_start = 0x55ab9c410e38, i = 6

node: is_free = false, size = 1235, ptr_start = 0x55ab9c411608, i = 7

node: is_free = true, size = 1237, ptr_start = 0x55ab9c411adb, i = 8

totalSize = 10000, fillRatio = 0.50, minBlockSize = 1, maxBlockSize = 3000, iterations = 10000

newBlockSize = 2224, i = 488

_memory starts = 0x55ab9c3b0060

node: is_free = true, size = 146, ptr_start = 0x55ab9c40f8a0, i = 0

node: is_free = false, size = 85, ptr_start = 0x55ab9c40f932, i = 1

node: is_free = false, size = 641, ptr_start = 0x55ab9c40f987, i = 2

node: is_free = false, size = 398, ptr_start = 0x55ab9c40fc08, i = 3

node: is_free = true, size = 1848, ptr_start = 0x55ab9c40fd96, i = 4

node: is_free = false, size = 2643, ptr_start = 0x55ab9c4104ce, i = 5

node: is_free = true, size = 1322, ptr_start = 0x55ab9c410f21, i = 6

node: is_free = false, size = 1108, ptr_start = 0x55ab9c41144b, i = 7

node: is_free = true, size = 1809, ptr_start = 0x55ab9c41189f, i = 8

totalSize = 10000, fillRatio = 0.50, minBlockSize = 1, maxBlockSize = 3000, iterations = 10000

newBlockSize = 2402, i = 564

_memory starts = 0x55ab9c3b0060

node: is_free = true, size = 2346, ptr_start = 0x55ab9c40f8a0, i = 0

node: is_free = false, size = 739, ptr_start = 0x55ab9c4101ca, i = 1

node: is_free = false, size = 754, ptr_start = 0x55ab9c4104ad, i = 2

node: is_free = true, size = 534, ptr_start = 0x55ab9c41079f, i = 3

node: is_free = false, size = 1351, ptr_start = 0x55ab9c4109b5, i = 4

node: is_free = false, size = 836, ptr_start = 0x55ab9c410efc, i = 5

node: is_free = false, size = 1312, ptr_start = 0x55ab9c411240, i = 6

node: is_free = true, size = 2128, ptr_start = 0x55ab9c411760, i = 7

totalSize = 10000, fillRatio = 0.50, minBlockSize = 1, maxBlockSize = 3000, iterations = 10000

newBlockSize = 2590, i = 574

_memory starts = 0x55ab9c3b0060

node: is_free = false, size = 1345, ptr_start = 0x55ab9c40f8a0, i = 0

node: is_free = true, size = 1740, ptr_start = 0x55ab9c40fde1, i = 1

node: is_free = false, size = 754, ptr_start = 0x55ab9c4104ad, i = 2

node: is_free = true, size = 1949, ptr_start = 0x55ab9c41079f, i = 3

node: is_free = false, size = 230, ptr_start = 0x55ab9c410f3c, i = 4

node: is_free = false, size = 2519, ptr_start = 0x55ab9c411022, i = 5

node: is_free = true, size = 1463, ptr_start = 0x55ab9c4119f9, i = 6

totalSize = 10000, fillRatio = 0.50, minBlockSize = 1, maxBlockSize = 3000, iterations = 10000

newBlockSize = 2099, i = 698

_memory starts = 0x55ab9c3b0060

node: is_free = true, size = 1337, ptr_start = 0x55ab9c40f8a0, i = 0

node: is_free = false, size = 109, ptr_start = 0x55ab9c40fdd9, i = 1

node: is_free = true, size = 1528, ptr_start = 0x55ab9c40fe46, i = 2

node: is_free = false, size = 1815, ptr_start = 0x55ab9c41043e, i = 3

node: is_free = true, size = 1760, ptr_start = 0x55ab9c410b55, i = 4

node: is_free = false, size = 2340, ptr_start = 0x55ab9c411235, i = 5

node: is_free = true, size = 1111, ptr_start = 0x55ab9c411b59, i = 6

totalSize = 10000, fillRatio = 0.50, minBlockSize = 1, maxBlockSize = 3000, iterations = 10000

newBlockSize = 1962, i = 704

_memory starts = 0x55ab9c3b0060

node: is_free = true, size = 1337, ptr_start = 0x55ab9c40f8a0, i = 0

node: is_free = false, size = 109, ptr_start = 0x55ab9c40fdd9, i = 1

node: is_free = true, size = 1528, ptr_start = 0x55ab9c40fe46, i = 2

node: is_free = false, size = 1815, ptr_start = 0x55ab9c41043e, i = 3

node: is_free = true, size = 1014, ptr_start = 0x55ab9c410b55, i = 4

node: is_free = false, size = 969, ptr_start = 0x55ab9c410f4b, i = 5

node: is_free = false, size = 1481, ptr_start = 0x55ab9c411314, i = 6

node: is_free = true, size = 1747, ptr_start = 0x55ab9c4118dd, i = 7

totalSize = 10000, fillRatio = 0.50, minBlockSize = 1, maxBlockSize = 3000, iterations = 10000

newBlockSize = 2265, i = 709

_memory starts = 0x55ab9c3b0060

node: is_free = true, size = 1337, ptr_start = 0x55ab9c40f8a0, i = 0

node: is_free = false, size = 109, ptr_start = 0x55ab9c40fdd9, i = 1

node: is_free = true, size = 929, ptr_start = 0x55ab9c40fe46, i = 2

node: is_free = false, size = 2040, ptr_start = 0x55ab9c4101e7, i = 3

node: is_free = true, size = 1388, ptr_start = 0x55ab9c4109df, i = 4

node: is_free = false, size = 969, ptr_start = 0x55ab9c410f4b, i = 5

node: is_free = false, size = 1481, ptr_start = 0x55ab9c411314, i = 6

node: is_free = true, size = 1747, ptr_start = 0x55ab9c4118dd, i = 7

totalSize = 10000, fillRatio = 0.50, minBlockSize = 1, maxBlockSize = 3000, iterations = 10000

newBlockSize = 2807, i = 711

_memory starts = 0x55ab9c3b0060

node: is_free = true, size = 2375, ptr_start = 0x55ab9c40f8a0, i = 0

node: is_free = false, size = 2040, ptr_start = 0x55ab9c4101e7, i = 1

node: is_free = true, size = 1388, ptr_start = 0x55ab9c4109df, i = 2

node: is_free = false, size = 969, ptr_start = 0x55ab9c410f4b, i = 3

node: is_free = false, size = 1481, ptr_start = 0x55ab9c411314, i = 4

node: is_free = true, size = 1747, ptr_start = 0x55ab9c4118dd, i = 5

totalSize = 10000, fillRatio = 0.50, minBlockSize = 1, maxBlockSize = 3000, iterations = 10000

newBlockSize = 2969, i = 742

_memory starts = 0x55ab9c3b0060

node: is_free = false, size = 1486, ptr_start = 0x55ab9c40f8a0, i = 0

node: is_free = false, size = 662, ptr_start = 0x55ab9c40fe6e, i = 1

node: is_free = true, size = 2647, ptr_start = 0x55ab9c410104, i = 2

node: is_free = false, size = 118, ptr_start = 0x55ab9c410b5b, i = 3

node: is_free = false, size = 87, ptr_start = 0x55ab9c410bd1, i = 4

node: is_free = true, size = 2923, ptr_start = 0x55ab9c410c28, i = 5

node: is_free = false, size = 1581, ptr_start = 0x55ab9c411793, i = 6

node: is_free = true, size = 496, ptr_start = 0x55ab9c411dc0, i = 7

totalSize = 10000, fillRatio = 0.50, minBlockSize = 1, maxBlockSize = 3000, iterations = 10000

newBlockSize = 2421, i = 818

_memory starts = 0x55ab9c3b0060

node: is_free = false, size = 744, ptr_start = 0x55ab9c40f8a0, i = 0

node: is_free = true, size = 1151, ptr_start = 0x55ab9c40fb88, i = 1

node: is_free = false, size = 1398, ptr_start = 0x55ab9c410007, i = 2

node: is_free = false, size = 138, ptr_start = 0x55ab9c41057d, i = 3

node: is_free = false, size = 470, ptr_start = 0x55ab9c410607, i = 4

node: is_free = true, size = 1406, ptr_start = 0x55ab9c4107dd, i = 5

node: is_free = false, size = 957, ptr_start = 0x55ab9c410d5b, i = 6

node: is_free = true, size = 1497, ptr_start = 0x55ab9c411118, i = 7

node: is_free = false, size = 663, ptr_start = 0x55ab9c4116f1, i = 8

node: is_free = true, size = 1576, ptr_start = 0x55ab9c411988, i = 9

totalSize = 10000, fillRatio = 0.50, minBlockSize = 1, maxBlockSize = 3000, iterations = 10000

newBlockSize = 2331, i = 840

_memory starts = 0x55ab9c3b0060

node: is_free = true, size = 1236, ptr_start = 0x55ab9c40f8a0, i = 0

node: is_free = false, size = 1072, ptr_start = 0x55ab9c40fd74, i = 1

node: is_free = true, size = 1350, ptr_start = 0x55ab9c4101a4, i = 2

node: is_free = false, size = 1506, ptr_start = 0x55ab9c4106ea, i = 3

node: is_free = true, size = 2312, ptr_start = 0x55ab9c410ccc, i = 4

node: is_free = false, size = 2070, ptr_start = 0x55ab9c4115d4, i = 5

node: is_free = true, size = 454, ptr_start = 0x55ab9c411dea, i = 6

totalSize = 10000, fillRatio = 0.50, minBlockSize = 1, maxBlockSize = 3000, iterations = 10000

newBlockSize = 2679, i = 1045

_memory starts = 0x55ab9c3b0060

node: is_free = true, size = 1168, ptr_start = 0x55ab9c40f8a0, i = 0

node: is_free = false, size = 1013, ptr_start = 0x55ab9c40fd30, i = 1

node: is_free = true, size = 1122, ptr_start = 0x55ab9c410125, i = 2

node: is_free = false, size = 468, ptr_start = 0x55ab9c410587, i = 3

node: is_free = false, size = 1455, ptr_start = 0x55ab9c41075b, i = 4

node: is_free = true, size = 1590, ptr_start = 0x55ab9c410d0a, i = 5

node: is_free = false, size = 857, ptr_start = 0x55ab9c411340, i = 6

node: is_free = false, size = 678, ptr_start = 0x55ab9c411699, i = 7

node: is_free = true, size = 1649, ptr_start = 0x55ab9c41193f, i = 8

totalSize = 10000, fillRatio = 0.50, minBlockSize = 1, maxBlockSize = 3000, iterations = 10000

newBlockSize = 1967, i = 1047

_memory starts = 0x55ab9c3b0060

node: is_free = true, size = 1168, ptr_start = 0x55ab9c40f8a0, i = 0

node: is_free = false, size = 1013, ptr_start = 0x55ab9c40fd30, i = 1

node: is_free = true, size = 1590, ptr_start = 0x55ab9c410125, i = 2

node: is_free = false, size = 1455, ptr_start = 0x55ab9c41075b, i = 3

node: is_free = true, size = 1590, ptr_start = 0x55ab9c410d0a, i = 4

node: is_free = false, size = 857, ptr_start = 0x55ab9c411340, i = 5

node: is_free = false, size = 678, ptr_start = 0x55ab9c411699, i = 6

node: is_free = true, size = 1649, ptr_start = 0x55ab9c41193f, i = 7

totalSize = 10000, fillRatio = 0.50, minBlockSize = 1, maxBlockSize = 3000, iterations = 10000

newBlockSize = 2215, i = 1054

_memory starts = 0x55ab9c3b0060

node: is_free = true, size = 1168, ptr_start = 0x55ab9c40f8a0, i = 0

node: is_free = false, size = 1013, ptr_start = 0x55ab9c40fd30, i = 1

node: is_free = true, size = 1590, ptr_start = 0x55ab9c410125, i = 2

node: is_free = false, size = 1455, ptr_start = 0x55ab9c41075b, i = 3

node: is_free = true, size = 1590, ptr_start = 0x55ab9c410d0a, i = 4

node: is_free = false, size = 857, ptr_start = 0x55ab9c411340, i = 5

node: is_free = false, size = 291, ptr_start = 0x55ab9c411699, i = 6

node: is_free = true, size = 2036, ptr_start = 0x55ab9c4117bc, i = 7

totalSize = 10000, fillRatio = 0.50, minBlockSize = 1, maxBlockSize = 3000, iterations = 10000

newBlockSize = 2408, i = 1116

_memory starts = 0x55ab9c3b0060

node: is_free = false, size = 248, ptr_start = 0x55ab9c40f8a0, i = 0

node: is_free = true, size = 1969, ptr_start = 0x55ab9c40f998, i = 1

node: is_free = false, size = 1449, ptr_start = 0x55ab9c410149, i = 2

node: is_free = true, size = 1905, ptr_start = 0x55ab9c4106f2, i = 3

node: is_free = false, size = 448, ptr_start = 0x55ab9c410e63, i = 4

node: is_free = false, size = 836, ptr_start = 0x55ab9c411023, i = 5

node: is_free = false, size = 77, ptr_start = 0x55ab9c411367, i = 6

node: is_free = false, size = 481, ptr_start = 0x55ab9c4113b4, i = 7

node: is_free = true, size = 31, ptr_start = 0x55ab9c411595, i = 8

node: is_free = false, size = 1460, ptr_start = 0x55ab9c4115b4, i = 9

node: is_free = true, size = 1096, ptr_start = 0x55ab9c411b68, i = 10

totalSize = 10000, fillRatio = 0.50, minBlockSize = 1, maxBlockSize = 3000, iterations = 10000

newBlockSize = 2847, i = 1154

_memory starts = 0x55ab9c3b0060

node: is_free = false, size = 288, ptr_start = 0x55ab9c40f8a0, i = 0

node: is_free = true, size = 989, ptr_start = 0x55ab9c40f9c0, i = 1

node: is_free = false, size = 1510, ptr_start = 0x55ab9c40fd9d, i = 2

node: is_free = false, size = 2582, ptr_start = 0x55ab9c410383, i = 3

node: is_free = true, size = 1800, ptr_start = 0x55ab9c410d99, i = 4

node: is_free = false, size = 471, ptr_start = 0x55ab9c4114a1, i = 5

node: is_free = true, size = 2360, ptr_start = 0x55ab9c411678, i = 6

totalSize = 10000, fillRatio = 0.50, minBlockSize = 1, maxBlockSize = 3000, iterations = 10000

newBlockSize = 2327, i = 1202

_memory starts = 0x55ab9c3b0060

node: is_free = false, size = 6, ptr_start = 0x55ab9c40f8a0, i = 0

node: is_free = true, size = 1120, ptr_start = 0x55ab9c40f8a6, i = 1

node: is_free = false, size = 1024, ptr_start = 0x55ab9c40fd06, i = 2

node: is_free = true, size = 1361, ptr_start = 0x55ab9c410106, i = 3

node: is_free = false, size = 590, ptr_start = 0x55ab9c410657, i = 4

node: is_free = false, size = 557, ptr_start = 0x55ab9c4108a5, i = 5

node: is_free = false, size = 354, ptr_start = 0x55ab9c410ad2, i = 6

node: is_free = true, size = 1969, ptr_start = 0x55ab9c410c34, i = 7

node: is_free = false, size = 1097, ptr_start = 0x55ab9c4113e5, i = 8

node: is_free = false, size = 380, ptr_start = 0x55ab9c41182e, i = 9

node: is_free = true, size = 1542, ptr_start = 0x55ab9c4119aa, i = 10

totalSize = 10000, fillRatio = 0.50, minBlockSize = 1, maxBlockSize = 3000, iterations = 10000

newBlockSize = 2278, i = 1220

_memory starts = 0x55ab9c3b0060

node: is_free = true, size = 1126, ptr_start = 0x55ab9c40f8a0, i = 0

node: is_free = false, size = 1024, ptr_start = 0x55ab9c40fd06, i = 1

node: is_free = true, size = 1951, ptr_start = 0x55ab9c410106, i = 2

node: is_free = false, size = 557, ptr_start = 0x55ab9c4108a5, i = 3

node: is_free = true, size = 354, ptr_start = 0x55ab9c410ad2, i = 4

node: is_free = false, size = 201, ptr_start = 0x55ab9c410c34, i = 5

node: is_free = false, size = 287, ptr_start = 0x55ab9c410cfd, i = 6

node: is_free = false, size = 1630, ptr_start = 0x55ab9c410e1c, i = 7

node: is_free = true, size = 1328, ptr_start = 0x55ab9c41147a, i = 8

node: is_free = false, size = 830, ptr_start = 0x55ab9c4119aa, i = 9

node: is_free = true, size = 712, ptr_start = 0x55ab9c411ce8, i = 10

totalSize = 10000, fillRatio = 0.50, minBlockSize = 1, maxBlockSize = 3000, iterations = 10000

newBlockSize = 2805, i = 1233

_memory starts = 0x55ab9c3b0060

node: is_free = false, size = 443, ptr_start = 0x55ab9c40f8a0, i = 0

node: is_free = false, size = 127, ptr_start = 0x55ab9c40fa5b, i = 1

node: is_free = false, size = 814, ptr_start = 0x55ab9c40fada, i = 2

node: is_free = false, size = 48, ptr_start = 0x55ab9c40fe08, i = 3

node: is_free = true, size = 2669, ptr_start = 0x55ab9c40fe38, i = 4

node: is_free = false, size = 557, ptr_start = 0x55ab9c4108a5, i = 5

node: is_free = true, size = 354, ptr_start = 0x55ab9c410ad2, i = 6

node: is_free = false, size = 201, ptr_start = 0x55ab9c410c34, i = 7

node: is_free = false, size = 287, ptr_start = 0x55ab9c410cfd, i = 8

node: is_free = false, size = 1630, ptr_start = 0x55ab9c410e1c, i = 9

node: is_free = true, size = 1328, ptr_start = 0x55ab9c41147a, i = 10

node: is_free = false, size = 830, ptr_start = 0x55ab9c4119aa, i = 11

node: is_free = true, size = 712, ptr_start = 0x55ab9c411ce8, i = 12

totalSize = 10000, fillRatio = 0.50, minBlockSize = 1, maxBlockSize = 3000, iterations = 10000

newBlockSize = 2986, i = 1296

_memory starts = 0x55ab9c3b0060

node: is_free = true, size = 2285, ptr_start = 0x55ab9c40f8a0, i = 0

node: is_free = false, size = 1936, ptr_start = 0x55ab9c41018d, i = 1

node: is_free = true, size = 1502, ptr_start = 0x55ab9c41091d, i = 2

node: is_free = false, size = 301, ptr_start = 0x55ab9c410efb, i = 3

node: is_free = false, size = 1226, ptr_start = 0x55ab9c411028, i = 4

node: is_free = false, size = 1348, ptr_start = 0x55ab9c4114f2, i = 5

node: is_free = true, size = 1402, ptr_start = 0x55ab9c411a36, i = 6

totalSize = 10000, fillRatio = 0.50, minBlockSize = 1, maxBlockSize = 3000, iterations = 10000

newBlockSize = 2991, i = 1351

_memory starts = 0x55ab9c3b0060

node: is_free = true, size = 2932, ptr_start = 0x55ab9c40f8a0, i = 0

node: is_free = false, size = 2569, ptr_start = 0x55ab9c410414, i = 1

node: is_free = true, size = 175, ptr_start = 0x55ab9c410e1d, i = 2

node: is_free = false, size = 2320, ptr_start = 0x55ab9c410ecc, i = 3

node: is_free = true, size = 2004, ptr_start = 0x55ab9c4117dc, i = 4

totalSize = 10000, fillRatio = 0.50, minBlockSize = 1, maxBlockSize = 3000, iterations = 10000

newBlockSize = 2794, i = 1368

_memory starts = 0x55ab9c3b0060

node: is_free = true, size = 51, ptr_start = 0x55ab9c40f8a0, i = 0

node: is_free = false, size = 534, ptr_start = 0x55ab9c40f8d3, i = 1

node: is_free = true, size = 1890, ptr_start = 0x55ab9c40fae9, i = 2

node: is_free = false, size = 1855, ptr_start = 0x55ab9c41024b, i = 3

node: is_free = true, size = 692, ptr_start = 0x55ab9c41098a, i = 4

node: is_free = false, size = 1496, ptr_start = 0x55ab9c410c3e, i = 5

node: is_free = true, size = 1478, ptr_start = 0x55ab9c411216, i = 6

node: is_free = false, size = 1042, ptr_start = 0x55ab9c4117dc, i = 7

node: is_free = true, size = 962, ptr_start = 0x55ab9c411bee, i = 8

totalSize = 10000, fillRatio = 0.50, minBlockSize = 1, maxBlockSize = 3000, iterations = 10000

newBlockSize = 2912, i = 1374

_memory starts = 0x55ab9c3b0060

node: is_free = true, size = 2475, ptr_start = 0x55ab9c40f8a0, i = 0

node: is_free = false, size = 1855, ptr_start = 0x55ab9c41024b, i = 1

node: is_free = true, size = 692, ptr_start = 0x55ab9c41098a, i = 2

node: is_free = false, size = 1496, ptr_start = 0x55ab9c410c3e, i = 3

node: is_free = false, size = 1082, ptr_start = 0x55ab9c411216, i = 4

node: is_free = true, size = 2400, ptr_start = 0x55ab9c411650, i = 5

totalSize = 10000, fillRatio = 0.50, minBlockSize = 1, maxBlockSize = 3000, iterations = 10000

newBlockSize = 2513, i = 1403

_memory starts = 0x55ab9c3b0060

node: is_free = false, size = 531, ptr_start = 0x55ab9c40f8a0, i = 0

node: is_free = false, size = 788, ptr_start = 0x55ab9c40fab3, i = 1

node: is_free = false, size = 1668, ptr_start = 0x55ab9c40fdc7, i = 2

node: is_free = true, size = 2262, ptr_start = 0x55ab9c41044b, i = 3

node: is_free = false, size = 663, ptr_start = 0x55ab9c410d21, i = 4

node: is_free = true, size = 1683, ptr_start = 0x55ab9c410fb8, i = 5

node: is_free = false, size = 587, ptr_start = 0x55ab9c41164b, i = 6

node: is_free = true, size = 1818, ptr_start = 0x55ab9c411896, i = 7

totalSize = 10000, fillRatio = 0.50, minBlockSize = 1, maxBlockSize = 3000, iterations = 10000

newBlockSize = 2820, i = 1480

_memory starts = 0x55ab9c3b0060

node: is_free = true, size = 2568, ptr_start = 0x55ab9c40f8a0, i = 0

node: is_free = false, size = 1550, ptr_start = 0x55ab9c4102a8, i = 1

node: is_free = false, size = 1416, ptr_start = 0x55ab9c4108b6, i = 2

node: is_free = true, size = 1201, ptr_start = 0x55ab9c410e3e, i = 3

node: is_free = false, size = 1585, ptr_start = 0x55ab9c4112ef, i = 4

node: is_free = true, size = 1680, ptr_start = 0x55ab9c411920, i = 5

totalSize = 10000, fillRatio = 0.50, minBlockSize = 1, maxBlockSize = 3000, iterations = 10000

newBlockSize = 2451, i = 1529

_memory starts = 0x55ab9c3b0060

node: is_free = false, size = 343, ptr_start = 0x55ab9c40f8a0, i = 0

node: is_free = false, size = 220, ptr_start = 0x55ab9c40f9f7, i = 1

node: is_free = true, size = 2198, ptr_start = 0x55ab9c40fad3, i = 2

node: is_free = false, size = 598, ptr_start = 0x55ab9c410369, i = 3

node: is_free = true, size = 755, ptr_start = 0x55ab9c4105bf, i = 4

node: is_free = false, size = 2604, ptr_start = 0x55ab9c4108b2, i = 5

node: is_free = true, size = 740, ptr_start = 0x55ab9c4112de, i = 6

node: is_free = false, size = 842, ptr_start = 0x55ab9c4115c2, i = 7

node: is_free = true, size = 1700, ptr_start = 0x55ab9c41190c, i = 8

totalSize = 10000, fillRatio = 0.50, minBlockSize = 1, maxBlockSize = 3000, iterations = 10000

newBlockSize = 2296, i = 1578

_memory starts = 0x55ab9c3b0060

node: is_free = false, size = 970, ptr_start = 0x55ab9c40f8a0, i = 0

node: is_free = true, size = 1593, ptr_start = 0x55ab9c40fc6a, i = 1

node: is_free = false, size = 973, ptr_start = 0x55ab9c4102a3, i = 2

node: is_free = false, size = 704, ptr_start = 0x55ab9c410670, i = 3

node: is_free = true, size = 2150, ptr_start = 0x55ab9c410930, i = 4

node: is_free = false, size = 945, ptr_start = 0x55ab9c411196, i = 5

node: is_free = false, size = 771, ptr_start = 0x55ab9c411547, i = 6

node: is_free = true, size = 1894, ptr_start = 0x55ab9c41184a, i = 7

totalSize = 10000, fillRatio = 0.50, minBlockSize = 1, maxBlockSize = 3000, iterations = 10000

newBlockSize = 2558, i = 1581

_memory starts = 0x55ab9c3b0060

node: is_free = false, size = 970, ptr_start = 0x55ab9c40f8a0, i = 0

node: is_free = true, size = 1593, ptr_start = 0x55ab9c40fc6a, i = 1

node: is_free = false, size = 973, ptr_start = 0x55ab9c4102a3, i = 2

node: is_free = false, size = 778, ptr_start = 0x55ab9c410670, i = 3

node: is_free = true, size = 2076, ptr_start = 0x55ab9c41097a, i = 4

node: is_free = false, size = 945, ptr_start = 0x55ab9c411196, i = 5

node: is_free = false, size = 771, ptr_start = 0x55ab9c411547, i = 6

node: is_free = true, size = 1894, ptr_start = 0x55ab9c41184a, i = 7

totalSize = 10000, fillRatio = 0.50, minBlockSize = 1, maxBlockSize = 3000, iterations = 10000

newBlockSize = 2632, i = 1593

_memory starts = 0x55ab9c3b0060

node: is_free = true, size = 1078, ptr_start = 0x55ab9c40f8a0, i = 0

node: is_free = false, size = 1278, ptr_start = 0x55ab9c40fcd6, i = 1

node: is_free = true, size = 1180, ptr_start = 0x55ab9c4101d4, i = 2

node: is_free = false, size = 778, ptr_start = 0x55ab9c410670, i = 3

node: is_free = true, size = 2076, ptr_start = 0x55ab9c41097a, i = 4

node: is_free = false, size = 945, ptr_start = 0x55ab9c411196, i = 5

node: is_free = false, size = 771, ptr_start = 0x55ab9c411547, i = 6

node: is_free = false, size = 193, ptr_start = 0x55ab9c41184a, i = 7

node: is_free = false, size = 651, ptr_start = 0x55ab9c41190b, i = 8

node: is_free = true, size = 1050, ptr_start = 0x55ab9c411b96, i = 9

totalSize = 10000, fillRatio = 0.50, minBlockSize = 1, maxBlockSize = 3000, iterations = 10000

newBlockSize = 2772, i = 1595

_memory starts = 0x55ab9c3b0060

node: is_free = true, size = 1078, ptr_start = 0x55ab9c40f8a0, i = 0

node: is_free = false, size = 1278, ptr_start = 0x55ab9c40fcd6, i = 1

node: is_free = true, size = 1180, ptr_start = 0x55ab9c4101d4, i = 2

node: is_free = false, size = 778, ptr_start = 0x55ab9c410670, i = 3

node: is_free = true, size = 2076, ptr_start = 0x55ab9c41097a, i = 4

node: is_free = false, size = 945, ptr_start = 0x55ab9c411196, i = 5

node: is_free = false, size = 771, ptr_start = 0x55ab9c411547, i = 6

node: is_free = true, size = 193, ptr_start = 0x55ab9c41184a, i = 7

node: is_free = false, size = 651, ptr_start = 0x55ab9c41190b, i = 8

node: is_free = true, size = 1050, ptr_start = 0x55ab9c411b96, i = 9

totalSize = 10000, fillRatio = 0.50, minBlockSize = 1, maxBlockSize = 3000, iterations = 10000

newBlockSize = 2598, i = 1607

_memory starts = 0x55ab9c3b0060

node: is_free = true, size = 1078, ptr_start = 0x55ab9c40f8a0, i = 0

node: is_free = false, size = 1278, ptr_start = 0x55ab9c40fcd6, i = 1

node: is_free = false, size = 660, ptr_start = 0x55ab9c4101d4, i = 2

node: is_free = false, size = 90, ptr_start = 0x55ab9c410468, i = 3

node: is_free = false, size = 715, ptr_start = 0x55ab9c4104c2, i = 4

node: is_free = true, size = 2569, ptr_start = 0x55ab9c41078d, i = 5

node: is_free = false, size = 945, ptr_start = 0x55ab9c411196, i = 6

node: is_free = true, size = 964, ptr_start = 0x55ab9c411547, i = 7

node: is_free = false, size = 651, ptr_start = 0x55ab9c41190b, i = 8

node: is_free = true, size = 1050, ptr_start = 0x55ab9c411b96, i = 9

totalSize = 10000, fillRatio = 0.50, minBlockSize = 1, maxBlockSize = 3000, iterations = 10000

newBlockSize = 2675, i = 1613

_memory starts = 0x55ab9c3b0060

node: is_free = true, size = 1078, ptr_start = 0x55ab9c40f8a0, i = 0

node: is_free = false, size = 1278, ptr_start = 0x55ab9c40fcd6, i = 1

node: is_free = true, size = 750, ptr_start = 0x55ab9c4101d4, i = 2

node: is_free = false, size = 715, ptr_start = 0x55ab9c4104c2, i = 3

node: is_free = false, size = 362, ptr_start = 0x55ab9c41078d, i = 4

node: is_free = false, size = 466, ptr_start = 0x55ab9c4108f7, i = 5

node: is_free = false, size = 271, ptr_start = 0x55ab9c410ac9, i = 6

node: is_free = true, size = 1470, ptr_start = 0x55ab9c410bd8, i = 7

node: is_free = false, size = 945, ptr_start = 0x55ab9c411196, i = 8

node: is_free = true, size = 964, ptr_start = 0x55ab9c411547, i = 9

node: is_free = false, size = 651, ptr_start = 0x55ab9c41190b, i = 10

node: is_free = true, size = 1050, ptr_start = 0x55ab9c411b96, i = 11

totalSize = 10000, fillRatio = 0.50, minBlockSize = 1, maxBlockSize = 3000, iterations = 10000

newBlockSize = 2827, i = 1616

_memory starts = 0x55ab9c3b0060

node: is_free = false, size = 1548, ptr_start = 0x55ab9c40f8a0, i = 0

node: is_free = true, size = 1558, ptr_start = 0x55ab9c40feac, i = 1

node: is_free = false, size = 715, ptr_start = 0x55ab9c4104c2, i = 2

node: is_free = false, size = 362, ptr_start = 0x55ab9c41078d, i = 3

node: is_free = false, size = 466, ptr_start = 0x55ab9c4108f7, i = 4

node: is_free = false, size = 271, ptr_start = 0x55ab9c410ac9, i = 5

node: is_free = true, size = 1470, ptr_start = 0x55ab9c410bd8, i = 6

node: is_free = false, size = 945, ptr_start = 0x55ab9c411196, i = 7

node: is_free = true, size = 964, ptr_start = 0x55ab9c411547, i = 8

node: is_free = false, size = 651, ptr_start = 0x55ab9c41190b, i = 9

node: is_free = true, size = 1050, ptr_start = 0x55ab9c411b96, i = 10

totalSize = 10000, fillRatio = 0.50, minBlockSize = 1, maxBlockSize = 3000, iterations = 10000

newBlockSize = 2774, i = 1726

_memory starts = 0x55ab9c3b0060

node: is_free = false, size = 309, ptr_start = 0x55ab9c40f8a0, i = 0

node: is_free = true, size = 1739, ptr_start = 0x55ab9c40f9d5, i = 1

node: is_free = false, size = 2306, ptr_start = 0x55ab9c4100a0, i = 2

node: is_free = true, size = 1695, ptr_start = 0x55ab9c4109a2, i = 3

node: is_free = false, size = 295, ptr_start = 0x55ab9c411041, i = 4

node: is_free = true, size = 1097, ptr_start = 0x55ab9c411168, i = 5

node: is_free = false, size = 1224, ptr_start = 0x55ab9c4115b1, i = 6

node: is_free = true, size = 1335, ptr_start = 0x55ab9c411a79, i = 7

totalSize = 10000, fillRatio = 0.50, minBlockSize = 1, maxBlockSize = 3000, iterations = 10000

newBlockSize = 2991, i = 1803

_memory starts = 0x55ab9c3b0060

node: is_free = true, size = 1191, ptr_start = 0x55ab9c40f8a0, i = 0

node: is_free = false, size = 1626, ptr_start = 0x55ab9c40fd47, i = 1

node: is_free = true, size = 1773, ptr_start = 0x55ab9c4103a1, i = 2

node: is_free = false, size = 2478, ptr_start = 0x55ab9c410a8e, i = 3

node: is_free = true, size = 2932, ptr_start = 0x55ab9c41143c, i = 4

totalSize = 10000, fillRatio = 0.50, minBlockSize = 1, maxBlockSize = 3000, iterations = 10000

newBlockSize = 2478, i = 1876

_memory starts = 0x55ab9c3b0060

node: is_free = true, size = 1326, ptr_start = 0x55ab9c40f8a0, i = 0

node: is_free = false, size = 1896, ptr_start = 0x55ab9c40fdce, i = 1

node: is_free = true, size = 934, ptr_start = 0x55ab9c410536, i = 2

node: is_free = false, size = 239, ptr_start = 0x55ab9c4108dc, i = 3

node: is_free = true, size = 1592, ptr_start = 0x55ab9c4109cb, i = 4

node: is_free = false, size = 1141, ptr_start = 0x55ab9c411003, i = 5

node: is_free = true, size = 682, ptr_start = 0x55ab9c411478, i = 6

node: is_free = false, size = 1523, ptr_start = 0x55ab9c411722, i = 7

node: is_free = true, size = 667, ptr_start = 0x55ab9c411d15, i = 8

totalSize = 10000, fillRatio = 0.50, minBlockSize = 1, maxBlockSize = 3000, iterations = 10000

newBlockSize = 2744, i = 1909

_memory starts = 0x55ab9c3b0060

node: is_free = false, size = 11, ptr_start = 0x55ab9c40f8a0, i = 0

node: is_free = true, size = 318, ptr_start = 0x55ab9c40f8ab, i = 1

node: is_free = false, size = 869, ptr_start = 0x55ab9c40f9e9, i = 2

node: is_free = false, size = 266, ptr_start = 0x55ab9c40fd4e, i = 3

node: is_free = false, size = 425, ptr_start = 0x55ab9c40fe58, i = 4

node: is_free = true, size = 2353, ptr_start = 0x55ab9c410001, i = 5

node: is_free = false, size = 2001, ptr_start = 0x55ab9c410932, i = 6

node: is_free = false, size = 1309, ptr_start = 0x55ab9c411103, i = 7

node: is_free = true, size = 2448, ptr_start = 0x55ab9c411620, i = 8

totalSize = 10000, fillRatio = 0.50, minBlockSize = 1, maxBlockSize = 3000, iterations = 10000

newBlockSize = 2401, i = 1938

_memory starts = 0x55ab9c3b0060

node: is_free = false, size = 310, ptr_start = 0x55ab9c40f8a0, i = 0

node: is_free = true, size = 2084, ptr_start = 0x55ab9c40f9d6, i = 1

node: is_free = false, size = 885, ptr_start = 0x55ab9c4101fa, i = 2

node: is_free = false, size = 1684, ptr_start = 0x55ab9c41056f, i = 3

node: is_free = true, size = 1034, ptr_start = 0x55ab9c410c03, i = 4

node: is_free = false, size = 1973, ptr_start = 0x55ab9c41100d, i = 5

node: is_free = true, size = 2030, ptr_start = 0x55ab9c4117c2, i = 6

totalSize = 10000, fillRatio = 0.50, minBlockSize = 1, maxBlockSize = 3000, iterations = 10000

newBlockSize = 2621, i = 1981

_memory starts = 0x55ab9c3b0060

node: is_free = true, size = 54, ptr_start = 0x55ab9c40f8a0, i = 0

node: is_free = false, size = 894, ptr_start = 0x55ab9c40f8d6, i = 1

node: is_free = true, size = 1853, ptr_start = 0x55ab9c40fc54, i = 2

node: is_free = false, size = 2097, ptr_start = 0x55ab9c410391, i = 3

node: is_free = true, size = 1319, ptr_start = 0x55ab9c410bc2, i = 4

node: is_free = false, size = 524, ptr_start = 0x55ab9c4110e9, i = 5

node: is_free = true, size = 1442, ptr_start = 0x55ab9c4112f5, i = 6

node: is_free = false, size = 1241, ptr_start = 0x55ab9c411897, i = 7

node: is_free = true, size = 576, ptr_start = 0x55ab9c411d70, i = 8

totalSize = 10000, fillRatio = 0.50, minBlockSize = 1, maxBlockSize = 3000, iterations = 10000

newBlockSize = 1864, i = 1991

_memory starts = 0x55ab9c3b0060

node: is_free = true, size = 1798, ptr_start = 0x55ab9c40f8a0, i = 0

node: is_free = false, size = 323, ptr_start = 0x55ab9c40ffa6, i = 1

node: is_free = false, size = 2687, ptr_start = 0x55ab9c4100e9, i = 2

node: is_free = true, size = 1409, ptr_start = 0x55ab9c410b68, i = 3

node: is_free = false, size = 524, ptr_start = 0x55ab9c4110e9, i = 4

node: is_free = true, size = 1442, ptr_start = 0x55ab9c4112f5, i = 5

node: is_free = false, size = 1241, ptr_start = 0x55ab9c411897, i = 6

node: is_free = true, size = 576, ptr_start = 0x55ab9c411d70, i = 7

totalSize = 10000, fillRatio = 0.50, minBlockSize = 1, maxBlockSize = 3000, iterations = 10000

newBlockSize = 1668, i = 2006

_memory starts = 0x55ab9c3b0060

node: is_free = false, size = 1381, ptr_start = 0x55ab9c40f8a0, i = 0

node: is_free = true, size = 740, ptr_start = 0x55ab9c40fe05, i = 1

node: is_free = false, size = 2687, ptr_start = 0x55ab9c4100e9, i = 2

node: is_free = true, size = 1472, ptr_start = 0x55ab9c410b68, i = 3

node: is_free = false, size = 348, ptr_start = 0x55ab9c411128, i = 4

node: is_free = true, size = 1212, ptr_start = 0x55ab9c411284, i = 5

node: is_free = false, size = 496, ptr_start = 0x55ab9c411740, i = 6

node: is_free = true, size = 1664, ptr_start = 0x55ab9c411930, i = 7

totalSize = 10000, fillRatio = 0.50, minBlockSize = 1, maxBlockSize = 3000, iterations = 10000

newBlockSize = 2881, i = 2016

_memory starts = 0x55ab9c3b0060

node: is_free = true, size = 1381, ptr_start = 0x55ab9c40f8a0, i = 0

node: is_free = false, size = 2206, ptr_start = 0x55ab9c40fe05, i = 1

node: is_free = false, size = 204, ptr_start = 0x55ab9c4106a3, i = 2

node: is_free = true, size = 2837, ptr_start = 0x55ab9c41076f, i = 3

node: is_free = false, size = 2467, ptr_start = 0x55ab9c411284, i = 4

node: is_free = true, size = 905, ptr_start = 0x55ab9c411c27, i = 5

totalSize = 10000, fillRatio = 0.50, minBlockSize = 1, maxBlockSize = 3000, iterations = 10000

newBlockSize = 2967, i = 2022

_memory starts = 0x55ab9c3b0060

node: is_free = false, size = 33, ptr_start = 0x55ab9c40f8a0, i = 0

node: is_free = false, size = 752, ptr_start = 0x55ab9c40f8c1, i = 1

node: is_free = false, size = 63, ptr_start = 0x55ab9c40fbb1, i = 2

node: is_free = true, size = 2739, ptr_start = 0x55ab9c40fbf0, i = 3

node: is_free = false, size = 204, ptr_start = 0x55ab9c4106a3, i = 4

node: is_free = false, size = 461, ptr_start = 0x55ab9c41076f, i = 5

node: is_free = true, size = 2376, ptr_start = 0x55ab9c41093c, i = 6

node: is_free = false, size = 2467, ptr_start = 0x55ab9c411284, i = 7

node: is_free = true, size = 905, ptr_start = 0x55ab9c411c27, i = 8

totalSize = 10000, fillRatio = 0.50, minBlockSize = 1, maxBlockSize = 3000, iterations = 10000

newBlockSize = 2981, i = 2029

_memory starts = 0x55ab9c3b0060

node: is_free = false, size = 33, ptr_start = 0x55ab9c40f8a0, i = 0

node: is_free = true, size = 752, ptr_start = 0x55ab9c40f8c1, i = 1

node: is_free = false, size = 63, ptr_start = 0x55ab9c40fbb1, i = 2

node: is_free = false, size = 1887, ptr_start = 0x55ab9c40fbf0, i = 3

node: is_free = true, size = 852, ptr_start = 0x55ab9c41034f, i = 4

node: is_free = false, size = 204, ptr_start = 0x55ab9c4106a3, i = 5

node: is_free = false, size = 267, ptr_start = 0x55ab9c41076f, i = 6

node: is_free = true, size = 2570, ptr_start = 0x55ab9c41087a, i = 7

node: is_free = false, size = 2467, ptr_start = 0x55ab9c411284, i = 8

node: is_free = true, size = 905, ptr_start = 0x55ab9c411c27, i = 9

totalSize = 10000, fillRatio = 0.50, minBlockSize = 1, maxBlockSize = 3000, iterations = 10000

newBlockSize = 2365, i = 2054

_memory starts = 0x55ab9c3b0060

node: is_free = true, size = 1355, ptr_start = 0x55ab9c40f8a0, i = 0

node: is_free = false, size = 1777, ptr_start = 0x55ab9c40fdeb, i = 1

node: is_free = true, size = 659, ptr_start = 0x55ab9c4104dc, i = 2

node: is_free = false, size = 267, ptr_start = 0x55ab9c41076f, i = 3

node: is_free = true, size = 1114, ptr_start = 0x55ab9c41087a, i = 4

node: is_free = false, size = 524, ptr_start = 0x55ab9c410cd4, i = 5

node: is_free = false, size = 2339, ptr_start = 0x55ab9c410ee0, i = 6

node: is_free = true, size = 1965, ptr_start = 0x55ab9c411803, i = 7

totalSize = 10000, fillRatio = 0.50, minBlockSize = 1, maxBlockSize = 3000, iterations = 10000

newBlockSize = 2657, i = 2078

_memory starts = 0x55ab9c3b0060

node: is_free = true, size = 2576, ptr_start = 0x55ab9c40f8a0, i = 0

node: is_free = false, size = 194, ptr_start = 0x55ab9c4102b0, i = 1

node: is_free = true, size = 629, ptr_start = 0x55ab9c410372, i = 2

node: is_free = false, size = 1934, ptr_start = 0x55ab9c4105e7, i = 3

node: is_free = false, size = 2364, ptr_start = 0x55ab9c410d75, i = 4

node: is_free = true, size = 2303, ptr_start = 0x55ab9c4116b1, i = 5

totalSize = 10000, fillRatio = 0.50, minBlockSize = 1, maxBlockSize = 3000, iterations = 10000

newBlockSize = 2101, i = 2126

_memory starts = 0x55ab9c3b0060

node: is_free = false, size = 1767, ptr_start = 0x55ab9c40f8a0, i = 0

node: is_free = true, size = 1805, ptr_start = 0x55ab9c40ff87, i = 1

node: is_free = false, size = 890, ptr_start = 0x55ab9c410694, i = 2

node: is_free = true, size = 1864, ptr_start = 0x55ab9c410a0e, i = 3

node: is_free = false, size = 2023, ptr_start = 0x55ab9c411156, i = 4

node: is_free = true, size = 1651, ptr_start = 0x55ab9c41193d, i = 5

totalSize = 10000, fillRatio = 0.50, minBlockSize = 1, maxBlockSize = 3000, iterations = 10000

newBlockSize = 2427, i = 2133

_memory starts = 0x55ab9c3b0060

node: is_free = true, size = 983, ptr_start = 0x55ab9c40f8a0, i = 0

node: is_free = false, size = 2020, ptr_start = 0x55ab9c40fc77, i = 1

node: is_free = true, size = 569, ptr_start = 0x55ab9c41045b, i = 2

node: is_free = false, size = 890, ptr_start = 0x55ab9c410694, i = 3

node: is_free = true, size = 1864, ptr_start = 0x55ab9c410a0e, i = 4

node: is_free = false, size = 2023, ptr_start = 0x55ab9c411156, i = 5

node: is_free = true, size = 1651, ptr_start = 0x55ab9c41193d, i = 6

totalSize = 10000, fillRatio = 0.50, minBlockSize = 1, maxBlockSize = 3000, iterations = 10000

newBlockSize = 2327, i = 2156

_memory starts = 0x55ab9c3b0060

node: is_free = true, size = 1930, ptr_start = 0x55ab9c40f8a0, i = 0

node: is_free = false, size = 693, ptr_start = 0x55ab9c41002a, i = 1

node: is_free = true, size = 2293, ptr_start = 0x55ab9c4102df, i = 2

node: is_free = false, size = 1681, ptr_start = 0x55ab9c410bd4, i = 3

node: is_free = false, size = 1119, ptr_start = 0x55ab9c411265, i = 4

node: is_free = true, size = 2284, ptr_start = 0x55ab9c4116c4, i = 5

totalSize = 10000, fillRatio = 0.50, minBlockSize = 1, maxBlockSize = 3000, iterations = 10000

newBlockSize = 2898, i = 2183

_memory starts = 0x55ab9c3b0060

node: is_free = true, size = 422, ptr_start = 0x55ab9c40f8a0, i = 0

node: is_free = false, size = 689, ptr_start = 0x55ab9c40fa46, i = 1

node: is_free = false, size = 1245, ptr_start = 0x55ab9c40fcf7, i = 2

node: is_free = true, size = 1884, ptr_start = 0x55ab9c4101d4, i = 3

node: is_free = false, size = 1640, ptr_start = 0x55ab9c410930, i = 4

node: is_free = false, size = 879, ptr_start = 0x55ab9c410f98, i = 5

node: is_free = false, size = 484, ptr_start = 0x55ab9c411307, i = 6

node: is_free = true, size = 2757, ptr_start = 0x55ab9c4114eb, i = 7

totalSize = 10000, fillRatio = 0.50, minBlockSize = 1, maxBlockSize = 3000, iterations = 10000

newBlockSize = 2499, i = 2256

_memory starts = 0x55ab9c3b0060

node: is_free = true, size = 1399, ptr_start = 0x55ab9c40f8a0, i = 0

node: is_free = false, size = 110, ptr_start = 0x55ab9c40fe17, i = 1

node: is_free = true, size = 1808, ptr_start = 0x55ab9c40fe85, i = 2

node: is_free = false, size = 1905, ptr_start = 0x55ab9c410595, i = 3

node: is_free = true, size = 872, ptr_start = 0x55ab9c410d06, i = 4

node: is_free = false, size = 2607, ptr_start = 0x55ab9c41106e, i = 5

node: is_free = true, size = 1299, ptr_start = 0x55ab9c411a9d, i = 6

totalSize = 10000, fillRatio = 0.50, minBlockSize = 1, maxBlockSize = 3000, iterations = 10000

newBlockSize = 2302, i = 2258

_memory starts = 0x55ab9c3b0060

node: is_free = true, size = 1399, ptr_start = 0x55ab9c40f8a0, i = 0

node: is_free = false, size = 110, ptr_start = 0x55ab9c40fe17, i = 1

node: is_free = true, size = 1808, ptr_start = 0x55ab9c40fe85, i = 2

node: is_free = false, size = 1905, ptr_start = 0x55ab9c410595, i = 3

node: is_free = true, size = 872, ptr_start = 0x55ab9c410d06, i = 4

node: is_free = false, size = 2607, ptr_start = 0x55ab9c41106e, i = 5

node: is_free = true, size = 1299, ptr_start = 0x55ab9c411a9d, i = 6

totalSize = 10000, fillRatio = 0.50, minBlockSize = 1, maxBlockSize = 3000, iterations = 10000

newBlockSize = 2680, i = 2261

_memory starts = 0x55ab9c3b0060

node: is_free = true, size = 1399, ptr_start = 0x55ab9c40f8a0, i = 0

node: is_free = false, size = 110, ptr_start = 0x55ab9c40fe17, i = 1

node: is_free = true, size = 1808, ptr_start = 0x55ab9c40fe85, i = 2

node: is_free = false, size = 1905, ptr_start = 0x55ab9c410595, i = 3

node: is_free = false, size = 2571, ptr_start = 0x55ab9c410d06, i = 4

node: is_free = true, size = 2207, ptr_start = 0x55ab9c411711, i = 5

totalSize = 10000, fillRatio = 0.50, minBlockSize = 1, maxBlockSize = 3000, iterations = 10000

newBlockSize = 2486, i = 2298

_memory starts = 0x55ab9c3b0060

node: is_free = true, size = 1995, ptr_start = 0x55ab9c40f8a0, i = 0

node: is_free = false, size = 1345, ptr_start = 0x55ab9c41006b, i = 1

node: is_free = false, size = 523, ptr_start = 0x55ab9c4105ac, i = 2

node: is_free = false, size = 916, ptr_start = 0x55ab9c4107b7, i = 3

node: is_free = true, size = 1583, ptr_start = 0x55ab9c410b4b, i = 4

node: is_free = false, size = 1103, ptr_start = 0x55ab9c41117a, i = 5

node: is_free = false, size = 321, ptr_start = 0x55ab9c4115c9, i = 6

node: is_free = false, size = 130, ptr_start = 0x55ab9c41170a, i = 7

node: is_free = true, size = 2084, ptr_start = 0x55ab9c41178c, i = 8

totalSize = 10000, fillRatio = 0.50, minBlockSize = 1, maxBlockSize = 3000, iterations = 10000

newBlockSize = 2827, i = 2302

_memory starts = 0x55ab9c3b0060

node: is_free = true, size = 1995, ptr_start = 0x55ab9c40f8a0, i = 0

node: is_free = false, size = 1345, ptr_start = 0x55ab9c41006b, i = 1

node: is_free = false, size = 523, ptr_start = 0x55ab9c4105ac, i = 2

node: is_free = false, size = 916, ptr_start = 0x55ab9c4107b7, i = 3

node: is_free = true, size = 1583, ptr_start = 0x55ab9c410b4b, i = 4

node: is_free = false, size = 1103, ptr_start = 0x55ab9c41117a, i = 5

node: is_free = true, size = 321, ptr_start = 0x55ab9c4115c9, i = 6

node: is_free = false, size = 130, ptr_start = 0x55ab9c41170a, i = 7

node: is_free = true, size = 2084, ptr_start = 0x55ab9c41178c, i = 8

totalSize = 10000, fillRatio = 0.50, minBlockSize = 1, maxBlockSize = 3000, iterations = 10000

newBlockSize = 2250, i = 2315

_memory starts = 0x55ab9c3b0060

node: is_free = false, size = 626, ptr_start = 0x55ab9c40f8a0, i = 0

node: is_free = true, size = 381, ptr_start = 0x55ab9c40fb12, i = 1

node: is_free = false, size = 712, ptr_start = 0x55ab9c40fc8f, i = 2

node: is_free = true, size = 1621, ptr_start = 0x55ab9c40ff57, i = 3

node: is_free = false, size = 523, ptr_start = 0x55ab9c4105ac, i = 4

node: is_free = false, size = 1212, ptr_start = 0x55ab9c4107b7, i = 5

node: is_free = true, size = 1287, ptr_start = 0x55ab9c410c73, i = 6

node: is_free = false, size = 1103, ptr_start = 0x55ab9c41117a, i = 7

node: is_free = true, size = 321, ptr_start = 0x55ab9c4115c9, i = 8

node: is_free = false, size = 130, ptr_start = 0x55ab9c41170a, i = 9

node: is_free = false, size = 672, ptr_start = 0x55ab9c41178c, i = 10

node: is_free = true, size = 1412, ptr_start = 0x55ab9c411a2c, i = 11

totalSize = 10000, fillRatio = 0.50, minBlockSize = 1, maxBlockSize = 3000, iterations = 10000

newBlockSize = 1952, i = 2320

_memory starts = 0x55ab9c3b0060

node: is_free = false, size = 626, ptr_start = 0x55ab9c40f8a0, i = 0

node: is_free = true, size = 381, ptr_start = 0x55ab9c40fb12, i = 1

node: is_free = false, size = 712, ptr_start = 0x55ab9c40fc8f, i = 2

node: is_free = false, size = 48, ptr_start = 0x55ab9c40ff57, i = 3

node: is_free = false, size = 286, ptr_start = 0x55ab9c40ff87, i = 4

node: is_free = true, size = 1810, ptr_start = 0x55ab9c4100a5, i = 5

node: is_free = false, size = 1212, ptr_start = 0x55ab9c4107b7, i = 6

node: is_free = true, size = 1287, ptr_start = 0x55ab9c410c73, i = 7

node: is_free = false, size = 1103, ptr_start = 0x55ab9c41117a, i = 8

node: is_free = true, size = 451, ptr_start = 0x55ab9c4115c9, i = 9

node: is_free = false, size = 672, ptr_start = 0x55ab9c41178c, i = 10

node: is_free = true, size = 1412, ptr_start = 0x55ab9c411a2c, i = 11

totalSize = 10000, fillRatio = 0.50, minBlockSize = 1, maxBlockSize = 3000, iterations = 10000

newBlockSize = 2630, i = 2322

_memory starts = 0x55ab9c3b0060

node: is_free = false, size = 626, ptr_start = 0x55ab9c40f8a0, i = 0

node: is_free = true, size = 381, ptr_start = 0x55ab9c40fb12, i = 1

node: is_free = false, size = 712, ptr_start = 0x55ab9c40fc8f, i = 2

node: is_free = false, size = 48, ptr_start = 0x55ab9c40ff57, i = 3

node: is_free = true, size = 2096, ptr_start = 0x55ab9c40ff87, i = 4

node: is_free = false, size = 1212, ptr_start = 0x55ab9c4107b7, i = 5

node: is_free = true, size = 1287, ptr_start = 0x55ab9c410c73, i = 6

node: is_free = false, size = 1103, ptr_start = 0x55ab9c41117a, i = 7

node: is_free = true, size = 451, ptr_start = 0x55ab9c4115c9, i = 8

node: is_free = false, size = 672, ptr_start = 0x55ab9c41178c, i = 9

node: is_free = true, size = 1412, ptr_start = 0x55ab9c411a2c, i = 10

totalSize = 10000, fillRatio = 0.50, minBlockSize = 1, maxBlockSize = 3000, iterations = 10000

newBlockSize = 2944, i = 2329

_memory starts = 0x55ab9c3b0060

node: is_free = false, size = 626, ptr_start = 0x55ab9c40f8a0, i = 0

node: is_free = true, size = 1093, ptr_start = 0x55ab9c40fb12, i = 1

node: is_free = false, size = 48, ptr_start = 0x55ab9c40ff57, i = 2

node: is_free = false, size = 1071, ptr_start = 0x55ab9c40ff87, i = 3

node: is_free = true, size = 1025, ptr_start = 0x55ab9c4103b6, i = 4

node: is_free = false, size = 1212, ptr_start = 0x55ab9c4107b7, i = 5

node: is_free = true, size = 1287, ptr_start = 0x55ab9c410c73, i = 6

node: is_free = false, size = 1103, ptr_start = 0x55ab9c41117a, i = 7

node: is_free = true, size = 451, ptr_start = 0x55ab9c4115c9, i = 8

node: is_free = false, size = 672, ptr_start = 0x55ab9c41178c, i = 9

node: is_free = true, size = 1412, ptr_start = 0x55ab9c411a2c, i = 10

totalSize = 10000, fillRatio = 0.50, minBlockSize = 1, maxBlockSize = 3000, iterations = 10000

newBlockSize = 2581, i = 2333

_memory starts = 0x55ab9c3b0060

node: is_free = false, size = 626, ptr_start = 0x55ab9c40f8a0, i = 0

node: is_free = true, size = 1093, ptr_start = 0x55ab9c40fb12, i = 1

node: is_free = false, size = 48, ptr_start = 0x55ab9c40ff57, i = 2

node: is_free = false, size = 1071, ptr_start = 0x55ab9c40ff87, i = 3

node: is_free = true, size = 1025, ptr_start = 0x55ab9c4103b6, i = 4

node: is_free = false, size = 1212, ptr_start = 0x55ab9c4107b7, i = 5

node: is_free = false, size = 128, ptr_start = 0x55ab9c410c73, i = 6

node: is_free = false, size = 1093, ptr_start = 0x55ab9c410cf3, i = 7

node: is_free = true, size = 1620, ptr_start = 0x55ab9c411138, i = 8

node: is_free = false, size = 672, ptr_start = 0x55ab9c41178c, i = 9

node: is_free = true, size = 1412, ptr_start = 0x55ab9c411a2c, i = 10

totalSize = 10000, fillRatio = 0.50, minBlockSize = 1, maxBlockSize = 3000, iterations = 10000

newBlockSize = 1934, i = 2340

_memory starts = 0x55ab9c3b0060

node: is_free = true, size = 1719, ptr_start = 0x55ab9c40f8a0, i = 0

node: is_free = false, size = 48, ptr_start = 0x55ab9c40ff57, i = 1

node: is_free = false, size = 1071, ptr_start = 0x55ab9c40ff87, i = 2

node: is_free = true, size = 1025, ptr_start = 0x55ab9c4103b6, i = 3

node: is_free = false, size = 1212, ptr_start = 0x55ab9c4107b7, i = 4

node: is_free = false, size = 128, ptr_start = 0x55ab9c410c73, i = 5

node: is_free = false, size = 281, ptr_start = 0x55ab9c410cf3, i = 6

node: is_free = false, size = 787, ptr_start = 0x55ab9c410e0c, i = 7

node: is_free = true, size = 1645, ptr_start = 0x55ab9c41111f, i = 8

node: is_free = false, size = 672, ptr_start = 0x55ab9c41178c, i = 9

node: is_free = true, size = 1412, ptr_start = 0x55ab9c411a2c, i = 10

totalSize = 10000, fillRatio = 0.50, minBlockSize = 1, maxBlockSize = 3000, iterations = 10000

newBlockSize = 2178, i = 2376

_memory starts = 0x55ab9c3b0060

node: is_free = false, size = 603, ptr_start = 0x55ab9c40f8a0, i = 0

node: is_free = false, size = 599, ptr_start = 0x55ab9c40fafb, i = 1

node: is_free = false, size = 728, ptr_start = 0x55ab9c40fd52, i = 2

node: is_free = true, size = 1557, ptr_start = 0x55ab9c41002a, i = 3

node: is_free = false, size = 980, ptr_start = 0x55ab9c41063f, i = 4

node: is_free = true, size = 1570, ptr_start = 0x55ab9c410a13, i = 5

node: is_free = false, size = 700, ptr_start = 0x55ab9c411035, i = 6

node: is_free = false, size = 1317, ptr_start = 0x55ab9c4112f1, i = 7

node: is_free = true, size = 1946, ptr_start = 0x55ab9c411816, i = 8

totalSize = 10000, fillRatio = 0.50, minBlockSize = 1, maxBlockSize = 3000, iterations = 10000

newBlockSize = 2855, i = 2382

_memory starts = 0x55ab9c3b0060

node: is_free = true, size = 1930, ptr_start = 0x55ab9c40f8a0, i = 0

node: is_free = false, size = 2631, ptr_start = 0x55ab9c41002a, i = 1

node: is_free = true, size = 1476, ptr_start = 0x55ab9c410a71, i = 2

node: is_free = false, size = 700, ptr_start = 0x55ab9c411035, i = 3

node: is_free = false, size = 1317, ptr_start = 0x55ab9c4112f1, i = 4

node: is_free = true, size = 1946, ptr_start = 0x55ab9c411816, i = 5

totalSize = 10000, fillRatio = 0.50, minBlockSize = 1, maxBlockSize = 3000, iterations = 10000

newBlockSize = 2055, i = 2385

_memory starts = 0x55ab9c3b0060

node: is_free = true, size = 1930, ptr_start = 0x55ab9c40f8a0, i = 0

node: is_free = false, size = 2631, ptr_start = 0x55ab9c41002a, i = 1

node: is_free = false, size = 145, ptr_start = 0x55ab9c410a71, i = 2

node: is_free = true, size = 2031, ptr_start = 0x55ab9c410b02, i = 3

node: is_free = false, size = 1317, ptr_start = 0x55ab9c4112f1, i = 4

node: is_free = true, size = 1946, ptr_start = 0x55ab9c411816, i = 5

totalSize = 10000, fillRatio = 0.50, minBlockSize = 1, maxBlockSize = 3000, iterations = 10000

newBlockSize = 2334, i = 2413

_memory starts = 0x55ab9c3b0060

node: is_free = false, size = 152, ptr_start = 0x55ab9c40f8a0, i = 0

node: is_free = true, size = 1738, ptr_start = 0x55ab9c40f938, i = 1

node: is_free = false, size = 492, ptr_start = 0x55ab9c410002, i = 2

node: is_free = false, size = 754, ptr_start = 0x55ab9c4101ee, i = 3

node: is_free = true, size = 1425, ptr_start = 0x55ab9c4104e0, i = 4

node: is_free = false, size = 145, ptr_start = 0x55ab9c410a71, i = 5

node: is_free = false, size = 1659, ptr_start = 0x55ab9c410b02, i = 6

node: is_free = true, size = 1289, ptr_start = 0x55ab9c41117d, i = 7

node: is_free = false, size = 923, ptr_start = 0x55ab9c411686, i = 8

node: is_free = true, size = 1423, ptr_start = 0x55ab9c411a21, i = 9

totalSize = 10000, fillRatio = 0.50, minBlockSize = 1, maxBlockSize = 3000, iterations = 10000

newBlockSize = 2379, i = 2426

_memory starts = 0x55ab9c3b0060

node: is_free = false, size = 229, ptr_start = 0x55ab9c40f8a0, i = 0

node: is_free = true, size = 2065, ptr_start = 0x55ab9c40f985, i = 1

node: is_free = false, size = 1494, ptr_start = 0x55ab9c410196, i = 2

node: is_free = true, size = 773, ptr_start = 0x55ab9c41076c, i = 3

node: is_free = false, size = 145, ptr_start = 0x55ab9c410a71, i = 4

node: is_free = false, size = 803, ptr_start = 0x55ab9c410b02, i = 5

node: is_free = false, size = 510, ptr_start = 0x55ab9c410e25, i = 6

node: is_free = true, size = 1635, ptr_start = 0x55ab9c411023, i = 7

node: is_free = false, size = 923, ptr_start = 0x55ab9c411686, i = 8

node: is_free = true, size = 1423, ptr_start = 0x55ab9c411a21, i = 9

totalSize = 10000, fillRatio = 0.50, minBlockSize = 1, maxBlockSize = 3000, iterations = 10000

newBlockSize = 2666, i = 2437

_memory starts = 0x55ab9c3b0060

node: is_free = false, size = 229, ptr_start = 0x55ab9c40f8a0, i = 0

node: is_free = false, size = 987, ptr_start = 0x55ab9c40f985, i = 1

node: is_free = false, size = 1174, ptr_start = 0x55ab9c40fd60, i = 2

node: is_free = false, size = 195, ptr_start = 0x55ab9c4101f6, i = 3

node: is_free = true, size = 2121, ptr_start = 0x55ab9c4102b9, i = 4

node: is_free = false, size = 803, ptr_start = 0x55ab9c410b02, i = 5

node: is_free = true, size = 2145, ptr_start = 0x55ab9c410e25, i = 6

node: is_free = false, size = 923, ptr_start = 0x55ab9c411686, i = 7

node: is_free = true, size = 1423, ptr_start = 0x55ab9c411a21, i = 8

totalSize = 10000, fillRatio = 0.50, minBlockSize = 1, maxBlockSize = 3000, iterations = 10000

newBlockSize = 2357, i = 2445

_memory starts = 0x55ab9c3b0060

node: is_free = true, size = 229, ptr_start = 0x55ab9c40f8a0, i = 0

node: is_free = false, size = 987, ptr_start = 0x55ab9c40f985, i = 1

node: is_free = true, size = 1174, ptr_start = 0x55ab9c40fd60, i = 2

node: is_free = false, size = 195, ptr_start = 0x55ab9c4101f6, i = 3

node: is_free = false, size = 446, ptr_start = 0x55ab9c4102b9, i = 4

node: is_free = true, size = 1306, ptr_start = 0x55ab9c410477, i = 5

node: is_free = false, size = 1369, ptr_start = 0x55ab9c410991, i = 6

node: is_free = true, size = 1948, ptr_start = 0x55ab9c410eea, i = 7

node: is_free = false, size = 923, ptr_start = 0x55ab9c411686, i = 8

node: is_free = true, size = 1423, ptr_start = 0x55ab9c411a21, i = 9

totalSize = 10000, fillRatio = 0.50, minBlockSize = 1, maxBlockSize = 3000, iterations = 10000

newBlockSize = 2614, i = 2490

_memory starts = 0x55ab9c3b0060

node: is_free = false, size = 578, ptr_start = 0x55ab9c40f8a0, i = 0

node: is_free = false, size = 2227, ptr_start = 0x55ab9c40fae2, i = 1

node: is_free = false, size = 503, ptr_start = 0x55ab9c410395, i = 2

node: is_free = true, size = 2042, ptr_start = 0x55ab9c41058c, i = 3

node: is_free = false, size = 157, ptr_start = 0x55ab9c410d86, i = 4

node: is_free = true, size = 1747, ptr_start = 0x55ab9c410e23, i = 5

node: is_free = false, size = 1511, ptr_start = 0x55ab9c4114f6, i = 6

node: is_free = true, size = 1235, ptr_start = 0x55ab9c411add, i = 7

totalSize = 10000, fillRatio = 0.50, minBlockSize = 1, maxBlockSize = 3000, iterations = 10000

newBlockSize = 2879, i = 2494

_memory starts = 0x55ab9c3b0060

node: is_free = true, size = 578, ptr_start = 0x55ab9c40f8a0, i = 0

node: is_free = false, size = 2227, ptr_start = 0x55ab9c40fae2, i = 1

node: is_free = true, size = 503, ptr_start = 0x55ab9c410395, i = 2

node: is_free = false, size = 785, ptr_start = 0x55ab9c41058c, i = 3

node: is_free = true, size = 1257, ptr_start = 0x55ab9c41089d, i = 4

node: is_free = false, size = 157, ptr_start = 0x55ab9c410d86, i = 5

node: is_free = true, size = 1747, ptr_start = 0x55ab9c410e23, i = 6

node: is_free = false, size = 1511, ptr_start = 0x55ab9c4114f6, i = 7

node: is_free = true, size = 1235, ptr_start = 0x55ab9c411add, i = 8

totalSize = 10000, fillRatio = 0.50, minBlockSize = 1, maxBlockSize = 3000, iterations = 10000

newBlockSize = 2393, i = 2500

_memory starts = 0x55ab9c3b0060

node: is_free = false, size = 2978, ptr_start = 0x55ab9c40f8a0, i = 0

node: is_free = true, size = 2372, ptr_start = 0x55ab9c410442, i = 1

node: is_free = false, size = 157, ptr_start = 0x55ab9c410d86, i = 2

node: is_free = true, size = 1747, ptr_start = 0x55ab9c410e23, i = 3

node: is_free = false, size = 1511, ptr_start = 0x55ab9c4114f6, i = 4

node: is_free = true, size = 1235, ptr_start = 0x55ab9c411add, i = 5

totalSize = 10000, fillRatio = 0.50, minBlockSize = 1, maxBlockSize = 3000, iterations = 10000

newBlockSize = 2938, i = 2572

_memory starts = 0x55ab9c3b0060

node: is_free = false, size = 372, ptr_start = 0x55ab9c40f8a0, i = 0

node: is_free = false, size = 1965, ptr_start = 0x55ab9c40fa14, i = 1

node: is_free = false, size = 478, ptr_start = 0x55ab9c4101c1, i = 2

node: is_free = true, size = 2361, ptr_start = 0x55ab9c41039f, i = 3

node: is_free = false, size = 2048, ptr_start = 0x55ab9c410cd8, i = 4

node: is_free = true, size = 2776, ptr_start = 0x55ab9c4114d8, i = 5

totalSize = 10000, fillRatio = 0.50, minBlockSize = 1, maxBlockSize = 3000, iterations = 10000

newBlockSize = 2357, i = 2595

_memory starts = 0x55ab9c3b0060

node: is_free = true, size = 2337, ptr_start = 0x55ab9c40f8a0, i = 0

node: is_free = false, size = 478, ptr_start = 0x55ab9c4101c1, i = 1

node: is_free = true, size = 1950, ptr_start = 0x55ab9c41039f, i = 2

node: is_free = false, size = 1857, ptr_start = 0x55ab9c410b3d, i = 3

node: is_free = false, size = 718, ptr_start = 0x55ab9c41127e, i = 4

node: is_free = false, size = 1699, ptr_start = 0x55ab9c41154c, i = 5

node: is_free = true, size = 961, ptr_start = 0x55ab9c411bef, i = 6

totalSize = 10000, fillRatio = 0.50, minBlockSize = 1, maxBlockSize = 3000, iterations = 10000

newBlockSize = 2898, i = 2597

_memory starts = 0x55ab9c3b0060

node: is_free = true, size = 2337, ptr_start = 0x55ab9c40f8a0, i = 0

node: is_free = false, size = 478, ptr_start = 0x55ab9c4101c1, i = 1

node: is_free = true, size = 1950, ptr_start = 0x55ab9c41039f, i = 2

node: is_free = false, size = 1857, ptr_start = 0x55ab9c410b3d, i = 3

node: is_free = true, size = 718, ptr_start = 0x55ab9c41127e, i = 4

node: is_free = false, size = 1699, ptr_start = 0x55ab9c41154c, i = 5

node: is_free = true, size = 961, ptr_start = 0x55ab9c411bef, i = 6

totalSize = 10000, fillRatio = 0.50, minBlockSize = 1, maxBlockSize = 3000, iterations = 10000

newBlockSize = 2488, i = 2650

_memory starts = 0x55ab9c3b0060

node: is_free = true, size = 309, ptr_start = 0x55ab9c40f8a0, i = 0

node: is_free = false, size = 1129, ptr_start = 0x55ab9c40f9d5, i = 1

node: is_free = false, size = 2941, ptr_start = 0x55ab9c40fe3e, i = 2

node: is_free = false, size = 72, ptr_start = 0x55ab9c4109bb, i = 3

node: is_free = false, size = 29, ptr_start = 0x55ab9c410a03, i = 4

node: is_free = true, size = 2390, ptr_start = 0x55ab9c410a20, i = 5

node: is_free = false, size = 747, ptr_start = 0x55ab9c411376, i = 6

node: is_free = true, size = 2383, ptr_start = 0x55ab9c411661, i = 7

totalSize = 10000, fillRatio = 0.50, minBlockSize = 1, maxBlockSize = 3000, iterations = 10000

newBlockSize = 2694, i = 2755

_memory starts = 0x55ab9c3b0060

node: is_free = true, size = 130, ptr_start = 0x55ab9c40f8a0, i = 0

node: is_free = false, size = 1672, ptr_start = 0x55ab9c40f922, i = 1

node: is_free = true, size = 660, ptr_start = 0x55ab9c40ffaa, i = 2

node: is_free = false, size = 1563, ptr_start = 0x55ab9c41023e, i = 3

node: is_free = true, size = 1655, ptr_start = 0x55ab9c410859, i = 4

node: is_free = false, size = 1722, ptr_start = 0x55ab9c410ed0, i = 5

node: is_free = true, size = 2598, ptr_start = 0x55ab9c41158a, i = 6

totalSize = 10000, fillRatio = 0.50, minBlockSize = 1, maxBlockSize = 3000, iterations = 10000

newBlockSize = 1846, i = 2787

_memory starts = 0x55ab9c3b0060

node: is_free = false, size = 1462, ptr_start = 0x55ab9c40f8a0, i = 0

node: is_free = true, size = 1703, ptr_start = 0x55ab9c40fe56, i = 1

node: is_free = false, size = 708, ptr_start = 0x55ab9c4104fd, i = 2

node: is_free = true, size = 1370, ptr_start = 0x55ab9c4107c1, i = 3

node: is_free = false, size = 1075, ptr_start = 0x55ab9c410d1b, i = 4

node: is_free = true, size = 964, ptr_start = 0x55ab9c41114e, i = 5

node: is_free = false, size = 1034, ptr_start = 0x55ab9c411512, i = 6

node: is_free = true, size = 1684, ptr_start = 0x55ab9c41191c, i = 7

totalSize = 10000, fillRatio = 0.50, minBlockSize = 1, maxBlockSize = 3000, iterations = 10000

newBlockSize = 2888, i = 2818

_memory starts = 0x55ab9c3b0060

node: is_free = false, size = 1991, ptr_start = 0x55ab9c40f8a0, i = 0

node: is_free = true, size = 1439, ptr_start = 0x55ab9c410067, i = 1

node: is_free = false, size = 820, ptr_start = 0x55ab9c410606, i = 2

node: is_free = true, size = 2003, ptr_start = 0x55ab9c41093a, i = 3

node: is_free = false, size = 1703, ptr_start = 0x55ab9c41110d, i = 4

node: is_free = true, size = 2044, ptr_start = 0x55ab9c4117b4, i = 5

totalSize = 10000, fillRatio = 0.50, minBlockSize = 1, maxBlockSize = 3000, iterations = 10000

newBlockSize = 2861, i = 2868

_memory starts = 0x55ab9c3b0060

node: is_free = true, size = 684, ptr_start = 0x55ab9c40f8a0, i = 0

node: is_free = false, size = 296, ptr_start = 0x55ab9c40fb4c, i = 1

node: is_free = true, size = 1112, ptr_start = 0x55ab9c40fc74, i = 2

node: is_free = false, size = 1020, ptr_start = 0x55ab9c4100cc, i = 3

node: is_free = true, size = 1156, ptr_start = 0x55ab9c4104c8, i = 4

node: is_free = false, size = 2150, ptr_start = 0x55ab9c41094c, i = 5

node: is_free = false, size = 899, ptr_start = 0x55ab9c4111b2, i = 6

node: is_free = true, size = 2683, ptr_start = 0x55ab9c411535, i = 7

totalSize = 10000, fillRatio = 0.50, minBlockSize = 1, maxBlockSize = 3000, iterations = 10000

newBlockSize = 2937, i = 2888

_memory starts = 0x55ab9c3b0060

node: is_free = true, size = 1152, ptr_start = 0x55ab9c40f8a0, i = 0

node: is_free = false, size = 745, ptr_start = 0x55ab9c40fd20, i = 1

node: is_free = false, size = 882, ptr_start = 0x55ab9c410009, i = 2

node: is_free = true, size = 1832, ptr_start = 0x55ab9c41037b, i = 3

node: is_free = false, size = 653, ptr_start = 0x55ab9c410aa3, i = 4

node: is_free = true, size = 1227, ptr_start = 0x55ab9c410d30, i = 5

node: is_free = false, size = 2671, ptr_start = 0x55ab9c4111fb, i = 6

node: is_free = true, size = 838, ptr_start = 0x55ab9c411c6a, i = 7

totalSize = 10000, fillRatio = 0.50, minBlockSize = 1, maxBlockSize = 3000, iterations = 10000

newBlockSize = 2721, i = 2975

_memory starts = 0x55ab9c3b0060

node: is_free = true, size = 434, ptr_start = 0x55ab9c40f8a0, i = 0

node: is_free = false, size = 830, ptr_start = 0x55ab9c40fa52, i = 1

node: is_free = true, size = 1582, ptr_start = 0x55ab9c40fd90, i = 2

node: is_free = false, size = 2010, ptr_start = 0x55ab9c4103be, i = 3

node: is_free = true, size = 604, ptr_start = 0x55ab9c410b98, i = 4

node: is_free = false, size = 85, ptr_start = 0x55ab9c410df4, i = 5

node: is_free = false, size = 3, ptr_start = 0x55ab9c410e49, i = 6

node: is_free = true, size = 2067, ptr_start = 0x55ab9c410e4c, i = 7

node: is_free = false, size = 1773, ptr_start = 0x55ab9c41165f, i = 8

node: is_free = true, size = 612, ptr_start = 0x55ab9c411d4c, i = 9

totalSize = 10000, fillRatio = 0.50, minBlockSize = 1, maxBlockSize = 3000, iterations = 10000

newBlockSize = 2071, i = 2995

_memory starts = 0x55ab9c3b0060

node: is_free = true, size = 1650, ptr_start = 0x55ab9c40f8a0, i = 0

node: is_free = false, size = 1564, ptr_start = 0x55ab9c40ff12, i = 1

node: is_free = false, size = 1666, ptr_start = 0x55ab9c41052e, i = 2

node: is_free = false, size = 790, ptr_start = 0x55ab9c410bb0, i = 3

node: is_free = true, size = 1357, ptr_start = 0x55ab9c410ec6, i = 4

node: is_free = false, size = 939, ptr_start = 0x55ab9c411413, i = 5

node: is_free = true, size = 2034, ptr_start = 0x55ab9c4117be, i = 6

totalSize = 10000, fillRatio = 0.50, minBlockSize = 1, maxBlockSize = 3000, iterations = 10000

newBlockSize = 1988, i = 3050

_memory starts = 0x55ab9c3b0060

node: is_free = false, size = 348, ptr_start = 0x55ab9c40f8a0, i = 0

node: is_free = true, size = 1867, ptr_start = 0x55ab9c40f9fc, i = 1

node: is_free = false, size = 1864, ptr_start = 0x55ab9c410147, i = 2

node: is_free = true, size = 1388, ptr_start = 0x55ab9c41088f, i = 3

node: is_free = false, size = 2756, ptr_start = 0x55ab9c410dfb, i = 4

node: is_free = true, size = 1777, ptr_start = 0x55ab9c4118bf, i = 5

totalSize = 10000, fillRatio = 0.50, minBlockSize = 1, maxBlockSize = 3000, iterations = 10000

newBlockSize = 2973, i = 3225

_memory starts = 0x55ab9c3b0060

node: is_free = true, size = 74, ptr_start = 0x55ab9c40f8a0, i = 0

node: is_free = false, size = 2389, ptr_start = 0x55ab9c40f8ea, i = 1

node: is_free = true, size = 1074, ptr_start = 0x55ab9c41023f, i = 2

node: is_free = false, size = 556, ptr_start = 0x55ab9c410671, i = 3

node: is_free = false, size = 732, ptr_start = 0x55ab9c41089d, i = 4

node: is_free = false, size = 203, ptr_start = 0x55ab9c410b79, i = 5

node: is_free = true, size = 2239, ptr_start = 0x55ab9c410c44, i = 6

node: is_free = false, size = 616, ptr_start = 0x55ab9c411503, i = 7

node: is_free = true, size = 2117, ptr_start = 0x55ab9c41176b, i = 8

totalSize = 10000, fillRatio = 0.50, minBlockSize = 1, maxBlockSize = 3000, iterations = 10000

newBlockSize = 2276, i = 3244

_memory starts = 0x55ab9c3b0060

node: is_free = true, size = 1827, ptr_start = 0x55ab9c40f8a0, i = 0

node: is_free = false, size = 439, ptr_start = 0x55ab9c40ffc3, i = 1

node: is_free = true, size = 1827, ptr_start = 0x55ab9c41017a, i = 2

node: is_free = false, size = 732, ptr_start = 0x55ab9c41089d, i = 3

node: is_free = false, size = 1034, ptr_start = 0x55ab9c410b79, i = 4

node: is_free = true, size = 1408, ptr_start = 0x55ab9c410f83, i = 5

node: is_free = false, size = 616, ptr_start = 0x55ab9c411503, i = 6

node: is_free = false, size = 1681, ptr_start = 0x55ab9c41176b, i = 7

node: is_free = true, size = 436, ptr_start = 0x55ab9c411dfc, i = 8

totalSize = 10000, fillRatio = 0.50, minBlockSize = 1, maxBlockSize = 3000, iterations = 10000

newBlockSize = 2027, i = 3251

_memory starts = 0x55ab9c3b0060

node: is_free = true, size = 1827, ptr_start = 0x55ab9c40f8a0, i = 0

node: is_free = false, size = 439, ptr_start = 0x55ab9c40ffc3, i = 1

node: is_free = true, size = 1827, ptr_start = 0x55ab9c41017a, i = 2

node: is_free = false, size = 732, ptr_start = 0x55ab9c41089d, i = 3

node: is_free = true, size = 397, ptr_start = 0x55ab9c410b79, i = 4

node: is_free = false, size = 1970, ptr_start = 0x55ab9c410d06, i = 5

node: is_free = true, size = 691, ptr_start = 0x55ab9c4114b8, i = 6

node: is_free = false, size = 1681, ptr_start = 0x55ab9c41176b, i = 7

node: is_free = true, size = 436, ptr_start = 0x55ab9c411dfc, i = 8

totalSize = 10000, fillRatio = 0.50, minBlockSize = 1, maxBlockSize = 3000, iterations = 10000

newBlockSize = 2703, i = 3281

_memory starts = 0x55ab9c3b0060

node: is_free = false, size = 2143, ptr_start = 0x55ab9c40f8a0, i = 0

node: is_free = true, size = 1950, ptr_start = 0x55ab9c4100ff, i = 1

node: is_free = false, size = 732, ptr_start = 0x55ab9c41089d, i = 2

node: is_free = true, size = 1570, ptr_start = 0x55ab9c410b79, i = 3

node: is_free = false, size = 1966, ptr_start = 0x55ab9c41119b, i = 4

node: is_free = true, size = 1639, ptr_start = 0x55ab9c411949, i = 5

totalSize = 10000, fillRatio = 0.50, minBlockSize = 1, maxBlockSize = 3000, iterations = 10000

newBlockSize = 2980, i = 3319

_memory starts = 0x55ab9c3b0060

node: is_free = true, size = 2229, ptr_start = 0x55ab9c40f8a0, i = 0

node: is_free = false, size = 775, ptr_start = 0x55ab9c410155, i = 1

node: is_free = false, size = 1723, ptr_start = 0x55ab9c41045c, i = 2

node: is_free = true, size = 1472, ptr_start = 0x55ab9c410b17, i = 3

node: is_free = false, size = 677, ptr_start = 0x55ab9c4110d7, i = 4

node: is_free = false, size = 664, ptr_start = 0x55ab9c41137c, i = 5

node: is_free = false, size = 668, ptr_start = 0x55ab9c411614, i = 6

node: is_free = true, size = 1792, ptr_start = 0x55ab9c4118b0, i = 7

totalSize = 10000, fillRatio = 0.50, minBlockSize = 1, maxBlockSize = 3000, iterations = 10000

newBlockSize = 2554, i = 3324

_memory starts = 0x55ab9c3b0060

node: is_free = false, size = 225, ptr_start = 0x55ab9c40f8a0, i = 0

node: is_free = true, size = 2004, ptr_start = 0x55ab9c40f981, i = 1

node: is_free = false, size = 775, ptr_start = 0x55ab9c410155, i = 2

node: is_free = false, size = 600, ptr_start = 0x55ab9c41045c, i = 3

node: is_free = false, size = 816, ptr_start = 0x55ab9c4106b4, i = 4

node: is_free = true, size = 1779, ptr_start = 0x55ab9c4109e4, i = 5

node: is_free = false, size = 677, ptr_start = 0x55ab9c4110d7, i = 6

node: is_free = false, size = 664, ptr_start = 0x55ab9c41137c, i = 7

node: is_free = false, size = 668, ptr_start = 0x55ab9c411614, i = 8

node: is_free = true, size = 1792, ptr_start = 0x55ab9c4118b0, i = 9

totalSize = 10000, fillRatio = 0.50, minBlockSize = 1, maxBlockSize = 3000, iterations = 10000

newBlockSize = 2040, i = 3326

_memory starts = 0x55ab9c3b0060

node: is_free = false, size = 225, ptr_start = 0x55ab9c40f8a0, i = 0

node: is_free = true, size = 2004, ptr_start = 0x55ab9c40f981, i = 1

node: is_free = false, size = 775, ptr_start = 0x55ab9c410155, i = 2

node: is_free = true, size = 600, ptr_start = 0x55ab9c41045c, i = 3

node: is_free = false, size = 816, ptr_start = 0x55ab9c4106b4, i = 4

node: is_free = true, size = 1779, ptr_start = 0x55ab9c4109e4, i = 5

node: is_free = false, size = 677, ptr_start = 0x55ab9c4110d7, i = 6

node: is_free = false, size = 664, ptr_start = 0x55ab9c41137c, i = 7

node: is_free = false, size = 668, ptr_start = 0x55ab9c411614, i = 8

node: is_free = true, size = 1792, ptr_start = 0x55ab9c4118b0, i = 9

totalSize = 10000, fillRatio = 0.50, minBlockSize = 1, maxBlockSize = 3000, iterations = 10000

newBlockSize = 2629, i = 3345

_memory starts = 0x55ab9c3b0060

node: is_free = true, size = 2229, ptr_start = 0x55ab9c40f8a0, i = 0

node: is_free = false, size = 775, ptr_start = 0x55ab9c410155, i = 1

node: is_free = true, size = 600, ptr_start = 0x55ab9c41045c, i = 2

node: is_free = false, size = 816, ptr_start = 0x55ab9c4106b4, i = 3

node: is_free = false, size = 543, ptr_start = 0x55ab9c4109e4, i = 4

node: is_free = false, size = 6, ptr_start = 0x55ab9c410c03, i = 5

node: is_free = true, size = 2571, ptr_start = 0x55ab9c410c09, i = 6

node: is_free = false, size = 668, ptr_start = 0x55ab9c411614, i = 7

node: is_free = false, size = 105, ptr_start = 0x55ab9c4118b0, i = 8

node: is_free = true, size = 1687, ptr_start = 0x55ab9c411919, i = 9

totalSize = 10000, fillRatio = 0.50, minBlockSize = 1, maxBlockSize = 3000, iterations = 10000

newBlockSize = 2548, i = 3350

_memory starts = 0x55ab9c3b0060

node: is_free = true, size = 2229, ptr_start = 0x55ab9c40f8a0, i = 0

node: is_free = false, size = 775, ptr_start = 0x55ab9c410155, i = 1

node: is_free = true, size = 1416, ptr_start = 0x55ab9c41045c, i = 2

node: is_free = false, size = 543, ptr_start = 0x55ab9c4109e4, i = 3

node: is_free = false, size = 2217, ptr_start = 0x55ab9c410c03, i = 4

node: is_free = true, size = 360, ptr_start = 0x55ab9c4114ac, i = 5

node: is_free = false, size = 668, ptr_start = 0x55ab9c411614, i = 6

node: is_free = true, size = 1792, ptr_start = 0x55ab9c4118b0, i = 7

totalSize = 10000, fillRatio = 0.50, minBlockSize = 1, maxBlockSize = 3000, iterations = 10000

newBlockSize = 2595, i = 3370

_memory starts = 0x55ab9c3b0060

node: is_free = false, size = 363, ptr_start = 0x55ab9c40f8a0, i = 0

node: is_free = true, size = 2532, ptr_start = 0x55ab9c40fa0b, i = 1

node: is_free = false, size = 726, ptr_start = 0x55ab9c4103ef, i = 2

node: is_free = true, size = 1317, ptr_start = 0x55ab9c4106c5, i = 3

node: is_free = false, size = 423, ptr_start = 0x55ab9c410bea, i = 4

node: is_free = true, size = 259, ptr_start = 0x55ab9c410d91, i = 5

node: is_free = false, size = 805, ptr_start = 0x55ab9c410e94, i = 6

node: is_free = true, size = 1115, ptr_start = 0x55ab9c4111b9, i = 7

node: is_free = false, size = 668, ptr_start = 0x55ab9c411614, i = 8

node: is_free = true, size = 1792, ptr_start = 0x55ab9c4118b0, i = 9

totalSize = 10000, fillRatio = 0.50, minBlockSize = 1, maxBlockSize = 3000, iterations = 10000

newBlockSize = 2732, i = 3507

_memory starts = 0x55ab9c3b0060

node: is_free = true, size = 1278, ptr_start = 0x55ab9c40f8a0, i = 0

node: is_free = false, size = 1194, ptr_start = 0x55ab9c40fd9e, i = 1

node: is_free = true, size = 1635, ptr_start = 0x55ab9c410248, i = 2

node: is_free = false, size = 1412, ptr_start = 0x55ab9c4108ab, i = 3

node: is_free = true, size = 1178, ptr_start = 0x55ab9c410e2f, i = 4

node: is_free = false, size = 1313, ptr_start = 0x55ab9c4112c9, i = 5

node: is_free = false, size = 254, ptr_start = 0x55ab9c4117ea, i = 6

node: is_free = false, size = 169, ptr_start = 0x55ab9c4118e8, i = 7

node: is_free = true, size = 1567, ptr_start = 0x55ab9c411991, i = 8

totalSize = 10000, fillRatio = 0.50, minBlockSize = 1, maxBlockSize = 3000, iterations = 10000

newBlockSize = 2651, i = 3510

_memory starts = 0x55ab9c3b0060

node: is_free = true, size = 1278, ptr_start = 0x55ab9c40f8a0, i = 0

node: is_free = false, size = 1194, ptr_start = 0x55ab9c40fd9e, i = 1

node: is_free = true, size = 1635, ptr_start = 0x55ab9c410248, i = 2

node: is_free = false, size = 1412, ptr_start = 0x55ab9c4108ab, i = 3

node: is_free = false, size = 1498, ptr_start = 0x55ab9c410e2f, i = 4

node: is_free = true, size = 993, ptr_start = 0x55ab9c411409, i = 5

node: is_free = false, size = 254, ptr_start = 0x55ab9c4117ea, i = 6

node: is_free = false, size = 169, ptr_start = 0x55ab9c4118e8, i = 7

node: is_free = true, size = 1567, ptr_start = 0x55ab9c411991, i = 8

totalSize = 10000, fillRatio = 0.50, minBlockSize = 1, maxBlockSize = 3000, iterations = 10000

newBlockSize = 2875, i = 3526

_memory starts = 0x55ab9c3b0060

node: is_free = true, size = 401, ptr_start = 0x55ab9c40f8a0, i = 0

node: is_free = false, size = 2046, ptr_start = 0x55ab9c40fa31, i = 1

node: is_free = true, size = 1660, ptr_start = 0x55ab9c41022f, i = 2

node: is_free = false, size = 1412, ptr_start = 0x55ab9c4108ab, i = 3

node: is_free = true, size = 1498, ptr_start = 0x55ab9c410e2f, i = 4

node: is_free = false, size = 767, ptr_start = 0x55ab9c411409, i = 5

node: is_free = false, size = 147, ptr_start = 0x55ab9c411708, i = 6

node: is_free = true, size = 2069, ptr_start = 0x55ab9c41179b, i = 7

totalSize = 10000, fillRatio = 0.50, minBlockSize = 1, maxBlockSize = 3000, iterations = 10000

newBlockSize = 2717, i = 3528

_memory starts = 0x55ab9c3b0060

node: is_free = true, size = 401, ptr_start = 0x55ab9c40f8a0, i = 0

node: is_free = false, size = 2046, ptr_start = 0x55ab9c40fa31, i = 1

node: is_free = true, size = 1660, ptr_start = 0x55ab9c41022f, i = 2

node: is_free = false, size = 1412, ptr_start = 0x55ab9c4108ab, i = 3

node: is_free = true, size = 1498, ptr_start = 0x55ab9c410e2f, i = 4

node: is_free = false, size = 767, ptr_start = 0x55ab9c411409, i = 5

node: is_free = true, size = 2216, ptr_start = 0x55ab9c411708, i = 6

totalSize = 10000, fillRatio = 0.50, minBlockSize = 1, maxBlockSize = 3000, iterations = 10000

newBlockSize = 2613, i = 3542

_memory starts = 0x55ab9c3b0060

node: is_free = true, size = 678, ptr_start = 0x55ab9c40f8a0, i = 0

node: is_free = false, size = 357, ptr_start = 0x55ab9c40fb46, i = 1

node: is_free = false, size = 1551, ptr_start = 0x55ab9c40fcab, i = 2

node: is_free = true, size = 1521, ptr_start = 0x55ab9c4102ba, i = 3

node: is_free = false, size = 1412, ptr_start = 0x55ab9c4108ab, i = 4

node: is_free = true, size = 1498, ptr_start = 0x55ab9c410e2f, i = 5

node: is_free = false, size = 767, ptr_start = 0x55ab9c411409, i = 6

node: is_free = true, size = 2216, ptr_start = 0x55ab9c411708, i = 7

totalSize = 10000, fillRatio = 0.50, minBlockSize = 1, maxBlockSize = 3000, iterations = 10000

newBlockSize = 2755, i = 3546

_memory starts = 0x55ab9c3b0060

node: is_free = true, size = 1035, ptr_start = 0x55ab9c40f8a0, i = 0

node: is_free = false, size = 1551, ptr_start = 0x55ab9c40fcab, i = 1

node: is_free = true, size = 1521, ptr_start = 0x55ab9c4102ba, i = 2

node: is_free = false, size = 1412, ptr_start = 0x55ab9c4108ab, i = 3

node: is_free = true, size = 1498, ptr_start = 0x55ab9c410e2f, i = 4

node: is_free = false, size = 767, ptr_start = 0x55ab9c411409, i = 5

node: is_free = true, size = 2216, ptr_start = 0x55ab9c411708, i = 6

totalSize = 10000, fillRatio = 0.50, minBlockSize = 1, maxBlockSize = 3000, iterations = 10000

newBlockSize = 2414, i = 3683

_memory starts = 0x55ab9c3b0060

node: is_free = true, size = 1692, ptr_start = 0x55ab9c40f8a0, i = 0

node: is_free = false, size = 2768, ptr_start = 0x55ab9c40ff3c, i = 1

node: is_free = true, size = 945, ptr_start = 0x55ab9c410a0c, i = 2

node: is_free = false, size = 2228, ptr_start = 0x55ab9c410dbd, i = 3

node: is_free = true, size = 2367, ptr_start = 0x55ab9c411671, i = 4

totalSize = 10000, fillRatio = 0.50, minBlockSize = 1, maxBlockSize = 3000, iterations = 10000

newBlockSize = 2980, i = 3736

_memory starts = 0x55ab9c3b0060

node: is_free = false, size = 627, ptr_start = 0x55ab9c40f8a0, i = 0

node: is_free = false, size = 63, ptr_start = 0x55ab9c40fb13, i = 1

node: is_free = true, size = 2861, ptr_start = 0x55ab9c40fb52, i = 2

node: is_free = false, size = 179, ptr_start = 0x55ab9c41067f, i = 3

node: is_free = false, size = 760, ptr_start = 0x55ab9c410732, i = 4

node: is_free = false, size = 1613, ptr_start = 0x55ab9c410a2a, i = 5

node: is_free = false, size = 1730, ptr_start = 0x55ab9c411077, i = 6

node: is_free = true, size = 2167, ptr_start = 0x55ab9c411739, i = 7

totalSize = 10000, fillRatio = 0.50, minBlockSize = 1, maxBlockSize = 3000, iterations = 10000

newBlockSize = 2609, i = 3813

_memory starts = 0x55ab9c3b0060

node: is_free = true, size = 782, ptr_start = 0x55ab9c40f8a0, i = 0

node: is_free = false, size = 705, ptr_start = 0x55ab9c40fbae, i = 1

node: is_free = true, size = 2465, ptr_start = 0x55ab9c40fe6f, i = 2

node: is_free = false, size = 2724, ptr_start = 0x55ab9c410810, i = 3

node: is_free = true, size = 489, ptr_start = 0x55ab9c4112b4, i = 4

node: is_free = false, size = 1462, ptr_start = 0x55ab9c41149d, i = 5

node: is_free = true, size = 1373, ptr_start = 0x55ab9c411a53, i = 6

totalSize = 10000, fillRatio = 0.50, minBlockSize = 1, maxBlockSize = 3000, iterations = 10000

newBlockSize = 2923, i = 3860

_memory starts = 0x55ab9c3b0060

node: is_free = true, size = 2784, ptr_start = 0x55ab9c40f8a0, i = 0

node: is_free = false, size = 2349, ptr_start = 0x55ab9c410380, i = 1

node: is_free = false, size = 1187, ptr_start = 0x55ab9c410cad, i = 2

node: is_free = false, size = 214, ptr_start = 0x55ab9c411150, i = 3

node: is_free = false, size = 480, ptr_start = 0x55ab9c411226, i = 4

node: is_free = false, size = 98, ptr_start = 0x55ab9c411406, i = 5

node: is_free = true, size = 2888, ptr_start = 0x55ab9c411468, i = 6

totalSize = 10000, fillRatio = 0.50, minBlockSize = 1, maxBlockSize = 3000, iterations = 10000

newBlockSize = 2931, i = 3906

_memory starts = 0x55ab9c3b0060

node: is_free = true, size = 1840, ptr_start = 0x55ab9c40f8a0, i = 0

node: is_free = false, size = 847, ptr_start = 0x55ab9c40ffd0, i = 1

node: is_free = false, size = 484, ptr_start = 0x55ab9c41031f, i = 2

node: is_free = true, size = 2175, ptr_start = 0x55ab9c410503, i = 3

node: is_free = false, size = 2205, ptr_start = 0x55ab9c410d82, i = 4

node: is_free = false, size = 14, ptr_start = 0x55ab9c41161f, i = 5

node: is_free = true, size = 2435, ptr_start = 0x55ab9c41162d, i = 6

totalSize = 10000, fillRatio = 0.50, minBlockSize = 1, maxBlockSize = 3000, iterations = 10000

newBlockSize = 2877, i = 3931

_memory starts = 0x55ab9c3b0060

node: is_free = false, size = 1832, ptr_start = 0x55ab9c40f8a0, i = 0

node: is_free = true, size = 855, ptr_start = 0x55ab9c40ffc8, i = 1

node: is_free = false, size = 484, ptr_start = 0x55ab9c41031f, i = 2

node: is_free = true, size = 2177, ptr_start = 0x55ab9c410503, i = 3

node: is_free = false, size = 751, ptr_start = 0x55ab9c410d84, i = 4

node: is_free = false, size = 1654, ptr_start = 0x55ab9c411073, i = 5

node: is_free = true, size = 2247, ptr_start = 0x55ab9c4116e9, i = 6

totalSize = 10000, fillRatio = 0.50, minBlockSize = 1, maxBlockSize = 3000, iterations = 10000

newBlockSize = 2649, i = 3950

_memory starts = 0x55ab9c3b0060

node: is_free = false, size = 677, ptr_start = 0x55ab9c40f8a0, i = 0

node: is_free = true, size = 2494, ptr_start = 0x55ab9c40fb45, i = 1

node: is_free = false, size = 1307, ptr_start = 0x55ab9c410503, i = 2

node: is_free = true, size = 1621, ptr_start = 0x55ab9c410a1e, i = 3

node: is_free = false, size = 1237, ptr_start = 0x55ab9c411073, i = 4

node: is_free = false, size = 1092, ptr_start = 0x55ab9c411548, i = 5

node: is_free = true, size = 1572, ptr_start = 0x55ab9c41198c, i = 6

totalSize = 10000, fillRatio = 0.50, minBlockSize = 1, maxBlockSize = 3000, iterations = 10000

newBlockSize = 2744, i = 3966

_memory starts = 0x55ab9c3b0060

node: is_free = false, size = 677, ptr_start = 0x55ab9c40f8a0, i = 0

node: is_free = true, size = 2710, ptr_start = 0x55ab9c40fb45, i = 1

node: is_free = false, size = 988, ptr_start = 0x55ab9c4105db, i = 2

node: is_free = true, size = 1724, ptr_start = 0x55ab9c4109b7, i = 3

node: is_free = false, size = 1237, ptr_start = 0x55ab9c411073, i = 4

node: is_free = false, size = 351, ptr_start = 0x55ab9c411548, i = 5

node: is_free = false, size = 1216, ptr_start = 0x55ab9c4116a7, i = 6

node: is_free = true, size = 1097, ptr_start = 0x55ab9c411b67, i = 7

totalSize = 10000, fillRatio = 0.50, minBlockSize = 1, maxBlockSize = 3000, iterations = 10000

newBlockSize = 2973, i = 3993

_memory starts = 0x55ab9c3b0060

node: is_free = true, size = 2015, ptr_start = 0x55ab9c40f8a0, i = 0

node: is_free = false, size = 2298, ptr_start = 0x55ab9c41007f, i = 1

node: is_free = true, size = 1712, ptr_start = 0x55ab9c410979, i = 2

node: is_free = false, size = 812, ptr_start = 0x55ab9c411029, i = 3

node: is_free = true, size = 563, ptr_start = 0x55ab9c411355, i = 4

node: is_free = false, size = 1334, ptr_start = 0x55ab9c411588, i = 5

node: is_free = true, size = 1266, ptr_start = 0x55ab9c411abe, i = 6

totalSize = 10000, fillRatio = 0.50, minBlockSize = 1, maxBlockSize = 3000, iterations = 10000

newBlockSize = 2964, i = 4014

_memory starts = 0x55ab9c3b0060

node: is_free = true, size = 2843, ptr_start = 0x55ab9c40f8a0, i = 0

node: is_free = false, size = 837, ptr_start = 0x55ab9c4103bb, i = 1

node: is_free = false, size = 463, ptr_start = 0x55ab9c410700, i = 2

node: is_free = false, size = 164, ptr_start = 0x55ab9c4108cf, i = 3

node: is_free = false, size = 1188, ptr_start = 0x55ab9c410973, i = 4

node: is_free = true, size = 1905, ptr_start = 0x55ab9c410e17, i = 5

node: is_free = false, size = 1334, ptr_start = 0x55ab9c411588, i = 6

node: is_free = true, size = 1266, ptr_start = 0x55ab9c411abe, i = 7

totalSize = 10000, fillRatio = 0.50, minBlockSize = 1, maxBlockSize = 3000, iterations = 10000

newBlockSize = 2605, i = 4170

_memory starts = 0x55ab9c3b0060

node: is_free = true, size = 1631, ptr_start = 0x55ab9c40f8a0, i = 0

node: is_free = false, size = 2703, ptr_start = 0x55ab9c40feff, i = 1

node: is_free = true, size = 2237, ptr_start = 0x55ab9c41098e, i = 2

node: is_free = false, size = 1418, ptr_start = 0x55ab9c41124b, i = 3

node: is_free = true, size = 2011, ptr_start = 0x55ab9c4117d5, i = 4

totalSize = 10000, fillRatio = 0.50, minBlockSize = 1, maxBlockSize = 3000, iterations = 10000

newBlockSize = 2903, i = 4331

_memory starts = 0x55ab9c3b0060

node: is_free = true, size = 869, ptr_start = 0x55ab9c40f8a0, i = 0

node: is_free = false, size = 674, ptr_start = 0x55ab9c40fc05, i = 1

node: is_free = true, size = 1031, ptr_start = 0x55ab9c40fea7, i = 2

node: is_free = false, size = 267, ptr_start = 0x55ab9c4102ae, i = 3

node: is_free = true, size = 2722, ptr_start = 0x55ab9c4103b9, i = 4

node: is_free = false, size = 1620, ptr_start = 0x55ab9c410e5b, i = 5

node: is_free = false, size = 645, ptr_start = 0x55ab9c4114af, i = 6

node: is_free = false, size = 1333, ptr_start = 0x55ab9c411734, i = 7

node: is_free = true, size = 839, ptr_start = 0x55ab9c411c69, i = 8

totalSize = 10000, fillRatio = 0.50, minBlockSize = 1, maxBlockSize = 3000, iterations = 10000

newBlockSize = 2979, i = 4357

_memory starts = 0x55ab9c3b0060

node: is_free = true, size = 901, ptr_start = 0x55ab9c40f8a0, i = 0

node: is_free = false, size = 2055, ptr_start = 0x55ab9c40fc25, i = 1

node: is_free = false, size = 1432, ptr_start = 0x55ab9c41042c, i = 2

node: is_free = false, size = 76, ptr_start = 0x55ab9c4109c4, i = 3

node: is_free = true, size = 2719, ptr_start = 0x55ab9c410a10, i = 4

node: is_free = false, size = 686, ptr_start = 0x55ab9c4114af, i = 5

node: is_free = true, size = 2131, ptr_start = 0x55ab9c41175d, i = 6

totalSize = 10000, fillRatio = 0.50, minBlockSize = 1, maxBlockSize = 3000, iterations = 10000

newBlockSize = 2838, i = 4404

_memory starts = 0x55ab9c3b0060

node: is_free = true, size = 821, ptr_start = 0x55ab9c40f8a0, i = 0

node: is_free = false, size = 1764, ptr_start = 0x55ab9c40fbd5, i = 1

node: is_free = true, size = 1214, ptr_start = 0x55ab9c4102b9, i = 2

node: is_free = false, size = 26, ptr_start = 0x55ab9c410777, i = 3

node: is_free = false, size = 143, ptr_start = 0x55ab9c410791, i = 4

node: is_free = false, size = 1151, ptr_start = 0x55ab9c410820, i = 5

node: is_free = true, size = 631, ptr_start = 0x55ab9c410c9f, i = 6

node: is_free = false, size = 1508, ptr_start = 0x55ab9c410f16, i = 7

node: is_free = true, size = 2742, ptr_start = 0x55ab9c4114fa, i = 8

totalSize = 10000, fillRatio = 0.50, minBlockSize = 1, maxBlockSize = 3000, iterations = 10000

newBlockSize = 2893, i = 4406

_memory starts = 0x55ab9c3b0060

node: is_free = true, size = 821, ptr_start = 0x55ab9c40f8a0, i = 0

node: is_free = false, size = 1764, ptr_start = 0x55ab9c40fbd5, i = 1

node: is_free = true, size = 1214, ptr_start = 0x55ab9c4102b9, i = 2

node: is_free = false, size = 26, ptr_start = 0x55ab9c410777, i = 3

node: is_free = false, size = 143, ptr_start = 0x55ab9c410791, i = 4

node: is_free = false, size = 1151, ptr_start = 0x55ab9c410820, i = 5

node: is_free = true, size = 631, ptr_start = 0x55ab9c410c9f, i = 6

node: is_free = false, size = 1508, ptr_start = 0x55ab9c410f16, i = 7

node: is_free = true, size = 2742, ptr_start = 0x55ab9c4114fa, i = 8

totalSize = 10000, fillRatio = 0.50, minBlockSize = 1, maxBlockSize = 3000, iterations = 10000

newBlockSize = 2251, i = 4409

_memory starts = 0x55ab9c3b0060

node: is_free = true, size = 821, ptr_start = 0x55ab9c40f8a0, i = 0

node: is_free = false, size = 1764, ptr_start = 0x55ab9c40fbd5, i = 1

node: is_free = true, size = 1214, ptr_start = 0x55ab9c4102b9, i = 2

node: is_free = false, size = 26, ptr_start = 0x55ab9c410777, i = 3

node: is_free = false, size = 143, ptr_start = 0x55ab9c410791, i = 4

node: is_free = true, size = 1782, ptr_start = 0x55ab9c410820, i = 5

node: is_free = false, size = 1508, ptr_start = 0x55ab9c410f16, i = 6

node: is_free = false, size = 1113, ptr_start = 0x55ab9c4114fa, i = 7

node: is_free = true, size = 1629, ptr_start = 0x55ab9c411953, i = 8

totalSize = 10000, fillRatio = 0.50, minBlockSize = 1, maxBlockSize = 3000, iterations = 10000

newBlockSize = 2634, i = 4437

_memory starts = 0x55ab9c3b0060

node: is_free = true, size = 1316, ptr_start = 0x55ab9c40f8a0, i = 0

node: is_free = false, size = 1195, ptr_start = 0x55ab9c40fdc4, i = 1

node: is_free = true, size = 1288, ptr_start = 0x55ab9c41026f, i = 2

node: is_free = false, size = 26, ptr_start = 0x55ab9c410777, i = 3

node: is_free = true, size = 11, ptr_start = 0x55ab9c410791, i = 4

node: is_free = false, size = 1337, ptr_start = 0x55ab9c41079c, i = 5

node: is_free = true, size = 2097, ptr_start = 0x55ab9c410cd5, i = 6

node: is_free = false, size = 630, ptr_start = 0x55ab9c411506, i = 7

node: is_free = true, size = 2100, ptr_start = 0x55ab9c41177c, i = 8

totalSize = 10000, fillRatio = 0.50, minBlockSize = 1, maxBlockSize = 3000, iterations = 10000

newBlockSize = 2237, i = 4440

_memory starts = 0x55ab9c3b0060

node: is_free = true, size = 1316, ptr_start = 0x55ab9c40f8a0, i = 0

node: is_free = false, size = 1195, ptr_start = 0x55ab9c40fdc4, i = 1

node: is_free = true, size = 1288, ptr_start = 0x55ab9c41026f, i = 2

node: is_free = false, size = 26, ptr_start = 0x55ab9c410777, i = 3

node: is_free = false, size = 1539, ptr_start = 0x55ab9c410791, i = 4

node: is_free = true, size = 1906, ptr_start = 0x55ab9c410d94, i = 5

node: is_free = false, size = 630, ptr_start = 0x55ab9c411506, i = 6

node: is_free = true, size = 2100, ptr_start = 0x55ab9c41177c, i = 7

totalSize = 10000, fillRatio = 0.50, minBlockSize = 1, maxBlockSize = 3000, iterations = 10000

newBlockSize = 2804, i = 4442

_memory starts = 0x55ab9c3b0060

node: is_free = true, size = 1316, ptr_start = 0x55ab9c40f8a0, i = 0

node: is_free = false, size = 1195, ptr_start = 0x55ab9c40fdc4, i = 1

node: is_free = true, size = 1314, ptr_start = 0x55ab9c41026f, i = 2

node: is_free = false, size = 1539, ptr_start = 0x55ab9c410791, i = 3

node: is_free = true, size = 1906, ptr_start = 0x55ab9c410d94, i = 4

node: is_free = false, size = 630, ptr_start = 0x55ab9c411506, i = 5

node: is_free = true, size = 2100, ptr_start = 0x55ab9c41177c, i = 6

totalSize = 10000, fillRatio = 0.50, minBlockSize = 1, maxBlockSize = 3000, iterations = 10000

newBlockSize = 2153, i = 4444

_memory starts = 0x55ab9c3b0060

node: is_free = true, size = 1316, ptr_start = 0x55ab9c40f8a0, i = 0

node: is_free = false, size = 1195, ptr_start = 0x55ab9c40fdc4, i = 1

node: is_free = true, size = 1314, ptr_start = 0x55ab9c41026f, i = 2

node: is_free = false, size = 1539, ptr_start = 0x55ab9c410791, i = 3

node: is_free = true, size = 1906, ptr_start = 0x55ab9c410d94, i = 4

node: is_free = false, size = 630, ptr_start = 0x55ab9c411506, i = 5

node: is_free = true, size = 2100, ptr_start = 0x55ab9c41177c, i = 6

totalSize = 10000, fillRatio = 0.50, minBlockSize = 1, maxBlockSize = 3000, iterations = 10000

newBlockSize = 2751, i = 4448

_memory starts = 0x55ab9c3b0060

node: is_free = true, size = 1316, ptr_start = 0x55ab9c40f8a0, i = 0

node: is_free = false, size = 1195, ptr_start = 0x55ab9c40fdc4, i = 1

node: is_free = false, size = 2510, ptr_start = 0x55ab9c41026f, i = 2

node: is_free = false, size = 497, ptr_start = 0x55ab9c410c3d, i = 3

node: is_free = true, size = 1752, ptr_start = 0x55ab9c410e2e, i = 4

node: is_free = false, size = 630, ptr_start = 0x55ab9c411506, i = 5

node: is_free = true, size = 2100, ptr_start = 0x55ab9c41177c, i = 6

totalSize = 10000, fillRatio = 0.50, minBlockSize = 1, maxBlockSize = 3000, iterations = 10000

newBlockSize = 2408, i = 4451

_memory starts = 0x55ab9c3b0060

node: is_free = false, size = 505, ptr_start = 0x55ab9c40f8a0, i = 0

node: is_free = true, size = 2006, ptr_start = 0x55ab9c40fa99, i = 1

node: is_free = false, size = 2510, ptr_start = 0x55ab9c41026f, i = 2

node: is_free = false, size = 497, ptr_start = 0x55ab9c410c3d, i = 3

node: is_free = true, size = 1752, ptr_start = 0x55ab9c410e2e, i = 4

node: is_free = false, size = 630, ptr_start = 0x55ab9c411506, i = 5

node: is_free = true, size = 2100, ptr_start = 0x55ab9c41177c, i = 6

totalSize = 10000, fillRatio = 0.50, minBlockSize = 1, maxBlockSize = 3000, iterations = 10000

newBlockSize = 2471, i = 4455

_memory starts = 0x55ab9c3b0060

node: is_free = false, size = 505, ptr_start = 0x55ab9c40f8a0, i = 0

node: is_free = true, size = 2006, ptr_start = 0x55ab9c40fa99, i = 1

node: is_free = false, size = 2510, ptr_start = 0x55ab9c41026f, i = 2

node: is_free = false, size = 138, ptr_start = 0x55ab9c410c3d, i = 3

node: is_free = false, size = 954, ptr_start = 0x55ab9c410cc7, i = 4

node: is_free = true, size = 1157, ptr_start = 0x55ab9c411081, i = 5

node: is_free = false, size = 630, ptr_start = 0x55ab9c411506, i = 6

node: is_free = true, size = 2100, ptr_start = 0x55ab9c41177c, i = 7

totalSize = 10000, fillRatio = 0.50, minBlockSize = 1, maxBlockSize = 3000, iterations = 10000

newBlockSize = 2290, i = 4457

_memory starts = 0x55ab9c3b0060

node: is_free = false, size = 505, ptr_start = 0x55ab9c40f8a0, i = 0

node: is_free = true, size = 2006, ptr_start = 0x55ab9c40fa99, i = 1

node: is_free = false, size = 2510, ptr_start = 0x55ab9c41026f, i = 2

node: is_free = true, size = 138, ptr_start = 0x55ab9c410c3d, i = 3

node: is_free = false, size = 954, ptr_start = 0x55ab9c410cc7, i = 4

node: is_free = true, size = 1157, ptr_start = 0x55ab9c411081, i = 5

node: is_free = false, size = 630, ptr_start = 0x55ab9c411506, i = 6

node: is_free = true, size = 2100, ptr_start = 0x55ab9c41177c, i = 7

totalSize = 10000, fillRatio = 0.50, minBlockSize = 1, maxBlockSize = 3000, iterations = 10000

newBlockSize = 2898, i = 4490

_memory starts = 0x55ab9c3b0060

node: is_free = false, size = 505, ptr_start = 0x55ab9c40f8a0, i = 0

node: is_free = true, size = 2604, ptr_start = 0x55ab9c40fa99, i = 1

node: is_free = false, size = 16, ptr_start = 0x55ab9c4104c5, i = 2

node: is_free = false, size = 212, ptr_start = 0x55ab9c4104d5, i = 3

node: is_free = true, size = 1955, ptr_start = 0x55ab9c4105a9, i = 4

node: is_free = false, size = 2962, ptr_start = 0x55ab9c410d4c, i = 5

node: is_free = true, size = 1746, ptr_start = 0x55ab9c4118de, i = 6

totalSize = 10000, fillRatio = 0.50, minBlockSize = 1, maxBlockSize = 3000, iterations = 10000

newBlockSize = 2775, i = 4522

_memory starts = 0x55ab9c3b0060

node: is_free = true, size = 2582, ptr_start = 0x55ab9c40f8a0, i = 0

node: is_free = false, size = 1139, ptr_start = 0x55ab9c4102b6, i = 1

node: is_free = true, size = 1248, ptr_start = 0x55ab9c410729, i = 2

node: is_free = false, size = 2233, ptr_start = 0x55ab9c410c09, i = 3

node: is_free = false, size = 1133, ptr_start = 0x55ab9c4114c2, i = 4

node: is_free = true, size = 1665, ptr_start = 0x55ab9c41192f, i = 5

totalSize = 10000, fillRatio = 0.50, minBlockSize = 1, maxBlockSize = 3000, iterations = 10000

newBlockSize = 2367, i = 4569

_memory starts = 0x55ab9c3b0060

node: is_free = true, size = 1921, ptr_start = 0x55ab9c40f8a0, i = 0

node: is_free = false, size = 623, ptr_start = 0x55ab9c410021, i = 1

node: is_free = true, size = 2073, ptr_start = 0x55ab9c410290, i = 2

node: is_free = false, size = 1419, ptr_start = 0x55ab9c410aa9, i = 3

node: is_free = false, size = 786, ptr_start = 0x55ab9c411034, i = 4

node: is_free = false, size = 101, ptr_start = 0x55ab9c411346, i = 5

node: is_free = false, size = 771, ptr_start = 0x55ab9c4113ab, i = 6

node: is_free = false, size = 255, ptr_start = 0x55ab9c4116ae, i = 7

node: is_free = true, size = 2051, ptr_start = 0x55ab9c4117ad, i = 8

totalSize = 10000, fillRatio = 0.50, minBlockSize = 1, maxBlockSize = 3000, iterations = 10000

newBlockSize = 2926, i = 4585

_memory starts = 0x55ab9c3b0060

node: is_free = true, size = 1980, ptr_start = 0x55ab9c40f8a0, i = 0

node: is_free = false, size = 220, ptr_start = 0x55ab9c41005c, i = 1

node: is_free = false, size = 962, ptr_start = 0x55ab9c410138, i = 2

node: is_free = true, size = 1455, ptr_start = 0x55ab9c4104fa, i = 3

node: is_free = false, size = 1419, ptr_start = 0x55ab9c410aa9, i = 4

node: is_free = true, size = 887, ptr_start = 0x55ab9c411034, i = 5

node: is_free = false, size = 771, ptr_start = 0x55ab9c4113ab, i = 6

node: is_free = true, size = 2306, ptr_start = 0x55ab9c4116ae, i = 7

totalSize = 10000, fillRatio = 0.50, minBlockSize = 1, maxBlockSize = 3000, iterations = 10000

newBlockSize = 2301, i = 4598

_memory starts = 0x55ab9c3b0060

node: is_free = false, size = 548, ptr_start = 0x55ab9c40f8a0, i = 0

node: is_free = false, size = 12, ptr_start = 0x55ab9c40fac4, i = 1

node: is_free = false, size = 323, ptr_start = 0x55ab9c40fad0, i = 2

node: is_free = true, size = 1317, ptr_start = 0x55ab9c40fc13, i = 3

node: is_free = false, size = 962, ptr_start = 0x55ab9c410138, i = 4

node: is_free = false, size = 394, ptr_start = 0x55ab9c4104fa, i = 5

node: is_free = false, size = 1179, ptr_start = 0x55ab9c410684, i = 6

node: is_free = true, size = 2188, ptr_start = 0x55ab9c410b1f, i = 7

node: is_free = false, size = 771, ptr_start = 0x55ab9c4113ab, i = 8

node: is_free = false, size = 119, ptr_start = 0x55ab9c4116ae, i = 9

node: is_free = true, size = 2187, ptr_start = 0x55ab9c411725, i = 10

totalSize = 10000, fillRatio = 0.50, minBlockSize = 1, maxBlockSize = 3000, iterations = 10000

newBlockSize = 2837, i = 4600

_memory starts = 0x55ab9c3b0060

node: is_free = false, size = 548, ptr_start = 0x55ab9c40f8a0, i = 0

node: is_free = false, size = 12, ptr_start = 0x55ab9c40fac4, i = 1

node: is_free = true, size = 1640, ptr_start = 0x55ab9c40fad0, i = 2

node: is_free = false, size = 962, ptr_start = 0x55ab9c410138, i = 3

node: is_free = false, size = 394, ptr_start = 0x55ab9c4104fa, i = 4

node: is_free = false, size = 1179, ptr_start = 0x55ab9c410684, i = 5

node: is_free = true, size = 2188, ptr_start = 0x55ab9c410b1f, i = 6

node: is_free = false, size = 771, ptr_start = 0x55ab9c4113ab, i = 7

node: is_free = false, size = 119, ptr_start = 0x55ab9c4116ae, i = 8

node: is_free = true, size = 2187, ptr_start = 0x55ab9c411725, i = 9

totalSize = 10000, fillRatio = 0.50, minBlockSize = 1, maxBlockSize = 3000, iterations = 10000

newBlockSize = 2819, i = 4602

_memory starts = 0x55ab9c3b0060

node: is_free = true, size = 548, ptr_start = 0x55ab9c40f8a0, i = 0

node: is_free = false, size = 12, ptr_start = 0x55ab9c40fac4, i = 1

node: is_free = true, size = 1640, ptr_start = 0x55ab9c40fad0, i = 2

node: is_free = false, size = 962, ptr_start = 0x55ab9c410138, i = 3

node: is_free = false, size = 394, ptr_start = 0x55ab9c4104fa, i = 4

node: is_free = false, size = 1179, ptr_start = 0x55ab9c410684, i = 5

node: is_free = true, size = 2188, ptr_start = 0x55ab9c410b1f, i = 6

node: is_free = false, size = 771, ptr_start = 0x55ab9c4113ab, i = 7

node: is_free = false, size = 119, ptr_start = 0x55ab9c4116ae, i = 8

node: is_free = true, size = 2187, ptr_start = 0x55ab9c411725, i = 9

totalSize = 10000, fillRatio = 0.50, minBlockSize = 1, maxBlockSize = 3000, iterations = 10000

newBlockSize = 2522, i = 4611

_memory starts = 0x55ab9c3b0060

node: is_free = true, size = 548, ptr_start = 0x55ab9c40f8a0, i = 0

node: is_free = false, size = 12, ptr_start = 0x55ab9c40fac4, i = 1

node: is_free = false, size = 1307, ptr_start = 0x55ab9c40fad0, i = 2

node: is_free = true, size = 1295, ptr_start = 0x55ab9c40ffeb, i = 3

node: is_free = false, size = 394, ptr_start = 0x55ab9c4104fa, i = 4

node: is_free = false, size = 140, ptr_start = 0x55ab9c410684, i = 5

node: is_free = false, size = 54, ptr_start = 0x55ab9c410710, i = 6

node: is_free = false, size = 735, ptr_start = 0x55ab9c410746, i = 7

node: is_free = false, size = 1997, ptr_start = 0x55ab9c410a25, i = 8

node: is_free = true, size = 1212, ptr_start = 0x55ab9c4111f2, i = 9

node: is_free = false, size = 119, ptr_start = 0x55ab9c4116ae, i = 10

node: is_free = true, size = 2187, ptr_start = 0x55ab9c411725, i = 11

totalSize = 10000, fillRatio = 0.50, minBlockSize = 1, maxBlockSize = 3000, iterations = 10000

newBlockSize = 2641, i = 4624

_memory starts = 0x55ab9c3b0060

node: is_free = true, size = 560, ptr_start = 0x55ab9c40f8a0, i = 0

node: is_free = false, size = 1307, ptr_start = 0x55ab9c40fad0, i = 1

node: is_free = true, size = 1883, ptr_start = 0x55ab9c40ffeb, i = 2

node: is_free = false, size = 2874, ptr_start = 0x55ab9c410746, i = 3

node: is_free = true, size = 1070, ptr_start = 0x55ab9c411280, i = 4

node: is_free = false, size = 119, ptr_start = 0x55ab9c4116ae, i = 5

node: is_free = false, size = 619, ptr_start = 0x55ab9c411725, i = 6

node: is_free = true, size = 1568, ptr_start = 0x55ab9c411990, i = 7

totalSize = 10000, fillRatio = 0.50, minBlockSize = 1, maxBlockSize = 3000, iterations = 10000

newBlockSize = 2598, i = 4662

_memory starts = 0x55ab9c3b0060

node: is_free = false, size = 44, ptr_start = 0x55ab9c40f8a0, i = 0

node: is_free = true, size = 2458, ptr_start = 0x55ab9c40f8cc, i = 1

node: is_free = false, size = 2531, ptr_start = 0x55ab9c410266, i = 2

node: is_free = true, size = 2412, ptr_start = 0x55ab9c410c49, i = 3

node: is_free = false, size = 2269, ptr_start = 0x55ab9c4115b5, i = 4

node: is_free = true, size = 286, ptr_start = 0x55ab9c411e92, i = 5

totalSize = 10000, fillRatio = 0.50, minBlockSize = 1, maxBlockSize = 3000, iterations = 10000

newBlockSize = 2718, i = 4698

_memory starts = 0x55ab9c3b0060

node: is_free = true, size = 2070, ptr_start = 0x55ab9c40f8a0, i = 0

node: is_free = false, size = 1100, ptr_start = 0x55ab9c4100b6, i = 1

node: is_free = true, size = 1875, ptr_start = 0x55ab9c410502, i = 2

node: is_free = false, size = 289, ptr_start = 0x55ab9c410c55, i = 3

node: is_free = false, size = 2463, ptr_start = 0x55ab9c410d76, i = 4

node: is_free = false, size = 799, ptr_start = 0x55ab9c411715, i = 5

node: is_free = true, size = 1404, ptr_start = 0x55ab9c411a34, i = 6

totalSize = 10000, fillRatio = 0.50, minBlockSize = 1, maxBlockSize = 3000, iterations = 10000

newBlockSize = 2355, i = 4700

_memory starts = 0x55ab9c3b0060

node: is_free = true, size = 2070, ptr_start = 0x55ab9c40f8a0, i = 0

node: is_free = false, size = 1100, ptr_start = 0x55ab9c4100b6, i = 1

node: is_free = true, size = 1875, ptr_start = 0x55ab9c410502, i = 2

node: is_free = false, size = 289, ptr_start = 0x55ab9c410c55, i = 3

node: is_free = false, size = 2463, ptr_start = 0x55ab9c410d76, i = 4

node: is_free = true, size = 2203, ptr_start = 0x55ab9c411715, i = 5

totalSize = 10000, fillRatio = 0.50, minBlockSize = 1, maxBlockSize = 3000, iterations = 10000

newBlockSize = 2477, i = 4769

_memory starts = 0x55ab9c3b0060

node: is_free = true, size = 2426, ptr_start = 0x55ab9c40f8a0, i = 0

node: is_free = false, size = 1610, ptr_start = 0x55ab9c41021a, i = 1

node: is_free = true, size = 2121, ptr_start = 0x55ab9c410864, i = 2

node: is_free = false, size = 1301, ptr_start = 0x55ab9c4110ad, i = 3

node: is_free = false, size = 1711, ptr_start = 0x55ab9c4115c2, i = 4

node: is_free = true, size = 831, ptr_start = 0x55ab9c411c71, i = 5

totalSize = 10000, fillRatio = 0.50, minBlockSize = 1, maxBlockSize = 3000, iterations = 10000

newBlockSize = 2266, i = 4783

_memory starts = 0x55ab9c3b0060

node: is_free = true, size = 1267, ptr_start = 0x55ab9c40f8a0, i = 0

node: is_free = false, size = 2597, ptr_start = 0x55ab9c40fd93, i = 1

node: is_free = true, size = 2263, ptr_start = 0x55ab9c4107b8, i = 2

node: is_free = false, size = 1888, ptr_start = 0x55ab9c41108f, i = 3

node: is_free = true, size = 1985, ptr_start = 0x55ab9c4117ef, i = 4

totalSize = 10000, fillRatio = 0.50, minBlockSize = 1, maxBlockSize = 3000, iterations = 10000

newBlockSize = 2912, i = 4797

_memory starts = 0x55ab9c3b0060

node: is_free = true, size = 1041, ptr_start = 0x55ab9c40f8a0, i = 0

node: is_free = false, size = 1612, ptr_start = 0x55ab9c40fcb1, i = 1

node: is_free = false, size = 1037, ptr_start = 0x55ab9c4102fd, i = 2

node: is_free = true, size = 2437, ptr_start = 0x55ab9c41070a, i = 3

node: is_free = false, size = 1888, ptr_start = 0x55ab9c41108f, i = 4

node: is_free = true, size = 1985, ptr_start = 0x55ab9c4117ef, i = 5

totalSize = 10000, fillRatio = 0.50, minBlockSize = 1, maxBlockSize = 3000, iterations = 10000

newBlockSize = 2640, i = 4821

_memory starts = 0x55ab9c3b0060

node: is_free = true, size = 1566, ptr_start = 0x55ab9c40f8a0, i = 0

node: is_free = false, size = 257, ptr_start = 0x55ab9c40febe, i = 1

node: is_free = false, size = 1426, ptr_start = 0x55ab9c40ffbf, i = 2

node: is_free = true, size = 1891, ptr_start = 0x55ab9c410551, i = 3

node: is_free = false, size = 1931, ptr_start = 0x55ab9c410cb4, i = 4

node: is_free = false, size = 949, ptr_start = 0x55ab9c41143f, i = 5

node: is_free = true, size = 1980, ptr_start = 0x55ab9c4117f4, i = 6

totalSize = 10000, fillRatio = 0.50, minBlockSize = 1, maxBlockSize = 3000, iterations = 10000

newBlockSize = 2649, i = 4832

_memory starts = 0x55ab9c3b0060

node: is_free = false, size = 683, ptr_start = 0x55ab9c40f8a0, i = 0

node: is_free = true, size = 1820, ptr_start = 0x55ab9c40fb4b, i = 1

node: is_free = false, size = 378, ptr_start = 0x55ab9c410267, i = 2

node: is_free = true, size = 2259, ptr_start = 0x55ab9c4103e1, i = 3

node: is_free = false, size = 1931, ptr_start = 0x55ab9c410cb4, i = 4

node: is_free = false, size = 949, ptr_start = 0x55ab9c41143f, i = 5

node: is_free = true, size = 1980, ptr_start = 0x55ab9c4117f4, i = 6

totalSize = 10000, fillRatio = 0.50, minBlockSize = 1, maxBlockSize = 3000, iterations = 10000

newBlockSize = 2965, i = 4834

_memory starts = 0x55ab9c3b0060

node: is_free = false, size = 683, ptr_start = 0x55ab9c40f8a0, i = 0

node: is_free = true, size = 1820, ptr_start = 0x55ab9c40fb4b, i = 1

node: is_free = false, size = 378, ptr_start = 0x55ab9c410267, i = 2

node: is_free = true, size = 2259, ptr_start = 0x55ab9c4103e1, i = 3

node: is_free = false, size = 1931, ptr_start = 0x55ab9c410cb4, i = 4

node: is_free = true, size = 2929, ptr_start = 0x55ab9c41143f, i = 5

totalSize = 10000, fillRatio = 0.50, minBlockSize = 1, maxBlockSize = 3000, iterations = 10000

newBlockSize = 2903, i = 4914

_memory starts = 0x55ab9c3b0060

node: is_free = false, size = 1349, ptr_start = 0x55ab9c40f8a0, i = 0

node: is_free = false, size = 95, ptr_start = 0x55ab9c40fde5, i = 1

node: is_free = true, size = 2330, ptr_start = 0x55ab9c40fe44, i = 2

node: is_free = false, size = 1517, ptr_start = 0x55ab9c41075e, i = 3

node: is_free = false, size = 23, ptr_start = 0x55ab9c410d4b, i = 4

node: is_free = true, size = 1066, ptr_start = 0x55ab9c410d62, i = 5

node: is_free = false, size = 1587, ptr_start = 0x55ab9c41118c, i = 6

node: is_free = true, size = 2033, ptr_start = 0x55ab9c4117bf, i = 7

totalSize = 10000, fillRatio = 0.50, minBlockSize = 1, maxBlockSize = 3000, iterations = 10000

newBlockSize = 2277, i = 4941

_memory starts = 0x55ab9c3b0060

node: is_free = false, size = 140, ptr_start = 0x55ab9c40f8a0, i = 0

node: is_free = false, size = 2115, ptr_start = 0x55ab9c40f92c, i = 1

node: is_free = true, size = 2227, ptr_start = 0x55ab9c41016f, i = 2

node: is_free = false, size = 691, ptr_start = 0x55ab9c410a22, i = 3

node: is_free = true, size = 1927, ptr_start = 0x55ab9c410cd5, i = 4

node: is_free = false, size = 1623, ptr_start = 0x55ab9c41145c, i = 5

node: is_free = true, size = 1277, ptr_start = 0x55ab9c411ab3, i = 6

totalSize = 10000, fillRatio = 0.50, minBlockSize = 1, maxBlockSize = 3000, iterations = 10000

newBlockSize = 2719, i = 4973

_memory starts = 0x55ab9c3b0060

node: is_free = true, size = 1618, ptr_start = 0x55ab9c40f8a0, i = 0

node: is_free = false, size = 1915, ptr_start = 0x55ab9c40fef2, i = 1

node: is_free = false, size = 1225, ptr_start = 0x55ab9c41066d, i = 2

node: is_free = false, size = 988, ptr_start = 0x55ab9c410b36, i = 3

node: is_free = true, size = 1539, ptr_start = 0x55ab9c410f12, i = 4

node: is_free = false, size = 318, ptr_start = 0x55ab9c411515, i = 5

node: is_free = false, size = 37, ptr_start = 0x55ab9c411653, i = 6

node: is_free = true, size = 2360, ptr_start = 0x55ab9c411678, i = 7

totalSize = 10000, fillRatio = 0.50, minBlockSize = 1, maxBlockSize = 3000, iterations = 10000

newBlockSize = 2836, i = 4976

_memory starts = 0x55ab9c3b0060

node: is_free = false, size = 1063, ptr_start = 0x55ab9c40f8a0, i = 0

node: is_free = true, size = 2470, ptr_start = 0x55ab9c40fcc7, i = 1

node: is_free = false, size = 1225, ptr_start = 0x55ab9c41066d, i = 2

node: is_free = false, size = 988, ptr_start = 0x55ab9c410b36, i = 3

node: is_free = true, size = 1539, ptr_start = 0x55ab9c410f12, i = 4

node: is_free = false, size = 318, ptr_start = 0x55ab9c411515, i = 5

node: is_free = false, size = 37, ptr_start = 0x55ab9c411653, i = 6

node: is_free = true, size = 2360, ptr_start = 0x55ab9c411678, i = 7

totalSize = 10000, fillRatio = 0.50, minBlockSize = 1, maxBlockSize = 3000, iterations = 10000

newBlockSize = 2921, i = 4981

_memory starts = 0x55ab9c3b0060

node: is_free = true, size = 1063, ptr_start = 0x55ab9c40f8a0, i = 0

node: is_free = false, size = 2221, ptr_start = 0x55ab9c40fcc7, i = 1

node: is_free = true, size = 249, ptr_start = 0x55ab9c410574, i = 2

node: is_free = false, size = 1225, ptr_start = 0x55ab9c41066d, i = 3

node: is_free = false, size = 543, ptr_start = 0x55ab9c410b36, i = 4

node: is_free = true, size = 1984, ptr_start = 0x55ab9c410d55, i = 5

node: is_free = false, size = 318, ptr_start = 0x55ab9c411515, i = 6

node: is_free = false, size = 37, ptr_start = 0x55ab9c411653, i = 7

node: is_free = true, size = 2360, ptr_start = 0x55ab9c411678, i = 8

totalSize = 10000, fillRatio = 0.50, minBlockSize = 1, maxBlockSize = 3000, iterations = 10000

newBlockSize = 2553, i = 4992

_memory starts = 0x55ab9c3b0060

node: is_free = false, size = 2618, ptr_start = 0x55ab9c40f8a0, i = 0

node: is_free = true, size = 2140, ptr_start = 0x55ab9c4102da, i = 1

node: is_free = false, size = 1205, ptr_start = 0x55ab9c410b36, i = 2

node: is_free = true, size = 1640, ptr_start = 0x55ab9c410feb, i = 3

node: is_free = false, size = 79, ptr_start = 0x55ab9c411653, i = 4

node: is_free = true, size = 2318, ptr_start = 0x55ab9c4116a2, i = 5

totalSize = 10000, fillRatio = 0.50, minBlockSize = 1, maxBlockSize = 3000, iterations = 10000

newBlockSize = 2561, i = 4997

_memory starts = 0x55ab9c3b0060

node: is_free = false, size = 1892, ptr_start = 0x55ab9c40f8a0, i = 0

node: is_free = false, size = 498, ptr_start = 0x55ab9c410004, i = 1

node: is_free = false, size = 296, ptr_start = 0x55ab9c4101f6, i = 2

node: is_free = true, size = 2072, ptr_start = 0x55ab9c41031e, i = 3

node: is_free = false, size = 1205, ptr_start = 0x55ab9c410b36, i = 4

node: is_free = true, size = 1640, ptr_start = 0x55ab9c410feb, i = 5

node: is_free = false, size = 79, ptr_start = 0x55ab9c411653, i = 6

node: is_free = true, size = 2318, ptr_start = 0x55ab9c4116a2, i = 7

totalSize = 10000, fillRatio = 0.50, minBlockSize = 1, maxBlockSize = 3000, iterations = 10000

newBlockSize = 2571, i = 5033

_memory starts = 0x55ab9c3b0060

node: is_free = true, size = 2390, ptr_start = 0x55ab9c40f8a0, i = 0

node: is_free = false, size = 294, ptr_start = 0x55ab9c4101f6, i = 1

node: is_free = false, size = 311, ptr_start = 0x55ab9c41031c, i = 2

node: is_free = false, size = 853, ptr_start = 0x55ab9c410453, i = 3

node: is_free = true, size = 2457, ptr_start = 0x55ab9c4107a8, i = 4

node: is_free = false, size = 2579, ptr_start = 0x55ab9c411141, i = 5

node: is_free = true, size = 1116, ptr_start = 0x55ab9c411b54, i = 6

totalSize = 10000, fillRatio = 0.50, minBlockSize = 1, maxBlockSize = 3000, iterations = 10000

newBlockSize = 2469, i = 5042

_memory starts = 0x55ab9c3b0060

node: is_free = true, size = 2390, ptr_start = 0x55ab9c40f8a0, i = 0

node: is_free = false, size = 294, ptr_start = 0x55ab9c4101f6, i = 1

node: is_free = false, size = 311, ptr_start = 0x55ab9c41031c, i = 2

node: is_free = false, size = 1470, ptr_start = 0x55ab9c410453, i = 3

node: is_free = true, size = 2423, ptr_start = 0x55ab9c410a11, i = 4

node: is_free = false, size = 2892, ptr_start = 0x55ab9c411388, i = 5

node: is_free = true, size = 220, ptr_start = 0x55ab9c411ed4, i = 6

totalSize = 10000, fillRatio = 0.50, minBlockSize = 1, maxBlockSize = 3000, iterations = 10000

newBlockSize = 2726, i = 5065

_memory starts = 0x55ab9c3b0060

node: is_free = false, size = 457, ptr_start = 0x55ab9c40f8a0, i = 0

node: is_free = true, size = 2227, ptr_start = 0x55ab9c40fa69, i = 1

node: is_free = false, size = 311, ptr_start = 0x55ab9c41031c, i = 2

node: is_free = false, size = 180, ptr_start = 0x55ab9c410453, i = 3

node: is_free = false, size = 37, ptr_start = 0x55ab9c410507, i = 4

node: is_free = true, size = 393, ptr_start = 0x55ab9c41052c, i = 5

node: is_free = false, size = 153, ptr_start = 0x55ab9c4106b5, i = 6

node: is_free = true, size = 546, ptr_start = 0x55ab9c41074e, i = 7

node: is_free = false, size = 83, ptr_start = 0x55ab9c410970, i = 8

node: is_free = false, size = 2847, ptr_start = 0x55ab9c4109c3, i = 9

node: is_free = false, size = 629, ptr_start = 0x55ab9c4114e2, i = 10

node: is_free = true, size = 2137, ptr_start = 0x55ab9c411757, i = 11

totalSize = 10000, fillRatio = 0.50, minBlockSize = 1, maxBlockSize = 3000, iterations = 10000

newBlockSize = 2709, i = 5067

_memory starts = 0x55ab9c3b0060

node: is_free = false, size = 457, ptr_start = 0x55ab9c40f8a0, i = 0

node: is_free = true, size = 2227, ptr_start = 0x55ab9c40fa69, i = 1

node: is_free = false, size = 311, ptr_start = 0x55ab9c41031c, i = 2

node: is_free = false, size = 180, ptr_start = 0x55ab9c410453, i = 3

node: is_free = true, size = 430, ptr_start = 0x55ab9c410507, i = 4

node: is_free = false, size = 153, ptr_start = 0x55ab9c4106b5, i = 5

node: is_free = true, size = 546, ptr_start = 0x55ab9c41074e, i = 6

node: is_free = false, size = 83, ptr_start = 0x55ab9c410970, i = 7

node: is_free = false, size = 2847, ptr_start = 0x55ab9c4109c3, i = 8

node: is_free = false, size = 629, ptr_start = 0x55ab9c4114e2, i = 9

node: is_free = true, size = 2137, ptr_start = 0x55ab9c411757, i = 10

totalSize = 10000, fillRatio = 0.50, minBlockSize = 1, maxBlockSize = 3000, iterations = 10000

newBlockSize = 2602, i = 5078

_memory starts = 0x55ab9c3b0060

node: is_free = false, size = 1155, ptr_start = 0x55ab9c40f8a0, i = 0

node: is_free = false, size = 99, ptr_start = 0x55ab9c40fd23, i = 1

node: is_free = true, size = 1741, ptr_start = 0x55ab9c40fd86, i = 2

node: is_free = false, size = 180, ptr_start = 0x55ab9c410453, i = 3

node: is_free = true, size = 1129, ptr_start = 0x55ab9c410507, i = 4

node: is_free = false, size = 83, ptr_start = 0x55ab9c410970, i = 5

node: is_free = false, size = 1544, ptr_start = 0x55ab9c4109c3, i = 6

node: is_free = true, size = 1303, ptr_start = 0x55ab9c410fcb, i = 7

node: is_free = false, size = 629, ptr_start = 0x55ab9c4114e2, i = 8

node: is_free = false, size = 1024, ptr_start = 0x55ab9c411757, i = 9

node: is_free = true, size = 1113, ptr_start = 0x55ab9c411b57, i = 10

totalSize = 10000, fillRatio = 0.50, minBlockSize = 1, maxBlockSize = 3000, iterations = 10000

newBlockSize = 2563, i = 5082

_memory starts = 0x55ab9c3b0060

node: is_free = false, size = 1155, ptr_start = 0x55ab9c40f8a0, i = 0

node: is_free = false, size = 99, ptr_start = 0x55ab9c40fd23, i = 1

node: is_free = true, size = 1741, ptr_start = 0x55ab9c40fd86, i = 2

node: is_free = false, size = 180, ptr_start = 0x55ab9c410453, i = 3

node: is_free = true, size = 1129, ptr_start = 0x55ab9c410507, i = 4

node: is_free = false, size = 83, ptr_start = 0x55ab9c410970, i = 5

node: is_free = false, size = 1544, ptr_start = 0x55ab9c4109c3, i = 6

node: is_free = true, size = 1303, ptr_start = 0x55ab9c410fcb, i = 7

node: is_free = false, size = 629, ptr_start = 0x55ab9c4114e2, i = 8

node: is_free = false, size = 210, ptr_start = 0x55ab9c411757, i = 9

node: is_free = false, size = 346, ptr_start = 0x55ab9c411829, i = 10

node: is_free = true, size = 1581, ptr_start = 0x55ab9c411983, i = 11

totalSize = 10000, fillRatio = 0.50, minBlockSize = 1, maxBlockSize = 3000, iterations = 10000

newBlockSize = 1979, i = 5090

_memory starts = 0x55ab9c3b0060

node: is_free = true, size = 1155, ptr_start = 0x55ab9c40f8a0, i = 0

node: is_free = false, size = 99, ptr_start = 0x55ab9c40fd23, i = 1

node: is_free = false, size = 1325, ptr_start = 0x55ab9c40fd86, i = 2

node: is_free = true, size = 1808, ptr_start = 0x55ab9c4102b3, i = 3

node: is_free = false, size = 1544, ptr_start = 0x55ab9c4109c3, i = 4

node: is_free = false, size = 1723, ptr_start = 0x55ab9c410fcb, i = 5

node: is_free = true, size = 209, ptr_start = 0x55ab9c411686, i = 6

node: is_free = false, size = 210, ptr_start = 0x55ab9c411757, i = 7

node: is_free = true, size = 1927, ptr_start = 0x55ab9c411829, i = 8

totalSize = 10000, fillRatio = 0.50, minBlockSize = 1, maxBlockSize = 3000, iterations = 10000

newBlockSize = 2135, i = 5093

_memory starts = 0x55ab9c3b0060

node: is_free = true, size = 1155, ptr_start = 0x55ab9c40f8a0, i = 0

node: is_free = false, size = 99, ptr_start = 0x55ab9c40fd23, i = 1

node: is_free = false, size = 1254, ptr_start = 0x55ab9c40fd86, i = 2

node: is_free = true, size = 1879, ptr_start = 0x55ab9c41026c, i = 3

node: is_free = false, size = 1544, ptr_start = 0x55ab9c4109c3, i = 4

node: is_free = false, size = 1723, ptr_start = 0x55ab9c410fcb, i = 5

node: is_free = true, size = 209, ptr_start = 0x55ab9c411686, i = 6

node: is_free = false, size = 210, ptr_start = 0x55ab9c411757, i = 7

node: is_free = true, size = 1927, ptr_start = 0x55ab9c411829, i = 8

totalSize = 10000, fillRatio = 0.50, minBlockSize = 1, maxBlockSize = 3000, iterations = 10000

newBlockSize = 2234, i = 5095

_memory starts = 0x55ab9c3b0060

node: is_free = true, size = 1254, ptr_start = 0x55ab9c40f8a0, i = 0

node: is_free = false, size = 1254, ptr_start = 0x55ab9c40fd86, i = 1

node: is_free = true, size = 1879, ptr_start = 0x55ab9c41026c, i = 2

node: is_free = false, size = 1544, ptr_start = 0x55ab9c4109c3, i = 3

node: is_free = false, size = 1723, ptr_start = 0x55ab9c410fcb, i = 4

node: is_free = true, size = 209, ptr_start = 0x55ab9c411686, i = 5

node: is_free = false, size = 210, ptr_start = 0x55ab9c411757, i = 6

node: is_free = true, size = 1927, ptr_start = 0x55ab9c411829, i = 7

totalSize = 10000, fillRatio = 0.50, minBlockSize = 1, maxBlockSize = 3000, iterations = 10000

newBlockSize = 2931, i = 5100

_memory starts = 0x55ab9c3b0060

node: is_free = true, size = 1254, ptr_start = 0x55ab9c40f8a0, i = 0

node: is_free = false, size = 1254, ptr_start = 0x55ab9c40fd86, i = 1

node: is_free = false, size = 563, ptr_start = 0x55ab9c41026c, i = 2

node: is_free = false, size = 1943, ptr_start = 0x55ab9c41049f, i = 3

node: is_free = true, size = 2849, ptr_start = 0x55ab9c410c36, i = 4

node: is_free = false, size = 210, ptr_start = 0x55ab9c411757, i = 5

node: is_free = true, size = 1927, ptr_start = 0x55ab9c411829, i = 6

totalSize = 10000, fillRatio = 0.50, minBlockSize = 1, maxBlockSize = 3000, iterations = 10000

newBlockSize = 2488, i = 5104

_memory starts = 0x55ab9c3b0060

node: is_free = false, size = 1120, ptr_start = 0x55ab9c40f8a0, i = 0

node: is_free = true, size = 1388, ptr_start = 0x55ab9c40fd00, i = 1

node: is_free = false, size = 563, ptr_start = 0x55ab9c41026c, i = 2

node: is_free = false, size = 1943, ptr_start = 0x55ab9c41049f, i = 3

node: is_free = false, size = 960, ptr_start = 0x55ab9c410c36, i = 4

node: is_free = true, size = 1889, ptr_start = 0x55ab9c410ff6, i = 5

node: is_free = false, size = 210, ptr_start = 0x55ab9c411757, i = 6

node: is_free = true, size = 1927, ptr_start = 0x55ab9c411829, i = 7

totalSize = 10000, fillRatio = 0.50, minBlockSize = 1, maxBlockSize = 3000, iterations = 10000

newBlockSize = 2841, i = 5106

_memory starts = 0x55ab9c3b0060

node: is_free = false, size = 1120, ptr_start = 0x55ab9c40f8a0, i = 0

node: is_free = true, size = 1388, ptr_start = 0x55ab9c40fd00, i = 1

node: is_free = false, size = 563, ptr_start = 0x55ab9c41026c, i = 2

node: is_free = true, size = 1943, ptr_start = 0x55ab9c41049f, i = 3

node: is_free = false, size = 960, ptr_start = 0x55ab9c410c36, i = 4

node: is_free = true, size = 1889, ptr_start = 0x55ab9c410ff6, i = 5

node: is_free = false, size = 210, ptr_start = 0x55ab9c411757, i = 6

node: is_free = true, size = 1927, ptr_start = 0x55ab9c411829, i = 7

totalSize = 10000, fillRatio = 0.50, minBlockSize = 1, maxBlockSize = 3000, iterations = 10000

newBlockSize = 2442, i = 5109

_memory starts = 0x55ab9c3b0060

node: is_free = false, size = 2433, ptr_start = 0x55ab9c40f8a0, i = 0

node: is_free = true, size = 75, ptr_start = 0x55ab9c410221, i = 1

node: is_free = false, size = 563, ptr_start = 0x55ab9c41026c, i = 2

node: is_free = true, size = 1943, ptr_start = 0x55ab9c41049f, i = 3

node: is_free = false, size = 960, ptr_start = 0x55ab9c410c36, i = 4

node: is_free = true, size = 1889, ptr_start = 0x55ab9c410ff6, i = 5

node: is_free = false, size = 210, ptr_start = 0x55ab9c411757, i = 6

node: is_free = true, size = 1927, ptr_start = 0x55ab9c411829, i = 7

totalSize = 10000, fillRatio = 0.50, minBlockSize = 1, maxBlockSize = 3000, iterations = 10000

newBlockSize = 2258, i = 5132

_memory starts = 0x55ab9c3b0060

node: is_free = false, size = 1695, ptr_start = 0x55ab9c40f8a0, i = 0

node: is_free = true, size = 738, ptr_start = 0x55ab9c40ff3f, i = 1

node: is_free = false, size = 926, ptr_start = 0x55ab9c410221, i = 2

node: is_free = true, size = 1023, ptr_start = 0x55ab9c4105bf, i = 3

node: is_free = false, size = 1623, ptr_start = 0x55ab9c4109be, i = 4

node: is_free = true, size = 1858, ptr_start = 0x55ab9c411015, i = 5

node: is_free = false, size = 210, ptr_start = 0x55ab9c411757, i = 6

node: is_free = true, size = 1927, ptr_start = 0x55ab9c411829, i = 7

totalSize = 10000, fillRatio = 0.50, minBlockSize = 1, maxBlockSize = 3000, iterations = 10000

newBlockSize = 2815, i = 5134

_memory starts = 0x55ab9c3b0060

node: is_free = false, size = 1695, ptr_start = 0x55ab9c40f8a0, i = 0

node: is_free = true, size = 2687, ptr_start = 0x55ab9c40ff3f, i = 1

node: is_free = false, size = 1623, ptr_start = 0x55ab9c4109be, i = 2

node: is_free = true, size = 1858, ptr_start = 0x55ab9c411015, i = 3

node: is_free = false, size = 210, ptr_start = 0x55ab9c411757, i = 4

node: is_free = true, size = 1927, ptr_start = 0x55ab9c411829, i = 5

totalSize = 10000, fillRatio = 0.50, minBlockSize = 1, maxBlockSize = 3000, iterations = 10000

newBlockSize = 2775, i = 5138

_memory starts = 0x55ab9c3b0060

node: is_free = false, size = 1695, ptr_start = 0x55ab9c40f8a0, i = 0

node: is_free = false, size = 7, ptr_start = 0x55ab9c40ff3f, i = 1

node: is_free = true, size = 2680, ptr_start = 0x55ab9c40ff46, i = 2

node: is_free = false, size = 1623, ptr_start = 0x55ab9c4109be, i = 3

node: is_free = false, size = 1449, ptr_start = 0x55ab9c411015, i = 4

node: is_free = true, size = 2546, ptr_start = 0x55ab9c4115be, i = 5

totalSize = 10000, fillRatio = 0.50, minBlockSize = 1, maxBlockSize = 3000, iterations = 10000

newBlockSize = 2800, i = 5140

_memory starts = 0x55ab9c3b0060

node: is_free = true, size = 1695, ptr_start = 0x55ab9c40f8a0, i = 0

node: is_free = false, size = 7, ptr_start = 0x55ab9c40ff3f, i = 1

node: is_free = true, size = 2680, ptr_start = 0x55ab9c40ff46, i = 2

node: is_free = false, size = 1623, ptr_start = 0x55ab9c4109be, i = 3

node: is_free = false, size = 1449, ptr_start = 0x55ab9c411015, i = 4

node: is_free = true, size = 2546, ptr_start = 0x55ab9c4115be, i = 5

totalSize = 10000, fillRatio = 0.50, minBlockSize = 1, maxBlockSize = 3000, iterations = 10000

newBlockSize = 2939, i = 5143

_memory starts = 0x55ab9c3b0060

node: is_free = true, size = 1695, ptr_start = 0x55ab9c40f8a0, i = 0

node: is_free = false, size = 7, ptr_start = 0x55ab9c40ff3f, i = 1

node: is_free = false, size = 1579, ptr_start = 0x55ab9c40ff46, i = 2

node: is_free = true, size = 2724, ptr_start = 0x55ab9c410571, i = 3

node: is_free = false, size = 1449, ptr_start = 0x55ab9c411015, i = 4

node: is_free = true, size = 2546, ptr_start = 0x55ab9c4115be, i = 5

totalSize = 10000, fillRatio = 0.50, minBlockSize = 1, maxBlockSize = 3000, iterations = 10000

newBlockSize = 2990, i = 5174

_memory starts = 0x55ab9c3b0060

node: is_free = false, size = 407, ptr_start = 0x55ab9c40f8a0, i = 0

node: is_free = true, size = 1280, ptr_start = 0x55ab9c40fa37, i = 1

node: is_free = false, size = 2894, ptr_start = 0x55ab9c40ff37, i = 2

node: is_free = true, size = 2873, ptr_start = 0x55ab9c410a85, i = 3

node: is_free = false, size = 890, ptr_start = 0x55ab9c4115be, i = 4

node: is_free = true, size = 1656, ptr_start = 0x55ab9c411938, i = 5

totalSize = 10000, fillRatio = 0.50, minBlockSize = 1, maxBlockSize = 3000, iterations = 10000

newBlockSize = 2994, i = 5176

_memory starts = 0x55ab9c3b0060

node: is_free = true, size = 1687, ptr_start = 0x55ab9c40f8a0, i = 0

node: is_free = false, size = 2894, ptr_start = 0x55ab9c40ff37, i = 1

node: is_free = true, size = 2873, ptr_start = 0x55ab9c410a85, i = 2

node: is_free = false, size = 890, ptr_start = 0x55ab9c4115be, i = 3

node: is_free = true, size = 1656, ptr_start = 0x55ab9c411938, i = 4

totalSize = 10000, fillRatio = 0.50, minBlockSize = 1, maxBlockSize = 3000, iterations = 10000

newBlockSize = 2521, i = 5230

_memory starts = 0x55ab9c3b0060

node: is_free = false, size = 107, ptr_start = 0x55ab9c40f8a0, i = 0

node: is_free = false, size = 608, ptr_start = 0x55ab9c40f90b, i = 1

node: is_free = true, size = 1930, ptr_start = 0x55ab9c40fb6b, i = 2

node: is_free = false, size = 2715, ptr_start = 0x55ab9c4102f5, i = 3

node: is_free = true, size = 1595, ptr_start = 0x55ab9c410d90, i = 4

node: is_free = false, size = 550, ptr_start = 0x55ab9c4113cb, i = 5

node: is_free = false, size = 341, ptr_start = 0x55ab9c4115f1, i = 6

node: is_free = true, size = 2154, ptr_start = 0x55ab9c411746, i = 7

totalSize = 10000, fillRatio = 0.50, minBlockSize = 1, maxBlockSize = 3000, iterations = 10000

newBlockSize = 2591, i = 5232

_memory starts = 0x55ab9c3b0060

node: is_free = false, size = 107, ptr_start = 0x55ab9c40f8a0, i = 0

node: is_free = false, size = 608, ptr_start = 0x55ab9c40f90b, i = 1

node: is_free = true, size = 1930, ptr_start = 0x55ab9c40fb6b, i = 2

node: is_free = false, size = 2715, ptr_start = 0x55ab9c4102f5, i = 3

node: is_free = true, size = 1595, ptr_start = 0x55ab9c410d90, i = 4

node: is_free = false, size = 550, ptr_start = 0x55ab9c4113cb, i = 5

node: is_free = false, size = 341, ptr_start = 0x55ab9c4115f1, i = 6

node: is_free = true, size = 2154, ptr_start = 0x55ab9c411746, i = 7

totalSize = 10000, fillRatio = 0.50, minBlockSize = 1, maxBlockSize = 3000, iterations = 10000

newBlockSize = 2327, i = 5281

_memory starts = 0x55ab9c3b0060

node: is_free = true, size = 2000, ptr_start = 0x55ab9c40f8a0, i = 0

node: is_free = false, size = 2102, ptr_start = 0x55ab9c410070, i = 1

node: is_free = true, size = 610, ptr_start = 0x55ab9c4108a6, i = 2

node: is_free = false, size = 412, ptr_start = 0x55ab9c410b08, i = 3

node: is_free = true, size = 2041, ptr_start = 0x55ab9c410ca4, i = 4

node: is_free = false, size = 2442, ptr_start = 0x55ab9c41149d, i = 5

node: is_free = true, size = 393, ptr_start = 0x55ab9c411e27, i = 6

totalSize = 10000, fillRatio = 0.50, minBlockSize = 1, maxBlockSize = 3000, iterations = 10000

newBlockSize = 2661, i = 5331

_memory starts = 0x55ab9c3b0060

node: is_free = false, size = 446, ptr_start = 0x55ab9c40f8a0, i = 0

node: is_free = true, size = 1735, ptr_start = 0x55ab9c40fa5e, i = 1

node: is_free = false, size = 1573, ptr_start = 0x55ab9c410125, i = 2

node: is_free = true, size = 486, ptr_start = 0x55ab9c41074a, i = 3

node: is_free = false, size = 854, ptr_start = 0x55ab9c410930, i = 4

node: is_free = true, size = 1075, ptr_start = 0x55ab9c410c86, i = 5

node: is_free = false, size = 84, ptr_start = 0x55ab9c4110b9, i = 6

node: is_free = true, size = 1716, ptr_start = 0x55ab9c41110d, i = 7

node: is_free = false, size = 1030, ptr_start = 0x55ab9c4117c1, i = 8

node: is_free = true, size = 1001, ptr_start = 0x55ab9c411bc7, i = 9

totalSize = 10000, fillRatio = 0.50, minBlockSize = 1, maxBlockSize = 3000, iterations = 10000

newBlockSize = 2903, i = 5335

_memory starts = 0x55ab9c3b0060

node: is_free = false, size = 446, ptr_start = 0x55ab9c40f8a0, i = 0

node: is_free = true, size = 1735, ptr_start = 0x55ab9c40fa5e, i = 1

node: is_free = false, size = 1573, ptr_start = 0x55ab9c410125, i = 2

node: is_free = true, size = 486, ptr_start = 0x55ab9c41074a, i = 3

node: is_free = false, size = 854, ptr_start = 0x55ab9c410930, i = 4

node: is_free = true, size = 1075, ptr_start = 0x55ab9c410c86, i = 5

node: is_free = false, size = 84, ptr_start = 0x55ab9c4110b9, i = 6

node: is_free = false, size = 886, ptr_start = 0x55ab9c41110d, i = 7

node: is_free = false, size = 1145, ptr_start = 0x55ab9c411483, i = 8

node: is_free = true, size = 1716, ptr_start = 0x55ab9c4118fc, i = 9

totalSize = 10000, fillRatio = 0.50, minBlockSize = 1, maxBlockSize = 3000, iterations = 10000

newBlockSize = 2903, i = 5337

_memory starts = 0x55ab9c3b0060

node: is_free = false, size = 446, ptr_start = 0x55ab9c40f8a0, i = 0

node: is_free = true, size = 1735, ptr_start = 0x55ab9c40fa5e, i = 1

node: is_free = false, size = 1573, ptr_start = 0x55ab9c410125, i = 2

node: is_free = true, size = 486, ptr_start = 0x55ab9c41074a, i = 3

node: is_free = false, size = 854, ptr_start = 0x55ab9c410930, i = 4

node: is_free = true, size = 1075, ptr_start = 0x55ab9c410c86, i = 5

node: is_free = false, size = 84, ptr_start = 0x55ab9c4110b9, i = 6

node: is_free = false, size = 886, ptr_start = 0x55ab9c41110d, i = 7

node: is_free = true, size = 2861, ptr_start = 0x55ab9c411483, i = 8

totalSize = 10000, fillRatio = 0.50, minBlockSize = 1, maxBlockSize = 3000, iterations = 10000

newBlockSize = 2696, i = 5347

_memory starts = 0x55ab9c3b0060

node: is_free = false, size = 446, ptr_start = 0x55ab9c40f8a0, i = 0

node: is_free = false, size = 503, ptr_start = 0x55ab9c40fa5e, i = 1

node: is_free = true, size = 1232, ptr_start = 0x55ab9c40fc55, i = 2

node: is_free = false, size = 1573, ptr_start = 0x55ab9c410125, i = 3

node: is_free = true, size = 486, ptr_start = 0x55ab9c41074a, i = 4

node: is_free = false, size = 854, ptr_start = 0x55ab9c410930, i = 5

node: is_free = true, size = 1159, ptr_start = 0x55ab9c410c86, i = 6

node: is_free = false, size = 886, ptr_start = 0x55ab9c41110d, i = 7

node: is_free = true, size = 1236, ptr_start = 0x55ab9c411483, i = 8

node: is_free = false, size = 407, ptr_start = 0x55ab9c411957, i = 9

node: is_free = true, size = 1218, ptr_start = 0x55ab9c411aee, i = 10

totalSize = 10000, fillRatio = 0.50, minBlockSize = 1, maxBlockSize = 3000, iterations = 10000

newBlockSize = 2901, i = 5351

_memory starts = 0x55ab9c3b0060

node: is_free = false, size = 446, ptr_start = 0x55ab9c40f8a0, i = 0

node: is_free = false, size = 503, ptr_start = 0x55ab9c40fa5e, i = 1

node: is_free = false, size = 2070, ptr_start = 0x55ab9c40fc55, i = 2

node: is_free = true, size = 1221, ptr_start = 0x55ab9c41046b, i = 3

node: is_free = false, size = 854, ptr_start = 0x55ab9c410930, i = 4

node: is_free = true, size = 1159, ptr_start = 0x55ab9c410c86, i = 5

node: is_free = false, size = 886, ptr_start = 0x55ab9c41110d, i = 6

node: is_free = true, size = 2861, ptr_start = 0x55ab9c411483, i = 7

totalSize = 10000, fillRatio = 0.50, minBlockSize = 1, maxBlockSize = 3000, iterations = 10000

newBlockSize = 2762, i = 5372

_memory starts = 0x55ab9c3b0060

node: is_free = true, size = 949, ptr_start = 0x55ab9c40f8a0, i = 0

node: is_free = false, size = 108, ptr_start = 0x55ab9c40fc55, i = 1

node: is_free = true, size = 1033, ptr_start = 0x55ab9c40fcc1, i = 2

node: is_free = false, size = 1463, ptr_start = 0x55ab9c4100ca, i = 3

node: is_free = false, size = 321, ptr_start = 0x55ab9c410681, i = 4

node: is_free = true, size = 2379, ptr_start = 0x55ab9c4107c2, i = 5

node: is_free = false, size = 886, ptr_start = 0x55ab9c41110d, i = 6

node: is_free = false, size = 2163, ptr_start = 0x55ab9c411483, i = 7

node: is_free = true, size = 698, ptr_start = 0x55ab9c411cf6, i = 8

totalSize = 10000, fillRatio = 0.50, minBlockSize = 1, maxBlockSize = 3000, iterations = 10000

newBlockSize = 2841, i = 5420

_memory starts = 0x55ab9c3b0060

node: is_free = false, size = 944, ptr_start = 0x55ab9c40f8a0, i = 0

node: is_free = true, size = 1286, ptr_start = 0x55ab9c40fc50, i = 1

node: is_free = false, size = 2146, ptr_start = 0x55ab9c410156, i = 2

node: is_free = true, size = 527, ptr_start = 0x55ab9c4109b8, i = 3

node: is_free = false, size = 95, ptr_start = 0x55ab9c410bc7, i = 4

node: is_free = true, size = 2272, ptr_start = 0x55ab9c410c26, i = 5

node: is_free = false, size = 1623, ptr_start = 0x55ab9c411506, i = 6

node: is_free = true, size = 1107, ptr_start = 0x55ab9c411b5d, i = 7

totalSize = 10000, fillRatio = 0.50, minBlockSize = 1, maxBlockSize = 3000, iterations = 10000

newBlockSize = 2562, i = 5433

_memory starts = 0x55ab9c3b0060

node: is_free = true, size = 2230, ptr_start = 0x55ab9c40f8a0, i = 0

node: is_free = false, size = 2146, ptr_start = 0x55ab9c410156, i = 1

node: is_free = true, size = 1254, ptr_start = 0x55ab9c4109b8, i = 2

node: is_free = false, size = 2656, ptr_start = 0x55ab9c410e9e, i = 3

node: is_free = true, size = 1714, ptr_start = 0x55ab9c4118fe, i = 4

totalSize = 10000, fillRatio = 0.50, minBlockSize = 1, maxBlockSize = 3000, iterations = 10000

newBlockSize = 2784, i = 5455

_memory starts = 0x55ab9c3b0060

node: is_free = true, size = 2307, ptr_start = 0x55ab9c40f8a0, i = 0

node: is_free = false, size = 791, ptr_start = 0x55ab9c4101a3, i = 1

node: is_free = false, size = 519, ptr_start = 0x55ab9c4104ba, i = 2

node: is_free = false, size = 857, ptr_start = 0x55ab9c4106c1, i = 3

node: is_free = true, size = 1975, ptr_start = 0x55ab9c410a1a, i = 4

node: is_free = false, size = 994, ptr_start = 0x55ab9c4111d1, i = 5

node: is_free = false, size = 1732, ptr_start = 0x55ab9c4115b3, i = 6

node: is_free = true, size = 825, ptr_start = 0x55ab9c411c77, i = 7

totalSize = 10000, fillRatio = 0.50, minBlockSize = 1, maxBlockSize = 3000, iterations = 10000

newBlockSize = 2984, i = 5466

_memory starts = 0x55ab9c3b0060

node: is_free = false, size = 560, ptr_start = 0x55ab9c40f8a0, i = 0

node: is_free = false, size = 223, ptr_start = 0x55ab9c40fad0, i = 1

node: is_free = true, size = 2315, ptr_start = 0x55ab9c40fbaf, i = 2

node: is_free = false, size = 519, ptr_start = 0x55ab9c4104ba, i = 3

node: is_free = false, size = 1658, ptr_start = 0x55ab9c4106c1, i = 4

node: is_free = true, size = 2168, ptr_start = 0x55ab9c410d3b, i = 5

node: is_free = false, size = 2030, ptr_start = 0x55ab9c4115b3, i = 6

node: is_free = true, size = 527, ptr_start = 0x55ab9c411da1, i = 7

totalSize = 10000, fillRatio = 0.50, minBlockSize = 1, maxBlockSize = 3000, iterations = 10000

newBlockSize = 2610, i = 5475

_memory starts = 0x55ab9c3b0060

node: is_free = true, size = 783, ptr_start = 0x55ab9c40f8a0, i = 0

node: is_free = false, size = 1001, ptr_start = 0x55ab9c40fbaf, i = 1

node: is_free = true, size = 1314, ptr_start = 0x55ab9c40ff98, i = 2

node: is_free = false, size = 519, ptr_start = 0x55ab9c4104ba, i = 3

node: is_free = true, size = 1007, ptr_start = 0x55ab9c4106c1, i = 4

node: is_free = false, size = 2775, ptr_start = 0x55ab9c410ab0, i = 5

node: is_free = true, size = 2601, ptr_start = 0x55ab9c411587, i = 6

totalSize = 10000, fillRatio = 0.50, minBlockSize = 1, maxBlockSize = 3000, iterations = 10000

newBlockSize = 2716, i = 5549

_memory starts = 0x55ab9c3b0060

node: is_free = true, size = 1751, ptr_start = 0x55ab9c40f8a0, i = 0

node: is_free = false, size = 919, ptr_start = 0x55ab9c40ff77, i = 1

node: is_free = false, size = 768, ptr_start = 0x55ab9c41030e, i = 2

node: is_free = true, size = 1825, ptr_start = 0x55ab9c41060e, i = 3

node: is_free = false, size = 175, ptr_start = 0x55ab9c410d2f, i = 4

node: is_free = false, size = 966, ptr_start = 0x55ab9c410dde, i = 5

node: is_free = false, size = 1893, ptr_start = 0x55ab9c4111a4, i = 6

node: is_free = true, size = 1703, ptr_start = 0x55ab9c411909, i = 7

totalSize = 10000, fillRatio = 0.50, minBlockSize = 1, maxBlockSize = 3000, iterations = 10000

newBlockSize = 2850, i = 5552

_memory starts = 0x55ab9c3b0060

node: is_free = true, size = 1751, ptr_start = 0x55ab9c40f8a0, i = 0

node: is_free = false, size = 919, ptr_start = 0x55ab9c40ff77, i = 1

node: is_free = false, size = 768, ptr_start = 0x55ab9c41030e, i = 2

node: is_free = false, size = 946, ptr_start = 0x55ab9c41060e, i = 3

node: is_free = true, size = 879, ptr_start = 0x55ab9c4109c0, i = 4

node: is_free = false, size = 175, ptr_start = 0x55ab9c410d2f, i = 5

node: is_free = true, size = 966, ptr_start = 0x55ab9c410dde, i = 6

node: is_free = false, size = 1893, ptr_start = 0x55ab9c4111a4, i = 7

node: is_free = true, size = 1703, ptr_start = 0x55ab9c411909, i = 8

totalSize = 10000, fillRatio = 0.50, minBlockSize = 1, maxBlockSize = 3000, iterations = 10000

newBlockSize = 2372, i = 5582

_memory starts = 0x55ab9c3b0060

node: is_free = false, size = 1388, ptr_start = 0x55ab9c40f8a0, i = 0

node: is_free = false, size = 217, ptr_start = 0x55ab9c40fe0c, i = 1

node: is_free = false, size = 639, ptr_start = 0x55ab9c40fee5, i = 2

node: is_free = true, size = 2088, ptr_start = 0x55ab9c410164, i = 3

node: is_free = false, size = 702, ptr_start = 0x55ab9c41098c, i = 4

node: is_free = true, size = 2169, ptr_start = 0x55ab9c410c4a, i = 5

node: is_free = false, size = 1705, ptr_start = 0x55ab9c4114c3, i = 6

node: is_free = true, size = 1092, ptr_start = 0x55ab9c411b6c, i = 7

totalSize = 10000, fillRatio = 0.50, minBlockSize = 1, maxBlockSize = 3000, iterations = 10000

newBlockSize = 2460, i = 5594

_memory starts = 0x55ab9c3b0060

node: is_free = true, size = 1388, ptr_start = 0x55ab9c40f8a0, i = 0

node: is_free = false, size = 217, ptr_start = 0x55ab9c40fe0c, i = 1

node: is_free = true, size = 1434, ptr_start = 0x55ab9c40fee5, i = 2

node: is_free = false, size = 1772, ptr_start = 0x55ab9c41047f, i = 3

node: is_free = false, size = 908, ptr_start = 0x55ab9c410b6b, i = 4

node: is_free = true, size = 1484, ptr_start = 0x55ab9c410ef7, i = 5

node: is_free = false, size = 1705, ptr_start = 0x55ab9c4114c3, i = 6

node: is_free = true, size = 1092, ptr_start = 0x55ab9c411b6c, i = 7

totalSize = 10000, fillRatio = 0.50, minBlockSize = 1, maxBlockSize = 3000, iterations = 10000

newBlockSize = 2968, i = 5603

_memory starts = 0x55ab9c3b0060

node: is_free = false, size = 697, ptr_start = 0x55ab9c40f8a0, i = 0

node: is_free = true, size = 2342, ptr_start = 0x55ab9c40fb59, i = 1

node: is_free = false, size = 1772, ptr_start = 0x55ab9c41047f, i = 2

node: is_free = false, size = 692, ptr_start = 0x55ab9c410b6b, i = 3

node: is_free = true, size = 1700, ptr_start = 0x55ab9c410e1f, i = 4

node: is_free = false, size = 1705, ptr_start = 0x55ab9c4114c3, i = 5

node: is_free = true, size = 1092, ptr_start = 0x55ab9c411b6c, i = 6

totalSize = 10000, fillRatio = 0.50, minBlockSize = 1, maxBlockSize = 3000, iterations = 10000

newBlockSize = 2899, i = 5651

_memory starts = 0x55ab9c3b0060

node: is_free = false, size = 1734, ptr_start = 0x55ab9c40f8a0, i = 0

node: is_free = true, size = 1936, ptr_start = 0x55ab9c40ff66, i = 1

node: is_free = false, size = 1060, ptr_start = 0x55ab9c4106f6, i = 2

node: is_free = true, size = 1528, ptr_start = 0x55ab9c410b1a, i = 3

node: is_free = false, size = 826, ptr_start = 0x55ab9c411112, i = 4

node: is_free = false, size = 937, ptr_start = 0x55ab9c41144c, i = 5

node: is_free = true, size = 1979, ptr_start = 0x55ab9c4117f5, i = 6

totalSize = 10000, fillRatio = 0.50, minBlockSize = 1, maxBlockSize = 3000, iterations = 10000

newBlockSize = 2378, i = 5653

_memory starts = 0x55ab9c3b0060

node: is_free = false, size = 1734, ptr_start = 0x55ab9c40f8a0, i = 0

node: is_free = true, size = 1936, ptr_start = 0x55ab9c40ff66, i = 1

node: is_free = false, size = 1060, ptr_start = 0x55ab9c4106f6, i = 2

node: is_free = true, size = 1528, ptr_start = 0x55ab9c410b1a, i = 3

node: is_free = false, size = 826, ptr_start = 0x55ab9c411112, i = 4

node: is_free = false, size = 937, ptr_start = 0x55ab9c41144c, i = 5

node: is_free = true, size = 1979, ptr_start = 0x55ab9c4117f5, i = 6

totalSize = 10000, fillRatio = 0.50, minBlockSize = 1, maxBlockSize = 3000, iterations = 10000

newBlockSize = 2854, i = 5655

_memory starts = 0x55ab9c3b0060

node: is_free = false, size = 1734, ptr_start = 0x55ab9c40f8a0, i = 0

node: is_free = true, size = 1936, ptr_start = 0x55ab9c40ff66, i = 1

node: is_free = false, size = 1060, ptr_start = 0x55ab9c4106f6, i = 2

node: is_free = true, size = 2354, ptr_start = 0x55ab9c410b1a, i = 3

node: is_free = false, size = 937, ptr_start = 0x55ab9c41144c, i = 4

node: is_free = true, size = 1979, ptr_start = 0x55ab9c4117f5, i = 5

totalSize = 10000, fillRatio = 0.50, minBlockSize = 1, maxBlockSize = 3000, iterations = 10000

newBlockSize = 2883, i = 5712

_memory starts = 0x55ab9c3b0060

node: is_free = true, size = 5, ptr_start = 0x55ab9c40f8a0, i = 0

node: is_free = false, size = 1188, ptr_start = 0x55ab9c40f8a5, i = 1

node: is_free = true, size = 916, ptr_start = 0x55ab9c40fd49, i = 2

node: is_free = false, size = 328, ptr_start = 0x55ab9c4100dd, i = 3

node: is_free = false, size = 1135, ptr_start = 0x55ab9c410225, i = 4

node: is_free = false, size = 419, ptr_start = 0x55ab9c410694, i = 5

node: is_free = true, size = 2472, ptr_start = 0x55ab9c410837, i = 6

node: is_free = false, size = 1927, ptr_start = 0x55ab9c4111df, i = 7

node: is_free = true, size = 1610, ptr_start = 0x55ab9c411966, i = 8

totalSize = 10000, fillRatio = 0.50, minBlockSize = 1, maxBlockSize = 3000, iterations = 10000

newBlockSize = 2544, i = 5724

_memory starts = 0x55ab9c3b0060

node: is_free = true, size = 1193, ptr_start = 0x55ab9c40f8a0, i = 0

node: is_free = false, size = 2601, ptr_start = 0x55ab9c40fd49, i = 1

node: is_free = false, size = 140, ptr_start = 0x55ab9c410772, i = 2

node: is_free = true, size = 2529, ptr_start = 0x55ab9c4107fe, i = 3

node: is_free = false, size = 1927, ptr_start = 0x55ab9c4111df, i = 4

node: is_free = true, size = 1610, ptr_start = 0x55ab9c411966, i = 5

totalSize = 10000, fillRatio = 0.50, minBlockSize = 1, maxBlockSize = 3000, iterations = 10000

newBlockSize = 1986, i = 5793

_memory starts = 0x55ab9c3b0060

node: is_free = true, size = 1876, ptr_start = 0x55ab9c40f8a0, i = 0

node: is_free = false, size = 1246, ptr_start = 0x55ab9c40fff4, i = 1

node: is_free = false, size = 215, ptr_start = 0x55ab9c4104d2, i = 2

node: is_free = true, size = 1877, ptr_start = 0x55ab9c4105a9, i = 3

node: is_free = false, size = 1913, ptr_start = 0x55ab9c410cfe, i = 4

node: is_free = true, size = 600, ptr_start = 0x55ab9c411477, i = 5

node: is_free = false, size = 27, ptr_start = 0x55ab9c4116cf, i = 6

node: is_free = false, size = 74, ptr_start = 0x55ab9c4116ea, i = 7

node: is_free = false, size = 1394, ptr_start = 0x55ab9c411734, i = 8

node: is_free = true, size = 778, ptr_start = 0x55ab9c411ca6, i = 9

totalSize = 10000, fillRatio = 0.50, minBlockSize = 1, maxBlockSize = 3000, iterations = 10000

newBlockSize = 2866, i = 5805

_memory starts = 0x55ab9c3b0060

node: is_free = true, size = 2239, ptr_start = 0x55ab9c40f8a0, i = 0

node: is_free = false, size = 477, ptr_start = 0x55ab9c41015f, i = 1

node: is_free = false, size = 2835, ptr_start = 0x55ab9c41033c, i = 2

node: is_free = true, size = 2176, ptr_start = 0x55ab9c410e4f, i = 3

node: is_free = false, size = 27, ptr_start = 0x55ab9c4116cf, i = 4

node: is_free = true, size = 2246, ptr_start = 0x55ab9c4116ea, i = 5

totalSize = 10000, fillRatio = 0.50, minBlockSize = 1, maxBlockSize = 3000, iterations = 10000

newBlockSize = 2597, i = 5883

_memory starts = 0x55ab9c3b0060

node: is_free = false, size = 441, ptr_start = 0x55ab9c40f8a0, i = 0

node: is_free = true, size = 2212, ptr_start = 0x55ab9c40fa59, i = 1

node: is_free = false, size = 1598, ptr_start = 0x55ab9c4102fd, i = 2

node: is_free = false, size = 154, ptr_start = 0x55ab9c41093b, i = 3

node: is_free = true, size = 2247, ptr_start = 0x55ab9c4109d5, i = 4

node: is_free = false, size = 2509, ptr_start = 0x55ab9c41129c, i = 5

node: is_free = true, size = 839, ptr_start = 0x55ab9c411c69, i = 6

totalSize = 10000, fillRatio = 0.50, minBlockSize = 1, maxBlockSize = 3000, iterations = 10000

newBlockSize = 2845, i = 5922

_memory starts = 0x55ab9c3b0060

node: is_free = true, size = 441, ptr_start = 0x55ab9c40f8a0, i = 0

node: is_free = false, size = 541, ptr_start = 0x55ab9c40fa59, i = 1

node: is_free = true, size = 2564, ptr_start = 0x55ab9c40fc76, i = 2

node: is_free = false, size = 509, ptr_start = 0x55ab9c41067a, i = 3

node: is_free = true, size = 1708, ptr_start = 0x55ab9c410877, i = 4

node: is_free = false, size = 1549, ptr_start = 0x55ab9c410f23, i = 5

node: is_free = false, size = 1857, ptr_start = 0x55ab9c411530, i = 6

node: is_free = true, size = 831, ptr_start = 0x55ab9c411c71, i = 7

totalSize = 10000, fillRatio = 0.50, minBlockSize = 1, maxBlockSize = 3000, iterations = 10000

newBlockSize = 2337, i = 5936

_memory starts = 0x55ab9c3b0060

node: is_free = true, size = 982, ptr_start = 0x55ab9c40f8a0, i = 0

node: is_free = false, size = 777, ptr_start = 0x55ab9c40fc76, i = 1

node: is_free = true, size = 2296, ptr_start = 0x55ab9c40ff7f, i = 2

node: is_free = false, size = 2259, ptr_start = 0x55ab9c410877, i = 3

node: is_free = true, size = 998, ptr_start = 0x55ab9c41114a, i = 4

node: is_free = false, size = 1857, ptr_start = 0x55ab9c411530, i = 5

node: is_free = true, size = 831, ptr_start = 0x55ab9c411c71, i = 6

totalSize = 10000, fillRatio = 0.50, minBlockSize = 1, maxBlockSize = 3000, iterations = 10000

newBlockSize = 2593, i = 5967

_memory starts = 0x55ab9c3b0060

node: is_free = true, size = 1386, ptr_start = 0x55ab9c40f8a0, i = 0

node: is_free = false, size = 1986, ptr_start = 0x55ab9c40fe0a, i = 1

node: is_free = true, size = 1648, ptr_start = 0x55ab9c4105cc, i = 2

node: is_free = false, size = 1474, ptr_start = 0x55ab9c410c3c, i = 3

node: is_free = false, size = 1091, ptr_start = 0x55ab9c4111fe, i = 4

node: is_free = false, size = 134, ptr_start = 0x55ab9c411641, i = 5

node: is_free = false, size = 256, ptr_start = 0x55ab9c4116c7, i = 6

node: is_free = true, size = 2025, ptr_start = 0x55ab9c4117c7, i = 7

totalSize = 10000, fillRatio = 0.50, minBlockSize = 1, maxBlockSize = 3000, iterations = 10000

newBlockSize = 2901, i = 5981

_memory starts = 0x55ab9c3b0060

node: is_free = false, size = 1818, ptr_start = 0x55ab9c40f8a0, i = 0

node: is_free = true, size = 2529, ptr_start = 0x55ab9c40ffba, i = 1

node: is_free = false, size = 2652, ptr_start = 0x55ab9c41099b, i = 2

node: is_free = true, size = 586, ptr_start = 0x55ab9c4113f7, i = 3

node: is_free = false, size = 134, ptr_start = 0x55ab9c411641, i = 4

node: is_free = false, size = 256, ptr_start = 0x55ab9c4116c7, i = 5

node: is_free = true, size = 2025, ptr_start = 0x55ab9c4117c7, i = 6

totalSize = 10000, fillRatio = 0.50, minBlockSize = 1, maxBlockSize = 3000, iterations = 10000

newBlockSize = 2878, i = 6063

_memory starts = 0x55ab9c3b0060

node: is_free = false, size = 1719, ptr_start = 0x55ab9c40f8a0, i = 0

node: is_free = true, size = 1453, ptr_start = 0x55ab9c40ff57, i = 1

node: is_free = false, size = 975, ptr_start = 0x55ab9c410504, i = 2

node: is_free = false, size = 383, ptr_start = 0x55ab9c4108d3, i = 3

node: is_free = true, size = 2601, ptr_start = 0x55ab9c410a52, i = 4

node: is_free = false, size = 1536, ptr_start = 0x55ab9c41147b, i = 5

node: is_free = true, size = 1333, ptr_start = 0x55ab9c411a7b, i = 6

totalSize = 10000, fillRatio = 0.50, minBlockSize = 1, maxBlockSize = 3000, iterations = 10000

newBlockSize = 2915, i = 6135

_memory starts = 0x55ab9c3b0060

node: is_free = false, size = 329, ptr_start = 0x55ab9c40f8a0, i = 0

node: is_free = false, size = 1913, ptr_start = 0x55ab9c40f9e9, i = 1

node: is_free = false, size = 218, ptr_start = 0x55ab9c410162, i = 2

node: is_free = false, size = 206, ptr_start = 0x55ab9c41023c, i = 3

node: is_free = true, size = 2588, ptr_start = 0x55ab9c41030a, i = 4

node: is_free = false, size = 1823, ptr_start = 0x55ab9c410d26, i = 5

node: is_free = true, size = 772, ptr_start = 0x55ab9c411445, i = 6

node: is_free = false, size = 119, ptr_start = 0x55ab9c411749, i = 7

node: is_free = true, size = 2032, ptr_start = 0x55ab9c4117c0, i = 8

totalSize = 10000, fillRatio = 0.50, minBlockSize = 1, maxBlockSize = 3000, iterations = 10000

newBlockSize = 2924, i = 6141

_memory starts = 0x55ab9c3b0060

node: is_free = true, size = 329, ptr_start = 0x55ab9c40f8a0, i = 0

node: is_free = false, size = 1913, ptr_start = 0x55ab9c40f9e9, i = 1

node: is_free = false, size = 218, ptr_start = 0x55ab9c410162, i = 2

node: is_free = false, size = 206, ptr_start = 0x55ab9c41023c, i = 3

node: is_free = false, size = 829, ptr_start = 0x55ab9c41030a, i = 4

node: is_free = true, size = 1759, ptr_start = 0x55ab9c410647, i = 5

node: is_free = false, size = 1823, ptr_start = 0x55ab9c410d26, i = 6

node: is_free = true, size = 2923, ptr_start = 0x55ab9c411445, i = 7

totalSize = 10000, fillRatio = 0.50, minBlockSize = 1, maxBlockSize = 3000, iterations = 10000

newBlockSize = 2417, i = 6308

_memory starts = 0x55ab9c3b0060

node: is_free = true, size = 1790, ptr_start = 0x55ab9c40f8a0, i = 0

node: is_free = false, size = 1148, ptr_start = 0x55ab9c40ff9e, i = 1

node: is_free = true, size = 1559, ptr_start = 0x55ab9c41041a, i = 2

node: is_free = false, size = 248, ptr_start = 0x55ab9c410a31, i = 3

node: is_free = true, size = 1597, ptr_start = 0x55ab9c410b29, i = 4

node: is_free = false, size = 2232, ptr_start = 0x55ab9c411166, i = 5

node: is_free = true, size = 1426, ptr_start = 0x55ab9c411a1e, i = 6

totalSize = 10000, fillRatio = 0.50, minBlockSize = 1, maxBlockSize = 3000, iterations = 10000

newBlockSize = 2595, i = 6314

_memory starts = 0x55ab9c3b0060

node: is_free = true, size = 1790, ptr_start = 0x55ab9c40f8a0, i = 0

node: is_free = false, size = 1148, ptr_start = 0x55ab9c40ff9e, i = 1

node: is_free = false, size = 1006, ptr_start = 0x55ab9c41041a, i = 2

node: is_free = false, size = 16, ptr_start = 0x55ab9c410808, i = 3

node: is_free = true, size = 2382, ptr_start = 0x55ab9c410818, i = 4

node: is_free = false, size = 2232, ptr_start = 0x55ab9c411166, i = 5

node: is_free = true, size = 1426, ptr_start = 0x55ab9c411a1e, i = 6

totalSize = 10000, fillRatio = 0.50, minBlockSize = 1, maxBlockSize = 3000, iterations = 10000

newBlockSize = 2076, i = 6381

_memory starts = 0x55ab9c3b0060

node: is_free = false, size = 239, ptr_start = 0x55ab9c40f8a0, i = 0

node: is_free = false, size = 187, ptr_start = 0x55ab9c40f98f, i = 1

node: is_free = true, size = 1878, ptr_start = 0x55ab9c40fa4a, i = 2

node: is_free = false, size = 1865, ptr_start = 0x55ab9c4101a0, i = 3

node: is_free = true, size = 1711, ptr_start = 0x55ab9c4108e9, i = 4

node: is_free = false, size = 2602, ptr_start = 0x55ab9c410f98, i = 5

node: is_free = true, size = 1518, ptr_start = 0x55ab9c4119c2, i = 6

totalSize = 10000, fillRatio = 0.50, minBlockSize = 1, maxBlockSize = 3000, iterations = 10000

newBlockSize = 2466, i = 6389

_memory starts = 0x55ab9c3b0060

node: is_free = true, size = 239, ptr_start = 0x55ab9c40f8a0, i = 0

node: is_free = false, size = 187, ptr_start = 0x55ab9c40f98f, i = 1

node: is_free = true, size = 1275, ptr_start = 0x55ab9c40fa4a, i = 2

node: is_free = false, size = 2095, ptr_start = 0x55ab9c40ff45, i = 3

node: is_free = true, size = 2084, ptr_start = 0x55ab9c410774, i = 4

node: is_free = false, size = 2602, ptr_start = 0x55ab9c410f98, i = 5

node: is_free = true, size = 1518, ptr_start = 0x55ab9c4119c2, i = 6

totalSize = 10000, fillRatio = 0.50, minBlockSize = 1, maxBlockSize = 3000, iterations = 10000

newBlockSize = 2521, i = 6438

_memory starts = 0x55ab9c3b0060

node: is_free = false, size = 179, ptr_start = 0x55ab9c40f8a0, i = 0

node: is_free = true, size = 1447, ptr_start = 0x55ab9c40f953, i = 1

node: is_free = false, size = 202, ptr_start = 0x55ab9c40fefa, i = 2

node: is_free = true, size = 1464, ptr_start = 0x55ab9c40ffc4, i = 3

node: is_free = false, size = 871, ptr_start = 0x55ab9c41057c, i = 4

node: is_free = true, size = 846, ptr_start = 0x55ab9c4108e3, i = 5

node: is_free = false, size = 873, ptr_start = 0x55ab9c410c31, i = 6

node: is_free = false, size = 2306, ptr_start = 0x55ab9c410f9a, i = 7

node: is_free = false, size = 113, ptr_start = 0x55ab9c41189c, i = 8

node: is_free = false, size = 308, ptr_start = 0x55ab9c41190d, i = 9

node: is_free = true, size = 1391, ptr_start = 0x55ab9c411a41, i = 10

totalSize = 10000, fillRatio = 0.50, minBlockSize = 1, maxBlockSize = 3000, iterations = 10000

newBlockSize = 2969, i = 6457

_memory starts = 0x55ab9c3b0060

node: is_free = true, size = 1782, ptr_start = 0x55ab9c40f8a0, i = 0

node: is_free = false, size = 606, ptr_start = 0x55ab9c40ff96, i = 1

node: is_free = true, size = 2621, ptr_start = 0x55ab9c4101f4, i = 2

node: is_free = false, size = 873, ptr_start = 0x55ab9c410c31, i = 3

node: is_free = false, size = 2297, ptr_start = 0x55ab9c410f9a, i = 4

node: is_free = true, size = 9, ptr_start = 0x55ab9c411893, i = 5

node: is_free = false, size = 113, ptr_start = 0x55ab9c41189c, i = 6

node: is_free = false, size = 793, ptr_start = 0x55ab9c41190d, i = 7

node: is_free = true, size = 906, ptr_start = 0x55ab9c411c26, i = 8

totalSize = 10000, fillRatio = 0.50, minBlockSize = 1, maxBlockSize = 3000, iterations = 10000

newBlockSize = 2051, i = 6474

_memory starts = 0x55ab9c3b0060

node: is_free = true, size = 1217, ptr_start = 0x55ab9c40f8a0, i = 0

node: is_free = false, size = 379, ptr_start = 0x55ab9c40fd61, i = 1

node: is_free = true, size = 686, ptr_start = 0x55ab9c40fedc, i = 2

node: is_free = false, size = 679, ptr_start = 0x55ab9c41018a, i = 3

node: is_free = false, size = 592, ptr_start = 0x55ab9c410431, i = 4

node: is_free = true, size = 1456, ptr_start = 0x55ab9c410681, i = 5

node: is_free = false, size = 873, ptr_start = 0x55ab9c410c31, i = 6

node: is_free = false, size = 2297, ptr_start = 0x55ab9c410f9a, i = 7

node: is_free = true, size = 1821, ptr_start = 0x55ab9c411893, i = 8

totalSize = 10000, fillRatio = 0.50, minBlockSize = 1, maxBlockSize = 3000, iterations = 10000

newBlockSize = 2472, i = 6477

_memory starts = 0x55ab9c3b0060

node: is_free = true, size = 1217, ptr_start = 0x55ab9c40f8a0, i = 0

node: is_free = false, size = 379, ptr_start = 0x55ab9c40fd61, i = 1

node: is_free = true, size = 686, ptr_start = 0x55ab9c40fedc, i = 2

node: is_free = false, size = 679, ptr_start = 0x55ab9c41018a, i = 3

node: is_free = false, size = 592, ptr_start = 0x55ab9c410431, i = 4

node: is_free = false, size = 614, ptr_start = 0x55ab9c410681, i = 5

node: is_free = true, size = 1715, ptr_start = 0x55ab9c4108e7, i = 6

node: is_free = false, size = 2297, ptr_start = 0x55ab9c410f9a, i = 7

node: is_free = true, size = 1821, ptr_start = 0x55ab9c411893, i = 8

totalSize = 10000, fillRatio = 0.50, minBlockSize = 1, maxBlockSize = 3000, iterations = 10000

newBlockSize = 1933, i = 6479

_memory starts = 0x55ab9c3b0060

node: is_free = true, size = 1217, ptr_start = 0x55ab9c40f8a0, i = 0

node: is_free = false, size = 379, ptr_start = 0x55ab9c40fd61, i = 1

node: is_free = true, size = 1365, ptr_start = 0x55ab9c40fedc, i = 2

node: is_free = false, size = 592, ptr_start = 0x55ab9c410431, i = 3

node: is_free = false, size = 614, ptr_start = 0x55ab9c410681, i = 4

node: is_free = true, size = 1715, ptr_start = 0x55ab9c4108e7, i = 5

node: is_free = false, size = 2297, ptr_start = 0x55ab9c410f9a, i = 6

node: is_free = true, size = 1821, ptr_start = 0x55ab9c411893, i = 7

totalSize = 10000, fillRatio = 0.50, minBlockSize = 1, maxBlockSize = 3000, iterations = 10000

newBlockSize = 2791, i = 6482

_memory starts = 0x55ab9c3b0060

node: is_free = false, size = 1061, ptr_start = 0x55ab9c40f8a0, i = 0

node: is_free = true, size = 1900, ptr_start = 0x55ab9c40fcc5, i = 1

node: is_free = false, size = 592, ptr_start = 0x55ab9c410431, i = 2

node: is_free = false, size = 614, ptr_start = 0x55ab9c410681, i = 3

node: is_free = true, size = 1715, ptr_start = 0x55ab9c4108e7, i = 4

node: is_free = false, size = 2297, ptr_start = 0x55ab9c410f9a, i = 5

node: is_free = true, size = 1821, ptr_start = 0x55ab9c411893, i = 6

totalSize = 10000, fillRatio = 0.50, minBlockSize = 1, maxBlockSize = 3000, iterations = 10000

newBlockSize = 2586, i = 6607

_memory starts = 0x55ab9c3b0060

node: is_free = true, size = 1735, ptr_start = 0x55ab9c40f8a0, i = 0

node: is_free = false, size = 1519, ptr_start = 0x55ab9c40ff67, i = 1

node: is_free = true, size = 567, ptr_start = 0x55ab9c410556, i = 2

node: is_free = false, size = 1665, ptr_start = 0x55ab9c41078d, i = 3

node: is_free = true, size = 1291, ptr_start = 0x55ab9c410e0e, i = 4

node: is_free = false, size = 1516, ptr_start = 0x55ab9c411319, i = 5

node: is_free = true, size = 1707, ptr_start = 0x55ab9c411905, i = 6

totalSize = 10000, fillRatio = 0.50, minBlockSize = 1, maxBlockSize = 3000, iterations = 10000

newBlockSize = 2367, i = 6617

_memory starts = 0x55ab9c3b0060

node: is_free = true, size = 1735, ptr_start = 0x55ab9c40f8a0, i = 0

node: is_free = false, size = 1519, ptr_start = 0x55ab9c40ff67, i = 1

node: is_free = true, size = 2232, ptr_start = 0x55ab9c410556, i = 2

node: is_free = false, size = 2770, ptr_start = 0x55ab9c410e0e, i = 3

node: is_free = true, size = 1744, ptr_start = 0x55ab9c4118e0, i = 4

totalSize = 10000, fillRatio = 0.50, minBlockSize = 1, maxBlockSize = 3000, iterations = 10000

newBlockSize = 2738, i = 6621

_memory starts = 0x55ab9c3b0060

node: is_free = true, size = 1735, ptr_start = 0x55ab9c40f8a0, i = 0

node: is_free = false, size = 1519, ptr_start = 0x55ab9c40ff67, i = 1

node: is_free = true, size = 2232, ptr_start = 0x55ab9c410556, i = 2

node: is_free = false, size = 2770, ptr_start = 0x55ab9c410e0e, i = 3

node: is_free = true, size = 1744, ptr_start = 0x55ab9c4118e0, i = 4

totalSize = 10000, fillRatio = 0.50, minBlockSize = 1, maxBlockSize = 3000, iterations = 10000

newBlockSize = 2940, i = 6648

_memory starts = 0x55ab9c3b0060

node: is_free = false, size = 276, ptr_start = 0x55ab9c40f8a0, i = 0

node: is_free = false, size = 1719, ptr_start = 0x55ab9c40f9b4, i = 1

node: is_free = false, size = 221, ptr_start = 0x55ab9c41006b, i = 2

node: is_free = false, size = 864, ptr_start = 0x55ab9c410148, i = 3

node: is_free = true, size = 2368, ptr_start = 0x55ab9c4104a8, i = 4

node: is_free = false, size = 294, ptr_start = 0x55ab9c410de8, i = 5

node: is_free = true, size = 532, ptr_start = 0x55ab9c410f0e, i = 6

node: is_free = false, size = 1459, ptr_start = 0x55ab9c411122, i = 7

node: is_free = true, size = 2267, ptr_start = 0x55ab9c4116d5, i = 8

totalSize = 10000, fillRatio = 0.50, minBlockSize = 1, maxBlockSize = 3000, iterations = 10000

newBlockSize = 2140, i = 6706

_memory starts = 0x55ab9c3b0060

node: is_free = false, size = 1366, ptr_start = 0x55ab9c40f8a0, i = 0

node: is_free = true, size = 2006, ptr_start = 0x55ab9c40fdf6, i = 1

node: is_free = false, size = 414, ptr_start = 0x55ab9c4105cc, i = 2

node: is_free = false, size = 1680, ptr_start = 0x55ab9c41076a, i = 3

node: is_free = true, size = 1522, ptr_start = 0x55ab9c410dfa, i = 4

node: is_free = false, size = 754, ptr_start = 0x55ab9c4113ec, i = 5

node: is_free = false, size = 675, ptr_start = 0x55ab9c4116de, i = 6

node: is_free = true, size = 1583, ptr_start = 0x55ab9c411981, i = 7

totalSize = 10000, fillRatio = 0.50, minBlockSize = 1, maxBlockSize = 3000, iterations = 10000

newBlockSize = 2457, i = 6743

_memory starts = 0x55ab9c3b0060

node: is_free = true, size = 1500, ptr_start = 0x55ab9c40f8a0, i = 0

node: is_free = false, size = 687, ptr_start = 0x55ab9c40fe7c, i = 1

node: is_free = false, size = 752, ptr_start = 0x55ab9c41012b, i = 2

node: is_free = true, size = 470, ptr_start = 0x55ab9c41041b, i = 3

node: is_free = false, size = 335, ptr_start = 0x55ab9c4105f1, i = 4

node: is_free = true, size = 1696, ptr_start = 0x55ab9c410740, i = 5

node: is_free = false, size = 1010, ptr_start = 0x55ab9c410de0, i = 6

node: is_free = false, size = 2165, ptr_start = 0x55ab9c4111d2, i = 7

node: is_free = true, size = 1385, ptr_start = 0x55ab9c411a47, i = 8

totalSize = 10000, fillRatio = 0.50, minBlockSize = 1, maxBlockSize = 3000, iterations = 10000

newBlockSize = 2854, i = 6745

_memory starts = 0x55ab9c3b0060

node: is_free = true, size = 1500, ptr_start = 0x55ab9c40f8a0, i = 0

node: is_free = false, size = 687, ptr_start = 0x55ab9c40fe7c, i = 1

node: is_free = false, size = 752, ptr_start = 0x55ab9c41012b, i = 2

node: is_free = true, size = 470, ptr_start = 0x55ab9c41041b, i = 3

node: is_free = false, size = 335, ptr_start = 0x55ab9c4105f1, i = 4

node: is_free = true, size = 1696, ptr_start = 0x55ab9c410740, i = 5

node: is_free = false, size = 1010, ptr_start = 0x55ab9c410de0, i = 6

node: is_free = false, size = 2165, ptr_start = 0x55ab9c4111d2, i = 7

node: is_free = true, size = 1385, ptr_start = 0x55ab9c411a47, i = 8

totalSize = 10000, fillRatio = 0.50, minBlockSize = 1, maxBlockSize = 3000, iterations = 10000

newBlockSize = 2333, i = 6748

_memory starts = 0x55ab9c3b0060

node: is_free = false, size = 205, ptr_start = 0x55ab9c40f8a0, i = 0

node: is_free = true, size = 1982, ptr_start = 0x55ab9c40f96d, i = 1

node: is_free = false, size = 752, ptr_start = 0x55ab9c41012b, i = 2

node: is_free = true, size = 470, ptr_start = 0x55ab9c41041b, i = 3

node: is_free = false, size = 335, ptr_start = 0x55ab9c4105f1, i = 4

node: is_free = true, size = 1696, ptr_start = 0x55ab9c410740, i = 5

node: is_free = false, size = 1010, ptr_start = 0x55ab9c410de0, i = 6

node: is_free = false, size = 2165, ptr_start = 0x55ab9c4111d2, i = 7

node: is_free = true, size = 1385, ptr_start = 0x55ab9c411a47, i = 8

totalSize = 10000, fillRatio = 0.50, minBlockSize = 1, maxBlockSize = 3000, iterations = 10000

newBlockSize = 2949, i = 6758

_memory starts = 0x55ab9c3b0060

node: is_free = false, size = 205, ptr_start = 0x55ab9c40f8a0, i = 0

node: is_free = false, size = 1585, ptr_start = 0x55ab9c40f96d, i = 1

node: is_free = true, size = 1954, ptr_start = 0x55ab9c40ff9e, i = 2

node: is_free = false, size = 897, ptr_start = 0x55ab9c410740, i = 3

node: is_free = true, size = 1809, ptr_start = 0x55ab9c410ac1, i = 4

node: is_free = false, size = 2046, ptr_start = 0x55ab9c4111d2, i = 5

node: is_free = true, size = 1504, ptr_start = 0x55ab9c4119d0, i = 6

totalSize = 10000, fillRatio = 0.50, minBlockSize = 1, maxBlockSize = 3000, iterations = 10000

newBlockSize = 2216, i = 6781

_memory starts = 0x55ab9c3b0060

node: is_free = true, size = 1790, ptr_start = 0x55ab9c40f8a0, i = 0

node: is_free = false, size = 1215, ptr_start = 0x55ab9c40ff9e, i = 1

node: is_free = true, size = 1759, ptr_start = 0x55ab9c41045d, i = 2

node: is_free = false, size = 22, ptr_start = 0x55ab9c410b3c, i = 3

node: is_free = false, size = 578, ptr_start = 0x55ab9c410b52, i = 4

node: is_free = false, size = 113, ptr_start = 0x55ab9c410d94, i = 5

node: is_free = true, size = 2177, ptr_start = 0x55ab9c410e05, i = 6

node: is_free = false, size = 2057, ptr_start = 0x55ab9c411686, i = 7

node: is_free = true, size = 289, ptr_start = 0x55ab9c411e8f, i = 8

totalSize = 10000, fillRatio = 0.50, minBlockSize = 1, maxBlockSize = 3000, iterations = 10000

newBlockSize = 2535, i = 6829

_memory starts = 0x55ab9c3b0060

node: is_free = true, size = 1639, ptr_start = 0x55ab9c40f8a0, i = 0

node: is_free = false, size = 2401, ptr_start = 0x55ab9c40ff07, i = 1

node: is_free = true, size = 1743, ptr_start = 0x55ab9c410868, i = 2

node: is_free = false, size = 1061, ptr_start = 0x55ab9c410f37, i = 3

node: is_free = false, size = 890, ptr_start = 0x55ab9c41135c, i = 4

node: is_free = false, size = 570, ptr_start = 0x55ab9c4116d6, i = 5

node: is_free = true, size = 1696, ptr_start = 0x55ab9c411910, i = 6

totalSize = 10000, fillRatio = 0.50, minBlockSize = 1, maxBlockSize = 3000, iterations = 10000

newBlockSize = 2870, i = 6858

_memory starts = 0x55ab9c3b0060

node: is_free = true, size = 397, ptr_start = 0x55ab9c40f8a0, i = 0

node: is_free = false, size = 157, ptr_start = 0x55ab9c40fa2d, i = 1

node: is_free = false, size = 722, ptr_start = 0x55ab9c40faca, i = 2

node: is_free = true, size = 1410, ptr_start = 0x55ab9c40fd9c, i = 3

node: is_free = false, size = 2251, ptr_start = 0x55ab9c41031e, i = 4

node: is_free = true, size = 1907, ptr_start = 0x55ab9c410be9, i = 5

node: is_free = false, size = 1519, ptr_start = 0x55ab9c41135c, i = 6

node: is_free = true, size = 1637, ptr_start = 0x55ab9c41194b, i = 7

totalSize = 10000, fillRatio = 0.50, minBlockSize = 1, maxBlockSize = 3000, iterations = 10000

newBlockSize = 2999, i = 6866

_memory starts = 0x55ab9c3b0060

node: is_free = true, size = 554, ptr_start = 0x55ab9c40f8a0, i = 0

node: is_free = false, size = 722, ptr_start = 0x55ab9c40faca, i = 1

node: is_free = false, size = 388, ptr_start = 0x55ab9c40fd9c, i = 2

node: is_free = false, size = 405, ptr_start = 0x55ab9c40ff20, i = 3

node: is_free = true, size = 2868, ptr_start = 0x55ab9c4100b5, i = 4

node: is_free = false, size = 256, ptr_start = 0x55ab9c410be9, i = 5

node: is_free = false, size = 2423, ptr_start = 0x55ab9c410ce9, i = 6

node: is_free = true, size = 2384, ptr_start = 0x55ab9c411660, i = 7

totalSize = 10000, fillRatio = 0.50, minBlockSize = 1, maxBlockSize = 3000, iterations = 10000

newBlockSize = 2689, i = 6907

_memory starts = 0x55ab9c3b0060

node: is_free = false, size = 173, ptr_start = 0x55ab9c40f8a0, i = 0

node: is_free = true, size = 982, ptr_start = 0x55ab9c40f94d, i = 1

node: is_free = false, size = 1965, ptr_start = 0x55ab9c40fd23, i = 2

node: is_free = true, size = 2218, ptr_start = 0x55ab9c4104d0, i = 3

node: is_free = false, size = 2301, ptr_start = 0x55ab9c410d7a, i = 4

node: is_free = true, size = 2361, ptr_start = 0x55ab9c411677, i = 5

totalSize = 10000, fillRatio = 0.50, minBlockSize = 1, maxBlockSize = 3000, iterations = 10000

newBlockSize = 2774, i = 6958

_memory starts = 0x55ab9c3b0060

node: is_free = true, size = 1659, ptr_start = 0x55ab9c40f8a0, i = 0

node: is_free = false, size = 942, ptr_start = 0x55ab9c40ff1b, i = 1

node: is_free = true, size = 1700, ptr_start = 0x55ab9c4102c9, i = 2

node: is_free = false, size = 1454, ptr_start = 0x55ab9c41096d, i = 3

node: is_free = true, size = 2335, ptr_start = 0x55ab9c410f1b, i = 4

node: is_free = false, size = 1253, ptr_start = 0x55ab9c41183a, i = 5

node: is_free = true, size = 657, ptr_start = 0x55ab9c411d1f, i = 6

totalSize = 10000, fillRatio = 0.50, minBlockSize = 1, maxBlockSize = 3000, iterations = 10000

newBlockSize = 2876, i = 6965

_memory starts = 0x55ab9c3b0060

node: is_free = true, size = 1659, ptr_start = 0x55ab9c40f8a0, i = 0

node: is_free = false, size = 942, ptr_start = 0x55ab9c40ff1b, i = 1

node: is_free = false, size = 90, ptr_start = 0x55ab9c4102c9, i = 2

node: is_free = true, size = 2817, ptr_start = 0x55ab9c410323, i = 3

node: is_free = false, size = 2010, ptr_start = 0x55ab9c410e24, i = 4

node: is_free = true, size = 2482, ptr_start = 0x55ab9c4115fe, i = 5

totalSize = 10000, fillRatio = 0.50, minBlockSize = 1, maxBlockSize = 3000, iterations = 10000

newBlockSize = 2924, i = 6967

_memory starts = 0x55ab9c3b0060

node: is_free = true, size = 2601, ptr_start = 0x55ab9c40f8a0, i = 0

node: is_free = false, size = 90, ptr_start = 0x55ab9c4102c9, i = 1

node: is_free = true, size = 2817, ptr_start = 0x55ab9c410323, i = 2

node: is_free = false, size = 2010, ptr_start = 0x55ab9c410e24, i = 3

node: is_free = true, size = 2482, ptr_start = 0x55ab9c4115fe, i = 4

totalSize = 10000, fillRatio = 0.50, minBlockSize = 1, maxBlockSize = 3000, iterations = 10000

newBlockSize = 2311, i = 7019

_memory starts = 0x55ab9c3b0060

node: is_free = false, size = 1632, ptr_start = 0x55ab9c40f8a0, i = 0

node: is_free = true, size = 2126, ptr_start = 0x55ab9c40ff00, i = 1

node: is_free = false, size = 851, ptr_start = 0x55ab9c41074e, i = 2

node: is_free = true, size = 1888, ptr_start = 0x55ab9c410aa1, i = 3

node: is_free = false, size = 1442, ptr_start = 0x55ab9c411201, i = 4

node: is_free = true, size = 2061, ptr_start = 0x55ab9c4117a3, i = 5

totalSize = 10000, fillRatio = 0.50, minBlockSize = 1, maxBlockSize = 3000, iterations = 10000

newBlockSize = 2527, i = 7023

_memory starts = 0x55ab9c3b0060

node: is_free = true, size = 1632, ptr_start = 0x55ab9c40f8a0, i = 0

node: is_free = false, size = 1628, ptr_start = 0x55ab9c40ff00, i = 1

node: is_free = true, size = 498, ptr_start = 0x55ab9c41055c, i = 2

node: is_free = false, size = 851, ptr_start = 0x55ab9c41074e, i = 3

node: is_free = true, size = 1888, ptr_start = 0x55ab9c410aa1, i = 4

node: is_free = false, size = 1442, ptr_start = 0x55ab9c411201, i = 5

node: is_free = true, size = 2061, ptr_start = 0x55ab9c4117a3, i = 6

totalSize = 10000, fillRatio = 0.50, minBlockSize = 1, maxBlockSize = 3000, iterations = 10000

newBlockSize = 2805, i = 7027

_memory starts = 0x55ab9c3b0060

node: is_free = true, size = 1632, ptr_start = 0x55ab9c40f8a0, i = 0

node: is_free = false, size = 1628, ptr_start = 0x55ab9c40ff00, i = 1

node: is_free = false, size = 1101, ptr_start = 0x55ab9c41055c, i = 2

node: is_free = false, size = 766, ptr_start = 0x55ab9c4109a9, i = 3

node: is_free = true, size = 1370, ptr_start = 0x55ab9c410ca7, i = 4

node: is_free = false, size = 1442, ptr_start = 0x55ab9c411201, i = 5

node: is_free = true, size = 2061, ptr_start = 0x55ab9c4117a3, i = 6

totalSize = 10000, fillRatio = 0.50, minBlockSize = 1, maxBlockSize = 3000, iterations = 10000

newBlockSize = 2632, i = 7029

_memory starts = 0x55ab9c3b0060

node: is_free = true, size = 1632, ptr_start = 0x55ab9c40f8a0, i = 0

node: is_free = false, size = 1628, ptr_start = 0x55ab9c40ff00, i = 1

node: is_free = true, size = 1101, ptr_start = 0x55ab9c41055c, i = 2

node: is_free = false, size = 766, ptr_start = 0x55ab9c4109a9, i = 3

node: is_free = true, size = 1370, ptr_start = 0x55ab9c410ca7, i = 4

node: is_free = false, size = 1442, ptr_start = 0x55ab9c411201, i = 5

node: is_free = true, size = 2061, ptr_start = 0x55ab9c4117a3, i = 6

totalSize = 10000, fillRatio = 0.50, minBlockSize = 1, maxBlockSize = 3000, iterations = 10000

newBlockSize = 2945, i = 7091

_memory starts = 0x55ab9c3b0060

node: is_free = true, size = 1553, ptr_start = 0x55ab9c40f8a0, i = 0

node: is_free = false, size = 1857, ptr_start = 0x55ab9c40feb1, i = 1

node: is_free = true, size = 2023, ptr_start = 0x55ab9c4105f2, i = 2

node: is_free = false, size = 145, ptr_start = 0x55ab9c410dd9, i = 3

node: is_free = false, size = 118, ptr_start = 0x55ab9c410e6a, i = 4

node: is_free = false, size = 1009, ptr_start = 0x55ab9c410ee0, i = 5

node: is_free = false, size = 368, ptr_start = 0x55ab9c4112d1, i = 6

node: is_free = false, size = 1183, ptr_start = 0x55ab9c411441, i = 7

node: is_free = true, size = 1744, ptr_start = 0x55ab9c4118e0, i = 8

totalSize = 10000, fillRatio = 0.50, minBlockSize = 1, maxBlockSize = 3000, iterations = 10000

newBlockSize = 2466, i = 7094

_memory starts = 0x55ab9c3b0060

node: is_free = true, size = 1553, ptr_start = 0x55ab9c40f8a0, i = 0

node: is_free = false, size = 1857, ptr_start = 0x55ab9c40feb1, i = 1

node: is_free = false, size = 71, ptr_start = 0x55ab9c4105f2, i = 2

node: is_free = true, size = 1952, ptr_start = 0x55ab9c410639, i = 3

node: is_free = false, size = 145, ptr_start = 0x55ab9c410dd9, i = 4

node: is_free = false, size = 118, ptr_start = 0x55ab9c410e6a, i = 5

node: is_free = true, size = 1009, ptr_start = 0x55ab9c410ee0, i = 6

node: is_free = false, size = 368, ptr_start = 0x55ab9c4112d1, i = 7

node: is_free = false, size = 1183, ptr_start = 0x55ab9c411441, i = 8

node: is_free = true, size = 1744, ptr_start = 0x55ab9c4118e0, i = 9

totalSize = 10000, fillRatio = 0.50, minBlockSize = 1, maxBlockSize = 3000, iterations = 10000

newBlockSize = 2696, i = 7097

_memory starts = 0x55ab9c3b0060

node: is_free = false, size = 1725, ptr_start = 0x55ab9c40f8a0, i = 0

node: is_free = true, size = 1685, ptr_start = 0x55ab9c40ff5d, i = 1

node: is_free = false, size = 71, ptr_start = 0x55ab9c4105f2, i = 2

node: is_free = true, size = 1952, ptr_start = 0x55ab9c410639, i = 3

node: is_free = false, size = 145, ptr_start = 0x55ab9c410dd9, i = 4

node: is_free = false, size = 118, ptr_start = 0x55ab9c410e6a, i = 5

node: is_free = true, size = 1009, ptr_start = 0x55ab9c410ee0, i = 6

node: is_free = false, size = 368, ptr_start = 0x55ab9c4112d1, i = 7

node: is_free = false, size = 1183, ptr_start = 0x55ab9c411441, i = 8

node: is_free = true, size = 1744, ptr_start = 0x55ab9c4118e0, i = 9

totalSize = 10000, fillRatio = 0.50, minBlockSize = 1, maxBlockSize = 3000, iterations = 10000

newBlockSize = 1942, i = 7107

_memory starts = 0x55ab9c3b0060

node: is_free = false, size = 1725, ptr_start = 0x55ab9c40f8a0, i = 0

node: is_free = true, size = 1352, ptr_start = 0x55ab9c40ff5d, i = 1

node: is_free = false, size = 119, ptr_start = 0x55ab9c4104a5, i = 2

node: is_free = false, size = 580, ptr_start = 0x55ab9c41051c, i = 3

node: is_free = true, size = 1657, ptr_start = 0x55ab9c410760, i = 4

node: is_free = false, size = 145, ptr_start = 0x55ab9c410dd9, i = 5

node: is_free = false, size = 118, ptr_start = 0x55ab9c410e6a, i = 6

node: is_free = true, size = 1377, ptr_start = 0x55ab9c410ee0, i = 7

node: is_free = false, size = 1183, ptr_start = 0x55ab9c411441, i = 8

node: is_free = false, size = 1028, ptr_start = 0x55ab9c4118e0, i = 9

node: is_free = true, size = 716, ptr_start = 0x55ab9c411ce4, i = 10

totalSize = 10000, fillRatio = 0.50, minBlockSize = 1, maxBlockSize = 3000, iterations = 10000

newBlockSize = 1861, i = 7112

_memory starts = 0x55ab9c3b0060

node: is_free = false, size = 1725, ptr_start = 0x55ab9c40f8a0, i = 0

node: is_free = true, size = 1471, ptr_start = 0x55ab9c40ff5d, i = 1

node: is_free = false, size = 580, ptr_start = 0x55ab9c41051c, i = 2

node: is_free = false, size = 1320, ptr_start = 0x55ab9c410760, i = 3

node: is_free = true, size = 482, ptr_start = 0x55ab9c410c88, i = 4

node: is_free = false, size = 118, ptr_start = 0x55ab9c410e6a, i = 5

node: is_free = true, size = 1377, ptr_start = 0x55ab9c410ee0, i = 6

node: is_free = false, size = 1183, ptr_start = 0x55ab9c411441, i = 7

node: is_free = true, size = 1744, ptr_start = 0x55ab9c4118e0, i = 8

totalSize = 10000, fillRatio = 0.50, minBlockSize = 1, maxBlockSize = 3000, iterations = 10000

newBlockSize = 2970, i = 7144

_memory starts = 0x55ab9c3b0060

node: is_free = true, size = 1976, ptr_start = 0x55ab9c40f8a0, i = 0

node: is_free = false, size = 1921, ptr_start = 0x55ab9c410058, i = 1

node: is_free = false, size = 154, ptr_start = 0x55ab9c4107d9, i = 2

node: is_free = true, size = 2116, ptr_start = 0x55ab9c410873, i = 3

node: is_free = false, size = 2796, ptr_start = 0x55ab9c4110b7, i = 4

node: is_free = true, size = 1037, ptr_start = 0x55ab9c411ba3, i = 5

totalSize = 10000, fillRatio = 0.50, minBlockSize = 1, maxBlockSize = 3000, iterations = 10000

newBlockSize = 2591, i = 7146

_memory starts = 0x55ab9c3b0060

node: is_free = true, size = 1976, ptr_start = 0x55ab9c40f8a0, i = 0

node: is_free = false, size = 1921, ptr_start = 0x55ab9c410058, i = 1

node: is_free = true, size = 2270, ptr_start = 0x55ab9c4107d9, i = 2

node: is_free = false, size = 2796, ptr_start = 0x55ab9c4110b7, i = 3

node: is_free = true, size = 1037, ptr_start = 0x55ab9c411ba3, i = 4

totalSize = 10000, fillRatio = 0.50, minBlockSize = 1, maxBlockSize = 3000, iterations = 10000

newBlockSize = 2951, i = 7239

_memory starts = 0x55ab9c3b0060

node: is_free = false, size = 745, ptr_start = 0x55ab9c40f8a0, i = 0

node: is_free = false, size = 297, ptr_start = 0x55ab9c40fb89, i = 1

node: is_free = false, size = 259, ptr_start = 0x55ab9c40fcb2, i = 2

node: is_free = true, size = 2179, ptr_start = 0x55ab9c40fdb5, i = 3

node: is_free = false, size = 523, ptr_start = 0x55ab9c410638, i = 4

node: is_free = false, size = 337, ptr_start = 0x55ab9c410843, i = 5

node: is_free = true, size = 2312, ptr_start = 0x55ab9c410994, i = 6

node: is_free = false, size = 1334, ptr_start = 0x55ab9c41129c, i = 7

node: is_free = true, size = 2014, ptr_start = 0x55ab9c4117d2, i = 8

totalSize = 10000, fillRatio = 0.50, minBlockSize = 1, maxBlockSize = 3000, iterations = 10000

newBlockSize = 2844, i = 7262

_memory starts = 0x55ab9c3b0060

node: is_free = true, size = 745, ptr_start = 0x55ab9c40f8a0, i = 0

node: is_free = false, size = 834, ptr_start = 0x55ab9c40fb89, i = 1

node: is_free = false, size = 1768, ptr_start = 0x55ab9c40fecb, i = 2

node: is_free = true, size = 2552, ptr_start = 0x55ab9c4105b3, i = 3

node: is_free = false, size = 841, ptr_start = 0x55ab9c410fab, i = 4

node: is_free = false, size = 1148, ptr_start = 0x55ab9c4112f4, i = 5

node: is_free = true, size = 2112, ptr_start = 0x55ab9c411770, i = 6

totalSize = 10000, fillRatio = 0.50, minBlockSize = 1, maxBlockSize = 3000, iterations = 10000

newBlockSize = 2786, i = 7331

_memory starts = 0x55ab9c3b0060

node: is_free = false, size = 2704, ptr_start = 0x55ab9c40f8a0, i = 0

node: is_free = false, size = 149, ptr_start = 0x55ab9c410330, i = 1

node: is_free = false, size = 243, ptr_start = 0x55ab9c4103c5, i = 2

node: is_free = true, size = 2754, ptr_start = 0x55ab9c4104b8, i = 3

node: is_free = false, size = 296, ptr_start = 0x55ab9c410f7a, i = 4

node: is_free = false, size = 1025, ptr_start = 0x55ab9c4110a2, i = 5

node: is_free = false, size = 364, ptr_start = 0x55ab9c4114a3, i = 6

node: is_free = true, size = 2465, ptr_start = 0x55ab9c41160f, i = 7

totalSize = 10000, fillRatio = 0.50, minBlockSize = 1, maxBlockSize = 3000, iterations = 10000

newBlockSize = 2399, i = 7338

_memory starts = 0x55ab9c3b0060

node: is_free = false, size = 449, ptr_start = 0x55ab9c40f8a0, i = 0

node: is_free = true, size = 2255, ptr_start = 0x55ab9c40fa61, i = 1

node: is_free = false, size = 149, ptr_start = 0x55ab9c410330, i = 2

node: is_free = false, size = 243, ptr_start = 0x55ab9c4103c5, i = 3

node: is_free = false, size = 1810, ptr_start = 0x55ab9c4104b8, i = 4

node: is_free = true, size = 2265, ptr_start = 0x55ab9c410bca, i = 5

node: is_free = false, size = 364, ptr_start = 0x55ab9c4114a3, i = 6

node: is_free = false, size = 98, ptr_start = 0x55ab9c41160f, i = 7

node: is_free = true, size = 2367, ptr_start = 0x55ab9c411671, i = 8

totalSize = 10000, fillRatio = 0.50, minBlockSize = 1, maxBlockSize = 3000, iterations = 10000

newBlockSize = 2662, i = 7354

_memory starts = 0x55ab9c3b0060

node: is_free = false, size = 449, ptr_start = 0x55ab9c40f8a0, i = 0

node: is_free = true, size = 2367, ptr_start = 0x55ab9c40fa61, i = 1

node: is_free = false, size = 653, ptr_start = 0x55ab9c4103a0, i = 2

node: is_free = false, size = 2444, ptr_start = 0x55ab9c41062d, i = 3

node: is_free = true, size = 1258, ptr_start = 0x55ab9c410fb9, i = 4

node: is_free = false, size = 364, ptr_start = 0x55ab9c4114a3, i = 5

node: is_free = false, size = 652, ptr_start = 0x55ab9c41160f, i = 6

node: is_free = true, size = 1813, ptr_start = 0x55ab9c41189b, i = 7

totalSize = 10000, fillRatio = 0.50, minBlockSize = 1, maxBlockSize = 3000, iterations = 10000

newBlockSize = 2689, i = 7358

_memory starts = 0x55ab9c3b0060

node: is_free = false, size = 449, ptr_start = 0x55ab9c40f8a0, i = 0

node: is_free = true, size = 2367, ptr_start = 0x55ab9c40fa61, i = 1

node: is_free = false, size = 653, ptr_start = 0x55ab9c4103a0, i = 2

node: is_free = false, size = 2444, ptr_start = 0x55ab9c41062d, i = 3

node: is_free = true, size = 1258, ptr_start = 0x55ab9c410fb9, i = 4

node: is_free = false, size = 364, ptr_start = 0x55ab9c4114a3, i = 5

node: is_free = true, size = 2465, ptr_start = 0x55ab9c41160f, i = 6

totalSize = 10000, fillRatio = 0.50, minBlockSize = 1, maxBlockSize = 3000, iterations = 10000

newBlockSize = 2851, i = 7391

_memory starts = 0x55ab9c3b0060

node: is_free = true, size = 2257, ptr_start = 0x55ab9c40f8a0, i = 0

node: is_free = false, size = 928, ptr_start = 0x55ab9c410171, i = 1

node: is_free = true, size = 1932, ptr_start = 0x55ab9c410511, i = 2

node: is_free = false, size = 946, ptr_start = 0x55ab9c410c9d, i = 3

node: is_free = false, size = 931, ptr_start = 0x55ab9c41104f, i = 4

node: is_free = false, size = 732, ptr_start = 0x55ab9c4113f2, i = 5

node: is_free = false, size = 620, ptr_start = 0x55ab9c4116ce, i = 6

node: is_free = true, size = 1654, ptr_start = 0x55ab9c41193a, i = 7

totalSize = 10000, fillRatio = 0.50, minBlockSize = 1, maxBlockSize = 3000, iterations = 10000

newBlockSize = 2994, i = 7395

_memory starts = 0x55ab9c3b0060

node: is_free = false, size = 2334, ptr_start = 0x55ab9c40f8a0, i = 0

node: is_free = true, size = 2783, ptr_start = 0x55ab9c4101be, i = 1

node: is_free = false, size = 946, ptr_start = 0x55ab9c410c9d, i = 2

node: is_free = false, size = 931, ptr_start = 0x55ab9c41104f, i = 3

node: is_free = true, size = 732, ptr_start = 0x55ab9c4113f2, i = 4

node: is_free = false, size = 620, ptr_start = 0x55ab9c4116ce, i = 5

node: is_free = true, size = 1654, ptr_start = 0x55ab9c41193a, i = 6

totalSize = 10000, fillRatio = 0.50, minBlockSize = 1, maxBlockSize = 3000, iterations = 10000

newBlockSize = 2393, i = 7467

_memory starts = 0x55ab9c3b0060

node: is_free = true, size = 1614, ptr_start = 0x55ab9c40f8a0, i = 0

node: is_free = false, size = 464, ptr_start = 0x55ab9c40feee, i = 1

node: is_free = true, size = 1687, ptr_start = 0x55ab9c4100be, i = 2

node: is_free = false, size = 647, ptr_start = 0x55ab9c410755, i = 3

node: is_free = false, size = 639, ptr_start = 0x55ab9c4109dc, i = 4

node: is_free = true, size = 1471, ptr_start = 0x55ab9c410c5b, i = 5

node: is_free = false, size = 2737, ptr_start = 0x55ab9c41121a, i = 6

node: is_free = true, size = 741, ptr_start = 0x55ab9c411ccb, i = 7

totalSize = 10000, fillRatio = 0.50, minBlockSize = 1, maxBlockSize = 3000, iterations = 10000

newBlockSize = 2423, i = 7479

_memory starts = 0x55ab9c3b0060

node: is_free = true, size = 2078, ptr_start = 0x55ab9c40f8a0, i = 0

node: is_free = false, size = 1470, ptr_start = 0x55ab9c4100be, i = 1

node: is_free = true, size = 864, ptr_start = 0x55ab9c41067c, i = 2

node: is_free = false, size = 220, ptr_start = 0x55ab9c4109dc, i = 3

node: is_free = false, size = 2421, ptr_start = 0x55ab9c410ab8, i = 4

node: is_free = false, size = 815, ptr_start = 0x55ab9c41142d, i = 5

node: is_free = true, size = 2132, ptr_start = 0x55ab9c41175c, i = 6

totalSize = 10000, fillRatio = 0.50, minBlockSize = 1, maxBlockSize = 3000, iterations = 10000

newBlockSize = 2337, i = 7481

_memory starts = 0x55ab9c3b0060

node: is_free = true, size = 2078, ptr_start = 0x55ab9c40f8a0, i = 0

node: is_free = false, size = 1470, ptr_start = 0x55ab9c4100be, i = 1

node: is_free = true, size = 864, ptr_start = 0x55ab9c41067c, i = 2

node: is_free = false, size = 220, ptr_start = 0x55ab9c4109dc, i = 3

node: is_free = false, size = 2421, ptr_start = 0x55ab9c410ab8, i = 4

node: is_free = false, size = 815, ptr_start = 0x55ab9c41142d, i = 5

node: is_free = true, size = 2132, ptr_start = 0x55ab9c41175c, i = 6

totalSize = 10000, fillRatio = 0.50, minBlockSize = 1, maxBlockSize = 3000, iterations = 10000

newBlockSize = 2879, i = 7484

_memory starts = 0x55ab9c3b0060

node: is_free = true, size = 2078, ptr_start = 0x55ab9c40f8a0, i = 0

node: is_free = false, size = 1470, ptr_start = 0x55ab9c4100be, i = 1

node: is_free = true, size = 864, ptr_start = 0x55ab9c41067c, i = 2

node: is_free = false, size = 220, ptr_start = 0x55ab9c4109dc, i = 3

node: is_free = false, size = 1945, ptr_start = 0x55ab9c410ab8, i = 4

node: is_free = true, size = 476, ptr_start = 0x55ab9c411251, i = 5

node: is_free = false, size = 815, ptr_start = 0x55ab9c41142d, i = 6

node: is_free = true, size = 2132, ptr_start = 0x55ab9c41175c, i = 7

totalSize = 10000, fillRatio = 0.50, minBlockSize = 1, maxBlockSize = 3000, iterations = 10000

newBlockSize = 2530, i = 7528

_memory starts = 0x55ab9c3b0060

node: is_free = false, size = 1007, ptr_start = 0x55ab9c40f8a0, i = 0

node: is_free = true, size = 1912, ptr_start = 0x55ab9c40fc8f, i = 1

node: is_free = false, size = 1412, ptr_start = 0x55ab9c410407, i = 2

node: is_free = true, size = 2147, ptr_start = 0x55ab9c41098b, i = 3

node: is_free = false, size = 2576, ptr_start = 0x55ab9c4111ee, i = 4

node: is_free = true, size = 946, ptr_start = 0x55ab9c411bfe, i = 5

totalSize = 10000, fillRatio = 0.50, minBlockSize = 1, maxBlockSize = 3000, iterations = 10000

newBlockSize = 1764, i = 7598

_memory starts = 0x55ab9c3b0060

node: is_free = true, size = 1603, ptr_start = 0x55ab9c40f8a0, i = 0

node: is_free = false, size = 822, ptr_start = 0x55ab9c40fee3, i = 1

node: is_free = true, size = 1309, ptr_start = 0x55ab9c410219, i = 2

node: is_free = false, size = 199, ptr_start = 0x55ab9c410736, i = 3

node: is_free = false, size = 1054, ptr_start = 0x55ab9c4107fd, i = 4

node: is_free = true, size = 1720, ptr_start = 0x55ab9c410c1b, i = 5

node: is_free = false, size = 2536, ptr_start = 0x55ab9c4112d3, i = 6

node: is_free = true, size = 757, ptr_start = 0x55ab9c411cbb, i = 7

totalSize = 10000, fillRatio = 0.50, minBlockSize = 1, maxBlockSize = 3000, iterations = 10000

newBlockSize = 2389, i = 7602

_memory starts = 0x55ab9c3b0060

node: is_free = true, size = 1603, ptr_start = 0x55ab9c40f8a0, i = 0

node: is_free = false, size = 822, ptr_start = 0x55ab9c40fee3, i = 1

node: is_free = true, size = 1508, ptr_start = 0x55ab9c410219, i = 2

node: is_free = false, size = 1054, ptr_start = 0x55ab9c4107fd, i = 3

node: is_free = true, size = 1720, ptr_start = 0x55ab9c410c1b, i = 4

node: is_free = false, size = 2536, ptr_start = 0x55ab9c4112d3, i = 5

node: is_free = true, size = 757, ptr_start = 0x55ab9c411cbb, i = 6

totalSize = 10000, fillRatio = 0.50, minBlockSize = 1, maxBlockSize = 3000, iterations = 10000

newBlockSize = 2669, i = 7610

_memory starts = 0x55ab9c3b0060

node: is_free = true, size = 1603, ptr_start = 0x55ab9c40f8a0, i = 0

node: is_free = false, size = 822, ptr_start = 0x55ab9c40fee3, i = 1

node: is_free = true, size = 1508, ptr_start = 0x55ab9c410219, i = 2

node: is_free = false, size = 1054, ptr_start = 0x55ab9c4107fd, i = 3

node: is_free = false, size = 1469, ptr_start = 0x55ab9c410c1b, i = 4

node: is_free = true, size = 809, ptr_start = 0x55ab9c4111d8, i = 5

node: is_free = false, size = 657, ptr_start = 0x55ab9c411501, i = 6

node: is_free = true, size = 2078, ptr_start = 0x55ab9c411792, i = 7

totalSize = 10000, fillRatio = 0.50, minBlockSize = 1, maxBlockSize = 3000, iterations = 10000

newBlockSize = 2917, i = 7708

_memory starts = 0x55ab9c3b0060

node: is_free = true, size = 1897, ptr_start = 0x55ab9c40f8a0, i = 0

node: is_free = false, size = 178, ptr_start = 0x55ab9c410009, i = 1

node: is_free = true, size = 522, ptr_start = 0x55ab9c4100bb, i = 2

node: is_free = false, size = 2788, ptr_start = 0x55ab9c4102c5, i = 3

node: is_free = true, size = 250, ptr_start = 0x55ab9c410da9, i = 4

node: is_free = false, size = 441, ptr_start = 0x55ab9c410ea3, i = 5

node: is_free = false, size = 1590, ptr_start = 0x55ab9c41105c, i = 6

node: is_free = true, size = 2334, ptr_start = 0x55ab9c411692, i = 7

totalSize = 10000, fillRatio = 0.50, minBlockSize = 1, maxBlockSize = 3000, iterations = 10000

newBlockSize = 2618, i = 7731

_memory starts = 0x55ab9c3b0060

node: is_free = true, size = 1537, ptr_start = 0x55ab9c40f8a0, i = 0

node: is_free = false, size = 20, ptr_start = 0x55ab9c40fea1, i = 1

node: is_free = false, size = 1456, ptr_start = 0x55ab9c40feb5, i = 2

node: is_free = true, size = 1545, ptr_start = 0x55ab9c410465, i = 3

node: is_free = false, size = 2022, ptr_start = 0x55ab9c410a6e, i = 4

node: is_free = true, size = 1086, ptr_start = 0x55ab9c411254, i = 5

node: is_free = false, size = 708, ptr_start = 0x55ab9c411692, i = 6

node: is_free = false, size = 52, ptr_start = 0x55ab9c411956, i = 7

node: is_free = false, size = 45, ptr_start = 0x55ab9c41198a, i = 8

node: is_free = true, size = 1529, ptr_start = 0x55ab9c4119b7, i = 9

totalSize = 10000, fillRatio = 0.50, minBlockSize = 1, maxBlockSize = 3000, iterations = 10000

newBlockSize = 1884, i = 7735

_memory starts = 0x55ab9c3b0060

node: is_free = false, size = 139, ptr_start = 0x55ab9c40f8a0, i = 0

node: is_free = true, size = 1398, ptr_start = 0x55ab9c40f92b, i = 1

node: is_free = false, size = 20, ptr_start = 0x55ab9c40fea1, i = 2

node: is_free = false, size = 1456, ptr_start = 0x55ab9c40feb5, i = 3

node: is_free = false, size = 574, ptr_start = 0x55ab9c410465, i = 4

node: is_free = true, size = 971, ptr_start = 0x55ab9c4106a3, i = 5

node: is_free = false, size = 2022, ptr_start = 0x55ab9c410a6e, i = 6

node: is_free = true, size = 1086, ptr_start = 0x55ab9c411254, i = 7

node: is_free = false, size = 708, ptr_start = 0x55ab9c411692, i = 8

node: is_free = true, size = 52, ptr_start = 0x55ab9c411956, i = 9

node: is_free = false, size = 45, ptr_start = 0x55ab9c41198a, i = 10

node: is_free = true, size = 1529, ptr_start = 0x55ab9c4119b7, i = 11

totalSize = 10000, fillRatio = 0.50, minBlockSize = 1, maxBlockSize = 3000, iterations = 10000

newBlockSize = 2323, i = 7737

_memory starts = 0x55ab9c3b0060

node: is_free = false, size = 139, ptr_start = 0x55ab9c40f8a0, i = 0

node: is_free = true, size = 1398, ptr_start = 0x55ab9c40f92b, i = 1

node: is_free = false, size = 20, ptr_start = 0x55ab9c40fea1, i = 2

node: is_free = false, size = 1456, ptr_start = 0x55ab9c40feb5, i = 3

node: is_free = false, size = 574, ptr_start = 0x55ab9c410465, i = 4

node: is_free = true, size = 971, ptr_start = 0x55ab9c4106a3, i = 5

node: is_free = false, size = 2022, ptr_start = 0x55ab9c410a6e, i = 6

node: is_free = true, size = 1086, ptr_start = 0x55ab9c411254, i = 7

node: is_free = false, size = 708, ptr_start = 0x55ab9c411692, i = 8

node: is_free = true, size = 52, ptr_start = 0x55ab9c411956, i = 9

node: is_free = false, size = 45, ptr_start = 0x55ab9c41198a, i = 10

node: is_free = true, size = 1529, ptr_start = 0x55ab9c4119b7, i = 11

totalSize = 10000, fillRatio = 0.50, minBlockSize = 1, maxBlockSize = 3000, iterations = 10000

newBlockSize = 2043, i = 7740

_memory starts = 0x55ab9c3b0060

node: is_free = false, size = 139, ptr_start = 0x55ab9c40f8a0, i = 0

node: is_free = true, size = 1398, ptr_start = 0x55ab9c40f92b, i = 1

node: is_free = false, size = 20, ptr_start = 0x55ab9c40fea1, i = 2

node: is_free = true, size = 1456, ptr_start = 0x55ab9c40feb5, i = 3

node: is_free = false, size = 574, ptr_start = 0x55ab9c410465, i = 4

node: is_free = true, size = 971, ptr_start = 0x55ab9c4106a3, i = 5

node: is_free = false, size = 2022, ptr_start = 0x55ab9c410a6e, i = 6

node: is_free = true, size = 1086, ptr_start = 0x55ab9c411254, i = 7

node: is_free = false, size = 708, ptr_start = 0x55ab9c411692, i = 8

node: is_free = true, size = 52, ptr_start = 0x55ab9c411956, i = 9

node: is_free = false, size = 45, ptr_start = 0x55ab9c41198a, i = 10

node: is_free = false, size = 1244, ptr_start = 0x55ab9c4119b7, i = 11

node: is_free = true, size = 285, ptr_start = 0x55ab9c411e93, i = 12

totalSize = 10000, fillRatio = 0.50, minBlockSize = 1, maxBlockSize = 3000, iterations = 10000

newBlockSize = 2419, i = 7742

_memory starts = 0x55ab9c3b0060

node: is_free = true, size = 1537, ptr_start = 0x55ab9c40f8a0, i = 0

node: is_free = false, size = 20, ptr_start = 0x55ab9c40fea1, i = 1

node: is_free = true, size = 1456, ptr_start = 0x55ab9c40feb5, i = 2

node: is_free = false, size = 574, ptr_start = 0x55ab9c410465, i = 3

node: is_free = true, size = 971, ptr_start = 0x55ab9c4106a3, i = 4

node: is_free = false, size = 2022, ptr_start = 0x55ab9c410a6e, i = 5

node: is_free = true, size = 1086, ptr_start = 0x55ab9c411254, i = 6

node: is_free = false, size = 708, ptr_start = 0x55ab9c411692, i = 7

node: is_free = true, size = 52, ptr_start = 0x55ab9c411956, i = 8

node: is_free = false, size = 45, ptr_start = 0x55ab9c41198a, i = 9

node: is_free = false, size = 1244, ptr_start = 0x55ab9c4119b7, i = 10

node: is_free = true, size = 285, ptr_start = 0x55ab9c411e93, i = 11

totalSize = 10000, fillRatio = 0.50, minBlockSize = 1, maxBlockSize = 3000, iterations = 10000

newBlockSize = 2658, i = 7744

_memory starts = 0x55ab9c3b0060

node: is_free = true, size = 1537, ptr_start = 0x55ab9c40f8a0, i = 0

node: is_free = false, size = 20, ptr_start = 0x55ab9c40fea1, i = 1

node: is_free = true, size = 1456, ptr_start = 0x55ab9c40feb5, i = 2

node: is_free = false, size = 574, ptr_start = 0x55ab9c410465, i = 3

node: is_free = true, size = 971, ptr_start = 0x55ab9c4106a3, i = 4

node: is_free = false, size = 2022, ptr_start = 0x55ab9c410a6e, i = 5

node: is_free = true, size = 1846, ptr_start = 0x55ab9c411254, i = 6

node: is_free = false, size = 45, ptr_start = 0x55ab9c41198a, i = 7

node: is_free = false, size = 1244, ptr_start = 0x55ab9c4119b7, i = 8

node: is_free = true, size = 285, ptr_start = 0x55ab9c411e93, i = 9

totalSize = 10000, fillRatio = 0.50, minBlockSize = 1, maxBlockSize = 3000, iterations = 10000

newBlockSize = 2295, i = 7766

_memory starts = 0x55ab9c3b0060

node: is_free = false, size = 696, ptr_start = 0x55ab9c40f8a0, i = 0

node: is_free = true, size = 1825, ptr_start = 0x55ab9c40fb58, i = 1

node: is_free = false, size = 1316, ptr_start = 0x55ab9c410279, i = 2

node: is_free = true, size = 377, ptr_start = 0x55ab9c41079d, i = 3

node: is_free = false, size = 930, ptr_start = 0x55ab9c410916, i = 4

node: is_free = true, size = 285, ptr_start = 0x55ab9c410cb8, i = 5

node: is_free = false, size = 1483, ptr_start = 0x55ab9c410dd5, i = 6

node: is_free = true, size = 1514, ptr_start = 0x55ab9c4113a0, i = 7

node: is_free = false, size = 45, ptr_start = 0x55ab9c41198a, i = 8

node: is_free = true, size = 1529, ptr_start = 0x55ab9c4119b7, i = 9

totalSize = 10000, fillRatio = 0.50, minBlockSize = 1, maxBlockSize = 3000, iterations = 10000

newBlockSize = 2358, i = 7769

_memory starts = 0x55ab9c3b0060

node: is_free = false, size = 696, ptr_start = 0x55ab9c40f8a0, i = 0

node: is_free = false, size = 419, ptr_start = 0x55ab9c40fb58, i = 1

node: is_free = true, size = 1406, ptr_start = 0x55ab9c40fcfb, i = 2

node: is_free = false, size = 1316, ptr_start = 0x55ab9c410279, i = 3

node: is_free = true, size = 1592, ptr_start = 0x55ab9c41079d, i = 4

node: is_free = false, size = 1483, ptr_start = 0x55ab9c410dd5, i = 5

node: is_free = true, size = 1514, ptr_start = 0x55ab9c4113a0, i = 6

node: is_free = false, size = 45, ptr_start = 0x55ab9c41198a, i = 7

node: is_free = true, size = 1529, ptr_start = 0x55ab9c4119b7, i = 8

totalSize = 10000, fillRatio = 0.50, minBlockSize = 1, maxBlockSize = 3000, iterations = 10000

newBlockSize = 2818, i = 7822

_memory starts = 0x55ab9c3b0060

node: is_free = true, size = 886, ptr_start = 0x55ab9c40f8a0, i = 0

node: is_free = false, size = 2441, ptr_start = 0x55ab9c40fc16, i = 1

node: is_free = true, size = 2354, ptr_start = 0x55ab9c41059f, i = 2

node: is_free = false, size = 1117, ptr_start = 0x55ab9c410ed1, i = 3

node: is_free = false, size = 401, ptr_start = 0x55ab9c41132e, i = 4

node: is_free = false, size = 673, ptr_start = 0x55ab9c4114bf, i = 5

node: is_free = true, size = 2128, ptr_start = 0x55ab9c411760, i = 6

totalSize = 10000, fillRatio = 0.50, minBlockSize = 1, maxBlockSize = 3000, iterations = 10000

newBlockSize = 2768, i = 7834

_memory starts = 0x55ab9c3b0060

node: is_free = false, size = 985, ptr_start = 0x55ab9c40f8a0, i = 0

node: is_free = false, size = 530, ptr_start = 0x55ab9c40fc79, i = 1

node: is_free = true, size = 2630, ptr_start = 0x55ab9c40fe8b, i = 2

node: is_free = false, size = 877, ptr_start = 0x55ab9c4108d1, i = 3

node: is_free = true, size = 1776, ptr_start = 0x55ab9c410c3e, i = 4

node: is_free = false, size = 401, ptr_start = 0x55ab9c41132e, i = 5

node: is_free = false, size = 673, ptr_start = 0x55ab9c4114bf, i = 6

node: is_free = false, size = 150, ptr_start = 0x55ab9c411760, i = 7

node: is_free = false, size = 973, ptr_start = 0x55ab9c4117f6, i = 8

node: is_free = true, size = 1005, ptr_start = 0x55ab9c411bc3, i = 9

totalSize = 10000, fillRatio = 0.50, minBlockSize = 1, maxBlockSize = 3000, iterations = 10000

newBlockSize = 2878, i = 7919

_memory starts = 0x55ab9c3b0060

node: is_free = true, size = 1296, ptr_start = 0x55ab9c40f8a0, i = 0

node: is_free = false, size = 1415, ptr_start = 0x55ab9c40fdb0, i = 1

node: is_free = false, size = 473, ptr_start = 0x55ab9c410337, i = 2

node: is_free = false, size = 678, ptr_start = 0x55ab9c410510, i = 3

node: is_free = true, size = 2315, ptr_start = 0x55ab9c4107b6, i = 4

node: is_free = false, size = 737, ptr_start = 0x55ab9c4110c1, i = 5

node: is_free = false, size = 1121, ptr_start = 0x55ab9c4113a2, i = 6

node: is_free = true, size = 1965, ptr_start = 0x55ab9c411803, i = 7

totalSize = 10000, fillRatio = 0.50, minBlockSize = 1, maxBlockSize = 3000, iterations = 10000

newBlockSize = 2756, i = 7921

_memory starts = 0x55ab9c3b0060

node: is_free = true, size = 2711, ptr_start = 0x55ab9c40f8a0, i = 0

node: is_free = false, size = 473, ptr_start = 0x55ab9c410337, i = 1

node: is_free = false, size = 678, ptr_start = 0x55ab9c410510, i = 2

node: is_free = true, size = 2315, ptr_start = 0x55ab9c4107b6, i = 3

node: is_free = false, size = 737, ptr_start = 0x55ab9c4110c1, i = 4

node: is_free = false, size = 1121, ptr_start = 0x55ab9c4113a2, i = 5

node: is_free = true, size = 1965, ptr_start = 0x55ab9c411803, i = 6

totalSize = 10000, fillRatio = 0.50, minBlockSize = 1, maxBlockSize = 3000, iterations = 10000

newBlockSize = 2770, i = 8050

_memory starts = 0x55ab9c3b0060

node: is_free = true, size = 1176, ptr_start = 0x55ab9c40f8a0, i = 0

node: is_free = false, size = 108, ptr_start = 0x55ab9c40fd38, i = 1

node: is_free = true, size = 1203, ptr_start = 0x55ab9c40fda4, i = 2

node: is_free = false, size = 2480, ptr_start = 0x55ab9c410257, i = 3

node: is_free = true, size = 1051, ptr_start = 0x55ab9c410c07, i = 4

node: is_free = false, size = 1609, ptr_start = 0x55ab9c411022, i = 5

node: is_free = false, size = 27, ptr_start = 0x55ab9c41166b, i = 6

node: is_free = true, size = 2346, ptr_start = 0x55ab9c411686, i = 7

totalSize = 10000, fillRatio = 0.50, minBlockSize = 1, maxBlockSize = 3000, iterations = 10000

newBlockSize = 2892, i = 8057

_memory starts = 0x55ab9c3b0060

node: is_free = false, size = 1198, ptr_start = 0x55ab9c40f8a0, i = 0

node: is_free = false, size = 2151, ptr_start = 0x55ab9c40fd4e, i = 1

node: is_free = true, size = 2669, ptr_start = 0x55ab9c4105b5, i = 2

node: is_free = false, size = 1609, ptr_start = 0x55ab9c411022, i = 3

node: is_free = false, size = 27, ptr_start = 0x55ab9c41166b, i = 4

node: is_free = true, size = 2346, ptr_start = 0x55ab9c411686, i = 5

totalSize = 10000, fillRatio = 0.50, minBlockSize = 1, maxBlockSize = 3000, iterations = 10000

newBlockSize = 2707, i = 8066

_memory starts = 0x55ab9c3b0060

node: is_free = true, size = 1198, ptr_start = 0x55ab9c40f8a0, i = 0

node: is_free = false, size = 1638, ptr_start = 0x55ab9c40fd4e, i = 1

node: is_free = true, size = 1945, ptr_start = 0x55ab9c4103b4, i = 2

node: is_free = false, size = 657, ptr_start = 0x55ab9c410b4d, i = 3

node: is_free = true, size = 2189, ptr_start = 0x55ab9c410dde, i = 4

node: is_free = false, size = 27, ptr_start = 0x55ab9c41166b, i = 5

node: is_free = false, size = 1638, ptr_start = 0x55ab9c411686, i = 6

node: is_free = true, size = 708, ptr_start = 0x55ab9c411cec, i = 7

totalSize = 10000, fillRatio = 0.50, minBlockSize = 1, maxBlockSize = 3000, iterations = 10000

newBlockSize = 2608, i = 8069

_memory starts = 0x55ab9c3b0060

node: is_free = true, size = 1198, ptr_start = 0x55ab9c40f8a0, i = 0

node: is_free = false, size = 1638, ptr_start = 0x55ab9c40fd4e, i = 1

node: is_free = true, size = 1945, ptr_start = 0x55ab9c4103b4, i = 2

node: is_free = false, size = 657, ptr_start = 0x55ab9c410b4d, i = 3

node: is_free = false, size = 402, ptr_start = 0x55ab9c410dde, i = 4

node: is_free = true, size = 1814, ptr_start = 0x55ab9c410f70, i = 5

node: is_free = false, size = 1638, ptr_start = 0x55ab9c411686, i = 6

node: is_free = true, size = 708, ptr_start = 0x55ab9c411cec, i = 7

totalSize = 10000, fillRatio = 0.50, minBlockSize = 1, maxBlockSize = 3000, iterations = 10000

newBlockSize = 2578, i = 8122

_memory starts = 0x55ab9c3b0060

node: is_free = true, size = 2278, ptr_start = 0x55ab9c40f8a0, i = 0

node: is_free = false, size = 1399, ptr_start = 0x55ab9c410186, i = 1

node: is_free = true, size = 2577, ptr_start = 0x55ab9c4106fd, i = 2

node: is_free = false, size = 2982, ptr_start = 0x55ab9c41110e, i = 3

node: is_free = true, size = 764, ptr_start = 0x55ab9c411cb4, i = 4

totalSize = 10000, fillRatio = 0.50, minBlockSize = 1, maxBlockSize = 3000, iterations = 10000

newBlockSize = 2812, i = 8139

_memory starts = 0x55ab9c3b0060

node: is_free = true, size = 2278, ptr_start = 0x55ab9c40f8a0, i = 0

node: is_free = false, size = 1399, ptr_start = 0x55ab9c410186, i = 1

node: is_free = false, size = 436, ptr_start = 0x55ab9c4106fd, i = 2

node: is_free = false, size = 1894, ptr_start = 0x55ab9c4108b1, i = 3

node: is_free = true, size = 654, ptr_start = 0x55ab9c411017, i = 4

node: is_free = false, size = 934, ptr_start = 0x55ab9c4112a5, i = 5

node: is_free = true, size = 2405, ptr_start = 0x55ab9c41164b, i = 6

totalSize = 10000, fillRatio = 0.50, minBlockSize = 1, maxBlockSize = 3000, iterations = 10000

newBlockSize = 2391, i = 8268

_memory starts = 0x55ab9c3b0060

node: is_free = false, size = 2642, ptr_start = 0x55ab9c40f8a0, i = 0

node: is_free = true, size = 2036, ptr_start = 0x55ab9c4102f2, i = 1

node: is_free = false, size = 500, ptr_start = 0x55ab9c410ae6, i = 2

node: is_free = true, size = 1360, ptr_start = 0x55ab9c410cda, i = 3

node: is_free = false, size = 217, ptr_start = 0x55ab9c41122a, i = 4

node: is_free = false, size = 1492, ptr_start = 0x55ab9c411303, i = 5

node: is_free = true, size = 1753, ptr_start = 0x55ab9c4118d7, i = 6

totalSize = 10000, fillRatio = 0.50, minBlockSize = 1, maxBlockSize = 3000, iterations = 10000

newBlockSize = 2795, i = 8285

_memory starts = 0x55ab9c3b0060

node: is_free = false, size = 777, ptr_start = 0x55ab9c40f8a0, i = 0

node: is_free = true, size = 1981, ptr_start = 0x55ab9c40fba9, i = 1

node: is_free = false, size = 1927, ptr_start = 0x55ab9c410366, i = 2

node: is_free = true, size = 1853, ptr_start = 0x55ab9c410aed, i = 3

node: is_free = false, size = 217, ptr_start = 0x55ab9c41122a, i = 4

node: is_free = false, size = 2024, ptr_start = 0x55ab9c411303, i = 5

node: is_free = true, size = 1221, ptr_start = 0x55ab9c411aeb, i = 6

totalSize = 10000, fillRatio = 0.50, minBlockSize = 1, maxBlockSize = 3000, iterations = 10000

newBlockSize = 2002, i = 8293

_memory starts = 0x55ab9c3b0060

node: is_free = true, size = 777, ptr_start = 0x55ab9c40f8a0, i = 0

node: is_free = false, size = 145, ptr_start = 0x55ab9c40fba9, i = 1

node: is_free = false, size = 1974, ptr_start = 0x55ab9c40fc3a, i = 2

node: is_free = false, size = 138, ptr_start = 0x55ab9c4103f0, i = 3

node: is_free = true, size = 1651, ptr_start = 0x55ab9c41047a, i = 4

node: is_free = false, size = 292, ptr_start = 0x55ab9c410aed, i = 5

node: is_free = true, size = 1778, ptr_start = 0x55ab9c410c11, i = 6

node: is_free = false, size = 2024, ptr_start = 0x55ab9c411303, i = 7

node: is_free = true, size = 1221, ptr_start = 0x55ab9c411aeb, i = 8

totalSize = 10000, fillRatio = 0.50, minBlockSize = 1, maxBlockSize = 3000, iterations = 10000

newBlockSize = 2693, i = 8348

_memory starts = 0x55ab9c3b0060

node: is_free = true, size = 2067, ptr_start = 0x55ab9c40f8a0, i = 0

node: is_free = false, size = 2763, ptr_start = 0x55ab9c4100b3, i = 1

node: is_free = true, size = 1179, ptr_start = 0x55ab9c410b7e, i = 2

node: is_free = false, size = 1396, ptr_start = 0x55ab9c411019, i = 3

node: is_free = false, size = 195, ptr_start = 0x55ab9c41158d, i = 4

node: is_free = true, size = 2400, ptr_start = 0x55ab9c411650, i = 5

totalSize = 10000, fillRatio = 0.50, minBlockSize = 1, maxBlockSize = 3000, iterations = 10000

newBlockSize = 2709, i = 8393

_memory starts = 0x55ab9c3b0060

node: is_free = true, size = 2307, ptr_start = 0x55ab9c40f8a0, i = 0

node: is_free = false, size = 63, ptr_start = 0x55ab9c4101a3, i = 1

node: is_free = false, size = 1248, ptr_start = 0x55ab9c4101e2, i = 2

node: is_free = true, size = 1297, ptr_start = 0x55ab9c4106c2, i = 3

node: is_free = false, size = 2019, ptr_start = 0x55ab9c410bd3, i = 4

node: is_free = false, size = 766, ptr_start = 0x55ab9c4113b6, i = 5

node: is_free = true, size = 2300, ptr_start = 0x55ab9c4116b4, i = 6

totalSize = 10000, fillRatio = 0.50, minBlockSize = 1, maxBlockSize = 3000, iterations = 10000

newBlockSize = 2625, i = 8396

_memory starts = 0x55ab9c3b0060

node: is_free = true, size = 2307, ptr_start = 0x55ab9c40f8a0, i = 0

node: is_free = false, size = 63, ptr_start = 0x55ab9c4101a3, i = 1

node: is_free = false, size = 1248, ptr_start = 0x55ab9c4101e2, i = 2

node: is_free = true, size = 1297, ptr_start = 0x55ab9c4106c2, i = 3

node: is_free = false, size = 2019, ptr_start = 0x55ab9c410bd3, i = 4

node: is_free = false, size = 869, ptr_start = 0x55ab9c4113b6, i = 5

node: is_free = true, size = 2197, ptr_start = 0x55ab9c41171b, i = 6

totalSize = 10000, fillRatio = 0.50, minBlockSize = 1, maxBlockSize = 3000, iterations = 10000

newBlockSize = 2283, i = 8399

_memory starts = 0x55ab9c3b0060

node: is_free = false, size = 617, ptr_start = 0x55ab9c40f8a0, i = 0

node: is_free = true, size = 1753, ptr_start = 0x55ab9c40fb09, i = 1

node: is_free = false, size = 1248, ptr_start = 0x55ab9c4101e2, i = 2

node: is_free = true, size = 1297, ptr_start = 0x55ab9c4106c2, i = 3

node: is_free = false, size = 2019, ptr_start = 0x55ab9c410bd3, i = 4

node: is_free = false, size = 869, ptr_start = 0x55ab9c4113b6, i = 5

node: is_free = true, size = 2197, ptr_start = 0x55ab9c41171b, i = 6

totalSize = 10000, fillRatio = 0.50, minBlockSize = 1, maxBlockSize = 3000, iterations = 10000

newBlockSize = 2702, i = 8450

_memory starts = 0x55ab9c3b0060

node: is_free = false, size = 218, ptr_start = 0x55ab9c40f8a0, i = 0

node: is_free = true, size = 1534, ptr_start = 0x55ab9c40f97a, i = 1

node: is_free = false, size = 161, ptr_start = 0x55ab9c40ff78, i = 2

node: is_free = false, size = 1433, ptr_start = 0x55ab9c410019, i = 3

node: is_free = true, size = 1035, ptr_start = 0x55ab9c4105b2, i = 4

node: is_free = false, size = 246, ptr_start = 0x55ab9c4109bd, i = 5

node: is_free = false, size = 73, ptr_start = 0x55ab9c410ab3, i = 6

node: is_free = true, size = 2025, ptr_start = 0x55ab9c410afc, i = 7

node: is_free = false, size = 262, ptr_start = 0x55ab9c4112e5, i = 8

node: is_free = false, size = 1924, ptr_start = 0x55ab9c4113eb, i = 9

node: is_free = true, size = 1089, ptr_start = 0x55ab9c411b6f, i = 10

totalSize = 10000, fillRatio = 0.50, minBlockSize = 1, maxBlockSize = 3000, iterations = 10000

newBlockSize = 2339, i = 8458

_memory starts = 0x55ab9c3b0060

node: is_free = false, size = 218, ptr_start = 0x55ab9c40f8a0, i = 0

node: is_free = true, size = 1534, ptr_start = 0x55ab9c40f97a, i = 1

node: is_free = false, size = 161, ptr_start = 0x55ab9c40ff78, i = 2

node: is_free = false, size = 914, ptr_start = 0x55ab9c410019, i = 3

node: is_free = false, size = 939, ptr_start = 0x55ab9c4103ab, i = 4

node: is_free = true, size = 615, ptr_start = 0x55ab9c410756, i = 5

node: is_free = false, size = 246, ptr_start = 0x55ab9c4109bd, i = 6

node: is_free = false, size = 73, ptr_start = 0x55ab9c410ab3, i = 7

node: is_free = true, size = 2025, ptr_start = 0x55ab9c410afc, i = 8

node: is_free = false, size = 262, ptr_start = 0x55ab9c4112e5, i = 9

node: is_free = false, size = 1924, ptr_start = 0x55ab9c4113eb, i = 10

node: is_free = true, size = 1089, ptr_start = 0x55ab9c411b6f, i = 11

totalSize = 10000, fillRatio = 0.50, minBlockSize = 1, maxBlockSize = 3000, iterations = 10000

newBlockSize = 2598, i = 8518

_memory starts = 0x55ab9c3b0060

node: is_free = true, size = 1549, ptr_start = 0x55ab9c40f8a0, i = 0

node: is_free = false, size = 382, ptr_start = 0x55ab9c40fead, i = 1

node: is_free = true, size = 1461, ptr_start = 0x55ab9c41002b, i = 2

node: is_free = false, size = 1246, ptr_start = 0x55ab9c4105e0, i = 3

node: is_free = true, size = 1707, ptr_start = 0x55ab9c410abe, i = 4

node: is_free = false, size = 1385, ptr_start = 0x55ab9c411169, i = 5

node: is_free = false, size = 743, ptr_start = 0x55ab9c4116d2, i = 6

node: is_free = true, size = 1527, ptr_start = 0x55ab9c4119b9, i = 7

totalSize = 10000, fillRatio = 0.50, minBlockSize = 1, maxBlockSize = 3000, iterations = 10000

newBlockSize = 2673, i = 8583

_memory starts = 0x55ab9c3b0060

node: is_free = true, size = 247, ptr_start = 0x55ab9c40f8a0, i = 0

node: is_free = false, size = 807, ptr_start = 0x55ab9c40f997, i = 1

node: is_free = true, size = 1335, ptr_start = 0x55ab9c40fcbe, i = 2

node: is_free = false, size = 1492, ptr_start = 0x55ab9c4101f5, i = 3

node: is_free = false, size = 461, ptr_start = 0x55ab9c4107c9, i = 4

node: is_free = true, size = 1742, ptr_start = 0x55ab9c410996, i = 5

node: is_free = false, size = 1775, ptr_start = 0x55ab9c411064, i = 6

node: is_free = false, size = 305, ptr_start = 0x55ab9c411753, i = 7

node: is_free = true, size = 1836, ptr_start = 0x55ab9c411884, i = 8

totalSize = 10000, fillRatio = 0.50, minBlockSize = 1, maxBlockSize = 3000, iterations = 10000

newBlockSize = 2633, i = 8592

_memory starts = 0x55ab9c3b0060

node: is_free = true, size = 2389, ptr_start = 0x55ab9c40f8a0, i = 0

node: is_free = false, size = 1492, ptr_start = 0x55ab9c4101f5, i = 1

node: is_free = true, size = 461, ptr_start = 0x55ab9c4107c9, i = 2

node: is_free = false, size = 1072, ptr_start = 0x55ab9c410996, i = 3

node: is_free = false, size = 575, ptr_start = 0x55ab9c410dc6, i = 4

node: is_free = false, size = 1024, ptr_start = 0x55ab9c411005, i = 5

node: is_free = false, size = 536, ptr_start = 0x55ab9c411405, i = 6

node: is_free = true, size = 2451, ptr_start = 0x55ab9c41161d, i = 7

totalSize = 10000, fillRatio = 0.50, minBlockSize = 1, maxBlockSize = 3000, iterations = 10000

newBlockSize = 2523, i = 8594

_memory starts = 0x55ab9c3b0060

node: is_free = true, size = 2389, ptr_start = 0x55ab9c40f8a0, i = 0

node: is_free = false, size = 1492, ptr_start = 0x55ab9c4101f5, i = 1

node: is_free = true, size = 1533, ptr_start = 0x55ab9c4107c9, i = 2

node: is_free = false, size = 575, ptr_start = 0x55ab9c410dc6, i = 3

node: is_free = false, size = 1024, ptr_start = 0x55ab9c411005, i = 4

node: is_free = false, size = 536, ptr_start = 0x55ab9c411405, i = 5

node: is_free = true, size = 2451, ptr_start = 0x55ab9c41161d, i = 6

totalSize = 10000, fillRatio = 0.50, minBlockSize = 1, maxBlockSize = 3000, iterations = 10000

newBlockSize = 2434, i = 8619

_memory starts = 0x55ab9c3b0060

node: is_free = false, size = 953, ptr_start = 0x55ab9c40f8a0, i = 0

node: is_free = true, size = 2370, ptr_start = 0x55ab9c40fc59, i = 1

node: is_free = false, size = 1688, ptr_start = 0x55ab9c41059b, i = 2

node: is_free = true, size = 978, ptr_start = 0x55ab9c410c33, i = 3

node: is_free = false, size = 1024, ptr_start = 0x55ab9c411005, i = 4

node: is_free = false, size = 1217, ptr_start = 0x55ab9c411405, i = 5

node: is_free = true, size = 1770, ptr_start = 0x55ab9c4118c6, i = 6

totalSize = 10000, fillRatio = 0.50, minBlockSize = 1, maxBlockSize = 3000, iterations = 10000

newBlockSize = 2545, i = 8623

_memory starts = 0x55ab9c3b0060

node: is_free = false, size = 953, ptr_start = 0x55ab9c40f8a0, i = 0

node: is_free = true, size = 2370, ptr_start = 0x55ab9c40fc59, i = 1

node: is_free = false, size = 1688, ptr_start = 0x55ab9c41059b, i = 2

node: is_free = true, size = 2002, ptr_start = 0x55ab9c410c33, i = 3

node: is_free = false, size = 1217, ptr_start = 0x55ab9c411405, i = 4

node: is_free = true, size = 1770, ptr_start = 0x55ab9c4118c6, i = 5

totalSize = 10000, fillRatio = 0.50, minBlockSize = 1, maxBlockSize = 3000, iterations = 10000

newBlockSize = 2966, i = 8693

_memory starts = 0x55ab9c3b0060

node: is_free = true, size = 812, ptr_start = 0x55ab9c40f8a0, i = 0

node: is_free = false, size = 937, ptr_start = 0x55ab9c40fbcc, i = 1

node: is_free = true, size = 859, ptr_start = 0x55ab9c40ff75, i = 2

node: is_free = false, size = 587, ptr_start = 0x55ab9c4102d0, i = 3

node: is_free = true, size = 1584, ptr_start = 0x55ab9c41051b, i = 4

node: is_free = false, size = 414, ptr_start = 0x55ab9c410b4b, i = 5

node: is_free = false, size = 1997, ptr_start = 0x55ab9c410ce9, i = 6

node: is_free = true, size = 2810, ptr_start = 0x55ab9c4114b6, i = 7

totalSize = 10000, fillRatio = 0.50, minBlockSize = 1, maxBlockSize = 3000, iterations = 10000

newBlockSize = 2771, i = 8745

_memory starts = 0x55ab9c3b0060

node: is_free = true, size = 1437, ptr_start = 0x55ab9c40f8a0, i = 0

node: is_free = false, size = 1419, ptr_start = 0x55ab9c40fe3d, i = 1

node: is_free = false, size = 1007, ptr_start = 0x55ab9c4103c8, i = 2

node: is_free = true, size = 1754, ptr_start = 0x55ab9c4107b7, i = 3

node: is_free = false, size = 2368, ptr_start = 0x55ab9c410e91, i = 4

node: is_free = true, size = 2015, ptr_start = 0x55ab9c4117d1, i = 5

totalSize = 10000, fillRatio = 0.50, minBlockSize = 1, maxBlockSize = 3000, iterations = 10000

newBlockSize = 2029, i = 8782

_memory starts = 0x55ab9c3b0060

node: is_free = false, size = 1183, ptr_start = 0x55ab9c40f8a0, i = 0

node: is_free = false, size = 14, ptr_start = 0x55ab9c40fd3f, i = 1

node: is_free = true, size = 2013, ptr_start = 0x55ab9c40fd4d, i = 2

node: is_free = false, size = 708, ptr_start = 0x55ab9c41052a, i = 3

node: is_free = false, size = 114, ptr_start = 0x55ab9c4107ee, i = 4

node: is_free = true, size = 1932, ptr_start = 0x55ab9c410860, i = 5

node: is_free = false, size = 749, ptr_start = 0x55ab9c410fec, i = 6

node: is_free = false, size = 2102, ptr_start = 0x55ab9c4112d9, i = 7

node: is_free = true, size = 1185, ptr_start = 0x55ab9c411b0f, i = 8

totalSize = 10000, fillRatio = 0.50, minBlockSize = 1, maxBlockSize = 3000, iterations = 10000

newBlockSize = 2932, i = 8784

_memory starts = 0x55ab9c3b0060

node: is_free = false, size = 1183, ptr_start = 0x55ab9c40f8a0, i = 0

node: is_free = false, size = 14, ptr_start = 0x55ab9c40fd3f, i = 1

node: is_free = true, size = 2721, ptr_start = 0x55ab9c40fd4d, i = 2

node: is_free = false, size = 114, ptr_start = 0x55ab9c4107ee, i = 3

node: is_free = true, size = 1932, ptr_start = 0x55ab9c410860, i = 4

node: is_free = false, size = 749, ptr_start = 0x55ab9c410fec, i = 5

node: is_free = false, size = 2102, ptr_start = 0x55ab9c4112d9, i = 6

node: is_free = true, size = 1185, ptr_start = 0x55ab9c411b0f, i = 7

totalSize = 10000, fillRatio = 0.50, minBlockSize = 1, maxBlockSize = 3000, iterations = 10000

newBlockSize = 2697, i = 8787

_memory starts = 0x55ab9c3b0060

node: is_free = false, size = 1183, ptr_start = 0x55ab9c40f8a0, i = 0

node: is_free = false, size = 544, ptr_start = 0x55ab9c40fd3f, i = 1

node: is_free = true, size = 2191, ptr_start = 0x55ab9c40ff5f, i = 2

node: is_free = false, size = 114, ptr_start = 0x55ab9c4107ee, i = 3

node: is_free = true, size = 1932, ptr_start = 0x55ab9c410860, i = 4

node: is_free = false, size = 749, ptr_start = 0x55ab9c410fec, i = 5

node: is_free = false, size = 2102, ptr_start = 0x55ab9c4112d9, i = 6

node: is_free = true, size = 1185, ptr_start = 0x55ab9c411b0f, i = 7

totalSize = 10000, fillRatio = 0.50, minBlockSize = 1, maxBlockSize = 3000, iterations = 10000

newBlockSize = 2552, i = 8836

_memory starts = 0x55ab9c3b0060

node: is_free = true, size = 1861, ptr_start = 0x55ab9c40f8a0, i = 0

node: is_free = false, size = 1130, ptr_start = 0x55ab9c40ffe5, i = 1

node: is_free = false, size = 1342, ptr_start = 0x55ab9c41044f, i = 2

node: is_free = true, size = 2000, ptr_start = 0x55ab9c41098d, i = 3

node: is_free = false, size = 1509, ptr_start = 0x55ab9c41115d, i = 4

node: is_free = false, size = 864, ptr_start = 0x55ab9c411742, i = 5

node: is_free = true, size = 1294, ptr_start = 0x55ab9c411aa2, i = 6

totalSize = 10000, fillRatio = 0.50, minBlockSize = 1, maxBlockSize = 3000, iterations = 10000

newBlockSize = 2900, i = 8887

_memory starts = 0x55ab9c3b0060

node: is_free = true, size = 1176, ptr_start = 0x55ab9c40f8a0, i = 0

node: is_free = false, size = 1424, ptr_start = 0x55ab9c40fd38, i = 1

node: is_free = true, size = 2688, ptr_start = 0x55ab9c4102c8, i = 2

node: is_free = false, size = 1044, ptr_start = 0x55ab9c410d48, i = 3

node: is_free = false, size = 264, ptr_start = 0x55ab9c41115c, i = 4

node: is_free = false, size = 2215, ptr_start = 0x55ab9c411264, i = 5

node: is_free = true, size = 1189, ptr_start = 0x55ab9c411b0b, i = 6

totalSize = 10000, fillRatio = 0.50, minBlockSize = 1, maxBlockSize = 3000, iterations = 10000

newBlockSize = 2703, i = 8920

_memory starts = 0x55ab9c3b0060

node: is_free = true, size = 1249, ptr_start = 0x55ab9c40f8a0, i = 0

node: is_free = false, size = 184, ptr_start = 0x55ab9c40fd81, i = 1

node: is_free = false, size = 1861, ptr_start = 0x55ab9c40fe39, i = 2

node: is_free = true, size = 2179, ptr_start = 0x55ab9c41057e, i = 3

node: is_free = false, size = 1905, ptr_start = 0x55ab9c410e01, i = 4

node: is_free = false, size = 340, ptr_start = 0x55ab9c411572, i = 5

node: is_free = true, size = 2282, ptr_start = 0x55ab9c4116c6, i = 6

totalSize = 10000, fillRatio = 0.50, minBlockSize = 1, maxBlockSize = 3000, iterations = 10000

newBlockSize = 2589, i = 8960

_memory starts = 0x55ab9c3b0060

node: is_free = true, size = 289, ptr_start = 0x55ab9c40f8a0, i = 0

node: is_free = false, size = 1109, ptr_start = 0x55ab9c40f9c1, i = 1

node: is_free = true, size = 1279, ptr_start = 0x55ab9c40fe16, i = 2

node: is_free = false, size = 1461, ptr_start = 0x55ab9c410315, i = 3

node: is_free = false, size = 1220, ptr_start = 0x55ab9c4108ca, i = 4

node: is_free = true, size = 1439, ptr_start = 0x55ab9c410d8e, i = 5

node: is_free = false, size = 981, ptr_start = 0x55ab9c41132d, i = 6

node: is_free = false, size = 54, ptr_start = 0x55ab9c411702, i = 7

node: is_free = true, size = 2168, ptr_start = 0x55ab9c411738, i = 8

totalSize = 10000, fillRatio = 0.50, minBlockSize = 1, maxBlockSize = 3000, iterations = 10000

newBlockSize = 2999, i = 8968

_memory starts = 0x55ab9c3b0060

node: is_free = false, size = 1803, ptr_start = 0x55ab9c40f8a0, i = 0

node: is_free = true, size = 874, ptr_start = 0x55ab9c40ffab, i = 1

node: is_free = false, size = 1461, ptr_start = 0x55ab9c410315, i = 2

node: is_free = false, size = 282, ptr_start = 0x55ab9c4108ca, i = 3

node: is_free = true, size = 2377, ptr_start = 0x55ab9c4109e4, i = 4

node: is_free = false, size = 981, ptr_start = 0x55ab9c41132d, i = 5

node: is_free = true, size = 2222, ptr_start = 0x55ab9c411702, i = 6

totalSize = 10000, fillRatio = 0.50, minBlockSize = 1, maxBlockSize = 3000, iterations = 10000

newBlockSize = 2974, i = 8987

_memory starts = 0x55ab9c3b0060

node: is_free = false, size = 1535, ptr_start = 0x55ab9c40f8a0, i = 0

node: is_free = true, size = 2885, ptr_start = 0x55ab9c40fe9f, i = 1

node: is_free = false, size = 82, ptr_start = 0x55ab9c4109e4, i = 2

node: is_free = true, size = 425, ptr_start = 0x55ab9c410a36, i = 3

node: is_free = false, size = 2767, ptr_start = 0x55ab9c410bdf, i = 4

node: is_free = true, size = 555, ptr_start = 0x55ab9c4116ae, i = 5

node: is_free = false, size = 60, ptr_start = 0x55ab9c4118d9, i = 6

node: is_free = true, size = 1691, ptr_start = 0x55ab9c411915, i = 7

totalSize = 10000, fillRatio = 0.50, minBlockSize = 1, maxBlockSize = 3000, iterations = 10000

newBlockSize = 2453, i = 9066

_memory starts = 0x55ab9c3b0060

node: is_free = true, size = 1212, ptr_start = 0x55ab9c40f8a0, i = 0

node: is_free = false, size = 123, ptr_start = 0x55ab9c40fd5c, i = 1

node: is_free = true, size = 2034, ptr_start = 0x55ab9c40fdd7, i = 2

node: is_free = false, size = 1937, ptr_start = 0x55ab9c4105c9, i = 3

node: is_free = true, size = 1445, ptr_start = 0x55ab9c410d5a, i = 4

node: is_free = false, size = 265, ptr_start = 0x55ab9c4112ff, i = 5

node: is_free = false, size = 2567, ptr_start = 0x55ab9c411408, i = 6

node: is_free = true, size = 417, ptr_start = 0x55ab9c411e0f, i = 7

totalSize = 10000, fillRatio = 0.50, minBlockSize = 1, maxBlockSize = 3000, iterations = 10000

newBlockSize = 1773, i = 9083

_memory starts = 0x55ab9c3b0060

node: is_free = true, size = 1212, ptr_start = 0x55ab9c40f8a0, i = 0

node: is_free = false, size = 123, ptr_start = 0x55ab9c40fd5c, i = 1

node: is_free = false, size = 1686, ptr_start = 0x55ab9c40fdd7, i = 2

node: is_free = true, size = 1285, ptr_start = 0x55ab9c41046d, i = 3

node: is_free = false, size = 315, ptr_start = 0x55ab9c410972, i = 4

node: is_free = false, size = 704, ptr_start = 0x55ab9c410aad, i = 5

node: is_free = false, size = 464, ptr_start = 0x55ab9c410d6d, i = 6

node: is_free = true, size = 1655, ptr_start = 0x55ab9c410f3d, i = 7

node: is_free = false, size = 976, ptr_start = 0x55ab9c4115b4, i = 8

node: is_free = true, size = 1580, ptr_start = 0x55ab9c411984, i = 9

totalSize = 10000, fillRatio = 0.50, minBlockSize = 1, maxBlockSize = 3000, iterations = 10000

newBlockSize = 2247, i = 9086

_memory starts = 0x55ab9c3b0060

node: is_free = true, size = 1212, ptr_start = 0x55ab9c40f8a0, i = 0

node: is_free = false, size = 123, ptr_start = 0x55ab9c40fd5c, i = 1

node: is_free = false, size = 1686, ptr_start = 0x55ab9c40fdd7, i = 2

node: is_free = true, size = 1600, ptr_start = 0x55ab9c41046d, i = 3

node: is_free = false, size = 704, ptr_start = 0x55ab9c410aad, i = 4

node: is_free = false, size = 464, ptr_start = 0x55ab9c410d6d, i = 5

node: is_free = false, size = 689, ptr_start = 0x55ab9c410f3d, i = 6

node: is_free = true, size = 966, ptr_start = 0x55ab9c4111ee, i = 7

node: is_free = false, size = 976, ptr_start = 0x55ab9c4115b4, i = 8

node: is_free = true, size = 1580, ptr_start = 0x55ab9c411984, i = 9

totalSize = 10000, fillRatio = 0.50, minBlockSize = 1, maxBlockSize = 3000, iterations = 10000

newBlockSize = 2414, i = 9091

_memory starts = 0x55ab9c3b0060

node: is_free = true, size = 1212, ptr_start = 0x55ab9c40f8a0, i = 0

node: is_free = false, size = 123, ptr_start = 0x55ab9c40fd5c, i = 1

node: is_free = false, size = 617, ptr_start = 0x55ab9c40fdd7, i = 2

node: is_free = false, size = 628, ptr_start = 0x55ab9c410040, i = 3

node: is_free = false, size = 408, ptr_start = 0x55ab9c4102b4, i = 4

node: is_free = true, size = 1633, ptr_start = 0x55ab9c41044c, i = 5

node: is_free = false, size = 704, ptr_start = 0x55ab9c410aad, i = 6

node: is_free = false, size = 464, ptr_start = 0x55ab9c410d6d, i = 7

node: is_free = false, size = 689, ptr_start = 0x55ab9c410f3d, i = 8

node: is_free = true, size = 966, ptr_start = 0x55ab9c4111ee, i = 9

node: is_free = false, size = 976, ptr_start = 0x55ab9c4115b4, i = 10

node: is_free = true, size = 1580, ptr_start = 0x55ab9c411984, i = 11

totalSize = 10000, fillRatio = 0.50, minBlockSize = 1, maxBlockSize = 3000, iterations = 10000

newBlockSize = 1771, i = 9096

_memory starts = 0x55ab9c3b0060

node: is_free = true, size = 1212, ptr_start = 0x55ab9c40f8a0, i = 0

node: is_free = false, size = 123, ptr_start = 0x55ab9c40fd5c, i = 1

node: is_free = true, size = 1245, ptr_start = 0x55ab9c40fdd7, i = 2

node: is_free = false, size = 408, ptr_start = 0x55ab9c4102b4, i = 3

node: is_free = true, size = 1633, ptr_start = 0x55ab9c41044c, i = 4

node: is_free = false, size = 704, ptr_start = 0x55ab9c410aad, i = 5

node: is_free = false, size = 464, ptr_start = 0x55ab9c410d6d, i = 6

node: is_free = false, size = 689, ptr_start = 0x55ab9c410f3d, i = 7

node: is_free = false, size = 2589, ptr_start = 0x55ab9c4111ee, i = 8

node: is_free = true, size = 933, ptr_start = 0x55ab9c411c0b, i = 9

totalSize = 10000, fillRatio = 0.50, minBlockSize = 1, maxBlockSize = 3000, iterations = 10000

newBlockSize = 2405, i = 9115

_memory starts = 0x55ab9c3b0060

node: is_free = true, size = 422, ptr_start = 0x55ab9c40f8a0, i = 0

node: is_free = false, size = 2422, ptr_start = 0x55ab9c40fa46, i = 1

node: is_free = true, size = 622, ptr_start = 0x55ab9c4103bc, i = 2

node: is_free = false, size = 1119, ptr_start = 0x55ab9c41062a, i = 3

node: is_free = true, size = 1893, ptr_start = 0x55ab9c410a89, i = 4

node: is_free = false, size = 301, ptr_start = 0x55ab9c4111ee, i = 5

node: is_free = false, size = 1126, ptr_start = 0x55ab9c41131b, i = 6

node: is_free = true, size = 2095, ptr_start = 0x55ab9c411781, i = 7

totalSize = 10000, fillRatio = 0.50, minBlockSize = 1, maxBlockSize = 3000, iterations = 10000

newBlockSize = 1741, i = 9138

_memory starts = 0x55ab9c3b0060

node: is_free = true, size = 871, ptr_start = 0x55ab9c40f8a0, i = 0

node: is_free = false, size = 450, ptr_start = 0x55ab9c40fc07, i = 1

node: is_free = false, size = 1037, ptr_start = 0x55ab9c40fdc9, i = 2

node: is_free = true, size = 1279, ptr_start = 0x55ab9c4101d6, i = 3

node: is_free = false, size = 363, ptr_start = 0x55ab9c4106d5, i = 4

node: is_free = true, size = 392, ptr_start = 0x55ab9c410840, i = 5

node: is_free = false, size = 1345, ptr_start = 0x55ab9c4109c8, i = 6

node: is_free = true, size = 1042, ptr_start = 0x55ab9c410f09, i = 7

node: is_free = false, size = 1420, ptr_start = 0x55ab9c41131b, i = 8

node: is_free = false, size = 344, ptr_start = 0x55ab9c4118a7, i = 9

node: is_free = true, size = 1457, ptr_start = 0x55ab9c4119ff, i = 10

totalSize = 10000, fillRatio = 0.50, minBlockSize = 1, maxBlockSize = 3000, iterations = 10000

newBlockSize = 2638, i = 9145

_memory starts = 0x55ab9c3b0060

node: is_free = true, size = 1321, ptr_start = 0x55ab9c40f8a0, i = 0

node: is_free = false, size = 1037, ptr_start = 0x55ab9c40fdc9, i = 1

node: is_free = true, size = 1279, ptr_start = 0x55ab9c4101d6, i = 2

node: is_free = false, size = 363, ptr_start = 0x55ab9c4106d5, i = 3

node: is_free = true, size = 392, ptr_start = 0x55ab9c410840, i = 4

node: is_free = false, size = 1345, ptr_start = 0x55ab9c4109c8, i = 5

node: is_free = true, size = 2462, ptr_start = 0x55ab9c410f09, i = 6

node: is_free = false, size = 1315, ptr_start = 0x55ab9c4118a7, i = 7

node: is_free = true, size = 486, ptr_start = 0x55ab9c411dca, i = 8

totalSize = 10000, fillRatio = 0.50, minBlockSize = 1, maxBlockSize = 3000, iterations = 10000

newBlockSize = 2202, i = 9151

_memory starts = 0x55ab9c3b0060

node: is_free = false, size = 1594, ptr_start = 0x55ab9c40f8a0, i = 0

node: is_free = true, size = 2043, ptr_start = 0x55ab9c40feda, i = 1

node: is_free = false, size = 363, ptr_start = 0x55ab9c4106d5, i = 2

node: is_free = true, size = 1737, ptr_start = 0x55ab9c410840, i = 3

node: is_free = false, size = 2490, ptr_start = 0x55ab9c410f09, i = 4

node: is_free = true, size = 1773, ptr_start = 0x55ab9c4118c3, i = 5

totalSize = 10000, fillRatio = 0.50, minBlockSize = 1, maxBlockSize = 3000, iterations = 10000

newBlockSize = 2911, i = 9180

_memory starts = 0x55ab9c3b0060

node: is_free = true, size = 2158, ptr_start = 0x55ab9c40f8a0, i = 0

node: is_free = false, size = 19, ptr_start = 0x55ab9c41010e, i = 1

node: is_free = false, size = 1189, ptr_start = 0x55ab9c410121, i = 2

node: is_free = true, size = 210, ptr_start = 0x55ab9c4105c6, i = 3

node: is_free = false, size = 380, ptr_start = 0x55ab9c410698, i = 4

node: is_free = false, size = 586, ptr_start = 0x55ab9c410814, i = 5

node: is_free = true, size = 844, ptr_start = 0x55ab9c410a5e, i = 6

node: is_free = false, size = 247, ptr_start = 0x55ab9c410daa, i = 7

node: is_free = false, size = 1517, ptr_start = 0x55ab9c410ea1, i = 8

node: is_free = true, size = 2850, ptr_start = 0x55ab9c41148e, i = 9

totalSize = 10000, fillRatio = 0.50, minBlockSize = 1, maxBlockSize = 3000, iterations = 10000

newBlockSize = 2787, i = 9183

_memory starts = 0x55ab9c3b0060

node: is_free = true, size = 2158, ptr_start = 0x55ab9c40f8a0, i = 0

node: is_free = false, size = 19, ptr_start = 0x55ab9c41010e, i = 1

node: is_free = false, size = 1189, ptr_start = 0x55ab9c410121, i = 2

node: is_free = true, size = 210, ptr_start = 0x55ab9c4105c6, i = 3

node: is_free = false, size = 380, ptr_start = 0x55ab9c410698, i = 4

node: is_free = false, size = 586, ptr_start = 0x55ab9c410814, i = 5

node: is_free = true, size = 1091, ptr_start = 0x55ab9c410a5e, i = 6

node: is_free = false, size = 1517, ptr_start = 0x55ab9c410ea1, i = 7

node: is_free = false, size = 1168, ptr_start = 0x55ab9c41148e, i = 8

node: is_free = true, size = 1682, ptr_start = 0x55ab9c41191e, i = 9

totalSize = 10000, fillRatio = 0.50, minBlockSize = 1, maxBlockSize = 3000, iterations = 10000

newBlockSize = 2821, i = 9185

_memory starts = 0x55ab9c3b0060

node: is_free = true, size = 2158, ptr_start = 0x55ab9c40f8a0, i = 0

node: is_free = false, size = 19, ptr_start = 0x55ab9c41010e, i = 1

node: is_free = false, size = 1189, ptr_start = 0x55ab9c410121, i = 2

node: is_free = true, size = 590, ptr_start = 0x55ab9c4105c6, i = 3

node: is_free = false, size = 586, ptr_start = 0x55ab9c410814, i = 4

node: is_free = true, size = 1091, ptr_start = 0x55ab9c410a5e, i = 5

node: is_free = false, size = 1517, ptr_start = 0x55ab9c410ea1, i = 6

node: is_free = false, size = 1168, ptr_start = 0x55ab9c41148e, i = 7

node: is_free = true, size = 1682, ptr_start = 0x55ab9c41191e, i = 8

totalSize = 10000, fillRatio = 0.50, minBlockSize = 1, maxBlockSize = 3000, iterations = 10000

newBlockSize = 2718, i = 9190

_memory starts = 0x55ab9c3b0060

node: is_free = false, size = 948, ptr_start = 0x55ab9c40f8a0, i = 0

node: is_free = true, size = 1210, ptr_start = 0x55ab9c40fc54, i = 1

node: is_free = false, size = 19, ptr_start = 0x55ab9c41010e, i = 2

node: is_free = true, size = 1779, ptr_start = 0x55ab9c410121, i = 3

node: is_free = false, size = 586, ptr_start = 0x55ab9c410814, i = 4

node: is_free = true, size = 1091, ptr_start = 0x55ab9c410a5e, i = 5

node: is_free = false, size = 1517, ptr_start = 0x55ab9c410ea1, i = 6

node: is_free = false, size = 1168, ptr_start = 0x55ab9c41148e, i = 7

node: is_free = true, size = 1682, ptr_start = 0x55ab9c41191e, i = 8

totalSize = 10000, fillRatio = 0.50, minBlockSize = 1, maxBlockSize = 3000, iterations = 10000

newBlockSize = 2731, i = 9194

_memory starts = 0x55ab9c3b0060

node: is_free = false, size = 948, ptr_start = 0x55ab9c40f8a0, i = 0

node: is_free = true, size = 1210, ptr_start = 0x55ab9c40fc54, i = 1

node: is_free = false, size = 19, ptr_start = 0x55ab9c41010e, i = 2

node: is_free = false, size = 2812, ptr_start = 0x55ab9c410121, i = 3

node: is_free = true, size = 2161, ptr_start = 0x55ab9c410c1d, i = 4

node: is_free = false, size = 1168, ptr_start = 0x55ab9c41148e, i = 5

node: is_free = true, size = 1682, ptr_start = 0x55ab9c41191e, i = 6

totalSize = 10000, fillRatio = 0.50, minBlockSize = 1, maxBlockSize = 3000, iterations = 10000

newBlockSize = 2638, i = 9201

_memory starts = 0x55ab9c3b0060

node: is_free = false, size = 948, ptr_start = 0x55ab9c40f8a0, i = 0

node: is_free = true, size = 1210, ptr_start = 0x55ab9c40fc54, i = 1

node: is_free = false, size = 19, ptr_start = 0x55ab9c41010e, i = 2

node: is_free = false, size = 74, ptr_start = 0x55ab9c410121, i = 3

node: is_free = false, size = 292, ptr_start = 0x55ab9c41016b, i = 4

node: is_free = false, size = 2241, ptr_start = 0x55ab9c41028f, i = 5

node: is_free = true, size = 2366, ptr_start = 0x55ab9c410b50, i = 6

node: is_free = false, size = 1168, ptr_start = 0x55ab9c41148e, i = 7

node: is_free = true, size = 1682, ptr_start = 0x55ab9c41191e, i = 8

totalSize = 10000, fillRatio = 0.50, minBlockSize = 1, maxBlockSize = 3000, iterations = 10000

newBlockSize = 2440, i = 9217

_memory starts = 0x55ab9c3b0060

node: is_free = false, size = 1314, ptr_start = 0x55ab9c40f8a0, i = 0

node: is_free = false, size = 1268, ptr_start = 0x55ab9c40fdc2, i = 1

node: is_free = true, size = 2202, ptr_start = 0x55ab9c4102b6, i = 2

node: is_free = false, size = 1095, ptr_start = 0x55ab9c410b50, i = 3

node: is_free = true, size = 1271, ptr_start = 0x55ab9c410f97, i = 4

node: is_free = false, size = 1168, ptr_start = 0x55ab9c41148e, i = 5

node: is_free = true, size = 1682, ptr_start = 0x55ab9c41191e, i = 6

totalSize = 10000, fillRatio = 0.50, minBlockSize = 1, maxBlockSize = 3000, iterations = 10000

newBlockSize = 2734, i = 9221

_memory starts = 0x55ab9c3b0060

node: is_free = true, size = 2582, ptr_start = 0x55ab9c40f8a0, i = 0

node: is_free = false, size = 2090, ptr_start = 0x55ab9c4102b6, i = 1

node: is_free = true, size = 112, ptr_start = 0x55ab9c410ae0, i = 2

node: is_free = false, size = 1095, ptr_start = 0x55ab9c410b50, i = 3

node: is_free = true, size = 1271, ptr_start = 0x55ab9c410f97, i = 4

node: is_free = false, size = 1168, ptr_start = 0x55ab9c41148e, i = 5

node: is_free = true, size = 1682, ptr_start = 0x55ab9c41191e, i = 6

totalSize = 10000, fillRatio = 0.50, minBlockSize = 1, maxBlockSize = 3000, iterations = 10000

newBlockSize = 2564, i = 9224

_memory starts = 0x55ab9c3b0060

node: is_free = false, size = 874, ptr_start = 0x55ab9c40f8a0, i = 0

node: is_free = true, size = 1708, ptr_start = 0x55ab9c40fc0a, i = 1

node: is_free = false, size = 2090, ptr_start = 0x55ab9c4102b6, i = 2

node: is_free = true, size = 2478, ptr_start = 0x55ab9c410ae0, i = 3

node: is_free = false, size = 1168, ptr_start = 0x55ab9c41148e, i = 4

node: is_free = true, size = 1682, ptr_start = 0x55ab9c41191e, i = 5

totalSize = 10000, fillRatio = 0.50, minBlockSize = 1, maxBlockSize = 3000, iterations = 10000

newBlockSize = 2715, i = 9314

_memory starts = 0x55ab9c3b0060

node: is_free = false, size = 1881, ptr_start = 0x55ab9c40f8a0, i = 0

node: is_free = true, size = 2238, ptr_start = 0x55ab9c40fff9, i = 1

node: is_free = false, size = 482, ptr_start = 0x55ab9c4108b7, i = 2

node: is_free = false, size = 162, ptr_start = 0x55ab9c410a99, i = 3

node: is_free = true, size = 1339, ptr_start = 0x55ab9c410b3b, i = 4

node: is_free = false, size = 409, ptr_start = 0x55ab9c411076, i = 5

node: is_free = true, size = 465, ptr_start = 0x55ab9c41120f, i = 6

node: is_free = false, size = 1326, ptr_start = 0x55ab9c4113e0, i = 7

node: is_free = true, size = 1698, ptr_start = 0x55ab9c41190e, i = 8

totalSize = 10000, fillRatio = 0.50, minBlockSize = 1, maxBlockSize = 3000, iterations = 10000

newBlockSize = 2514, i = 9324

_memory starts = 0x55ab9c3b0060

node: is_free = true, size = 1881, ptr_start = 0x55ab9c40f8a0, i = 0

node: is_free = false, size = 1307, ptr_start = 0x55ab9c40fff9, i = 1

node: is_free = false, size = 599, ptr_start = 0x55ab9c410514, i = 2

node: is_free = false, size = 202, ptr_start = 0x55ab9c41076b, i = 3

node: is_free = true, size = 2113, ptr_start = 0x55ab9c410835, i = 4

node: is_free = false, size = 409, ptr_start = 0x55ab9c411076, i = 5

node: is_free = true, size = 465, ptr_start = 0x55ab9c41120f, i = 6

node: is_free = false, size = 1326, ptr_start = 0x55ab9c4113e0, i = 7

node: is_free = true, size = 1698, ptr_start = 0x55ab9c41190e, i = 8

totalSize = 10000, fillRatio = 0.50, minBlockSize = 1, maxBlockSize = 3000, iterations = 10000

newBlockSize = 2222, i = 9326

_memory starts = 0x55ab9c3b0060

node: is_free = true, size = 1881, ptr_start = 0x55ab9c40f8a0, i = 0

node: is_free = false, size = 1307, ptr_start = 0x55ab9c40fff9, i = 1

node: is_free = false, size = 599, ptr_start = 0x55ab9c410514, i = 2

node: is_free = false, size = 202, ptr_start = 0x55ab9c41076b, i = 3

node: is_free = true, size = 2113, ptr_start = 0x55ab9c410835, i = 4

node: is_free = false, size = 409, ptr_start = 0x55ab9c411076, i = 5

node: is_free = true, size = 465, ptr_start = 0x55ab9c41120f, i = 6

node: is_free = false, size = 1326, ptr_start = 0x55ab9c4113e0, i = 7

node: is_free = true, size = 1698, ptr_start = 0x55ab9c41190e, i = 8

totalSize = 10000, fillRatio = 0.50, minBlockSize = 1, maxBlockSize = 3000, iterations = 10000

newBlockSize = 2649, i = 9385

_memory starts = 0x55ab9c3b0060

node: is_free = true, size = 2276, ptr_start = 0x55ab9c40f8a0, i = 0

node: is_free = false, size = 1719, ptr_start = 0x55ab9c410184, i = 1

node: is_free = true, size = 1936, ptr_start = 0x55ab9c41083b, i = 2

node: is_free = false, size = 499, ptr_start = 0x55ab9c410fcb, i = 3

node: is_free = true, size = 485, ptr_start = 0x55ab9c4111be, i = 4

node: is_free = false, size = 500, ptr_start = 0x55ab9c4113a3, i = 5

node: is_free = false, size = 2060, ptr_start = 0x55ab9c411597, i = 6

node: is_free = true, size = 525, ptr_start = 0x55ab9c411da3, i = 7

totalSize = 10000, fillRatio = 0.50, minBlockSize = 1, maxBlockSize = 3000, iterations = 10000

newBlockSize = 2790, i = 9387

_memory starts = 0x55ab9c3b0060

node: is_free = true, size = 2276, ptr_start = 0x55ab9c40f8a0, i = 0

node: is_free = false, size = 1719, ptr_start = 0x55ab9c410184, i = 1

node: is_free = true, size = 1936, ptr_start = 0x55ab9c41083b, i = 2

node: is_free = false, size = 499, ptr_start = 0x55ab9c410fcb, i = 3

node: is_free = true, size = 485, ptr_start = 0x55ab9c4111be, i = 4

node: is_free = false, size = 500, ptr_start = 0x55ab9c4113a3, i = 5

node: is_free = true, size = 2585, ptr_start = 0x55ab9c411597, i = 6

totalSize = 10000, fillRatio = 0.50, minBlockSize = 1, maxBlockSize = 3000, iterations = 10000

newBlockSize = 2433, i = 9413

_memory starts = 0x55ab9c3b0060

node: is_free = true, size = 2276, ptr_start = 0x55ab9c40f8a0, i = 0

node: is_free = false, size = 1719, ptr_start = 0x55ab9c410184, i = 1

node: is_free = false, size = 2446, ptr_start = 0x55ab9c41083b, i = 2

node: is_free = true, size = 474, ptr_start = 0x55ab9c4111c9, i = 3

node: is_free = false, size = 500, ptr_start = 0x55ab9c4113a3, i = 4

node: is_free = true, size = 216, ptr_start = 0x55ab9c411597, i = 5

node: is_free = false, size = 109, ptr_start = 0x55ab9c41166f, i = 6

node: is_free = true, size = 2260, ptr_start = 0x55ab9c4116dc, i = 7

totalSize = 10000, fillRatio = 0.50, minBlockSize = 1, maxBlockSize = 3000, iterations = 10000

newBlockSize = 2495, i = 9423

_memory starts = 0x55ab9c3b0060

node: is_free = true, size = 2276, ptr_start = 0x55ab9c40f8a0, i = 0

node: is_free = false, size = 1719, ptr_start = 0x55ab9c410184, i = 1

node: is_free = false, size = 546, ptr_start = 0x55ab9c41083b, i = 2

node: is_free = false, size = 471, ptr_start = 0x55ab9c410a5d, i = 3

node: is_free = true, size = 2403, ptr_start = 0x55ab9c410c34, i = 4

node: is_free = false, size = 120, ptr_start = 0x55ab9c411597, i = 5

node: is_free = false, size = 2125, ptr_start = 0x55ab9c41160f, i = 6

node: is_free = true, size = 340, ptr_start = 0x55ab9c411e5c, i = 7

totalSize = 10000, fillRatio = 0.50, minBlockSize = 1, maxBlockSize = 3000, iterations = 10000

newBlockSize = 2906, i = 9461

_memory starts = 0x55ab9c3b0060

node: is_free = false, size = 1878, ptr_start = 0x55ab9c40f8a0, i = 0

node: is_free = true, size = 2894, ptr_start = 0x55ab9c40fff6, i = 1

node: is_free = false, size = 2935, ptr_start = 0x55ab9c410b44, i = 2

node: is_free = true, size = 2293, ptr_start = 0x55ab9c4116bb, i = 3

totalSize = 10000, fillRatio = 0.50, minBlockSize = 1, maxBlockSize = 3000, iterations = 10000

newBlockSize = 2635, i = 9544

_memory starts = 0x55ab9c3b0060

node: is_free = true, size = 2182, ptr_start = 0x55ab9c40f8a0, i = 0

node: is_free = false, size = 1886, ptr_start = 0x55ab9c410126, i = 1

node: is_free = true, size = 2490, ptr_start = 0x55ab9c410884, i = 2

node: is_free = false, size = 2175, ptr_start = 0x55ab9c41123e, i = 3

node: is_free = true, size = 1267, ptr_start = 0x55ab9c411abd, i = 4

totalSize = 10000, fillRatio = 0.50, minBlockSize = 1, maxBlockSize = 3000, iterations = 10000

newBlockSize = 2518, i = 9546

_memory starts = 0x55ab9c3b0060

node: is_free = true, size = 2182, ptr_start = 0x55ab9c40f8a0, i = 0

node: is_free = false, size = 1886, ptr_start = 0x55ab9c410126, i = 1

node: is_free = true, size = 2490, ptr_start = 0x55ab9c410884, i = 2

node: is_free = false, size = 2175, ptr_start = 0x55ab9c41123e, i = 3

node: is_free = true, size = 1267, ptr_start = 0x55ab9c411abd, i = 4

totalSize = 10000, fillRatio = 0.50, minBlockSize = 1, maxBlockSize = 3000, iterations = 10000

newBlockSize = 2043, i = 9561

_memory starts = 0x55ab9c3b0060

node: is_free = true, size = 1282, ptr_start = 0x55ab9c40f8a0, i = 0

node: is_free = false, size = 355, ptr_start = 0x55ab9c40fda2, i = 1

node: is_free = false, size = 552, ptr_start = 0x55ab9c40ff05, i = 2

node: is_free = true, size = 1879, ptr_start = 0x55ab9c41012d, i = 3

node: is_free = false, size = 1405, ptr_start = 0x55ab9c410884, i = 4

node: is_free = false, size = 2526, ptr_start = 0x55ab9c410e01, i = 5

node: is_free = true, size = 2001, ptr_start = 0x55ab9c4117df, i = 6

totalSize = 10000, fillRatio = 0.50, minBlockSize = 1, maxBlockSize = 3000, iterations = 10000

newBlockSize = 2725, i = 9586

_memory starts = 0x55ab9c3b0060

node: is_free = true, size = 1282, ptr_start = 0x55ab9c40f8a0, i = 0

node: is_free = false, size = 355, ptr_start = 0x55ab9c40fda2, i = 1

node: is_free = false, size = 277, ptr_start = 0x55ab9c40ff05, i = 2

node: is_free = true, size = 1616, ptr_start = 0x55ab9c41001a, i = 3

node: is_free = false, size = 20, ptr_start = 0x55ab9c41066a, i = 4

node: is_free = false, size = 977, ptr_start = 0x55ab9c41067e, i = 5

node: is_free = true, size = 2220, ptr_start = 0x55ab9c410a4f, i = 6

node: is_free = false, size = 573, ptr_start = 0x55ab9c4112fb, i = 7

node: is_free = false, size = 1920, ptr_start = 0x55ab9c411538, i = 8

node: is_free = true, size = 760, ptr_start = 0x55ab9c411cb8, i = 9

totalSize = 10000, fillRatio = 0.50, minBlockSize = 1, maxBlockSize = 3000, iterations = 10000

newBlockSize = 2666, i = 9701

_memory starts = 0x55ab9c3b0060

node: is_free = false, size = 920, ptr_start = 0x55ab9c40f8a0, i = 0

node: is_free = false, size = 173, ptr_start = 0x55ab9c40fc38, i = 1

node: is_free = false, size = 214, ptr_start = 0x55ab9c40fce5, i = 2

node: is_free = true, size = 1850, ptr_start = 0x55ab9c40fdbb, i = 3

node: is_free = false, size = 1538, ptr_start = 0x55ab9c4104f5, i = 4

node: is_free = true, size = 1990, ptr_start = 0x55ab9c410af7, i = 5

node: is_free = false, size = 1941, ptr_start = 0x55ab9c4112bd, i = 6

node: is_free = true, size = 1374, ptr_start = 0x55ab9c411a52, i = 7

totalSize = 10000, fillRatio = 0.50, minBlockSize = 1, maxBlockSize = 3000, iterations = 10000

newBlockSize = 2790, i = 9704

_memory starts = 0x55ab9c3b0060

node: is_free = true, size = 920, ptr_start = 0x55ab9c40f8a0, i = 0

node: is_free = false, size = 173, ptr_start = 0x55ab9c40fc38, i = 1

node: is_free = false, size = 214, ptr_start = 0x55ab9c40fce5, i = 2

node: is_free = true, size = 1850, ptr_start = 0x55ab9c40fdbb, i = 3

node: is_free = false, size = 1538, ptr_start = 0x55ab9c4104f5, i = 4

node: is_free = false, size = 470, ptr_start = 0x55ab9c410af7, i = 5

node: is_free = true, size = 1520, ptr_start = 0x55ab9c410ccd, i = 6

node: is_free = false, size = 1941, ptr_start = 0x55ab9c4112bd, i = 7

node: is_free = true, size = 1374, ptr_start = 0x55ab9c411a52, i = 8

totalSize = 10000, fillRatio = 0.50, minBlockSize = 1, maxBlockSize = 3000, iterations = 10000

newBlockSize = 2915, i = 9708

_memory starts = 0x55ab9c3b0060

node: is_free = true, size = 920, ptr_start = 0x55ab9c40f8a0, i = 0

node: is_free = false, size = 173, ptr_start = 0x55ab9c40fc38, i = 1

node: is_free = false, size = 1300, ptr_start = 0x55ab9c40fce5, i = 2

node: is_free = true, size = 764, ptr_start = 0x55ab9c4101f9, i = 3

node: is_free = false, size = 1538, ptr_start = 0x55ab9c4104f5, i = 4

node: is_free = true, size = 1990, ptr_start = 0x55ab9c410af7, i = 5

node: is_free = false, size = 1941, ptr_start = 0x55ab9c4112bd, i = 6

node: is_free = true, size = 1374, ptr_start = 0x55ab9c411a52, i = 7

totalSize = 10000, fillRatio = 0.50, minBlockSize = 1, maxBlockSize = 3000, iterations = 10000

newBlockSize = 1927, i = 9715

_memory starts = 0x55ab9c3b0060

node: is_free = true, size = 920, ptr_start = 0x55ab9c40f8a0, i = 0

node: is_free = false, size = 173, ptr_start = 0x55ab9c40fc38, i = 1

node: is_free = false, size = 417, ptr_start = 0x55ab9c40fce5, i = 2

node: is_free = true, size = 1505, ptr_start = 0x55ab9c40fe86, i = 3

node: is_free = false, size = 2447, ptr_start = 0x55ab9c410467, i = 4

node: is_free = true, size = 1223, ptr_start = 0x55ab9c410df6, i = 5

node: is_free = false, size = 1941, ptr_start = 0x55ab9c4112bd, i = 6

node: is_free = true, size = 1374, ptr_start = 0x55ab9c411a52, i = 7

totalSize = 10000, fillRatio = 0.50, minBlockSize = 1, maxBlockSize = 3000, iterations = 10000

newBlockSize = 2987, i = 9778

_memory starts = 0x55ab9c3b0060

node: is_free = true, size = 1533, ptr_start = 0x55ab9c40f8a0, i = 0

node: is_free = false, size = 57, ptr_start = 0x55ab9c40fe9d, i = 1

node: is_free = false, size = 1345, ptr_start = 0x55ab9c40fed6, i = 2

node: is_free = true, size = 1563, ptr_start = 0x55ab9c410417, i = 3

node: is_free = false, size = 460, ptr_start = 0x55ab9c410a32, i = 4

node: is_free = true, size = 898, ptr_start = 0x55ab9c410bfe, i = 5

node: is_free = false, size = 891, ptr_start = 0x55ab9c410f80, i = 6

node: is_free = false, size = 1398, ptr_start = 0x55ab9c4112fb, i = 7

node: is_free = false, size = 570, ptr_start = 0x55ab9c411871, i = 8

node: is_free = true, size = 1285, ptr_start = 0x55ab9c411aab, i = 9

totalSize = 10000, fillRatio = 0.50, minBlockSize = 1, maxBlockSize = 3000, iterations = 10000

newBlockSize = 2646, i = 9780

_memory starts = 0x55ab9c3b0060

node: is_free = true, size = 1533, ptr_start = 0x55ab9c40f8a0, i = 0

node: is_free = false, size = 57, ptr_start = 0x55ab9c40fe9d, i = 1

node: is_free = false, size = 1345, ptr_start = 0x55ab9c40fed6, i = 2

node: is_free = true, size = 1563, ptr_start = 0x55ab9c410417, i = 3

node: is_free = false, size = 460, ptr_start = 0x55ab9c410a32, i = 4

node: is_free = true, size = 898, ptr_start = 0x55ab9c410bfe, i = 5

node: is_free = false, size = 891, ptr_start = 0x55ab9c410f80, i = 6

node: is_free = false, size = 1398, ptr_start = 0x55ab9c4112fb, i = 7

node: is_free = true, size = 1855, ptr_start = 0x55ab9c411871, i = 8

totalSize = 10000, fillRatio = 0.50, minBlockSize = 1, maxBlockSize = 3000, iterations = 10000

newBlockSize = 2932, i = 9783

_memory starts = 0x55ab9c3b0060

node: is_free = true, size = 1533, ptr_start = 0x55ab9c40f8a0, i = 0

node: is_free = false, size = 57, ptr_start = 0x55ab9c40fe9d, i = 1

node: is_free = false, size = 2072, ptr_start = 0x55ab9c40fed6, i = 2

node: is_free = true, size = 836, ptr_start = 0x55ab9c4106ee, i = 3

node: is_free = false, size = 460, ptr_start = 0x55ab9c410a32, i = 4

node: is_free = true, size = 898, ptr_start = 0x55ab9c410bfe, i = 5

node: is_free = false, size = 891, ptr_start = 0x55ab9c410f80, i = 6

node: is_free = false, size = 1398, ptr_start = 0x55ab9c4112fb, i = 7

node: is_free = true, size = 1855, ptr_start = 0x55ab9c411871, i = 8

totalSize = 10000, fillRatio = 0.50, minBlockSize = 1, maxBlockSize = 3000, iterations = 10000

newBlockSize = 2762, i = 9855

_memory starts = 0x55ab9c3b0060

node: is_free = false, size = 178, ptr_start = 0x55ab9c40f8a0, i = 0

node: is_free = false, size = 1014, ptr_start = 0x55ab9c40f952, i = 1

node: is_free = true, size = 1593, ptr_start = 0x55ab9c40fd48, i = 2

node: is_free = false, size = 550, ptr_start = 0x55ab9c410381, i = 3

node: is_free = false, size = 810, ptr_start = 0x55ab9c4105a7, i = 4

node: is_free = false, size = 1642, ptr_start = 0x55ab9c4108d1, i = 5

node: is_free = true, size = 1482, ptr_start = 0x55ab9c410f3b, i = 6

node: is_free = false, size = 763, ptr_start = 0x55ab9c411505, i = 7

node: is_free = true, size = 1968, ptr_start = 0x55ab9c411800, i = 8

totalSize = 10000, fillRatio = 0.50, minBlockSize = 1, maxBlockSize = 3000, iterations = 10000

newBlockSize = 2451, i = 9857

_memory starts = 0x55ab9c3b0060

node: is_free = true, size = 178, ptr_start = 0x55ab9c40f8a0, i = 0

node: is_free = false, size = 1014, ptr_start = 0x55ab9c40f952, i = 1

node: is_free = true, size = 1593, ptr_start = 0x55ab9c40fd48, i = 2

node: is_free = false, size = 550, ptr_start = 0x55ab9c410381, i = 3

node: is_free = false, size = 810, ptr_start = 0x55ab9c4105a7, i = 4

node: is_free = false, size = 1642, ptr_start = 0x55ab9c4108d1, i = 5

node: is_free = true, size = 1482, ptr_start = 0x55ab9c410f3b, i = 6

node: is_free = false, size = 763, ptr_start = 0x55ab9c411505, i = 7

node: is_free = true, size = 1968, ptr_start = 0x55ab9c411800, i = 8

totalSize = 10000, fillRatio = 0.50, minBlockSize = 1, maxBlockSize = 3000, iterations = 10000

newBlockSize = 2882, i = 9878

_memory starts = 0x55ab9c3b0060

node: is_free = false, size = 2066, ptr_start = 0x55ab9c40f8a0, i = 0

node: is_free = true, size = 2512, ptr_start = 0x55ab9c4100b2, i = 1

node: is_free = false, size = 890, ptr_start = 0x55ab9c410a82, i = 2

node: is_free = true, size = 1831, ptr_start = 0x55ab9c410dfc, i = 3

node: is_free = false, size = 1868, ptr_start = 0x55ab9c411523, i = 4

node: is_free = true, size = 833, ptr_start = 0x55ab9c411c6f, i = 5

totalSize = 10000, fillRatio = 0.50, minBlockSize = 1, maxBlockSize = 3000, iterations = 10000

newBlockSize = 2960, i = 9958

_memory starts = 0x55ab9c3b0060

node: is_free = true, size = 2464, ptr_start = 0x55ab9c40f8a0, i = 0

node: is_free = false, size = 86, ptr_start = 0x55ab9c410240, i = 1

node: is_free = true, size = 1364, ptr_start = 0x55ab9c410296, i = 2

node: is_free = false, size = 2580, ptr_start = 0x55ab9c4107ea, i = 3

node: is_free = true, size = 330, ptr_start = 0x55ab9c4111fe, i = 4

node: is_free = false, size = 293, ptr_start = 0x55ab9c411348, i = 5

node: is_free = false, size = 31, ptr_start = 0x55ab9c41146d, i = 6

node: is_free = true, size = 2852, ptr_start = 0x55ab9c41148c, i = 7

totalSize = 10000, fillRatio = 0.50, minBlockSize = 1, maxBlockSize = 3000, iterations = 10000

newBlockSize = 2936, i = 9973

_memory starts = 0x55ab9c3b0060

node: is_free = false, size = 367, ptr_start = 0x55ab9c40f8a0, i = 0

node: is_free = false, size = 1008, ptr_start = 0x55ab9c40fa0f, i = 1

node: is_free = true, size = 1089, ptr_start = 0x55ab9c40fdff, i = 2

node: is_free = false, size = 86, ptr_start = 0x55ab9c410240, i = 3

node: is_free = true, size = 1822, ptr_start = 0x55ab9c410296, i = 4

node: is_free = false, size = 466, ptr_start = 0x55ab9c4109b4, i = 5

node: is_free = true, size = 1986, ptr_start = 0x55ab9c410b86, i = 6

node: is_free = false, size = 293, ptr_start = 0x55ab9c411348, i = 7

node: is_free = true, size = 31, ptr_start = 0x55ab9c41146d, i = 8

node: is_free = false, size = 2278, ptr_start = 0x55ab9c41148c, i = 9

node: is_free = true, size = 574, ptr_start = 0x55ab9c411d72, i = 10

totalSize = 10000, fillRatio = 0.50, minBlockSize = 1, maxBlockSize = 3000, iterations = 10000

newBlockSize = 2886, i = 9977

_memory starts = 0x55ab9c3b0060

node: is_free = true, size = 367, ptr_start = 0x55ab9c40f8a0, i = 0

node: is_free = false, size = 1008, ptr_start = 0x55ab9c40fa0f, i = 1

node: is_free = true, size = 1089, ptr_start = 0x55ab9c40fdff, i = 2

node: is_free = false, size = 86, ptr_start = 0x55ab9c410240, i = 3

node: is_free = true, size = 1822, ptr_start = 0x55ab9c410296, i = 4

node: is_free = false, size = 466, ptr_start = 0x55ab9c4109b4, i = 5

node: is_free = true, size = 1986, ptr_start = 0x55ab9c410b86, i = 6

node: is_free = false, size = 293, ptr_start = 0x55ab9c411348, i = 7

node: is_free = true, size = 31, ptr_start = 0x55ab9c41146d, i = 8

node: is_free = false, size = 2278, ptr_start = 0x55ab9c41148c, i = 9

node: is_free = true, size = 574, ptr_start = 0x55ab9c411d72, i = 10

totalSize = 10000, fillRatio = 0.50, minBlockSize = 1, maxBlockSize = 3000, iterations = 10000

newBlockSize = 2781, i = 9993

_memory starts = 0x55ab9c3b0060

node: is_free = false, size = 1225, ptr_start = 0x55ab9c40f8a0, i = 0

node: is_free = true, size = 1239, ptr_start = 0x55ab9c40fd69, i = 1

node: is_free = false, size = 86, ptr_start = 0x55ab9c410240, i = 2

node: is_free = false, size = 2125, ptr_start = 0x55ab9c410296, i = 3

node: is_free = true, size = 2149, ptr_start = 0x55ab9c410ae3, i = 4

node: is_free = false, size = 293, ptr_start = 0x55ab9c411348, i = 5

node: is_free = false, size = 223, ptr_start = 0x55ab9c41146d, i = 6

node: is_free = false, size = 524, ptr_start = 0x55ab9c41154c, i = 7

node: is_free = true, size = 2136, ptr_start = 0x55ab9c411758, i = 8

totalSize = 10000, fillRatio = 0.50, minBlockSize = 1, maxBlockSize = 3000, iterations = 10000

newBlockSize = 2208, i = 9999

_memory starts = 0x55ab9c3b0060

node: is_free = false, size = 869, ptr_start = 0x55ab9c40f8a0, i = 0

node: is_free = true, size = 1595, ptr_start = 0x55ab9c40fc05, i = 1

node: is_free = false, size = 86, ptr_start = 0x55ab9c410240, i = 2

node: is_free = true, size = 2125, ptr_start = 0x55ab9c410296, i = 3

node: is_free = false, size = 147, ptr_start = 0x55ab9c410ae3, i = 4

node: is_free = true, size = 2002, ptr_start = 0x55ab9c410b76, i = 5

node: is_free = false, size = 293, ptr_start = 0x55ab9c411348, i = 6

node: is_free = false, size = 223, ptr_start = 0x55ab9c41146d, i = 7

node: is_free = false, size = 524, ptr_start = 0x55ab9c41154c, i = 8

node: is_free = false, size = 1842, ptr_start = 0x55ab9c411758, i = 9

node: is_free = true, size = 294, ptr_start = 0x55ab9c411e8a, i = 10
	=== worst ===
	Test took 4.66ms.
	Average hole size: 2290.791200
	Average largest free block: 3192.137500
	Average allocated bytes: 4830.262300
	Average number of small blocks: 0.194100
	Failed allocations: 361
Running randomized tests: pool size == 10000, fill ratio == 0.500000, block size is from 1 to 4000, 10000 iterations

totalSize = 10000, fillRatio = 0.50, minBlockSize = 1, maxBlockSize = 4000, iterations = 10000

newBlockSize = 2527, i = 56

_memory starts = 0x55ab9c3b0060

node: is_free = false, size = 507, ptr_start = 0x55ab9c40f8a0, i = 0

node: is_free = true, size = 1206, ptr_start = 0x55ab9c40fa9b, i = 1

node: is_free = false, size = 1213, ptr_start = 0x55ab9c40ff51, i = 2

node: is_free = true, size = 154, ptr_start = 0x55ab9c41040e, i = 3

node: is_free = false, size = 583, ptr_start = 0x55ab9c4104a8, i = 4

node: is_free = true, size = 2134, ptr_start = 0x55ab9c4106ef, i = 5

node: is_free = false, size = 2029, ptr_start = 0x55ab9c410f45, i = 6

node: is_free = true, size = 2174, ptr_start = 0x55ab9c411732, i = 7

totalSize = 10000, fillRatio = 0.50, minBlockSize = 1, maxBlockSize = 4000, iterations = 10000

newBlockSize = 3334, i = 61

_memory starts = 0x55ab9c3b0060

node: is_free = true, size = 507, ptr_start = 0x55ab9c40f8a0, i = 0

node: is_free = false, size = 2501, ptr_start = 0x55ab9c40fa9b, i = 1

node: is_free = true, size = 2789, ptr_start = 0x55ab9c410460, i = 2

node: is_free = false, size = 2029, ptr_start = 0x55ab9c410f45, i = 3

node: is_free = true, size = 2174, ptr_start = 0x55ab9c411732, i = 4

totalSize = 10000, fillRatio = 0.50, minBlockSize = 1, maxBlockSize = 4000, iterations = 10000

newBlockSize = 3493, i = 84

_memory starts = 0x55ab9c3b0060

node: is_free = false, size = 1385, ptr_start = 0x55ab9c40f8a0, i = 0

node: is_free = true, size = 1997, ptr_start = 0x55ab9c40fe09, i = 1

node: is_free = false, size = 3103, ptr_start = 0x55ab9c4105d6, i = 2

node: is_free = false, size = 150, ptr_start = 0x55ab9c4111f5, i = 3

node: is_free = true, size = 3365, ptr_start = 0x55ab9c41128b, i = 4

totalSize = 10000, fillRatio = 0.50, minBlockSize = 1, maxBlockSize = 4000, iterations = 10000

newBlockSize = 3924, i = 86

_memory starts = 0x55ab9c3b0060

node: is_free = false, size = 1385, ptr_start = 0x55ab9c40f8a0, i = 0

node: is_free = true, size = 1997, ptr_start = 0x55ab9c40fe09, i = 1

node: is_free = false, size = 3103, ptr_start = 0x55ab9c4105d6, i = 2

node: is_free = true, size = 3515, ptr_start = 0x55ab9c4111f5, i = 3

totalSize = 10000, fillRatio = 0.50, minBlockSize = 1, maxBlockSize = 4000, iterations = 10000

newBlockSize = 3873, i = 100

_memory starts = 0x55ab9c3b0060

node: is_free = true, size = 1553, ptr_start = 0x55ab9c40f8a0, i = 0

node: is_free = false, size = 2424, ptr_start = 0x55ab9c40feb1, i = 1

node: is_free = true, size = 1998, ptr_start = 0x55ab9c410829, i = 2

node: is_free = false, size = 1610, ptr_start = 0x55ab9c410ff7, i = 3

node: is_free = false, size = 958, ptr_start = 0x55ab9c411641, i = 4

node: is_free = true, size = 1457, ptr_start = 0x55ab9c4119ff, i = 5

totalSize = 10000, fillRatio = 0.50, minBlockSize = 1, maxBlockSize = 4000, iterations = 10000

newBlockSize = 3974, i = 119

_memory starts = 0x55ab9c3b0060

node: is_free = false, size = 933, ptr_start = 0x55ab9c40f8a0, i = 0

node: is_free = false, size = 828, ptr_start = 0x55ab9c40fc45, i = 1

node: is_free = true, size = 1987, ptr_start = 0x55ab9c40ff81, i = 2

node: is_free = false, size = 170, ptr_start = 0x55ab9c410744, i = 3

node: is_free = true, size = 2228, ptr_start = 0x55ab9c4107ee, i = 4

node: is_free = false, size = 1435, ptr_start = 0x55ab9c4110a2, i = 5

node: is_free = false, size = 857, ptr_start = 0x55ab9c41163d, i = 6

node: is_free = true, size = 1562, ptr_start = 0x55ab9c411996, i = 7

totalSize = 10000, fillRatio = 0.50, minBlockSize = 1, maxBlockSize = 4000, iterations = 10000

newBlockSize = 3798, i = 134

_memory starts = 0x55ab9c3b0060

node: is_free = true, size = 3438, ptr_start = 0x55ab9c40f8a0, i = 0

node: is_free = false, size = 672, ptr_start = 0x55ab9c41060e, i = 1

node: is_free = false, size = 3097, ptr_start = 0x55ab9c4108ae, i = 2

node: is_free = true, size = 374, ptr_start = 0x55ab9c4114c7, i = 3

node: is_free = false, size = 857, ptr_start = 0x55ab9c41163d, i = 4

node: is_free = true, size = 1562, ptr_start = 0x55ab9c411996, i = 5

totalSize = 10000, fillRatio = 0.50, minBlockSize = 1, maxBlockSize = 4000, iterations = 10000

newBlockSize = 3631, i = 144

_memory starts = 0x55ab9c3b0060

node: is_free = true, size = 3438, ptr_start = 0x55ab9c40f8a0, i = 0

node: is_free = false, size = 672, ptr_start = 0x55ab9c41060e, i = 1

node: is_free = false, size = 3087, ptr_start = 0x55ab9c4108ae, i = 2

node: is_free = true, size = 2803, ptr_start = 0x55ab9c4114bd, i = 3

totalSize = 10000, fillRatio = 0.50, minBlockSize = 1, maxBlockSize = 4000, iterations = 10000

newBlockSize = 2792, i = 153

_memory starts = 0x55ab9c3b0060

node: is_free = true, size = 1990, ptr_start = 0x55ab9c40f8a0, i = 0

node: is_free = false, size = 1228, ptr_start = 0x55ab9c410066, i = 1

node: is_free = true, size = 1188, ptr_start = 0x55ab9c410532, i = 2

node: is_free = false, size = 3409, ptr_start = 0x55ab9c4109d6, i = 3

node: is_free = true, size = 2185, ptr_start = 0x55ab9c411727, i = 4

totalSize = 10000, fillRatio = 0.50, minBlockSize = 1, maxBlockSize = 4000, iterations = 10000

newBlockSize = 2630, i = 172

_memory starts = 0x55ab9c3b0060

node: is_free = true, size = 953, ptr_start = 0x55ab9c40f8a0, i = 0

node: is_free = false, size = 566, ptr_start = 0x55ab9c40fc59, i = 1

node: is_free = false, size = 35, ptr_start = 0x55ab9c40fe8f, i = 2

node: is_free = true, size = 860, ptr_start = 0x55ab9c40feb2, i = 3

node: is_free = false, size = 3164, ptr_start = 0x55ab9c41020e, i = 4

node: is_free = true, size = 2237, ptr_start = 0x55ab9c410e6a, i = 5

node: is_free = false, size = 1033, ptr_start = 0x55ab9c411727, i = 6

node: is_free = true, size = 1152, ptr_start = 0x55ab9c411b30, i = 7

totalSize = 10000, fillRatio = 0.50, minBlockSize = 1, maxBlockSize = 4000, iterations = 10000

newBlockSize = 3273, i = 217

_memory starts = 0x55ab9c3b0060

node: is_free = false, size = 1392, ptr_start = 0x55ab9c40f8a0, i = 0

node: is_free = false, size = 2334, ptr_start = 0x55ab9c40fe10, i = 1

node: is_free = true, size = 3040, ptr_start = 0x55ab9c41072e, i = 2

node: is_free = false, size = 843, ptr_start = 0x55ab9c41130e, i = 3

node: is_free = true, size = 2391, ptr_start = 0x55ab9c411659, i = 4

totalSize = 10000, fillRatio = 0.50, minBlockSize = 1, maxBlockSize = 4000, iterations = 10000

newBlockSize = 2077, i = 225

_memory starts = 0x55ab9c3b0060

node: is_free = false, size = 1392, ptr_start = 0x55ab9c40f8a0, i = 0

node: is_free = true, size = 2050, ptr_start = 0x55ab9c40fe10, i = 1

node: is_free = false, size = 1828, ptr_start = 0x55ab9c410612, i = 2

node: is_free = true, size = 1496, ptr_start = 0x55ab9c410d36, i = 3

node: is_free = false, size = 843, ptr_start = 0x55ab9c41130e, i = 4

node: is_free = false, size = 677, ptr_start = 0x55ab9c411659, i = 5

node: is_free = true, size = 1714, ptr_start = 0x55ab9c4118fe, i = 6

totalSize = 10000, fillRatio = 0.50, minBlockSize = 1, maxBlockSize = 4000, iterations = 10000

newBlockSize = 3816, i = 228

_memory starts = 0x55ab9c3b0060

node: is_free = false, size = 1392, ptr_start = 0x55ab9c40f8a0, i = 0

node: is_free = false, size = 1575, ptr_start = 0x55ab9c40fe10, i = 1

node: is_free = true, size = 3799, ptr_start = 0x55ab9c410437, i = 2

node: is_free = false, size = 843, ptr_start = 0x55ab9c41130e, i = 3

node: is_free = false, size = 677, ptr_start = 0x55ab9c411659, i = 4

node: is_free = true, size = 1714, ptr_start = 0x55ab9c4118fe, i = 5

totalSize = 10000, fillRatio = 0.50, minBlockSize = 1, maxBlockSize = 4000, iterations = 10000

newBlockSize = 3704, i = 233

_memory starts = 0x55ab9c3b0060

node: is_free = true, size = 1392, ptr_start = 0x55ab9c40f8a0, i = 0

node: is_free = false, size = 1575, ptr_start = 0x55ab9c40fe10, i = 1

node: is_free = false, size = 209, ptr_start = 0x55ab9c410437, i = 2

node: is_free = false, size = 1989, ptr_start = 0x55ab9c410508, i = 3

node: is_free = true, size = 1601, ptr_start = 0x55ab9c410ccd, i = 4

node: is_free = false, size = 843, ptr_start = 0x55ab9c41130e, i = 5

node: is_free = true, size = 2391, ptr_start = 0x55ab9c411659, i = 6

totalSize = 10000, fillRatio = 0.50, minBlockSize = 1, maxBlockSize = 4000, iterations = 10000

newBlockSize = 3071, i = 267

_memory starts = 0x55ab9c3b0060

node: is_free = false, size = 1527, ptr_start = 0x55ab9c40f8a0, i = 0

node: is_free = true, size = 2557, ptr_start = 0x55ab9c40fe97, i = 1

node: is_free = false, size = 44, ptr_start = 0x55ab9c410894, i = 2

node: is_free = false, size = 418, ptr_start = 0x55ab9c4108c0, i = 3

node: is_free = true, size = 2857, ptr_start = 0x55ab9c410a62, i = 4

node: is_free = false, size = 2032, ptr_start = 0x55ab9c41158b, i = 5

node: is_free = true, size = 565, ptr_start = 0x55ab9c411d7b, i = 6

totalSize = 10000, fillRatio = 0.50, minBlockSize = 1, maxBlockSize = 4000, iterations = 10000

newBlockSize = 3973, i = 323

_memory starts = 0x55ab9c3b0060

node: is_free = false, size = 1763, ptr_start = 0x55ab9c40f8a0, i = 0

node: is_free = false, size = 1426, ptr_start = 0x55ab9c40ff83, i = 1

node: is_free = true, size = 2206, ptr_start = 0x55ab9c410515, i = 2

node: is_free = false, size = 177, ptr_start = 0x55ab9c410db3, i = 3

node: is_free = false, size = 659, ptr_start = 0x55ab9c410e64, i = 4

node: is_free = false, size = 111, ptr_start = 0x55ab9c4110f7, i = 5

node: is_free = true, size = 3658, ptr_start = 0x55ab9c411166, i = 6

totalSize = 10000, fillRatio = 0.50, minBlockSize = 1, maxBlockSize = 4000, iterations = 10000

newBlockSize = 3723, i = 325

_memory starts = 0x55ab9c3b0060

node: is_free = true, size = 1763, ptr_start = 0x55ab9c40f8a0, i = 0

node: is_free = false, size = 1426, ptr_start = 0x55ab9c40ff83, i = 1

node: is_free = true, size = 2206, ptr_start = 0x55ab9c410515, i = 2

node: is_free = false, size = 177, ptr_start = 0x55ab9c410db3, i = 3

node: is_free = false, size = 659, ptr_start = 0x55ab9c410e64, i = 4

node: is_free = false, size = 111, ptr_start = 0x55ab9c4110f7, i = 5

node: is_free = true, size = 3658, ptr_start = 0x55ab9c411166, i = 6

totalSize = 10000, fillRatio = 0.50, minBlockSize = 1, maxBlockSize = 4000, iterations = 10000

newBlockSize = 3752, i = 328

_memory starts = 0x55ab9c3b0060

node: is_free = true, size = 1763, ptr_start = 0x55ab9c40f8a0, i = 0

node: is_free = false, size = 1426, ptr_start = 0x55ab9c40ff83, i = 1

node: is_free = true, size = 2206, ptr_start = 0x55ab9c410515, i = 2

node: is_free = false, size = 177, ptr_start = 0x55ab9c410db3, i = 3

node: is_free = false, size = 659, ptr_start = 0x55ab9c410e64, i = 4

node: is_free = false, size = 111, ptr_start = 0x55ab9c4110f7, i = 5

node: is_free = false, size = 1659, ptr_start = 0x55ab9c411166, i = 6

node: is_free = true, size = 1999, ptr_start = 0x55ab9c4117e1, i = 7

totalSize = 10000, fillRatio = 0.50, minBlockSize = 1, maxBlockSize = 4000, iterations = 10000

newBlockSize = 3709, i = 330

_memory starts = 0x55ab9c3b0060

node: is_free = true, size = 1763, ptr_start = 0x55ab9c40f8a0, i = 0

node: is_free = false, size = 1426, ptr_start = 0x55ab9c40ff83, i = 1

node: is_free = true, size = 2206, ptr_start = 0x55ab9c410515, i = 2

node: is_free = false, size = 177, ptr_start = 0x55ab9c410db3, i = 3

node: is_free = false, size = 659, ptr_start = 0x55ab9c410e64, i = 4

node: is_free = false, size = 111, ptr_start = 0x55ab9c4110f7, i = 5

node: is_free = false, size = 1659, ptr_start = 0x55ab9c411166, i = 6

node: is_free = true, size = 1999, ptr_start = 0x55ab9c4117e1, i = 7

totalSize = 10000, fillRatio = 0.50, minBlockSize = 1, maxBlockSize = 4000, iterations = 10000

newBlockSize = 2562, i = 333

_memory starts = 0x55ab9c3b0060

node: is_free = true, size = 1763, ptr_start = 0x55ab9c40f8a0, i = 0

node: is_free = false, size = 1426, ptr_start = 0x55ab9c40ff83, i = 1

node: is_free = false, size = 962, ptr_start = 0x55ab9c410515, i = 2

node: is_free = true, size = 1421, ptr_start = 0x55ab9c4108d7, i = 3

node: is_free = false, size = 659, ptr_start = 0x55ab9c410e64, i = 4

node: is_free = false, size = 111, ptr_start = 0x55ab9c4110f7, i = 5

node: is_free = false, size = 1659, ptr_start = 0x55ab9c411166, i = 6

node: is_free = true, size = 1999, ptr_start = 0x55ab9c4117e1, i = 7

totalSize = 10000, fillRatio = 0.50, minBlockSize = 1, maxBlockSize = 4000, iterations = 10000

newBlockSize = 2871, i = 337

_memory starts = 0x55ab9c3b0060

node: is_free = true, size = 1763, ptr_start = 0x55ab9c40f8a0, i = 0

node: is_free = false, size = 1426, ptr_start = 0x55ab9c40ff83, i = 1

node: is_free = true, size = 962, ptr_start = 0x55ab9c410515, i = 2

node: is_free = false, size = 967, ptr_start = 0x55ab9c4108d7, i = 3

node: is_free = true, size = 1113, ptr_start = 0x55ab9c410c9e, i = 4

node: is_free = false, size = 111, ptr_start = 0x55ab9c4110f7, i = 5

node: is_free = false, size = 1659, ptr_start = 0x55ab9c411166, i = 6

node: is_free = true, size = 1999, ptr_start = 0x55ab9c4117e1, i = 7

totalSize = 10000, fillRatio = 0.50, minBlockSize = 1, maxBlockSize = 4000, iterations = 10000

newBlockSize = 3789, i = 339

_memory starts = 0x55ab9c3b0060

node: is_free = true, size = 1763, ptr_start = 0x55ab9c40f8a0, i = 0

node: is_free = false, size = 1426, ptr_start = 0x55ab9c40ff83, i = 1

node: is_free = true, size = 962, ptr_start = 0x55ab9c410515, i = 2

node: is_free = false, size = 967, ptr_start = 0x55ab9c4108d7, i = 3

node: is_free = true, size = 1224, ptr_start = 0x55ab9c410c9e, i = 4

node: is_free = false, size = 1659, ptr_start = 0x55ab9c411166, i = 5

node: is_free = true, size = 1999, ptr_start = 0x55ab9c4117e1, i = 6

totalSize = 10000, fillRatio = 0.50, minBlockSize = 1, maxBlockSize = 4000, iterations = 10000

newBlockSize = 3246, i = 341

_memory starts = 0x55ab9c3b0060

node: is_free = true, size = 1763, ptr_start = 0x55ab9c40f8a0, i = 0

node: is_free = false, size = 1426, ptr_start = 0x55ab9c40ff83, i = 1

node: is_free = true, size = 962, ptr_start = 0x55ab9c410515, i = 2

node: is_free = false, size = 967, ptr_start = 0x55ab9c4108d7, i = 3

node: is_free = true, size = 1224, ptr_start = 0x55ab9c410c9e, i = 4

node: is_free = false, size = 1659, ptr_start = 0x55ab9c411166, i = 5

node: is_free = true, size = 1999, ptr_start = 0x55ab9c4117e1, i = 6

totalSize = 10000, fillRatio = 0.50, minBlockSize = 1, maxBlockSize = 4000, iterations = 10000

newBlockSize = 2671, i = 352

_memory starts = 0x55ab9c3b0060

node: is_free = false, size = 1521, ptr_start = 0x55ab9c40f8a0, i = 0

node: is_free = true, size = 2630, ptr_start = 0x55ab9c40fe91, i = 1

node: is_free = false, size = 967, ptr_start = 0x55ab9c4108d7, i = 2

node: is_free = false, size = 1565, ptr_start = 0x55ab9c410c9e, i = 3

node: is_free = true, size = 1318, ptr_start = 0x55ab9c4112bb, i = 4

node: is_free = false, size = 361, ptr_start = 0x55ab9c4117e1, i = 5

node: is_free = true, size = 1638, ptr_start = 0x55ab9c41194a, i = 6

totalSize = 10000, fillRatio = 0.50, minBlockSize = 1, maxBlockSize = 4000, iterations = 10000

newBlockSize = 3067, i = 355

_memory starts = 0x55ab9c3b0060

node: is_free = false, size = 1521, ptr_start = 0x55ab9c40f8a0, i = 0

node: is_free = false, size = 1456, ptr_start = 0x55ab9c40fe91, i = 1

node: is_free = true, size = 2141, ptr_start = 0x55ab9c410441, i = 2

node: is_free = false, size = 1565, ptr_start = 0x55ab9c410c9e, i = 3

node: is_free = true, size = 1318, ptr_start = 0x55ab9c4112bb, i = 4

node: is_free = false, size = 361, ptr_start = 0x55ab9c4117e1, i = 5

node: is_free = true, size = 1638, ptr_start = 0x55ab9c41194a, i = 6

totalSize = 10000, fillRatio = 0.50, minBlockSize = 1, maxBlockSize = 4000, iterations = 10000

newBlockSize = 3382, i = 357

_memory starts = 0x55ab9c3b0060

node: is_free = true, size = 1521, ptr_start = 0x55ab9c40f8a0, i = 0

node: is_free = false, size = 1456, ptr_start = 0x55ab9c40fe91, i = 1

node: is_free = true, size = 2141, ptr_start = 0x55ab9c410441, i = 2

node: is_free = false, size = 1565, ptr_start = 0x55ab9c410c9e, i = 3

node: is_free = true, size = 1318, ptr_start = 0x55ab9c4112bb, i = 4

node: is_free = false, size = 361, ptr_start = 0x55ab9c4117e1, i = 5

node: is_free = true, size = 1638, ptr_start = 0x55ab9c41194a, i = 6

totalSize = 10000, fillRatio = 0.50, minBlockSize = 1, maxBlockSize = 4000, iterations = 10000

newBlockSize = 3996, i = 363

_memory starts = 0x55ab9c3b0060

node: is_free = false, size = 1852, ptr_start = 0x55ab9c40f8a0, i = 0

node: is_free = false, size = 208, ptr_start = 0x55ab9c40ffdc, i = 1

node: is_free = true, size = 3058, ptr_start = 0x55ab9c4100ac, i = 2

node: is_free = false, size = 1565, ptr_start = 0x55ab9c410c9e, i = 3

node: is_free = true, size = 1318, ptr_start = 0x55ab9c4112bb, i = 4

node: is_free = false, size = 361, ptr_start = 0x55ab9c4117e1, i = 5

node: is_free = true, size = 1638, ptr_start = 0x55ab9c41194a, i = 6

totalSize = 10000, fillRatio = 0.50, minBlockSize = 1, maxBlockSize = 4000, iterations = 10000

newBlockSize = 3668, i = 367

_memory starts = 0x55ab9c3b0060

node: is_free = true, size = 1852, ptr_start = 0x55ab9c40f8a0, i = 0

node: is_free = false, size = 208, ptr_start = 0x55ab9c40ffdc, i = 1

node: is_free = false, size = 353, ptr_start = 0x55ab9c4100ac, i = 2

node: is_free = false, size = 962, ptr_start = 0x55ab9c41020d, i = 3

node: is_free = true, size = 1743, ptr_start = 0x55ab9c4105cf, i = 4

node: is_free = false, size = 1565, ptr_start = 0x55ab9c410c9e, i = 5

node: is_free = true, size = 1318, ptr_start = 0x55ab9c4112bb, i = 6

node: is_free = false, size = 361, ptr_start = 0x55ab9c4117e1, i = 7

node: is_free = true, size = 1638, ptr_start = 0x55ab9c41194a, i = 8

totalSize = 10000, fillRatio = 0.50, minBlockSize = 1, maxBlockSize = 4000, iterations = 10000

newBlockSize = 3456, i = 370

_memory starts = 0x55ab9c3b0060

node: is_free = true, size = 1852, ptr_start = 0x55ab9c40f8a0, i = 0

node: is_free = false, size = 208, ptr_start = 0x55ab9c40ffdc, i = 1

node: is_free = false, size = 353, ptr_start = 0x55ab9c4100ac, i = 2

node: is_free = false, size = 962, ptr_start = 0x55ab9c41020d, i = 3

node: is_free = false, size = 2797, ptr_start = 0x55ab9c4105cf, i = 4

node: is_free = true, size = 1829, ptr_start = 0x55ab9c4110bc, i = 5

node: is_free = false, size = 361, ptr_start = 0x55ab9c4117e1, i = 6

node: is_free = true, size = 1638, ptr_start = 0x55ab9c41194a, i = 7

totalSize = 10000, fillRatio = 0.50, minBlockSize = 1, maxBlockSize = 4000, iterations = 10000

newBlockSize = 3219, i = 381

_memory starts = 0x55ab9c3b0060

node: is_free = false, size = 85, ptr_start = 0x55ab9c40f8a0, i = 0

node: is_free = true, size = 1767, ptr_start = 0x55ab9c40f8f5, i = 1

node: is_free = false, size = 208, ptr_start = 0x55ab9c40ffdc, i = 2

node: is_free = false, size = 353, ptr_start = 0x55ab9c4100ac, i = 3

node: is_free = false, size = 962, ptr_start = 0x55ab9c41020d, i = 4

node: is_free = true, size = 2042, ptr_start = 0x55ab9c4105cf, i = 5

node: is_free = false, size = 1021, ptr_start = 0x55ab9c410dc9, i = 6

node: is_free = false, size = 1303, ptr_start = 0x55ab9c4111c6, i = 7

node: is_free = false, size = 804, ptr_start = 0x55ab9c4116dd, i = 8

node: is_free = true, size = 1455, ptr_start = 0x55ab9c411a01, i = 9

totalSize = 10000, fillRatio = 0.50, minBlockSize = 1, maxBlockSize = 4000, iterations = 10000

newBlockSize = 3475, i = 383

_memory starts = 0x55ab9c3b0060

node: is_free = false, size = 85, ptr_start = 0x55ab9c40f8a0, i = 0

node: is_free = true, size = 1767, ptr_start = 0x55ab9c40f8f5, i = 1

node: is_free = false, size = 208, ptr_start = 0x55ab9c40ffdc, i = 2

node: is_free = false, size = 353, ptr_start = 0x55ab9c4100ac, i = 3

node: is_free = false, size = 962, ptr_start = 0x55ab9c41020d, i = 4

node: is_free = true, size = 2042, ptr_start = 0x55ab9c4105cf, i = 5

node: is_free = false, size = 1021, ptr_start = 0x55ab9c410dc9, i = 6

node: is_free = false, size = 1303, ptr_start = 0x55ab9c4111c6, i = 7

node: is_free = false, size = 804, ptr_start = 0x55ab9c4116dd, i = 8

node: is_free = true, size = 1455, ptr_start = 0x55ab9c411a01, i = 9

totalSize = 10000, fillRatio = 0.50, minBlockSize = 1, maxBlockSize = 4000, iterations = 10000

newBlockSize = 3698, i = 387

_memory starts = 0x55ab9c3b0060

node: is_free = false, size = 85, ptr_start = 0x55ab9c40f8a0, i = 0

node: is_free = true, size = 1975, ptr_start = 0x55ab9c40f8f5, i = 1

node: is_free = false, size = 353, ptr_start = 0x55ab9c4100ac, i = 2

node: is_free = true, size = 962, ptr_start = 0x55ab9c41020d, i = 3

node: is_free = false, size = 801, ptr_start = 0x55ab9c4105cf, i = 4

node: is_free = true, size = 1241, ptr_start = 0x55ab9c4108f0, i = 5

node: is_free = false, size = 1021, ptr_start = 0x55ab9c410dc9, i = 6

node: is_free = false, size = 1303, ptr_start = 0x55ab9c4111c6, i = 7

node: is_free = false, size = 804, ptr_start = 0x55ab9c4116dd, i = 8

node: is_free = true, size = 1455, ptr_start = 0x55ab9c411a01, i = 9

totalSize = 10000, fillRatio = 0.50, minBlockSize = 1, maxBlockSize = 4000, iterations = 10000

newBlockSize = 3567, i = 391

_memory starts = 0x55ab9c3b0060

node: is_free = false, size = 85, ptr_start = 0x55ab9c40f8a0, i = 0

node: is_free = false, size = 321, ptr_start = 0x55ab9c40f8f5, i = 1

node: is_free = false, size = 1550, ptr_start = 0x55ab9c40fa36, i = 2

node: is_free = true, size = 104, ptr_start = 0x55ab9c410044, i = 3

node: is_free = false, size = 353, ptr_start = 0x55ab9c4100ac, i = 4

node: is_free = true, size = 962, ptr_start = 0x55ab9c41020d, i = 5

node: is_free = false, size = 801, ptr_start = 0x55ab9c4105cf, i = 6

node: is_free = true, size = 1241, ptr_start = 0x55ab9c4108f0, i = 7

node: is_free = false, size = 1021, ptr_start = 0x55ab9c410dc9, i = 8

node: is_free = true, size = 1303, ptr_start = 0x55ab9c4111c6, i = 9

node: is_free = false, size = 804, ptr_start = 0x55ab9c4116dd, i = 10

node: is_free = true, size = 1455, ptr_start = 0x55ab9c411a01, i = 11

totalSize = 10000, fillRatio = 0.50, minBlockSize = 1, maxBlockSize = 4000, iterations = 10000

newBlockSize = 1757, i = 393

_memory starts = 0x55ab9c3b0060

node: is_free = true, size = 85, ptr_start = 0x55ab9c40f8a0, i = 0

node: is_free = false, size = 321, ptr_start = 0x55ab9c40f8f5, i = 1

node: is_free = false, size = 1550, ptr_start = 0x55ab9c40fa36, i = 2

node: is_free = true, size = 104, ptr_start = 0x55ab9c410044, i = 3

node: is_free = false, size = 353, ptr_start = 0x55ab9c4100ac, i = 4

node: is_free = true, size = 962, ptr_start = 0x55ab9c41020d, i = 5

node: is_free = false, size = 801, ptr_start = 0x55ab9c4105cf, i = 6

node: is_free = true, size = 1241, ptr_start = 0x55ab9c4108f0, i = 7

node: is_free = false, size = 1021, ptr_start = 0x55ab9c410dc9, i = 8

node: is_free = true, size = 1303, ptr_start = 0x55ab9c4111c6, i = 9

node: is_free = false, size = 804, ptr_start = 0x55ab9c4116dd, i = 10

node: is_free = true, size = 1455, ptr_start = 0x55ab9c411a01, i = 11

totalSize = 10000, fillRatio = 0.50, minBlockSize = 1, maxBlockSize = 4000, iterations = 10000

newBlockSize = 2461, i = 396

_memory starts = 0x55ab9c3b0060

node: is_free = true, size = 85, ptr_start = 0x55ab9c40f8a0, i = 0

node: is_free = false, size = 321, ptr_start = 0x55ab9c40f8f5, i = 1

node: is_free = false, size = 1550, ptr_start = 0x55ab9c40fa36, i = 2

node: is_free = true, size = 104, ptr_start = 0x55ab9c410044, i = 3

node: is_free = false, size = 353, ptr_start = 0x55ab9c4100ac, i = 4

node: is_free = true, size = 962, ptr_start = 0x55ab9c41020d, i = 5

node: is_free = false, size = 801, ptr_start = 0x55ab9c4105cf, i = 6

node: is_free = false, size = 1156, ptr_start = 0x55ab9c4108f0, i = 7

node: is_free = true, size = 2409, ptr_start = 0x55ab9c410d74, i = 8

node: is_free = false, size = 804, ptr_start = 0x55ab9c4116dd, i = 9

node: is_free = true, size = 1455, ptr_start = 0x55ab9c411a01, i = 10

totalSize = 10000, fillRatio = 0.50, minBlockSize = 1, maxBlockSize = 4000, iterations = 10000

newBlockSize = 3758, i = 410

_memory starts = 0x55ab9c3b0060

node: is_free = true, size = 3375, ptr_start = 0x55ab9c40f8a0, i = 0

node: is_free = false, size = 801, ptr_start = 0x55ab9c4105cf, i = 1

node: is_free = false, size = 1759, ptr_start = 0x55ab9c4108f0, i = 2

node: is_free = false, size = 2330, ptr_start = 0x55ab9c410fcf, i = 3

node: is_free = true, size = 1735, ptr_start = 0x55ab9c4118e9, i = 4

totalSize = 10000, fillRatio = 0.50, minBlockSize = 1, maxBlockSize = 4000, iterations = 10000

newBlockSize = 3815, i = 433

_memory starts = 0x55ab9c3b0060

node: is_free = true, size = 3551, ptr_start = 0x55ab9c40f8a0, i = 0

node: is_free = false, size = 1181, ptr_start = 0x55ab9c41067f, i = 1

node: is_free = false, size = 2398, ptr_start = 0x55ab9c410b1c, i = 2

node: is_free = true, size = 2870, ptr_start = 0x55ab9c41147a, i = 3

totalSize = 10000, fillRatio = 0.50, minBlockSize = 1, maxBlockSize = 4000, iterations = 10000

newBlockSize = 3654, i = 440

_memory starts = 0x55ab9c3b0060

node: is_free = false, size = 23, ptr_start = 0x55ab9c40f8a0, i = 0

node: is_free = false, size = 2197, ptr_start = 0x55ab9c40f8b7, i = 1

node: is_free = true, size = 2512, ptr_start = 0x55ab9c41014c, i = 2

node: is_free = false, size = 301, ptr_start = 0x55ab9c410b1c, i = 3

node: is_free = false, size = 2362, ptr_start = 0x55ab9c410c49, i = 4

node: is_free = true, size = 2605, ptr_start = 0x55ab9c411583, i = 5

totalSize = 10000, fillRatio = 0.50, minBlockSize = 1, maxBlockSize = 4000, iterations = 10000

newBlockSize = 2856, i = 443

_memory starts = 0x55ab9c3b0060

node: is_free = false, size = 23, ptr_start = 0x55ab9c40f8a0, i = 0

node: is_free = false, size = 2197, ptr_start = 0x55ab9c40f8b7, i = 1

node: is_free = true, size = 2512, ptr_start = 0x55ab9c41014c, i = 2

node: is_free = false, size = 301, ptr_start = 0x55ab9c410b1c, i = 3

node: is_free = false, size = 2194, ptr_start = 0x55ab9c410c49, i = 4

node: is_free = true, size = 2773, ptr_start = 0x55ab9c4114db, i = 5

totalSize = 10000, fillRatio = 0.50, minBlockSize = 1, maxBlockSize = 4000, iterations = 10000

newBlockSize = 2583, i = 478

_memory starts = 0x55ab9c3b0060

node: is_free = true, size = 1607, ptr_start = 0x55ab9c40f8a0, i = 0

node: is_free = false, size = 1423, ptr_start = 0x55ab9c40fee7, i = 1

node: is_free = false, size = 2108, ptr_start = 0x55ab9c410476, i = 2

node: is_free = true, size = 1836, ptr_start = 0x55ab9c410cb2, i = 3

node: is_free = false, size = 1361, ptr_start = 0x55ab9c4113de, i = 4

node: is_free = true, size = 1665, ptr_start = 0x55ab9c41192f, i = 5

totalSize = 10000, fillRatio = 0.50, minBlockSize = 1, maxBlockSize = 4000, iterations = 10000

newBlockSize = 3804, i = 486

_memory starts = 0x55ab9c3b0060

node: is_free = false, size = 3349, ptr_start = 0x55ab9c40f8a0, i = 0

node: is_free = true, size = 1789, ptr_start = 0x55ab9c4105b5, i = 1

node: is_free = false, size = 1146, ptr_start = 0x55ab9c410cb2, i = 2

node: is_free = true, size = 3716, ptr_start = 0x55ab9c41112c, i = 3

totalSize = 10000, fillRatio = 0.50, minBlockSize = 1, maxBlockSize = 4000, iterations = 10000

newBlockSize = 3495, i = 497

_memory starts = 0x55ab9c3b0060

node: is_free = true, size = 1224, ptr_start = 0x55ab9c40f8a0, i = 0

node: is_free = false, size = 2880, ptr_start = 0x55ab9c40fd68, i = 1

node: is_free = true, size = 1034, ptr_start = 0x55ab9c4108a8, i = 2

node: is_free = false, size = 1146, ptr_start = 0x55ab9c410cb2, i = 3

node: is_free = false, size = 231, ptr_start = 0x55ab9c41112c, i = 4

node: is_free = false, size = 179, ptr_start = 0x55ab9c411213, i = 5

node: is_free = true, size = 3306, ptr_start = 0x55ab9c4112c6, i = 6

totalSize = 10000, fillRatio = 0.50, minBlockSize = 1, maxBlockSize = 4000, iterations = 10000

newBlockSize = 3650, i = 500

_memory starts = 0x55ab9c3b0060

node: is_free = false, size = 1953, ptr_start = 0x55ab9c40f8a0, i = 0

node: is_free = true, size = 3185, ptr_start = 0x55ab9c410041, i = 1

node: is_free = false, size = 1146, ptr_start = 0x55ab9c410cb2, i = 2

node: is_free = false, size = 231, ptr_start = 0x55ab9c41112c, i = 3

node: is_free = false, size = 179, ptr_start = 0x55ab9c411213, i = 4

node: is_free = true, size = 3306, ptr_start = 0x55ab9c4112c6, i = 5

totalSize = 10000, fillRatio = 0.50, minBlockSize = 1, maxBlockSize = 4000, iterations = 10000

newBlockSize = 3733, i = 502

_memory starts = 0x55ab9c3b0060

node: is_free = false, size = 1953, ptr_start = 0x55ab9c40f8a0, i = 0

node: is_free = true, size = 3185, ptr_start = 0x55ab9c410041, i = 1

node: is_free = false, size = 1146, ptr_start = 0x55ab9c410cb2, i = 2

node: is_free = true, size = 231, ptr_start = 0x55ab9c4111